Microchip MPLAB XC8 Compiler V2.45

Linker command line:

-W-3 \
  --edf=C:\Program Files\Microchip\xc8\v2.45\pic\dat\20230818022343_en.msgs \
  -cn -h+dist/default/debug\final-project-gorakh-boris.X.debug.sym \
  --cmf=dist/default/debug\final-project-gorakh-boris.X.debug.cmf -z \
  -Q18F67K40 -oC:\Users\Gorak\AppData\Local\Temp\xcAsoh0.\driver_tmp_3.o \
  --defsym=__MPLAB_BUILD=1 --fixupoverflow=error \
  -Mdist/default/debug/final-project-gorakh-boris.X.debug.map \
  --md=C:\Users\Gorak\AppData\Local\Temp\xcAsoh0.\driver_tmp_0.dat -E1 \
  -ver=XC8 Compiler --acfsm=1493 -ACODE=00h-01FFFFh -ACONST=00h-01FFFFh \
  -ASMALLCONST=0E00h-0EFFhx498 -AMEDIUMCONST=0E00h-0FFFFh,010E00h-01FFFFh \
  -ACOMRAM=01h-05Fh -AABS1=00h-0DE9h -ABIGRAM=01h-0DE9h \
  -ARAM=060h-0FFh,0100h-01FFhx12,0D00h-0DE9h -ABANK0=060h-0FFh \
  -ABANK1=0100h-01FFh -ABANK2=0200h-02FFh -ABANK3=0300h-03FFh \
  -ABANK4=0400h-04FFh -ABANK5=0500h-05FFh -ABANK6=0600h-06FFh \
  -ABANK7=0700h-07FFh -ABANK8=0800h-08FFh -ABANK9=0900h-09FFh \
  -ABANK10=0A00h-0AFFh -ABANK11=0B00h-0BFFh -ABANK12=0C00h-0CFFh \
  -ABANK13=0D00h-0DE9h \
  -ASFR=0DEFh-0DFFh,0E00h-0EFFh,0F00h-0F5Fh,0F60h-0FFFh \
  -ABIGSFR=0DEFh-0FFFh -ACONFIG=0300000h-030000Bh -AIDLOC=0200000h-020000Fh \
  -AEEDATA=0310000h-03103FFh -peeprom_data=EEDATA \
  -preset_vec=00h,intcode=08h,intcodelo,powerup,init -pramtop=0E00h \
  -psmallconst=SMALLCONST -pmediumconst=MEDIUMCONST -pconst=CONST \
  -AFARRAM=00h-00h \
  -prdata=COMRAM,nvrram=COMRAM,nvbit=COMRAM,rbss=COMRAM,rbit=COMRAM \
  -pfarbss=FARRAM,fardata=FARRAM,nvFARRAM=FARRAM \
  -pintsave_regs=BIGRAM,bigbss=BIGRAM,bigdata=BIGRAM -pbss=RAM \
  -pidata=CODE,irdata=CODE,ibigdata=CODE,ifardata=CODE -prparam=COMRAM \
  C:\Users\Gorak\AppData\Local\Temp\xcAsoh0.\driver_tmp_14.o \
  dist/default/debug\final-project-gorakh-boris.X.debug.o 

Object code version is 3.11

Machine type is 18F67K40



                Name                               Link     Load   Length Selector   Space Scale
C:\Users\Gorak\AppData\Local\Temp\xcAsoh0.\driver_tmp_14.o
                idloc                            200000   200000       10        0       5
                config                           300000   300000        C        0       4
                init                                 74       74        4        4       0
                reset_vec                             0        0        4        0       0
dist/default/debug\final-project-gorakh-boris.X.debug.o
                intcode                               8        8       6C        4       0
                idloc                            200000   200000       10        0       5
                config                           300000   300000        C        0       4
                temp                                 5B       5B        1        1       1
                smallconst                          E00      E00       38      700       0
                text35                             17FE     17FE       2C      BCB       0
                text34                             18D0     18D0       26      BCB       0
                text33                             1986     1986       18      BCB       0
                text31                             19B2     19B2        E      BCB       0
                text30                             1916     1916       20      BCB       0
                text29                             187E     187E       2A      BCB       0
                text28                             1854     1854       2A      BCB       0
                text27                             1684     1684       4E      71C       0
                text26                             182A     182A       2A      BCB       0
                text25                             18A8     18A8       28      BCB       0
                text24                             19E0     19E0        A      BCB       0
                text23                             19D6     19D6        A      BCB       0
                text22                             19C0     19C0        C      BCB       0
                text21                             18F6     18F6       20      BCB       0
                text20                             17CA     17CA       34      BCB       0
                text19                             1716     1716       42      71C       0
                text18                             19CC     19CC        A      BCB       0
                text17                             1634     1634       50      71C       0
                text16                             15E4     15E4       50      71C       0
                text15                             1594     1594       50      71C       0
                text14                             1544     1544       50      71C       0
                text13                             149C     149C       56      71C       0
                text12                             139E     139E       90      71C       0
                text11                             1936     1936       1E      BCB       0
                text10                             196E     196E       18      BCB       0
                text9                              1954     1954       1A      BCB       0
                text8                              1180     1180       C4      71C       0
                text7                              1244     1244       B0      71C       0
                text6                              1796     1796       34      BCB       0
                text5                              19EA     19EA        2      BCB       0
                text4                              12F4     12F4       AA      71C       0
                text3                               E38      E38      200      71C       0
                text2                              14F2     14F2       52      71C       0
                text1                              16D2     16D2       44      71C       0
                text0                              1038     1038      148      71C       0
                cstackCOMRAM                          1        1       3A        1       1
                cstackBANK0                          60       60       43       60       1
                bssBANK1                            100      100       5C      100       1
                dataBANK0                            A3       A3       3D       60       1
                bssBANK0                             E0       E0       14       60       1
                dataCOMRAM                           3B       3B       14        1       1
                bssCOMRAM                            4F       4F        C        1       1
                cinit                              142E     142E       6E      71C       0
                idataBANK0                         1758     1758       3D      71C       0
                idataCOMRAM                        199E     199E       14      BCB       0

TOTAL           Name                               Link     Load   Length     Space
        CLASS   CODE           
                intcode                               8        8       6C         0
                init                                 74       74        4         0
                reset_vec                             0        0        4         0
                text35                             17FE     17FE       2C         0
                text34                             18D0     18D0       26         0
                text33                             1986     1986       18         0
                text31                             19B2     19B2        E         0
                text30                             1916     1916       20         0
                text29                             187E     187E       2A         0
                text28                             1854     1854       2A         0
                text27                             1684     1684       4E         0
                text26                             182A     182A       2A         0
                text25                             18A8     18A8       28         0
                text24                             19E0     19E0        A         0
                text23                             19D6     19D6        A         0
                text22                             19C0     19C0        C         0
                text21                             18F6     18F6       20         0
                text20                             17CA     17CA       34         0
                text19                             1716     1716       42         0
                text18                             19CC     19CC        A         0
                text17                             1634     1634       50         0
                text16                             15E4     15E4       50         0
                text15                             1594     1594       50         0
                text14                             1544     1544       50         0
                text13                             149C     149C       56         0
                text12                             139E     139E       90         0
                text11                             1936     1936       1E         0
                text10                             196E     196E       18         0
                text9                              1954     1954       1A         0
                text8                              1180     1180       C4         0
                text7                              1244     1244       B0         0
                text6                              1796     1796       34         0
                text5                              19EA     19EA        2         0
                text4                              12F4     12F4       AA         0
                text3                               E38      E38      200         0
                text2                              14F2     14F2       52         0
                text1                              16D2     16D2       44         0
                text0                              1038     1038      148         0
                cinit                              142E     142E       6E         0
                idataBANK0                         1758     1758       3D         0
                idataCOMRAM                        199E     199E       14         0

        CLASS   CONST          

        CLASS   SMALLCONST     
                smallconst                          E00      E00       38         0

        CLASS   MEDIUMCONST    

        CLASS   COMRAM         
                temp                                 5B       5B        1         1
                cstackCOMRAM                          1        1       3A         1
                dataCOMRAM                           3B       3B       14         1
                bssCOMRAM                            4F       4F        C         1

        CLASS   ABS1           

        CLASS   BIGRAM         

        CLASS   RAM            

        CLASS   BANK0          
                cstackBANK0                          60       60       43         1
                dataBANK0                            A3       A3       3D         1
                bssBANK0                             E0       E0       14         1

        CLASS   BANK1          
                bssBANK1                            100      100       5C         1

        CLASS   BANK2          

        CLASS   BANK3          

        CLASS   BANK4          

        CLASS   BANK5          

        CLASS   BANK6          

        CLASS   BANK7          

        CLASS   BANK8          

        CLASS   BANK9          

        CLASS   BANK10         

        CLASS   BANK11         

        CLASS   BANK12         

        CLASS   BANK13         

        CLASS   SFR            

        CLASS   BIGSFR         

        CLASS   CONFIG         
                config                           300000   300000        C         4

        CLASS   IDLOC          
                idloc                            200000   200000       10         5

        CLASS   EEDATA         

        CLASS   FARRAM         

        CLASS   HEAP           

        CLASS   STACK          



SEGMENTS        Name                           Load    Length   Top    Selector   Space  Class

                reset_vec                      000000  000004  000004         0       0  CODE    
                cstackCOMRAM                   000001  00005B  00005C         1       1  COMRAM  
                intcode                        000008  000070  000078         4       0  CODE    
                cstackBANK0                    000060  000094  0000F4        60       1  BANK0   
                bssBANK1                       000100  00005C  00015C       100       1  BANK1   
                smallconst                     000E00  000038  000E38       700       0  SMALLCON
                text3                          000E38  00095D  001795       71C       0  CODE    
                text6                          001796  000256  0019EC       BCB       0  CODE    


UNUSED ADDRESS RANGES

        Name                Unused          Largest block    Delta
        BANK0            0000F4-0000FF                C
        BANK1            00015C-0001FF               A4
        BANK10           000A00-000AFF              100
        BANK11           000B00-000BFF              100
        BANK12           000C00-000CFF              100
        BANK13           000D00-000DE9               EA
        BANK2            000200-0002FF              100
        BANK3            000300-0003FF              100
        BANK4            000400-0004FF              100
        BANK5            000500-0005FF              100
        BANK6            000600-0006FF              100
        BANK7            000700-0007FF              100
        BANK8            000800-0008FF              100
        BANK9            000900-0009FF              100
        BIGRAM           00005C-00005F                4
                         0000F4-0000FF                C
                         00015C-000DE9              C8E
        BIGSFR           000DEF-000FFF              211
        CODE             000004-000007                4
                         000078-000DFF              D88
                         001795-001795                1
                         0019EC-01FFFF            1E614
        COMRAM           00005C-00005F                4
        CONST            000004-000007                4
                         000078-000DFF              D88
                         001795-001795                1
                         0019EC-01FFFF            1E614
        EEDATA           310000-3103FF              400
        MEDIUMCONST      001795-001795                1
                         0019EC-00FFFF             E614
                         010E00-01FFFF             F200
        RAM              0000F4-0000FF                C
                         00015C-000DE9              100
        SFR              000DEF-000FFF              100
        SMALLCONST       001795-001795                1
                         0019EC-01FFFF              100

                                  Symbol Table

?___awdiv                      cstackCOMRAM 000005
?___awmod                      cstackCOMRAM 000005
?_abs                          cstackCOMRAM 00000B
?_color_read_Blue              cstackCOMRAM 000009
?_color_read_Clear             cstackCOMRAM 000009
?_color_read_Green             cstackCOMRAM 000009
?_color_read_Red               cstackCOMRAM 000009
?_sprintf                      cstackCOMRAM 000020
?_vfpfcnvrt                    cstackCOMRAM 00000F
?_vfprintf                     cstackCOMRAM 00001C
I2C_2_Master_Read@ack          cstackCOMRAM 000007
I2C_2_Master_Read@tmp          cstackCOMRAM 000008
I2C_2_Master_Write@data_byte   cstackCOMRAM 000006
TxBufferedString@string        cstackCOMRAM 000006
_ANSELDbits                    (abs)        000EA7
_ANSELFbits                    (abs)        000EB4
_BAUD4CONbits                  (abs)        000EE9
_CCP1CONbits                   (abs)        000FAB
_CCP2CONbits                   (abs)        000FA7
_CCP3CONbits                   (abs)        000F26
_CCP4CONbits                   (abs)        000F22
_CCPR1H                        (abs)        000FAA
_CCPR2H                        (abs)        000FA6
_CCPR3H                        (abs)        000F25
_CCPR4H                        (abs)        000F21
_CCPTMRS0bits                  (abs)        000FAD
_EUSART4RXbuf                  bssBANK0     0000E0
_EUSART4TXbuf                  bssBANK1     000100
_HighISR                       intcode      000008
_I2C_2_Master_Idle             text25       0018A8
_I2C_2_Master_Init             text26       00182A
_I2C_2_Master_Read             text19       001716
_I2C_2_Master_RepStart         text18       0019CC
_I2C_2_Master_Start            text24       0019E0
_I2C_2_Master_Stop             text23       0019D6
_I2C_2_Master_Write            text22       0019C0
_INTCONbits                    (abs)        000FF2
_Interrupts_init               text31       0019B2
_LATAbits                      (abs)        000F79
_LATCbits                      (abs)        000F7B
_LATDbits                      (abs)        000F7C
_LATEbits                      (abs)        000F7D
_LATFbits                      (abs)        000F7E
_LATGbits                      (abs)        000F7F
_LATHbits                      (abs)        000F80
_PIE0bits                      (abs)        000E29
_PIE4bits                      (abs)        000E2D
_PIR0bits                      (abs)        000E33
_PIR4bits                      (abs)        000E37
_PORTFbits                     (abs)        000F8E
_RC0PPS                        (abs)        000E62
_RC4REG                        (abs)        000EE3
_RC4STAbits                    (abs)        000EE7
_RC7PPS                        (abs)        000E69
_RD5PPS                        (abs)        000E6F
_RD6PPS                        (abs)        000E70
_RE2PPS                        (abs)        000E74
_RE4PPS                        (abs)        000E76
_RG6PPS                        (abs)        000E88
_RX4PPS                        (abs)        000E15
_RxBufReadCnt                  bssCOMRAM    000059
_RxBufWriteCnt                 bssCOMRAM    00005A
_SP4BRGH                       (abs)        000EE6
_SP4BRGL                       (abs)        000EE5
_SSP2ADD                       (abs)        000ED6
_SSP2BUF                       (abs)        000ED5
_SSP2CLKPPS                    (abs)        000E1C
_SSP2CON1bits                  (abs)        000ED9
_SSP2CON2                      (abs)        000EDA
_SSP2CON2bits                  (abs)        000EDA
_SSP2DATPPS                    (abs)        000E1D
_SSP2STAT                      (abs)        000ED8
_T0CON0bits                    (abs)        000FD5
_T0CON1bits                    (abs)        000FD6
_T2CLKCONbits                  (abs)        000FBF
_T2CONbits                     (abs)        000FBD
_T2HLTbits                     (abs)        000FBE
_T2PR                          (abs)        000FBC
_TMR0H                         (abs)        000FD4
_TMR0L                         (abs)        000FD3
_TRISAbits                     (abs)        000F81
_TRISCbits                     (abs)        000F83
_TRISDbits                     (abs)        000F84
_TRISEbits                     (abs)        000F85
_TRISFbits                     (abs)        000F86
_TRISGbits                     (abs)        000F87
_TRISHbits                     (abs)        000F88
_TX4REG                        (abs)        000EE4
_TX4STAbits                    (abs)        000EE8
_Timer0_init                   text30       001916
_TxBufReadCnt                  bssCOMRAM    000057
_TxBufWriteCnt                 bssCOMRAM    000058
_TxBufferedString              text28       001854
__HRAM                         (abs)        000000
__H__absolute__                __absolute__ 000000
__Habs1                        abs1         000000
__Hbank0                       bank0        000000
__Hbank1                       bank1        000000
__Hbank10                      bank10       000000
__Hbank11                      bank11       000000
__Hbank12                      bank12       000000
__Hbank13                      bank13       000000
__Hbank2                       bank2        000000
__Hbank3                       bank3        000000
__Hbank4                       bank4        000000
__Hbank5                       bank5        000000
__Hbank6                       bank6        000000
__Hbank7                       bank7        000000
__Hbank8                       bank8        000000
__Hbank9                       bank9        000000
__Hbigbss                      bigbss       000000
__Hbigdata                     bigdata      000000
__Hbigram                      bigram       000000
__Hbigsfr                      bigsfr       000000
__Hbss                         bss          000000
__HbssBANK0                    bssBANK0     000000
__HbssBANK1                    bssBANK1     000000
__HbssCOMRAM                   bssCOMRAM    000000
__Hcinit                       cinit        000000
__Hclrtext                     clrtext      000000
__Hcomram                      comram       000000
__Hconfig                      config       30000C
__Hconst                       const        000000
__HcstackBANK0                 cstackBANK0  000000
__HcstackCOMRAM                cstackCOMRAM 000000
__Hdata                        data         000000
__HdataBANK0                   dataBANK0    000000
__HdataCOMRAM                  dataCOMRAM   000000
__Heeprom_data                 eeprom_data  000000
__Hfarbss                      farbss       000000
__Hfardata                     fardata      000000
__Hheap                        heap         000000
__Hibigdata                    ibigdata     000000
__Hidata                       idata        000000
__HidataBANK0                  idataBANK0   000000
__HidataCOMRAM                 idataCOMRAM  000000
__Hidloc                       idloc        200010
__Hifardata                    ifardata     000000
__Hinit                        init         000078
__Hintcode                     intcode      000074
__Hintcode_body                intcode_body 000000
__Hintcodelo                   intcodelo    000074
__Hintentry                    intentry     000000
__Hintret                      intret       000000
__Hintsave_regs                intsave_regs 000000
__Hirdata                      irdata       000000
__Hmediumconst                 mediumconst  000000
__HnvFARRAM                    nvFARRAM     000000
__Hnvbit                       nvbit        000000
__Hnvrram                      nvrram       000000
__Hparam                       rparam       000000
__Hpowerup                     powerup      000074
__Hram                         ram          000000
__Hramtop                      ramtop       000E00
__Hrbit                        rbit         000000
__Hrbss                        rbss         000000
__Hrdata                       rdata        000000
__Hreset_vec                   reset_vec    000004
__Hrparam                      rparam       000000
__Hsfr                         sfr          000000
__Hsmallconst                  smallconst   000E38
__Hspace_0                     (abs)        0019EC
__Hspace_1                     (abs)        00015C
__Hspace_2                     (abs)        000000
__Hspace_4                     (abs)        60000C
__Hstack                       stack        000000
__Hstruct                      struct       000000
__Htemp                        temp         00005C
__Htext                        text         000000
__Htext0                       text0        000000
__Htext1                       text1        000000
__Htext10                      text10       000000
__Htext11                      text11       000000
__Htext12                      text12       000000
__Htext13                      text13       000000
__Htext14                      text14       000000
__Htext15                      text15       000000
__Htext16                      text16       000000
__Htext17                      text17       000000
__Htext18                      text18       000000
__Htext19                      text19       000000
__Htext2                       text2        000000
__Htext20                      text20       000000
__Htext21                      text21       000000
__Htext22                      text22       000000
__Htext23                      text23       000000
__Htext24                      text24       000000
__Htext25                      text25       000000
__Htext26                      text26       000000
__Htext27                      text27       000000
__Htext28                      text28       000000
__Htext29                      text29       000000
__Htext3                       text3        000000
__Htext30                      text30       000000
__Htext31                      text31       000000
__Htext33                      text33       000000
__Htext34                      text34       000000
__Htext35                      text35       000000
__Htext4                       text4        000000
__Htext5                       text5        000000
__Htext6                       text6        000000
__Htext7                       text7        000000
__Htext8                       text8        000000
__Htext9                       text9        000000
__LRAM                         (abs)        000001
__L__absolute__                __absolute__ 000000
__Labs1                        abs1         000000
__Lbank0                       bank0        000000
__Lbank1                       bank1        000000
__Lbank10                      bank10       000000
__Lbank11                      bank11       000000
__Lbank12                      bank12       000000
__Lbank13                      bank13       000000
__Lbank2                       bank2        000000
__Lbank3                       bank3        000000
__Lbank4                       bank4        000000
__Lbank5                       bank5        000000
__Lbank6                       bank6        000000
__Lbank7                       bank7        000000
__Lbank8                       bank8        000000
__Lbank9                       bank9        000000
__Lbigbss                      bigbss       000000
__Lbigdata                     bigdata      000000
__Lbigram                      bigram       000000
__Lbigsfr                      bigsfr       000000
__Lbss                         bss          000000
__LbssBANK0                    bssBANK0     000000
__LbssBANK1                    bssBANK1     000000
__LbssCOMRAM                   bssCOMRAM    000000
__Lcinit                       cinit        000000
__Lclrtext                     clrtext      000000
__Lcomram                      comram       000000
__Lconfig                      config       000000
__Lconst                       const        000000
__LcstackBANK0                 cstackBANK0  000000
__LcstackCOMRAM                cstackCOMRAM 000000
__Ldata                        data         000000
__LdataBANK0                   dataBANK0    000000
__LdataCOMRAM                  dataCOMRAM   000000
__Leeprom_data                 eeprom_data  000000
__Lfarbss                      farbss       000000
__Lfardata                     fardata      000000
__Lheap                        heap         000000
__Libigdata                    ibigdata     000000
__Lidata                       idata        000000
__LidataBANK0                  idataBANK0   000000
__LidataCOMRAM                 idataCOMRAM  000000
__Lidloc                       idloc        000000
__Lifardata                    ifardata     000000
__Linit                        init         000074
__Lintcode                     intcode      000008
__Lintcode_body                intcode_body 000000
__Lintcodelo                   intcodelo    000074
__Lintentry                    intentry     000000
__Lintret                      intret       000000
__Lintsave_regs                intsave_regs 000000
__Lirdata                      irdata       000000
__Lmediumconst                 mediumconst  000000
__LnvFARRAM                    nvFARRAM     000000
__Lnvbit                       nvbit        000000
__Lnvrram                      nvrram       000000
__Lparam                       rparam       000000
__Lpowerup                     powerup      000074
__Lram                         ram          000000
__Lramtop                      ramtop       000E00
__Lrbit                        rbit         000000
__Lrbss                        rbss         000000
__Lrdata                       rdata        000000
__Lreset_vec                   reset_vec    000000
__Lrparam                      rparam       000000
__Lsfr                         sfr          000000
__Lsmallconst                  smallconst   000E00
__Lspace_0                     (abs)        000000
__Lspace_1                     (abs)        000000
__Lspace_2                     (abs)        000000
__Lspace_4                     (abs)        000000
__Lstack                       stack        000000
__Lstruct                      struct       000000
__Ltemp                        temp         00005B
__Ltext                        text         000000
__Ltext0                       text0        000000
__Ltext1                       text1        000000
__Ltext10                      text10       000000
__Ltext11                      text11       000000
__Ltext12                      text12       000000
__Ltext13                      text13       000000
__Ltext14                      text14       000000
__Ltext15                      text15       000000
__Ltext16                      text16       000000
__Ltext17                      text17       000000
__Ltext18                      text18       000000
__Ltext19                      text19       000000
__Ltext2                       text2        000000
__Ltext20                      text20       000000
__Ltext21                      text21       000000
__Ltext22                      text22       000000
__Ltext23                      text23       000000
__Ltext24                      text24       000000
__Ltext25                      text25       000000
__Ltext26                      text26       000000
__Ltext27                      text27       000000
__Ltext28                      text28       000000
__Ltext29                      text29       000000
__Ltext3                       text3        000000
__Ltext30                      text30       000000
__Ltext31                      text31       000000
__Ltext33                      text33       000000
__Ltext34                      text34       000000
__Ltext35                      text35       000000
__Ltext4                       text4        000000
__Ltext5                       text5        000000
__Ltext6                       text6        000000
__Ltext7                       text7        000000
__Ltext8                       text8        000000
__Ltext9                       text9        000000
__S0                           (abs)        0019EC
__S1                           (abs)        00015C
__S4                           (abs)        000000
__S5                           (abs)        000000
___awdiv                       text8        001180
___awdiv@counter               cstackCOMRAM 000009
___awdiv@dividend              cstackCOMRAM 000005
___awdiv@divisor               cstackCOMRAM 000007
___awdiv@quotient              cstackCOMRAM 00000B
___awdiv@sign                  cstackCOMRAM 00000A
___awmod                       text7        001244
___awmod@counter               cstackCOMRAM 000009
___awmod@dividend              cstackCOMRAM 000005
___awmod@divisor               cstackCOMRAM 000007
___awmod@sign                  cstackCOMRAM 00000A
___heap_hi                     (abs)        000000
___heap_lo                     (abs)        000000
___inthi_sp                    stack        000000
___inthi_stack_hi              stack        000000
___inthi_stack_lo              stack        000000
___intlo_sp                    stack        000000
___intlo_stack_hi              stack        000000
___intlo_stack_lo              stack        000000
___param_bank                  (abs)        000000
___rparam_used                 (abs)        000001
___sp                          stack        000000
___stack_hi                    stack        000000
___stack_lo                    stack        000000
__accesstop                    (abs)        000060
__activetblptr                 (abs)        000003
__end_of_HighISR               intcode      000074
__end_of_I2C_2_Master_Idle     text25       0018D0
__end_of_I2C_2_Master_Init     text26       001854
__end_of_I2C_2_Master_Read     text19       001758
__end_of_I2C_2_Master_RepStart text18       0019D6
__end_of_I2C_2_Master_Start    text24       0019EA
__end_of_I2C_2_Master_Stop     text23       0019E0
__end_of_I2C_2_Master_Write    text22       0019CC
__end_of_Interrupts_init       text31       0019C0
__end_of_Timer0_init           text30       001936
__end_of_TxBufferedString      text28       00187E
__end_of___awdiv               text8        001244
__end_of___awmod               text7        0012F4
__end_of__initialization       cinit        001492
__end_of_abs                   text6        0017CA
__end_of_buggy_lights_init     text27       0016D2
__end_of_color_click_init      text20       0017FE
__end_of_color_read_Blue       text17       001684
__end_of_color_read_Clear      text16       001634
__end_of_color_read_Green      text15       0015E4
__end_of_color_read_Red        text14       001594
__end_of_color_writetoaddr     text21       001916
__end_of_fputc                 text4        00139E
__end_of_getCharFromTxBuf      text35       00182A
__end_of_getRGBCval            text13       0014F2
__end_of_initDCmotorsPWM       text12       00142E
__end_of_initUSART4            text11       001954
__end_of_isDataInTxBuf         text10       001986
__end_of_main                  text0        001180
__end_of_putCharToRxBuf        text34       0018F6
__end_of_putCharToTxBuf        text29       0018A8
__end_of_putch                 text5        0019EC
__end_of_sendTxBuf             text9        00196E
__end_of_sprintf               text1        001716
__end_of_vfpfcnvrt             text3        001038
__end_of_vfprintf              text2        001544
__end_ofi2_isDataInTxBuf       text33       00199E
__initialization               cinit        00142E
__mediumconst                  mediumconst  000000
__pbssBANK0                    bssBANK0     0000E0
__pbssBANK1                    bssBANK1     000100
__pbssCOMRAM                   bssCOMRAM    00004F
__pcinit                       cinit        00142E
__pcstackBANK0                 cstackBANK0  000060
__pcstackCOMRAM                cstackCOMRAM 000001
__pdataBANK0                   dataBANK0    0000A3
__pdataCOMRAM                  dataCOMRAM   00003B
__pidataBANK0                  idataBANK0   001758
__pidataCOMRAM                 idataCOMRAM  00199E
__pintcode                     intcode      000008
__psmallconst                  smallconst   000E00
__ptext0                       text0        001038
__ptext1                       text1        0016D2
__ptext10                      text10       00196E
__ptext11                      text11       001936
__ptext12                      text12       00139E
__ptext13                      text13       00149C
__ptext14                      text14       001544
__ptext15                      text15       001594
__ptext16                      text16       0015E4
__ptext17                      text17       001634
__ptext18                      text18       0019CC
__ptext19                      text19       001716
__ptext2                       text2        0014F2
__ptext20                      text20       0017CA
__ptext21                      text21       0018F6
__ptext22                      text22       0019C0
__ptext23                      text23       0019D6
__ptext24                      text24       0019E0
__ptext25                      text25       0018A8
__ptext26                      text26       00182A
__ptext27                      text27       001684
__ptext28                      text28       001854
__ptext29                      text29       00187E
__ptext3                       text3        000E38
__ptext30                      text30       001916
__ptext31                      text31       0019B2
__ptext33                      text33       001986
__ptext34                      text34       0018D0
__ptext35                      text35       0017FE
__ptext4                       text4        0012F4
__ptext5                       text5        0019EA
__ptext6                       text6        001796
__ptext7                       text7        001244
__ptext8                       text8        001180
__ptext9                       text9        001954
__ramtop                       ramtop       000E00
__smallconst                   smallconst   000E00
_abs                           text6        001796
_backtrack                     bssCOMRAM    000056
_buggy_lights_init             text27       001684
_color_click_init              text20       0017CA
_color_read_Blue               text17       001634
_color_read_Clear              text16       0015E4
_color_read_Green              text15       001594
_color_read_Red                text14       001544
_color_writetoaddr             text21       0018F6
_dbuf                          bssBANK1     00013C
_flags                         bssCOMRAM    000055
_fputc                         text4        0012F4
_getCharFromTxBuf              text35       0017FE
_getRGBCval                    text13       00149C
_headbuttDelay                 dataCOMRAM   00003D
_initDCmotorsPWM               text12       00139E
_initUSART4                    text11       001936
_isDataInTxBuf                 text10       00196E
_main                          text0        001038
_manoeuvre_pointer             dataBANK0    0000A3
_nout                          bssCOMRAM    00004F
_prec                          bssCOMRAM    000053
_putCharToRxBuf                text34       0018D0
_putCharToTxBuf                text29       00187E
_putch                         text5        0019EA
_rampDelay                     dataCOMRAM   00004E
_sendTxBuf                     text9        001954
_sprintf                       text1        0016D2
_squareDelay                   dataCOMRAM   00003B
_timer_high_pointer            dataCOMRAM   00004A
_timer_low_pointer             dataCOMRAM   000049
_topGearLeft                   dataCOMRAM   00004D
_topGearRight                  dataCOMRAM   00004C
_trail_manoeuvre               dataBANK0    0000A4
_trail_timer_high              dataBANK0    0000CC
_trail_timer_low               dataBANK0    0000B8
_turn180Delay                  dataCOMRAM   00003F
_turnLeft135Delay              dataCOMRAM   000043
_turnLeft90Delay               dataCOMRAM   000047
_turnRight135Delay             dataCOMRAM   000041
_turnRight90Delay              dataCOMRAM   000045
_turningGear                   dataCOMRAM   00004B
_vfpfcnvrt                     text3        000E38
_vfprintf                      text2        0014F2
_width                         bssCOMRAM    000051
abs@a                          cstackCOMRAM 00000B
btemp                          temp         00005B
color_read_Blue@tmp            cstackCOMRAM 00000E
color_read_Clear@tmp           cstackCOMRAM 00000E
color_read_Green@tmp           cstackCOMRAM 00000E
color_read_Red@tmp             cstackCOMRAM 00000E
color_writetoaddr@address      cstackCOMRAM 000008
color_writetoaddr@value        cstackCOMRAM 000007
end_of_initialization          cinit        001492
fputc@c                        cstackCOMRAM 000005
fputc@fp                       cstackCOMRAM 000007
getRGBCval@p                   cstackCOMRAM 000010
i2_isDataInTxBuf               text33       001986
initDCmotorsPWM@PWMperiod      cstackCOMRAM 000005
int$flags                      temp         00005B
intlevel0                      text         000000
intlevel1                      text         000000
intlevel2                      text         000000
intlevel3                      text         000000
isa$std                        (abs)        000001
isa$xinst                      (abs)        000000
main@display                   cstackBANK0  000060
main@motorL                    cstackBANK0  000089
main@motorR                    cstackBANK0  000092
main@read_val                  cstackBANK0  00009B
putCharToRxBuf@byte            cstackCOMRAM 000001
putCharToTxBuf@byte            cstackCOMRAM 000005
sprintf@ap                     cstackCOMRAM 00002C
sprintf@f                      cstackCOMRAM 00002D
sprintf@fmt                    cstackCOMRAM 000021
sprintf@ret                    cstackCOMRAM 00002A
sprintf@s                      cstackCOMRAM 000020
stackhi                        (abs)        000000
stacklo                        (abs)        000000
start                          init         000074
start_initialization           cinit        00142E
ttemp5                         temp         00005C
ttemp6                         temp         00005F
ttemp7                         temp         000063
vfpfcnvrt@ap                   cstackCOMRAM 000011
vfpfcnvrt@c                    cstackCOMRAM 00001B
vfpfcnvrt@cnt                  cstackCOMRAM 000014
vfpfcnvrt@convarg              cstackCOMRAM 000017
vfpfcnvrt@cp                   cstackCOMRAM 000016
vfpfcnvrt@done                 cstackCOMRAM 000013
vfpfcnvrt@fmt                  cstackCOMRAM 000010
vfpfcnvrt@fp                   cstackCOMRAM 00000F
vfprintf@ap                    cstackCOMRAM 00001E
vfprintf@cfmt                  cstackCOMRAM 00001F
vfprintf@fmt                   cstackCOMRAM 00001D
vfprintf@fp                    cstackCOMRAM 00001C
wtemp8                         temp         00005C


MODULE INFORMATION

Module		Function		Class		Link	Load	Size
serial.c
		_putCharToRxBuf		CODE           	18D0	0000	38
		_putCharToTxBuf		CODE           	187E	0000	42
		_isDataInTxBuf 		CODE           	196E	0000	24
		_TxBufferedString		CODE           	1854	0000	42
		_getCharFromTxBuf		CODE           	17FE	0000	44
		_sendTxBuf     		CODE           	1954	0000	26
		_initUSART4    		CODE           	1936	0000	30

serial.c estimated size: 246

timers.c
		_Timer0_init   		CODE           	1916	0000	32

timers.c estimated size: 32

color.c
		_color_writetoaddr		CODE           	18F6	0000	32
		_color_click_init		CODE           	17CA	0000	52
		_getRGBCval    		CODE           	149C	0000	86
		_color_read_Green		CODE           	1594	0000	80
		_color_read_Clear		CODE           	15E4	0000	80
		_color_read_Red		CODE           	1544	0000	80
		_color_read_Blue		CODE           	1634	0000	80

color.c estimated size: 490

dc_motor.c
		_initDCmotorsPWM		CODE           	139E	0000	144

dc_motor.c estimated size: 144

interrupts.c
		_Interrupts_init		CODE           	19B2	0000	14
		_HighISR       		CODE           	0008	0000	108

interrupts.c estimated size: 122

buggy_lights.c
		_buggy_lights_init		CODE           	1684	0000	78

buggy_lights.c estimated size: 78

i2c.c
		_I2C_2_Master_Start		CODE           	19E0	0000	10
		_I2C_2_Master_Read		CODE           	1716	0000	66
		_I2C_2_Master_Idle		CODE           	18A8	0000	40
		_I2C_2_Master_Init		CODE           	182A	0000	42
		_I2C_2_Master_Stop		CODE           	19D6	0000	10
		_I2C_2_Master_RepStart		CODE           	19CC	0000	10
		_I2C_2_Master_Write		CODE           	19C0	0000	12

i2c.c estimated size: 190

C:\Program Files\Microchip\xc8\v2.45\pic\sources\c99\common\nf_sprintf.c
		_sprintf       		CODE           	16D2	0000	68

C:\Program Files\Microchip\xc8\v2.45\pic\sources\c99\common\nf_sprintf.c estimated size: 68

C:\Program Files\Microchip\xc8\v2.45\pic\sources\c99\common\awmod.c
		___awmod       		CODE           	1244	0000	176

C:\Program Files\Microchip\xc8\v2.45\pic\sources\c99\common\awmod.c estimated size: 176

C:\Program Files\Microchip\xc8\v2.45\pic\sources\c99\common\putch.c
		_putch         		CODE           	19EA	0000	2

C:\Program Files\Microchip\xc8\v2.45\pic\sources\c99\common\putch.c estimated size: 2

shared
		__initialization		CODE           	142E	0000	100
		i2_isDataInTxBuf		CODE           	1986	0000	24

shared estimated size: 124

C:\Program Files\Microchip\xc8\v2.45\pic\sources\c99\common\abs.c
		_abs           		CODE           	1796	0000	52

C:\Program Files\Microchip\xc8\v2.45\pic\sources\c99\common\abs.c estimated size: 52

main.c
		_main          		CODE           	1038	0000	328

main.c estimated size: 328

C:\Program Files\Microchip\xc8\v2.45\pic\sources\c99\common\nf_fputc.c
		_fputc         		CODE           	12F4	0000	170

C:\Program Files\Microchip\xc8\v2.45\pic\sources\c99\common\nf_fputc.c estimated size: 170

C:\Program Files\Microchip\xc8\v2.45\pic\sources\c99\common\doprnt.c
		_vfpfcnvrt     		CODE           	0E38	0000	512
		_vfprintf      		CODE           	14F2	0000	82

C:\Program Files\Microchip\xc8\v2.45\pic\sources\c99\common\doprnt.c estimated size: 594

C:\Program Files\Microchip\xc8\v2.45\pic\sources\c99\common\awdiv.c
		___awdiv       		CODE           	1180	0000	196

C:\Program Files\Microchip\xc8\v2.45\pic\sources\c99\common\awdiv.c estimated size: 196

