Microchip MPLAB XC8 Compiler V2.45

Linker command line:

-W-3 \
  --edf=C:\Program Files\Microchip\xc8\v2.45\pic\dat\20230818022343_en.msgs \
  -cn -h+dist/default/debug\final-project-gorakh-boris.X.debug.sym \
  --cmf=dist/default/debug\final-project-gorakh-boris.X.debug.cmf -z \
  -Q18F67K40 -oC:\Users\Gorak\AppData\Local\Temp\xcBsgv8.1\driver_tmp_3.o \
  --defsym=__MPLAB_BUILD=1 --fixupoverflow=error \
  -Mdist/default/debug/final-project-gorakh-boris.X.debug.map \
  --md=C:\Users\Gorak\AppData\Local\Temp\xcBsgv8.1\driver_tmp_0.dat -E1 \
  -ver=XC8 Compiler --acfsm=1493 -ACODE=00h-01FFFFh -ACONST=00h-01FFFFh \
  -ASMALLCONST=0E00h-0EFFhx498 -AMEDIUMCONST=0E00h-0FFFFh,010E00h-01FFFFh \
  -ACOMRAM=01h-05Fh -AABS1=00h-0DE9h -ABIGRAM=01h-0DE9h \
  -ARAM=060h-0FFh,0100h-01FFhx12,0D00h-0DE9h -ABANK0=060h-0FFh \
  -ABANK1=0100h-01FFh -ABANK2=0200h-02FFh -ABANK3=0300h-03FFh \
  -ABANK4=0400h-04FFh -ABANK5=0500h-05FFh -ABANK6=0600h-06FFh \
  -ABANK7=0700h-07FFh -ABANK8=0800h-08FFh -ABANK9=0900h-09FFh \
  -ABANK10=0A00h-0AFFh -ABANK11=0B00h-0BFFh -ABANK12=0C00h-0CFFh \
  -ABANK13=0D00h-0DE9h \
  -ASFR=0DEFh-0DFFh,0E00h-0EFFh,0F00h-0F5Fh,0F60h-0FFFh \
  -ABIGSFR=0DEFh-0FFFh -ACONFIG=0300000h-030000Bh -AIDLOC=0200000h-020000Fh \
  -AEEDATA=0310000h-03103FFh -peeprom_data=EEDATA \
  -preset_vec=00h,intcode=08h,intcodelo,powerup,init -pramtop=0E00h \
  -psmallconst=SMALLCONST -pmediumconst=MEDIUMCONST -pconst=CONST \
  -AFARRAM=00h-00h \
  -prdata=COMRAM,nvrram=COMRAM,nvbit=COMRAM,rbss=COMRAM,rbit=COMRAM \
  -pfarbss=FARRAM,fardata=FARRAM,nvFARRAM=FARRAM \
  -pintsave_regs=BIGRAM,bigbss=BIGRAM,bigdata=BIGRAM -pbss=RAM \
  -pidata=CODE,irdata=CODE,ibigdata=CODE,ifardata=CODE -prparam=COMRAM \
  C:\Users\Gorak\AppData\Local\Temp\xcBsgv8.1\driver_tmp_14.o \
  dist/default/debug\final-project-gorakh-boris.X.debug.o 

Object code version is 3.11

Machine type is 18F67K40



                Name                               Link     Load   Length Selector   Space Scale
C:\Users\Gorak\AppData\Local\Temp\xcBsgv8.1\driver_tmp_14.o
                idloc                            200000   200000       10        0       5
                config                           300000   300000        C        0       4
                init                                 74       74        4        4       0
                reset_vec                             0        0        4        0       0
dist/default/debug\final-project-gorakh-boris.X.debug.o
                intcode                               8        8       6C        4       0
                idloc                            200000   200000       10        0       5
                config                           300000   300000        C        0       4
                temp                                 59       59        1        1       1
                smallconst                          E00      E00        A      700       0
                text26                             1668     1668       2C      ADE       0
                text25                             1782     1782       18      ADE       0
                text24                             16E6     16E6       26      ADE       0
                text22                             172C     172C       20      ADE       0
                text21                             1524     1524       4E      705       0
                text20                             1694     1694       2A      ADE       0
                text19                             16BE     16BE       28      ADE       0
                text18                             17B0     17B0        A      ADE       0
                text17                             17A6     17A6        A      ADE       0
                text16                             179A     179A        C      ADE       0
                text15                             170C     170C       20      ADE       0
                text14                             1634     1634       34      ADE       0
                text13                             1308     1308       90      705       0
                text12                             174C     174C       1E      ADE       0
                text11                             176A     176A       18      ADE       0
                text10                             1470     1470       62      705       0
                text9                              10EA     10EA       C4      705       0
                text8                              11AE     11AE       B0      705       0
                text7                              1600     1600       34      ADE       0
                text6                              17C2     17C2        2      ADE       0
                text5                              125E     125E       AA      705       0
                text4                               E0A      E0A      1F6      705       0
                text3                              14D2     14D2       52      705       0
                text2                              15BC     15BC       44      ADE       0
                text1                              1406     1406       6A      705       0
                text0                              1000     1000       EA      705       0
                cstackCOMRAM                          1        1       48        1       1
                cstackBANK0                          E1       E1       18       60       1
                bssBANK1                            100      100       3C      100       1
                dataBANK0                            60       60       49       60       1
                bssBANK0                             A9       A9       38       60       1
                dataCOMRAM                           51       51        8        1       1
                bssCOMRAM                            49       49        8        1       1
                cinit                              1398     1398       6E      705       0
                idataBANK0                         1572     1572       49      705       0
                idataCOMRAM                        17BA     17BA        8      ADE       0

TOTAL           Name                               Link     Load   Length     Space
        CLASS   CODE           
                intcode                               8        8       6C         0
                init                                 74       74        4         0
                reset_vec                             0        0        4         0
                text26                             1668     1668       2C         0
                text25                             1782     1782       18         0
                text24                             16E6     16E6       26         0
                text22                             172C     172C       20         0
                text21                             1524     1524       4E         0
                text20                             1694     1694       2A         0
                text19                             16BE     16BE       28         0
                text18                             17B0     17B0        A         0
                text17                             17A6     17A6        A         0
                text16                             179A     179A        C         0
                text15                             170C     170C       20         0
                text14                             1634     1634       34         0
                text13                             1308     1308       90         0
                text12                             174C     174C       1E         0
                text11                             176A     176A       18         0
                text10                             1470     1470       62         0
                text9                              10EA     10EA       C4         0
                text8                              11AE     11AE       B0         0
                text7                              1600     1600       34         0
                text6                              17C2     17C2        2         0
                text5                              125E     125E       AA         0
                text4                               E0A      E0A      1F6         0
                text3                              14D2     14D2       52         0
                text2                              15BC     15BC       44         0
                text1                              1406     1406       6A         0
                text0                              1000     1000       EA         0
                cinit                              1398     1398       6E         0
                idataBANK0                         1572     1572       49         0
                idataCOMRAM                        17BA     17BA        8         0

        CLASS   CONST          

        CLASS   SMALLCONST     
                smallconst                          E00      E00        A         0

        CLASS   MEDIUMCONST    

        CLASS   COMRAM         
                temp                                 59       59        1         1
                cstackCOMRAM                          1        1       48         1
                dataCOMRAM                           51       51        8         1
                bssCOMRAM                            49       49        8         1

        CLASS   ABS1           

        CLASS   BIGRAM         

        CLASS   RAM            

        CLASS   BANK0          
                cstackBANK0                          E1       E1       18         1
                dataBANK0                            60       60       49         1
                bssBANK0                             A9       A9       38         1

        CLASS   BANK1          
                bssBANK1                            100      100       3C         1

        CLASS   BANK2          

        CLASS   BANK3          

        CLASS   BANK4          

        CLASS   BANK5          

        CLASS   BANK6          

        CLASS   BANK7          

        CLASS   BANK8          

        CLASS   BANK9          

        CLASS   BANK10         

        CLASS   BANK11         

        CLASS   BANK12         

        CLASS   BANK13         

        CLASS   SFR            

        CLASS   BIGSFR         

        CLASS   CONFIG         
                config                           300000   300000        C         4

        CLASS   IDLOC          
                idloc                            200000   200000       10         5

        CLASS   EEDATA         

        CLASS   FARRAM         

        CLASS   HEAP           

        CLASS   STACK          



SEGMENTS        Name                           Load    Length   Top    Selector   Space  Class

                reset_vec                      000000  000004  000004         0       0  CODE    
                cstackCOMRAM                   000001  000059  00005A         1       1  COMRAM  
                intcode                        000008  000070  000078         4       0  CODE    
                dataBANK0                      000060  000099  0000F9        60       1  BANK0   
                bssBANK1                       000100  00003C  00013C       100       1  BANK1   
                smallconst                     000E00  00000A  000E0A       700       0  SMALLCON
                text4                          000E0A  0007B1  0015BB       705       0  CODE    
                text2                          0015BC  000208  0017C4       ADE       0  CODE    


UNUSED ADDRESS RANGES

        Name                Unused          Largest block    Delta
        BANK0            0000F9-0000FF                7
        BANK1            00013C-0001FF               C4
        BANK10           000A00-000AFF              100
        BANK11           000B00-000BFF              100
        BANK12           000C00-000CFF              100
        BANK13           000D00-000DE9               EA
        BANK2            000200-0002FF              100
        BANK3            000300-0003FF              100
        BANK4            000400-0004FF              100
        BANK5            000500-0005FF              100
        BANK6            000600-0006FF              100
        BANK7            000700-0007FF              100
        BANK8            000800-0008FF              100
        BANK9            000900-0009FF              100
        BIGRAM           00005A-00005F                6
                         0000F9-0000FF                7
                         00013C-000DE9              CAE
        BIGSFR           000DEF-000FFF              211
        CODE             000004-000007                4
                         000078-000DFF              D88
                         0015BB-0015BB                1
                         0017C4-01FFFF            1E83C
        COMRAM           00005A-00005F                6
        CONST            000004-000007                4
                         000078-000DFF              D88
                         0015BB-0015BB                1
                         0017C4-01FFFF            1E83C
        EEDATA           310000-3103FF              400
        MEDIUMCONST      0015BB-0015BB                1
                         0017C4-00FFFF             E83C
                         010E00-01FFFF             F200
        RAM              0000F9-0000FF                7
                         00013C-000DE9              100
        SFR              000DEF-000FFF              100
        SMALLCONST       0015BB-0015BB                1
                         0017C4-01FFFF              100

                                  Symbol Table

?___awdiv                    cstackCOMRAM 000005
?___awmod                    cstackCOMRAM 000005
?_abs                        cstackCOMRAM 00000B
?_sprintf                    cstackCOMRAM 000020
?_vfpfcnvrt                  cstackCOMRAM 00000F
?_vfprintf                   cstackCOMRAM 00001C
I2C_2_Master_Write@data_byte cstackCOMRAM 000006
_ANSELDbits                  (abs)        000EA7
_ANSELFbits                  (abs)        000EB4
_BAUD4CONbits                (abs)        000EE9
_CCP1CONbits                 (abs)        000FAB
_CCP2CONbits                 (abs)        000FA7
_CCP3CONbits                 (abs)        000F26
_CCP4CONbits                 (abs)        000F22
_CCPR1H                      (abs)        000FAA
_CCPR2H                      (abs)        000FA6
_CCPR3H                      (abs)        000F25
_CCPR4H                      (abs)        000F21
_CCPTMRS0bits                (abs)        000FAD
_EUSART4RXbuf                bssBANK0     0000C9
_EUSART4TXbuf                bssBANK1     000100
_HighISR                     intcode      000008
_I2C_2_Master_Idle           text19       0016BE
_I2C_2_Master_Init           text20       001694
_I2C_2_Master_Start          text18       0017B0
_I2C_2_Master_Stop           text17       0017A6
_I2C_2_Master_Write          text16       00179A
_INTCONbits                  (abs)        000FF2
_LATAbits                    (abs)        000F79
_LATCbits                    (abs)        000F7B
_LATDbits                    (abs)        000F7C
_LATEbits                    (abs)        000F7D
_LATFbits                    (abs)        000F7E
_LATGbits                    (abs)        000F7F
_LATHbits                    (abs)        000F80
_PIE0bits                    (abs)        000E29
_PIE4bits                    (abs)        000E2D
_PIR0bits                    (abs)        000E33
_PIR4bits                    (abs)        000E37
_PORTFbits                   (abs)        000F8E
_RC0PPS                      (abs)        000E62
_RC4REG                      (abs)        000EE3
_RC4STAbits                  (abs)        000EE7
_RC7PPS                      (abs)        000E69
_RD5PPS                      (abs)        000E6F
_RD6PPS                      (abs)        000E70
_RE2PPS                      (abs)        000E74
_RE4PPS                      (abs)        000E76
_RG6PPS                      (abs)        000E88
_RX4PPS                      (abs)        000E15
_RxBufReadCnt                bssCOMRAM    00004F
_RxBufWriteCnt               bssCOMRAM    000050
_SP4BRGH                     (abs)        000EE6
_SP4BRGL                     (abs)        000EE5
_SSP2ADD                     (abs)        000ED6
_SSP2BUF                     (abs)        000ED5
_SSP2CLKPPS                  (abs)        000E1C
_SSP2CON1bits                (abs)        000ED9
_SSP2CON2                    (abs)        000EDA
_SSP2CON2bits                (abs)        000EDA
_SSP2DATPPS                  (abs)        000E1D
_SSP2STAT                    (abs)        000ED8
_T0CON0bits                  (abs)        000FD5
_T0CON1bits                  (abs)        000FD6
_T2CLKCONbits                (abs)        000FBF
_T2CONbits                   (abs)        000FBD
_T2HLTbits                   (abs)        000FBE
_T2PR                        (abs)        000FBC
_TMR0H                       (abs)        000FD4
_TMR0L                       (abs)        000FD3
_TRISAbits                   (abs)        000F81
_TRISCbits                   (abs)        000F83
_TRISDbits                   (abs)        000F84
_TRISEbits                   (abs)        000F85
_TRISFbits                   (abs)        000F86
_TRISGbits                   (abs)        000F87
_TRISHbits                   (abs)        000F88
_TX4REG                      (abs)        000EE4
_TX4STAbits                  (abs)        000EE8
_Timer0_init                 text22       00172C
_TxBufReadCnt                bssCOMRAM    00004D
_TxBufWriteCnt               bssCOMRAM    00004E
__HRAM                       (abs)        000000
__H__absolute__              __absolute__ 000000
__Habs1                      abs1         000000
__Hbank0                     bank0        000000
__Hbank1                     bank1        000000
__Hbank10                    bank10       000000
__Hbank11                    bank11       000000
__Hbank12                    bank12       000000
__Hbank13                    bank13       000000
__Hbank2                     bank2        000000
__Hbank3                     bank3        000000
__Hbank4                     bank4        000000
__Hbank5                     bank5        000000
__Hbank6                     bank6        000000
__Hbank7                     bank7        000000
__Hbank8                     bank8        000000
__Hbank9                     bank9        000000
__Hbigbss                    bigbss       000000
__Hbigdata                   bigdata      000000
__Hbigram                    bigram       000000
__Hbigsfr                    bigsfr       000000
__Hbss                       bss          000000
__HbssBANK0                  bssBANK0     000000
__HbssBANK1                  bssBANK1     000000
__HbssCOMRAM                 bssCOMRAM    000000
__Hcinit                     cinit        000000
__Hclrtext                   clrtext      000000
__Hcomram                    comram       000000
__Hconfig                    config       30000C
__Hconst                     const        000000
__HcstackBANK0               cstackBANK0  000000
__HcstackCOMRAM              cstackCOMRAM 000000
__Hdata                      data         000000
__HdataBANK0                 dataBANK0    000000
__HdataCOMRAM                dataCOMRAM   000000
__Heeprom_data               eeprom_data  000000
__Hfarbss                    farbss       000000
__Hfardata                   fardata      000000
__Hheap                      heap         000000
__Hibigdata                  ibigdata     000000
__Hidata                     idata        000000
__HidataBANK0                idataBANK0   000000
__HidataCOMRAM               idataCOMRAM  000000
__Hidloc                     idloc        200010
__Hifardata                  ifardata     000000
__Hinit                      init         000078
__Hintcode                   intcode      000074
__Hintcode_body              intcode_body 000000
__Hintcodelo                 intcodelo    000074
__Hintentry                  intentry     000000
__Hintret                    intret       000000
__Hintsave_regs              intsave_regs 000000
__Hirdata                    irdata       000000
__Hmediumconst               mediumconst  000000
__HnvFARRAM                  nvFARRAM     000000
__Hnvbit                     nvbit        000000
__Hnvrram                    nvrram       000000
__Hparam                     rparam       000000
__Hpowerup                   powerup      000074
__Hram                       ram          000000
__Hramtop                    ramtop       000E00
__Hrbit                      rbit         000000
__Hrbss                      rbss         000000
__Hrdata                     rdata        000000
__Hreset_vec                 reset_vec    000004
__Hrparam                    rparam       000000
__Hsfr                       sfr          000000
__Hsmallconst                smallconst   000E0A
__Hspace_0                   (abs)        0017C4
__Hspace_1                   (abs)        00013C
__Hspace_2                   (abs)        000000
__Hspace_4                   (abs)        60000C
__Hstack                     stack        000000
__Hstruct                    struct       000000
__Htemp                      temp         00005A
__Htext                      text         000000
__Htext0                     text0        000000
__Htext1                     text1        000000
__Htext10                    text10       000000
__Htext11                    text11       000000
__Htext12                    text12       000000
__Htext13                    text13       000000
__Htext14                    text14       000000
__Htext15                    text15       000000
__Htext16                    text16       000000
__Htext17                    text17       000000
__Htext18                    text18       000000
__Htext19                    text19       000000
__Htext2                     text2        000000
__Htext20                    text20       000000
__Htext21                    text21       000000
__Htext22                    text22       000000
__Htext24                    text24       000000
__Htext25                    text25       000000
__Htext26                    text26       000000
__Htext3                     text3        000000
__Htext4                     text4        000000
__Htext5                     text5        000000
__Htext6                     text6        000000
__Htext7                     text7        000000
__Htext8                     text8        000000
__Htext9                     text9        000000
__LRAM                       (abs)        000001
__L__absolute__              __absolute__ 000000
__Labs1                      abs1         000000
__Lbank0                     bank0        000000
__Lbank1                     bank1        000000
__Lbank10                    bank10       000000
__Lbank11                    bank11       000000
__Lbank12                    bank12       000000
__Lbank13                    bank13       000000
__Lbank2                     bank2        000000
__Lbank3                     bank3        000000
__Lbank4                     bank4        000000
__Lbank5                     bank5        000000
__Lbank6                     bank6        000000
__Lbank7                     bank7        000000
__Lbank8                     bank8        000000
__Lbank9                     bank9        000000
__Lbigbss                    bigbss       000000
__Lbigdata                   bigdata      000000
__Lbigram                    bigram       000000
__Lbigsfr                    bigsfr       000000
__Lbss                       bss          000000
__LbssBANK0                  bssBANK0     000000
__LbssBANK1                  bssBANK1     000000
__LbssCOMRAM                 bssCOMRAM    000000
__Lcinit                     cinit        000000
__Lclrtext                   clrtext      000000
__Lcomram                    comram       000000
__Lconfig                    config       000000
__Lconst                     const        000000
__LcstackBANK0               cstackBANK0  000000
__LcstackCOMRAM              cstackCOMRAM 000000
__Ldata                      data         000000
__LdataBANK0                 dataBANK0    000000
__LdataCOMRAM                dataCOMRAM   000000
__Leeprom_data               eeprom_data  000000
__Lfarbss                    farbss       000000
__Lfardata                   fardata      000000
__Lheap                      heap         000000
__Libigdata                  ibigdata     000000
__Lidata                     idata        000000
__LidataBANK0                idataBANK0   000000
__LidataCOMRAM               idataCOMRAM  000000
__Lidloc                     idloc        000000
__Lifardata                  ifardata     000000
__Linit                      init         000074
__Lintcode                   intcode      000008
__Lintcode_body              intcode_body 000000
__Lintcodelo                 intcodelo    000074
__Lintentry                  intentry     000000
__Lintret                    intret       000000
__Lintsave_regs              intsave_regs 000000
__Lirdata                    irdata       000000
__Lmediumconst               mediumconst  000000
__LnvFARRAM                  nvFARRAM     000000
__Lnvbit                     nvbit        000000
__Lnvrram                    nvrram       000000
__Lparam                     rparam       000000
__Lpowerup                   powerup      000074
__Lram                       ram          000000
__Lramtop                    ramtop       000E00
__Lrbit                      rbit         000000
__Lrbss                      rbss         000000
__Lrdata                     rdata        000000
__Lreset_vec                 reset_vec    000000
__Lrparam                    rparam       000000
__Lsfr                       sfr          000000
__Lsmallconst                smallconst   000E00
__Lspace_0                   (abs)        000000
__Lspace_1                   (abs)        000000
__Lspace_2                   (abs)        000000
__Lspace_4                   (abs)        000000
__Lstack                     stack        000000
__Lstruct                    struct       000000
__Ltemp                      temp         000059
__Ltext                      text         000000
__Ltext0                     text0        000000
__Ltext1                     text1        000000
__Ltext10                    text10       000000
__Ltext11                    text11       000000
__Ltext12                    text12       000000
__Ltext13                    text13       000000
__Ltext14                    text14       000000
__Ltext15                    text15       000000
__Ltext16                    text16       000000
__Ltext17                    text17       000000
__Ltext18                    text18       000000
__Ltext19                    text19       000000
__Ltext2                     text2        000000
__Ltext20                    text20       000000
__Ltext21                    text21       000000
__Ltext22                    text22       000000
__Ltext24                    text24       000000
__Ltext25                    text25       000000
__Ltext26                    text26       000000
__Ltext3                     text3        000000
__Ltext4                     text4        000000
__Ltext5                     text5        000000
__Ltext6                     text6        000000
__Ltext7                     text7        000000
__Ltext8                     text8        000000
__Ltext9                     text9        000000
__S0                         (abs)        0017C4
__S1                         (abs)        00013C
__S4                         (abs)        000000
__S5                         (abs)        000000
___awdiv                     text9        0010EA
___awdiv@counter             cstackCOMRAM 000009
___awdiv@dividend            cstackCOMRAM 000005
___awdiv@divisor             cstackCOMRAM 000007
___awdiv@quotient            cstackCOMRAM 00000B
___awdiv@sign                cstackCOMRAM 00000A
___awmod                     text8        0011AE
___awmod@counter             cstackCOMRAM 000009
___awmod@dividend            cstackCOMRAM 000005
___awmod@divisor             cstackCOMRAM 000007
___awmod@sign                cstackCOMRAM 00000A
___heap_hi                   (abs)        000000
___heap_lo                   (abs)        000000
___inthi_sp                  stack        000000
___inthi_stack_hi            stack        000000
___inthi_stack_lo            stack        000000
___intlo_sp                  stack        000000
___intlo_stack_hi            stack        000000
___intlo_stack_lo            stack        000000
___param_bank                (abs)        000000
___rparam_used               (abs)        000001
___sp                        stack        000000
___stack_hi                  stack        000000
___stack_lo                  stack        000000
__accesstop                  (abs)        000060
__activetblptr               (abs)        000003
__end_of_HighISR             intcode      000074
__end_of_I2C_2_Master_Idle   text19       0016E6
__end_of_I2C_2_Master_Init   text20       0016BE
__end_of_I2C_2_Master_Start  text18       0017BA
__end_of_I2C_2_Master_Stop   text17       0017B0
__end_of_I2C_2_Master_Write  text16       0017A6
__end_of_Timer0_init         text22       00174C
__end_of___awdiv             text9        0011AE
__end_of___awmod             text8        00125E
__end_of__initialization     cinit        0013FC
__end_of_abs                 text7        001634
__end_of_buggy_lights_init   text21       001572
__end_of_color_click_init    text14       001668
__end_of_color_writetoaddr   text15       00172C
__end_of_fputc               text5        001308
__end_of_getCharFromTxBuf    text26       001694
__end_of_initDCmotorsPWM     text13       001398
__end_of_initUSART4          text12       00176A
__end_of_isDataInTxBuf       text25       00179A
__end_of_main                text0        0010EA
__end_of_putCharToRxBuf      text24       00170C
__end_of_putch               text6        0017C4
__end_of_sendArraySerial4    text1        001470
__end_of_sendCharSerial4     text11       001782
__end_of_sendStringSerial4   text10       0014D2
__end_of_sprintf             text2        001600
__end_of_vfpfcnvrt           text4        001000
__end_of_vfprintf            text3        001524
__initialization             cinit        001398
__mediumconst                mediumconst  000000
__pbssBANK0                  bssBANK0     0000A9
__pbssBANK1                  bssBANK1     000100
__pbssCOMRAM                 bssCOMRAM    000049
__pcinit                     cinit        001398
__pcstackBANK0               cstackBANK0  0000E1
__pcstackCOMRAM              cstackCOMRAM 000001
__pdataBANK0                 dataBANK0    000060
__pdataCOMRAM                dataCOMRAM   000051
__pidataBANK0                idataBANK0   001572
__pidataCOMRAM               idataCOMRAM  0017BA
__pintcode                   intcode      000008
__psmallconst                smallconst   000E00
__ptext0                     text0        001000
__ptext1                     text1        001406
__ptext10                    text10       001470
__ptext11                    text11       00176A
__ptext12                    text12       00174C
__ptext13                    text13       001308
__ptext14                    text14       001634
__ptext15                    text15       00170C
__ptext16                    text16       00179A
__ptext17                    text17       0017A6
__ptext18                    text18       0017B0
__ptext19                    text19       0016BE
__ptext2                     text2        0015BC
__ptext20                    text20       001694
__ptext21                    text21       001524
__ptext22                    text22       00172C
__ptext24                    text24       0016E6
__ptext25                    text25       001782
__ptext26                    text26       001668
__ptext3                     text3        0014D2
__ptext4                     text4        000E0A
__ptext5                     text5        00125E
__ptext6                     text6        0017C2
__ptext7                     text7        001600
__ptext8                     text8        0011AE
__ptext9                     text9        0010EA
__ramtop                     ramtop       000E00
__smallconst                 smallconst   000E00
_abs                         text7        001600
_backtrack                   bssCOMRAM    00004C
_buggy_lights_init           text21       001524
_color_click_init            text14       001634
_color_writetoaddr           text15       00170C
_dbuf                        bssBANK0     0000A9
_flags                       bssCOMRAM    00004B
_fputc                       text5        00125E
_getCharFromTxBuf            text26       001668
_headbuttDelay               dataBANK0    000062
_initDCmotorsPWM             text13       001308
_initUSART4                  text12       00174C
_isDataInTxBuf               text25       001782
_main                        text0        001000
_manoeuvre_pointer           dataBANK0    00006C
_nout                        bssCOMRAM    000049
_prec                        bssBANK0     0000DF
_putCharToRxBuf              text24       0016E6
_putch                       text6        0017C2
_rampDelay                   dataCOMRAM   000058
_sendArraySerial4            text1        001406
_sendCharSerial4             text11       00176A
_sendStringSerial4           text10       001470
_sprintf                     text2        0015BC
_squareDelay                 dataBANK0    000060
_timer_high_pointer          dataCOMRAM   000054
_timer_low_pointer           dataCOMRAM   000053
_topGearLeft                 dataCOMRAM   000057
_topGearRight                dataCOMRAM   000056
_trail_manoeuvre             dataBANK0    00006D
_trail_timer_high            dataBANK0    000095
_trail_timer_low             dataBANK0    000081
_turn180Delay                dataBANK0    000064
_turnLeft135Delay            dataBANK0    000068
_turnLeft90Delay             dataCOMRAM   000051
_turnRight135Delay           dataBANK0    000066
_turnRight90Delay            dataBANK0    00006A
_turningGear                 dataCOMRAM   000055
_vfpfcnvrt                   text4        000E0A
_vfprintf                    text3        0014D2
_width                       bssBANK0     0000DD
abs@a                        cstackCOMRAM 00000B
btemp                        temp         000059
color_writetoaddr@address    cstackCOMRAM 000008
color_writetoaddr@value      cstackCOMRAM 000007
end_of_initialization        cinit        0013FC
fputc@c                      cstackCOMRAM 000005
fputc@fp                     cstackCOMRAM 000007
initDCmotorsPWM@PWMperiod    cstackCOMRAM 000005
int$flags                    temp         000059
intlevel0                    text         000000
intlevel1                    text         000000
intlevel2                    text         000000
intlevel3                    text         000000
isa$std                      (abs)        000001
isa$xinst                    (abs)        000000
main@motorL                  cstackCOMRAM 000037
main@motorR                  cstackCOMRAM 000040
putCharToRxBuf@byte          cstackCOMRAM 000001
sendArraySerial4@arr         cstackCOMRAM 000033
sendArraySerial4@i           cstackBANK0  0000F7
sendArraySerial4@index       cstackBANK0  0000F6
sendArraySerial4@tempStr     cstackBANK0  0000E1
sendCharSerial4@charToSend   cstackCOMRAM 000005
sendStringSerial4@string     cstackCOMRAM 000006
sprintf@ap                   cstackCOMRAM 000026
sprintf@f                    cstackCOMRAM 000027
sprintf@fmt                  cstackCOMRAM 000021
sprintf@ret                  cstackCOMRAM 000024
sprintf@s                    cstackCOMRAM 000020
stackhi                      (abs)        000000
stacklo                      (abs)        000000
start                        init         000074
start_initialization         cinit        001398
ttemp5                       temp         00005A
ttemp6                       temp         00005D
ttemp7                       temp         000061
vfpfcnvrt@ap                 cstackCOMRAM 000011
vfpfcnvrt@c                  cstackCOMRAM 00001B
vfpfcnvrt@cnt                cstackCOMRAM 000014
vfpfcnvrt@convarg            cstackCOMRAM 000017
vfpfcnvrt@cp                 cstackCOMRAM 000016
vfpfcnvrt@done               cstackCOMRAM 000013
vfpfcnvrt@fmt                cstackCOMRAM 000010
vfpfcnvrt@fp                 cstackCOMRAM 00000F
vfprintf@ap                  cstackCOMRAM 00001E
vfprintf@cfmt                cstackCOMRAM 00001F
vfprintf@fmt                 cstackCOMRAM 00001D
vfprintf@fp                  cstackCOMRAM 00001C
wtemp8                       temp         00005A


MODULE INFORMATION

Module		Function		Class		Link	Load	Size
serial.c
		_sendStringSerial4		CODE           	1470	0000	98
		_sendCharSerial4		CODE           	176A	0000	24
		_sendArraySerial4		CODE           	1406	0000	106
		_putCharToRxBuf		CODE           	16E6	0000	38
		_isDataInTxBuf 		CODE           	1782	0000	24
		_getCharFromTxBuf		CODE           	1668	0000	44
		_initUSART4    		CODE           	174C	0000	30

serial.c estimated size: 364

timers.c
		_Timer0_init   		CODE           	172C	0000	32

timers.c estimated size: 32

color.c
		_color_writetoaddr		CODE           	170C	0000	32
		_color_click_init		CODE           	1634	0000	52

color.c estimated size: 84

dc_motor.c
		_initDCmotorsPWM		CODE           	1308	0000	144

dc_motor.c estimated size: 144

interrupts.c
		_HighISR       		CODE           	0008	0000	108

interrupts.c estimated size: 108

buggy_lights.c
		_buggy_lights_init		CODE           	1524	0000	78

buggy_lights.c estimated size: 78

i2c.c
		_I2C_2_Master_Start		CODE           	17B0	0000	10
		_I2C_2_Master_Idle		CODE           	16BE	0000	40
		_I2C_2_Master_Init		CODE           	1694	0000	42
		_I2C_2_Master_Stop		CODE           	17A6	0000	10
		_I2C_2_Master_Write		CODE           	179A	0000	12

i2c.c estimated size: 114

C:\Program Files\Microchip\xc8\v2.45\pic\sources\c99\common\nf_sprintf.c
		_sprintf       		CODE           	15BC	0000	68

C:\Program Files\Microchip\xc8\v2.45\pic\sources\c99\common\nf_sprintf.c estimated size: 68

C:\Program Files\Microchip\xc8\v2.45\pic\sources\c99\common\awmod.c
		___awmod       		CODE           	11AE	0000	176

C:\Program Files\Microchip\xc8\v2.45\pic\sources\c99\common\awmod.c estimated size: 176

C:\Program Files\Microchip\xc8\v2.45\pic\sources\c99\common\putch.c
		_putch         		CODE           	17C2	0000	2

C:\Program Files\Microchip\xc8\v2.45\pic\sources\c99\common\putch.c estimated size: 2

shared
		__initialization		CODE           	1398	0000	100

shared estimated size: 100

C:\Program Files\Microchip\xc8\v2.45\pic\sources\c99\common\abs.c
		_abs           		CODE           	1600	0000	52

C:\Program Files\Microchip\xc8\v2.45\pic\sources\c99\common\abs.c estimated size: 52

main.c
		_main          		CODE           	1000	0000	234

main.c estimated size: 234

C:\Program Files\Microchip\xc8\v2.45\pic\sources\c99\common\nf_fputc.c
		_fputc         		CODE           	125E	0000	170

C:\Program Files\Microchip\xc8\v2.45\pic\sources\c99\common\nf_fputc.c estimated size: 170

C:\Program Files\Microchip\xc8\v2.45\pic\sources\c99\common\doprnt.c
		_vfpfcnvrt     		CODE           	0E0A	0000	502
		_vfprintf      		CODE           	14D2	0000	82

C:\Program Files\Microchip\xc8\v2.45\pic\sources\c99\common\doprnt.c estimated size: 584

C:\Program Files\Microchip\xc8\v2.45\pic\sources\c99\common\awdiv.c
		___awdiv       		CODE           	10EA	0000	196

C:\Program Files\Microchip\xc8\v2.45\pic\sources\c99\common\awdiv.c estimated size: 196

