Microchip MPLAB XC8 Compiler V2.45

Linker command line:

-W-3 \
  --edf=C:\Program Files\Microchip\xc8\v2.45\pic\dat\20230818022343_en.msgs \
  -cn \
  -h+dist/default/production\final-project-gorakh-boris.X.production.sym \
  --cmf=dist/default/production\final-project-gorakh-boris.X.production.cmf \
  -z -Q18F67K40 \
  -oC:\Users\boris\AppData\Local\Temp\xcBs2is.1\driver_tmp_3.o \
  --defsym=__MPLAB_BUILD=1 --fixupoverflow=error \
  -Mdist/default/production/final-project-gorakh-boris.X.production.map \
  --md=C:\Users\boris\AppData\Local\Temp\xcBs2is.1\driver_tmp_0.dat -E1 \
  -ver=XC8 Compiler --acfsm=1493 -ACODE=00h-01FFFFh -ACONST=00h-01FFFFh \
  -ASMALLCONST=0E00h-0EFFhx498 -AMEDIUMCONST=0E00h-0FFFFh,010E00h-01FFFFh \
  -ACOMRAM=01h-05Fh -AABS1=00h-0DE9h -ABIGRAM=01h-0DE9h \
  -ARAM=060h-0FFh,0100h-01FFhx12,0D00h-0DE9h -ABANK0=060h-0FFh \
  -ABANK1=0100h-01FFh -ABANK2=0200h-02FFh -ABANK3=0300h-03FFh \
  -ABANK4=0400h-04FFh -ABANK5=0500h-05FFh -ABANK6=0600h-06FFh \
  -ABANK7=0700h-07FFh -ABANK8=0800h-08FFh -ABANK9=0900h-09FFh \
  -ABANK10=0A00h-0AFFh -ABANK11=0B00h-0BFFh -ABANK12=0C00h-0CFFh \
  -ABANK13=0D00h-0DE9h \
  -ASFR=0DEFh-0DFFh,0E00h-0EFFh,0F00h-0F5Fh,0F60h-0FFFh \
  -ABIGSFR=0DEFh-0FFFh -ACONFIG=0300000h-030000Bh -AIDLOC=0200000h-020000Fh \
  -AEEDATA=0310000h-03103FFh -peeprom_data=EEDATA \
  -preset_vec=00h,intcode=08h,intcodelo,powerup,init -pramtop=0E00h \
  -psmallconst=SMALLCONST -pmediumconst=MEDIUMCONST -pconst=CONST \
  -AFARRAM=00h-00h \
  -prdata=COMRAM,nvrram=COMRAM,nvbit=COMRAM,rbss=COMRAM,rbit=COMRAM \
  -pfarbss=FARRAM,fardata=FARRAM,nvFARRAM=FARRAM \
  -pintsave_regs=BIGRAM,bigbss=BIGRAM,bigdata=BIGRAM -pbss=RAM \
  -pidata=CODE,irdata=CODE,ibigdata=CODE,ifardata=CODE -prparam=COMRAM \
  C:\Users\boris\AppData\Local\Temp\xcBs2is.1\driver_tmp_9.o \
  dist/default/production\final-project-gorakh-boris.X.production.o 

Object code version is 3.11

Machine type is 18F67K40



                Name                               Link     Load   Length Selector   Space Scale
C:\Users\boris\AppData\Local\Temp\xcBs2is.1\driver_tmp_9.o
                idloc                            200000   200000       10        0       5
                config                           300000   300000        C        0       4
                init                                 34       34        4        4       0
                reset_vec                             0        0        4        0       0
dist/default/production\final-project-gorakh-boris.X.production.o
                intcode                               8        8       2C        4       0
                idloc                            200000   200000       10        0       5
                config                           300000   300000        C        0       4
                temp                                 4E       4E        1        1       1
                smallconst                          E00      E00        A      700       0
                text18                             14B0     14B0       28      705       0
                text17                             137A     137A       4E      705       0
                text16                             1436     1436       2A      705       0
                text15                             1488     1488       28      705       0
                text14                             156A     156A        A      AAA       0
                text13                             1560     1560        A      AAA       0
                text12                             1554     1554        C      AAA       0
                text11                             14FE     14FE       20      705       0
                text10                             1402     1402       34      705       0
                text9                              10FA     10FA       90      705       0
                text8                              151E     151E       1E      705       0
                text7                              12A6     12A6       74      705       0
                text6                              14D8     14D8       26      705       0
                text5                               E0A      E0A      154      705       0
                text4                              1040     1040       BA      705       0
                text3                              13C8     13C8       3A      705       0
                text2                              1218     1218       8E      705       0
                text1                              118A     118A       8E      705       0
                text0                               F5E      F5E       E2      705       0
                cstackCOMRAM                          1        1       31        1       1
                dataBANK0                            C4       C4       28       60       1
                bssBANK0                             60       60       64       60       1
                dataCOMRAM                           32       32       17        1       1
                bssCOMRAM                            49       49        5        1       1
                cinit                              131A     131A       60      705       0
                idataBANK0                         1460     1460       28      705       0
                idataCOMRAM                        153C     153C       17      705       0

TOTAL           Name                               Link     Load   Length     Space
        CLASS   CODE           
                intcode                               8        8       2C         0
                init                                 34       34        4         0
                reset_vec                             0        0        4         0
                text18                             14B0     14B0       28         0
                text17                             137A     137A       4E         0
                text16                             1436     1436       2A         0
                text15                             1488     1488       28         0
                text14                             156A     156A        A         0
                text13                             1560     1560        A         0
                text12                             1554     1554        C         0
                text11                             14FE     14FE       20         0
                text10                             1402     1402       34         0
                text9                              10FA     10FA       90         0
                text8                              151E     151E       1E         0
                text7                              12A6     12A6       74         0
                text6                              14D8     14D8       26         0
                text5                               E0A      E0A      154         0
                text4                              1040     1040       BA         0
                text3                              13C8     13C8       3A         0
                text2                              1218     1218       8E         0
                text1                              118A     118A       8E         0
                text0                               F5E      F5E       E2         0
                cinit                              131A     131A       60         0
                idataBANK0                         1460     1460       28         0
                idataCOMRAM                        153C     153C       17         0

        CLASS   CONST          

        CLASS   SMALLCONST     
                smallconst                          E00      E00        A         0

        CLASS   MEDIUMCONST    

        CLASS   COMRAM         
                temp                                 4E       4E        1         1
                cstackCOMRAM                          1        1       31         1
                dataCOMRAM                           32       32       17         1
                bssCOMRAM                            49       49        5         1

        CLASS   ABS1           

        CLASS   BIGRAM         

        CLASS   RAM            

        CLASS   BANK0          
                dataBANK0                            C4       C4       28         1
                bssBANK0                             60       60       64         1

        CLASS   BANK1          

        CLASS   BANK2          

        CLASS   BANK3          

        CLASS   BANK4          

        CLASS   BANK5          

        CLASS   BANK6          

        CLASS   BANK7          

        CLASS   BANK8          

        CLASS   BANK9          

        CLASS   BANK10         

        CLASS   BANK11         

        CLASS   BANK12         

        CLASS   BANK13         

        CLASS   SFR            

        CLASS   BIGSFR         

        CLASS   CONFIG         
                config                           300000   300000        C         4

        CLASS   IDLOC          
                idloc                            200000   200000       10         5

        CLASS   EEDATA         

        CLASS   FARRAM         

        CLASS   HEAP           

        CLASS   STACK          



SEGMENTS        Name                           Load    Length   Top    Selector   Space  Class

                reset_vec                      000000  000004  000004         0       0  CODE    
                cstackCOMRAM                   000001  00004E  00004F         1       1  COMRAM  
                intcode                        000008  000030  000038         4       0  CODE    
                bssBANK0                       000060  00008C  0000EC        60       1  BANK0   
                smallconst                     000E00  00000A  000E0A       700       0  SMALLCON
                text5                          000E0A  000749  001553       705       0  CODE    
                text12                         001554  000020  001574       AAA       0  CODE    


UNUSED ADDRESS RANGES

        Name                Unused          Largest block    Delta
        BANK0            0000EC-0000FF               14
        BANK1            000100-0001FF              100
        BANK10           000A00-000AFF              100
        BANK11           000B00-000BFF              100
        BANK12           000C00-000CFF              100
        BANK13           000D00-000DE9               EA
        BANK2            000200-0002FF              100
        BANK3            000300-0003FF              100
        BANK4            000400-0004FF              100
        BANK5            000500-0005FF              100
        BANK6            000600-0006FF              100
        BANK7            000700-0007FF              100
        BANK8            000800-0008FF              100
        BANK9            000900-0009FF              100
        BIGRAM           00004F-00005F               11
                         0000EC-000DE9              CFE
        BIGSFR           000DEF-000FFF              211
        CODE             000004-000007                4
                         000038-000DFF              DC8
                         001553-001553                1
                         001574-01FFFF            1EA8C
        COMRAM           00004F-00005F               11
        CONST            000004-000007                4
                         000038-000DFF              DC8
                         001553-001553                1
                         001574-01FFFF            1EA8C
        EEDATA           310000-3103FF              400
        MEDIUMCONST      001553-001553                1
                         001574-00FFFF             EA8C
                         010E00-01FFFF             F200
        RAM              0000EC-000DE9              100
        SFR              000DEF-000FFF              100
        SMALLCONST       001553-001553                1
                         001574-01FFFF              100

                                  Symbol Table

?___lwdiv                    cstackCOMRAM 000007
?___wmul                     cstackCOMRAM 000001
I2C_2_Master_Write@data_byte cstackCOMRAM 000002
_ANSELDbits                  (abs)        000EA7
_ANSELFbits                  (abs)        000EB4
_BAUD4CONbits                (abs)        000EE9
_CCP1CONbits                 (abs)        000FAB
_CCP2CONbits                 (abs)        000FA7
_CCP3CONbits                 (abs)        000F26
_CCP4CONbits                 (abs)        000F22
_CCPR1H                      (abs)        000FAA
_CCPR2H                      (abs)        000FA6
_CCPR3H                      (abs)        000F25
_CCPR4H                      (abs)        000F21
_CCPTMRS0bits                (abs)        000FAD
_EUSART4RXbuf                bssBANK0     00009C
_EUSART4TXbuf                bssBANK0     000060
_I2C_2_Master_Idle           text15       001488
_I2C_2_Master_Init           text16       001436
_I2C_2_Master_Start          text14       00156A
_I2C_2_Master_Stop           text13       001560
_I2C_2_Master_Write          text12       001554
_INTCONbits                  (abs)        000FF2
_ISR                         intcode      000008
_LATAbits                    (abs)        000F79
_LATCbits                    (abs)        000F7B
_LATDbits                    (abs)        000F7C
_LATEbits                    (abs)        000F7D
_LATFbits                    (abs)        000F7E
_LATGbits                    (abs)        000F7F
_LATHbits                    (abs)        000F80
_PIE0bits                    (abs)        000E29
_PIE4bits                    (abs)        000E2D
_PIR0bits                    (abs)        000E33
_PIR4bits                    (abs)        000E37
_PORTFbits                   (abs)        000F8E
_RC0PPS                      (abs)        000E62
_RC4REG                      (abs)        000EE3
_RC4STAbits                  (abs)        000EE7
_RC7PPS                      (abs)        000E69
_RD5PPS                      (abs)        000E6F
_RD6PPS                      (abs)        000E70
_RE2PPS                      (abs)        000E74
_RE4PPS                      (abs)        000E76
_RG6PPS                      (abs)        000E88
_RX4PPS                      (abs)        000E15
_RxBufReadCnt                bssCOMRAM    00004C
_RxBufWriteCnt               bssCOMRAM    00004D
_SP4BRGH                     (abs)        000EE6
_SP4BRGL                     (abs)        000EE5
_SSP2ADD                     (abs)        000ED6
_SSP2BUF                     (abs)        000ED5
_SSP2CLKPPS                  (abs)        000E1C
_SSP2CON1bits                (abs)        000ED9
_SSP2CON2                    (abs)        000EDA
_SSP2CON2bits                (abs)        000EDA
_SSP2DATPPS                  (abs)        000E1D
_SSP2STAT                    (abs)        000ED8
_T0CON0bits                  (abs)        000FD5
_T0CON1bits                  (abs)        000FD6
_T2CLKCONbits                (abs)        000FBF
_T2CONbits                   (abs)        000FBD
_T2HLTbits                   (abs)        000FBE
_T2PR                        (abs)        000FBC
_TMR0H                       (abs)        000FD4
_TMR0L                       (abs)        000FD3
_TRISAbits                   (abs)        000F81
_TRISCbits                   (abs)        000F83
_TRISDbits                   (abs)        000F84
_TRISEbits                   (abs)        000F85
_TRISFbits                   (abs)        000F86
_TRISGbits                   (abs)        000F87
_TRISHbits                   (abs)        000F88
_TX4REG                      (abs)        000EE4
_TX4STAbits                  (abs)        000EE8
_Timer0_init                 text18       0014B0
_TxBufReadCnt                bssCOMRAM    00004A
_TxBufWriteCnt               bssCOMRAM    00004B
__HRAM                       (abs)        000000
__H__absolute__              __absolute__ 000000
__Habs1                      abs1         000000
__Hbank0                     bank0        000000
__Hbank1                     bank1        000000
__Hbank10                    bank10       000000
__Hbank11                    bank11       000000
__Hbank12                    bank12       000000
__Hbank13                    bank13       000000
__Hbank2                     bank2        000000
__Hbank3                     bank3        000000
__Hbank4                     bank4        000000
__Hbank5                     bank5        000000
__Hbank6                     bank6        000000
__Hbank7                     bank7        000000
__Hbank8                     bank8        000000
__Hbank9                     bank9        000000
__Hbigbss                    bigbss       000000
__Hbigdata                   bigdata      000000
__Hbigram                    bigram       000000
__Hbigsfr                    bigsfr       000000
__Hbss                       bss          000000
__HbssBANK0                  bssBANK0     000000
__HbssCOMRAM                 bssCOMRAM    000000
__Hcinit                     cinit        000000
__Hclrtext                   clrtext      000000
__Hcomram                    comram       000000
__Hconfig                    config       30000C
__Hconst                     const        000000
__HcstackCOMRAM              cstackCOMRAM 000000
__Hdata                      data         000000
__HdataBANK0                 dataBANK0    000000
__HdataCOMRAM                dataCOMRAM   000000
__Heeprom_data               eeprom_data  000000
__Hfarbss                    farbss       000000
__Hfardata                   fardata      000000
__Hheap                      heap         000000
__Hibigdata                  ibigdata     000000
__Hidata                     idata        000000
__HidataBANK0                idataBANK0   000000
__HidataCOMRAM               idataCOMRAM  000000
__Hidloc                     idloc        200010
__Hifardata                  ifardata     000000
__Hinit                      init         000038
__Hintcode                   intcode      000034
__Hintcode_body              intcode_body 000000
__Hintcodelo                 intcodelo    000034
__Hintentry                  intentry     000000
__Hintret                    intret       000000
__Hintsave_regs              intsave_regs 000000
__Hirdata                    irdata       000000
__Hmediumconst               mediumconst  000000
__HnvFARRAM                  nvFARRAM     000000
__Hnvbit                     nvbit        000000
__Hnvrram                    nvrram       000000
__Hparam                     rparam       000000
__Hpowerup                   powerup      000034
__Hram                       ram          000000
__Hramtop                    ramtop       000E00
__Hrbit                      rbit         000000
__Hrbss                      rbss         000000
__Hrdata                     rdata        000000
__Hreset_vec                 reset_vec    000004
__Hrparam                    rparam       000000
__Hsfr                       sfr          000000
__Hsmallconst                smallconst   000E0A
__Hspace_0                   (abs)        001574
__Hspace_1                   (abs)        0000EC
__Hspace_2                   (abs)        000000
__Hspace_4                   (abs)        60000C
__Hstack                     stack        000000
__Hstruct                    struct       000000
__Htemp                      temp         00004F
__Htext                      text         000000
__Htext0                     text0        000000
__Htext1                     text1        000000
__Htext10                    text10       000000
__Htext11                    text11       000000
__Htext12                    text12       000000
__Htext13                    text13       000000
__Htext14                    text14       000000
__Htext15                    text15       000000
__Htext16                    text16       000000
__Htext17                    text17       000000
__Htext18                    text18       000000
__Htext2                     text2        000000
__Htext3                     text3        000000
__Htext4                     text4        000000
__Htext5                     text5        000000
__Htext6                     text6        000000
__Htext7                     text7        000000
__Htext8                     text8        000000
__Htext9                     text9        000000
__LRAM                       (abs)        000001
__L__absolute__              __absolute__ 000000
__Labs1                      abs1         000000
__Lbank0                     bank0        000000
__Lbank1                     bank1        000000
__Lbank10                    bank10       000000
__Lbank11                    bank11       000000
__Lbank12                    bank12       000000
__Lbank13                    bank13       000000
__Lbank2                     bank2        000000
__Lbank3                     bank3        000000
__Lbank4                     bank4        000000
__Lbank5                     bank5        000000
__Lbank6                     bank6        000000
__Lbank7                     bank7        000000
__Lbank8                     bank8        000000
__Lbank9                     bank9        000000
__Lbigbss                    bigbss       000000
__Lbigdata                   bigdata      000000
__Lbigram                    bigram       000000
__Lbigsfr                    bigsfr       000000
__Lbss                       bss          000000
__LbssBANK0                  bssBANK0     000000
__LbssCOMRAM                 bssCOMRAM    000000
__Lcinit                     cinit        000000
__Lclrtext                   clrtext      000000
__Lcomram                    comram       000000
__Lconfig                    config       000000
__Lconst                     const        000000
__LcstackCOMRAM              cstackCOMRAM 000000
__Ldata                      data         000000
__LdataBANK0                 dataBANK0    000000
__LdataCOMRAM                dataCOMRAM   000000
__Leeprom_data               eeprom_data  000000
__Lfarbss                    farbss       000000
__Lfardata                   fardata      000000
__Lheap                      heap         000000
__Libigdata                  ibigdata     000000
__Lidata                     idata        000000
__LidataBANK0                idataBANK0   000000
__LidataCOMRAM               idataCOMRAM  000000
__Lidloc                     idloc        000000
__Lifardata                  ifardata     000000
__Linit                      init         000034
__Lintcode                   intcode      000008
__Lintcode_body              intcode_body 000000
__Lintcodelo                 intcodelo    000034
__Lintentry                  intentry     000000
__Lintret                    intret       000000
__Lintsave_regs              intsave_regs 000000
__Lirdata                    irdata       000000
__Lmediumconst               mediumconst  000000
__LnvFARRAM                  nvFARRAM     000000
__Lnvbit                     nvbit        000000
__Lnvrram                    nvrram       000000
__Lparam                     rparam       000000
__Lpowerup                   powerup      000034
__Lram                       ram          000000
__Lramtop                    ramtop       000E00
__Lrbit                      rbit         000000
__Lrbss                      rbss         000000
__Lrdata                     rdata        000000
__Lreset_vec                 reset_vec    000000
__Lrparam                    rparam       000000
__Lsfr                       sfr          000000
__Lsmallconst                smallconst   000E00
__Lspace_0                   (abs)        000000
__Lspace_1                   (abs)        000000
__Lspace_2                   (abs)        000000
__Lspace_4                   (abs)        000000
__Lstack                     stack        000000
__Lstruct                    struct       000000
__Ltemp                      temp         00004E
__Ltext                      text         000000
__Ltext0                     text0        000000
__Ltext1                     text1        000000
__Ltext10                    text10       000000
__Ltext11                    text11       000000
__Ltext12                    text12       000000
__Ltext13                    text13       000000
__Ltext14                    text14       000000
__Ltext15                    text15       000000
__Ltext16                    text16       000000
__Ltext17                    text17       000000
__Ltext18                    text18       000000
__Ltext2                     text2        000000
__Ltext3                     text3        000000
__Ltext4                     text4        000000
__Ltext5                     text5        000000
__Ltext6                     text6        000000
__Ltext7                     text7        000000
__Ltext8                     text8        000000
__Ltext9                     text9        000000
__S0                         (abs)        001574
__S1                         (abs)        0000EC
__S4                         (abs)        000000
__S5                         (abs)        000000
___heap_hi                   (abs)        000000
___heap_lo                   (abs)        000000
___inthi_sp                  stack        000000
___inthi_stack_hi            stack        000000
___inthi_stack_lo            stack        000000
___intlo_sp                  stack        000000
___intlo_stack_hi            stack        000000
___intlo_stack_lo            stack        000000
___lwdiv                     text7        0012A6
___lwdiv@counter             cstackCOMRAM 00000D
___lwdiv@dividend            cstackCOMRAM 000007
___lwdiv@divisor             cstackCOMRAM 000009
___lwdiv@quotient            cstackCOMRAM 00000B
___param_bank                (abs)        000000
___rparam_used               (abs)        000001
___sp                        stack        000000
___stack_hi                  stack        000000
___stack_lo                  stack        000000
___wmul                      text6        0014D8
___wmul@multiplicand         cstackCOMRAM 000003
___wmul@multiplier           cstackCOMRAM 000001
___wmul@product              cstackCOMRAM 000005
__accesstop                  (abs)        000060
__activetblptr               (abs)        000003
__end_of_I2C_2_Master_Idle   text15       0014B0
__end_of_I2C_2_Master_Init   text16       001460
__end_of_I2C_2_Master_Start  text14       001574
__end_of_I2C_2_Master_Stop   text13       00156A
__end_of_I2C_2_Master_Write  text12       001560
__end_of_ISR                 intcode      000034
__end_of_Timer0_init         text18       0014D8
__end_of___lwdiv             text7        00131A
__end_of___wmul              text6        0014FE
__end_of__initialization     cinit        001370
__end_of_buggy_lights_init   text17       0013C8
__end_of_color_click_init    text10       001436
__end_of_color_writetoaddr   text11       00151E
__end_of_fullSpeedAhead      text4        0010FA
__end_of_initDCmotorsPWM     text9        00118A
__end_of_initUSART4          text8        00153C
__end_of_main                text0        001040
__end_of_readTrail           text3        001402
__end_of_returnToSender      text1        001218
__end_of_setMotorPWM         text5        000F5E
__end_of_stop                text2        0012A6
__initialization             cinit        00131A
__mediumconst                mediumconst  000000
__pbssBANK0                  bssBANK0     000060
__pbssCOMRAM                 bssCOMRAM    000049
__pcinit                     cinit        00131A
__pcstackCOMRAM              cstackCOMRAM 000001
__pdataBANK0                 dataBANK0    0000C4
__pdataCOMRAM                dataCOMRAM   000032
__pidataBANK0                idataBANK0   001460
__pidataCOMRAM               idataCOMRAM  00153C
__pintcode                   intcode      000008
__psmallconst                smallconst   000E00
__ptext0                     text0        000F5E
__ptext1                     text1        00118A
__ptext10                    text10       001402
__ptext11                    text11       0014FE
__ptext12                    text12       001554
__ptext13                    text13       001560
__ptext14                    text14       00156A
__ptext15                    text15       001488
__ptext16                    text16       001436
__ptext17                    text17       00137A
__ptext18                    text18       0014B0
__ptext2                     text2        001218
__ptext3                     text3        0013C8
__ptext4                     text4        001040
__ptext5                     text5        000E0A
__ptext6                     text6        0014D8
__ptext7                     text7        0012A6
__ptext8                     text8        00151E
__ptext9                     text9        0010FA
__ramtop                     ramtop       000E00
__smallconst                 smallconst   000E00
_backtrack                   dataCOMRAM   000044
_buggy_lights_init           text17       00137A
_color_click_init            text10       001402
_color_writetoaddr           text11       0014FE
_fullSpeedAhead              text4        001040
_headbuttDelay               dataCOMRAM   000034
_initDCmotorsPWM             text9        0010FA
_initUSART4                  text8        00151E
_main                        text0        000F5E
_manoeuvre_count             dataCOMRAM   000040
_manoeuvre_pointer           dataCOMRAM   000041
_rampDelay                   dataCOMRAM   000048
_readTrail                   text3        0013C8
_returnFlag                  bssCOMRAM    000049
_returnToSender              text1        00118A
_setMotorPWM                 text5        000E0A
_squareDelay                 dataCOMRAM   000032
_stop                        text2        001218
_timer_high_pointer          dataCOMRAM   000043
_timer_low_pointer           dataCOMRAM   000042
_topGearLeft                 dataCOMRAM   000047
_topGearRight                dataCOMRAM   000046
_trail_manoeuvre             dataBANK0    0000C4
_trail_timer_high            dataBANK0    0000D8
_trail_timer_low             bssBANK0     0000B0
_turn180Delay                dataCOMRAM   000036
_turnLeft135Delay            dataCOMRAM   00003A
_turnLeft90Delay             dataCOMRAM   00003E
_turnRight135Delay           dataCOMRAM   000038
_turnRight90Delay            dataCOMRAM   00003C
_turningGear                 dataCOMRAM   000045
btemp                        temp         00004E
color_writetoaddr@address    cstackCOMRAM 000004
color_writetoaddr@value      cstackCOMRAM 000003
end_of_initialization        cinit        001370
fullSpeedAhead@leftGear      cstackCOMRAM 000016
fullSpeedAhead@mL            cstackCOMRAM 000013
fullSpeedAhead@mR            cstackCOMRAM 000014
fullSpeedAhead@rightGear     cstackCOMRAM 000017
initDCmotorsPWM@PWMperiod    cstackCOMRAM 000001
int$flags                    temp         00004E
intlevel0                    text         000000
intlevel1                    text         000000
intlevel2                    text         000000
intlevel3                    text         000000
isa$std                      (abs)        000001
isa$xinst                    (abs)        000000
main@motorL                  cstackCOMRAM 000020
main@motorR                  cstackCOMRAM 000029
readTrail@man                cstackCOMRAM 000003
readTrail@tH                 cstackCOMRAM 000001
readTrail@tL                 cstackCOMRAM 000002
returnToSender@mL            cstackCOMRAM 000018
returnToSender@mR            cstackCOMRAM 000019
returnToSender@mann          cstackCOMRAM 00001B
returnToSender@timerH        cstackCOMRAM 00001C
returnToSender@timerL        cstackCOMRAM 00001D
setMotorPWM@m                cstackCOMRAM 00000E
setMotorPWM@negDuty          cstackCOMRAM 000012
setMotorPWM@posDuty          cstackCOMRAM 000011
stackhi                      (abs)        000000
stacklo                      (abs)        000000
start                        init         000034
start_initialization         cinit        00131A
stop@mL                      cstackCOMRAM 000013
stop@mR                      cstackCOMRAM 000014
ttemp5                       temp         00004F
ttemp6                       temp         000052
ttemp7                       temp         000056
wtemp8                       temp         00004F


MODULE INFORMATION

Module		Function		Class		Link	Load	Size
C:\Program Files\Microchip\xc8\v2.45\pic\sources\c99\common\Umul16.c
		___wmul        		CODE           	14D8	0000	38

C:\Program Files\Microchip\xc8\v2.45\pic\sources\c99\common\Umul16.c estimated size: 38

serial.c
		_initUSART4    		CODE           	151E	0000	30

serial.c estimated size: 30

timers.c
		_returnToSender		CODE           	118A	0000	142
		_Timer0_init   		CODE           	14B0	0000	40
		_ISR           		CODE           	0008	0000	44
		_readTrail     		CODE           	13C8	0000	58

timers.c estimated size: 284

color.c
		_color_writetoaddr		CODE           	14FE	0000	32
		_color_click_init		CODE           	1402	0000	52

color.c estimated size: 84

dc_motor.c
		_fullSpeedAhead		CODE           	1040	0000	186
		_stop          		CODE           	1218	0000	142
		_initDCmotorsPWM		CODE           	10FA	0000	144
		_setMotorPWM   		CODE           	0E0A	0000	340

dc_motor.c estimated size: 812

buggy_lights.c
		_buggy_lights_init		CODE           	137A	0000	78

buggy_lights.c estimated size: 78

i2c.c
		_I2C_2_Master_Start		CODE           	156A	0000	10
		_I2C_2_Master_Idle		CODE           	1488	0000	40
		_I2C_2_Master_Init		CODE           	1436	0000	42
		_I2C_2_Master_Stop		CODE           	1560	0000	10
		_I2C_2_Master_Write		CODE           	1554	0000	12

i2c.c estimated size: 114

shared
		__initialization		CODE           	131A	0000	86

shared estimated size: 86

main.c
		_main          		CODE           	0F5E	0000	226

main.c estimated size: 226

C:\Program Files\Microchip\xc8\v2.45\pic\sources\c99\common\lwdiv.c
		___lwdiv       		CODE           	12A6	0000	116

C:\Program Files\Microchip\xc8\v2.45\pic\sources\c99\common\lwdiv.c estimated size: 116

