Microchip MPLAB XC8 Compiler V2.45

Linker command line:

-W-3 \
  --edf=C:\Program Files\Microchip\xc8\v2.45\pic\dat\20230818022343_en.msgs \
  -cn \
  -h+dist/default/production\final-project-gorakh-boris.X.production.sym \
  --cmf=dist/default/production\final-project-gorakh-boris.X.production.cmf \
  -z -Q18F67K40 -oC:\Users\boris\AppData\Local\Temp\xcAsb10.\driver_tmp_3.o \
  --defsym=__MPLAB_BUILD=1 --fixupoverflow=error \
  -Mdist/default/production/final-project-gorakh-boris.X.production.map \
  --md=C:\Users\boris\AppData\Local\Temp\xcAsb10.\driver_tmp_0.dat -E1 \
  -ver=XC8 Compiler --acfsm=1493 -ACODE=00h-01FFFFh -ACONST=00h-01FFFFh \
  -ASMALLCONST=0E00h-0EFFhx498 -AMEDIUMCONST=0E00h-0FFFFh,010E00h-01FFFFh \
  -ACOMRAM=01h-05Fh -AABS1=00h-0DE9h -ABIGRAM=01h-0DE9h \
  -ARAM=060h-0FFh,0100h-01FFhx12,0D00h-0DE9h -ABANK0=060h-0FFh \
  -ABANK1=0100h-01FFh -ABANK2=0200h-02FFh -ABANK3=0300h-03FFh \
  -ABANK4=0400h-04FFh -ABANK5=0500h-05FFh -ABANK6=0600h-06FFh \
  -ABANK7=0700h-07FFh -ABANK8=0800h-08FFh -ABANK9=0900h-09FFh \
  -ABANK10=0A00h-0AFFh -ABANK11=0B00h-0BFFh -ABANK12=0C00h-0CFFh \
  -ABANK13=0D00h-0DE9h \
  -ASFR=0DEFh-0DFFh,0E00h-0EFFh,0F00h-0F5Fh,0F60h-0FFFh \
  -ABIGSFR=0DEFh-0FFFh -ACONFIG=0300000h-030000Bh -AIDLOC=0200000h-020000Fh \
  -AEEDATA=0310000h-03103FFh -peeprom_data=EEDATA \
  -preset_vec=00h,intcode=08h,intcodelo,powerup,init -pramtop=0E00h \
  -psmallconst=SMALLCONST -pmediumconst=MEDIUMCONST -pconst=CONST \
  -AFARRAM=00h-00h \
  -prdata=COMRAM,nvrram=COMRAM,nvbit=COMRAM,rbss=COMRAM,rbit=COMRAM \
  -pfarbss=FARRAM,fardata=FARRAM,nvFARRAM=FARRAM \
  -pintsave_regs=BIGRAM,bigbss=BIGRAM,bigdata=BIGRAM -pbss=RAM \
  -pidata=CODE,irdata=CODE,ibigdata=CODE,ifardata=CODE -prparam=COMRAM \
  C:\Users\boris\AppData\Local\Temp\xcAsb10.\driver_tmp_14.o \
  dist/default/production\final-project-gorakh-boris.X.production.o 

Object code version is 3.11

Machine type is 18F67K40



                Name                               Link     Load   Length Selector   Space Scale
C:\Users\boris\AppData\Local\Temp\xcAsb10.\driver_tmp_14.o
                idloc                            200000   200000       10        0       5
                config                           300000   300000        C        0       4
                init                                 3C       3C        4        4       0
                reset_vec                             0        0        4        0       0
dist/default/production\final-project-gorakh-boris.X.production.o
                intcode                               8        8       34        4       0
                idloc                            200000   200000       10        0       5
                config                           300000   300000        C        0       4
                temp                                 5E       5E        1        1       1
                smallconst                          E00      E00       1A      700       0
                text47                             3372     3372        C     19AD       0
                text46                             3366     3366        C     19AD       0
                text45                             32A8     32A8       24      70D       0
                text44                             2A62     2A62       A4      70D       0
                text43                             3280     3280       28      70D       0
                text42                             317E     317E       42      70D       0
                text41                             3392     3392        A     19AD       0
                text40                             3388     3388        A     19AD       0
                text39                             337E     337E        A     19AD       0
                text38                             335A     335A        C     19AD       0
                text37                             3096     3096       50      70D       0
                text36                             3046     3046       50      70D       0
                text35                             2FF6     2FF6       50      70D       0
                text34                             2FA6     2FA6       50      70D       0
                text33                             2F50     2F50       56      70D       0
                text32                             2080     2080      1FC      70D       0
                text31                             3228     3228       2E      70D       0
                text30                             3256     3256       2A      70D       0
                text29                             32EE     32EE       20      70D       0
                text28                             31F4     31F4       34      70D       0
                text27                             14E6     14E6      464      70D       0
                text26                             2D6C     2D6C       6A      70D       0
                text25                             2C12     2C12       7C      70D       0
                text24                             2B96     2B96       7C      70D       0
                text23                              E1A      E1A      6CC      70D       0
                text22                             2B06     2B06       90      70D       0
                text21                             330E     330E       1E      70D       0
                text20                             194A     194A      42A      70D       0
                text19                             2590     2590      106      70D       0
                text18                             227C     227C      1B4      70D       0
                text17                             2696     2696       D6      70D       0
                text16                             332C     332C       18      70D       0
                text15                             2E3A     2E3A       62      70D       0
                text14                             2834     2834       C4      70D       0
                text13                             29B2     29B2       B0      70D       0
                text12                             2C8E     2C8E       74      70D       0
                text11                             2DD6     2DD6       64      70D       0
                text10                             31C0     31C0       34      70D       0
                text9                              33A2     33A2        2     19AD       0
                text8                              28F8     28F8       BA      70D       0
                text7                              1D74     1D74      30C      70D       0
                text6                              2EFA     2EFA       56      70D       0
                text5                              3132     3132       4C      70D       0
                text4                              30E6     30E6       4C      70D       0
                text3                              32CC     32CC       22      70D       0
                text2                              2E9C     2E9C       5E      70D       0
                text1                              276C     276C       C8      70D       0
                text0                              2430     2430      160      70D       0
                cstackCOMRAM                          1        1       53        1       1
                cstackBANK0                          87       87       21       60       1
                bssBANK1                            100      100       3C      100       1
                dataBANK0                            A8       A8       15       60       1
                bssBANK0                             60       60       27       60       1
                dataCOMRAM                           54       54        6        1       1
                bssCOMRAM                            5A       5A        4        1       1
                cinit                              2D02     2D02       6A      70D       0
                idataBANK0                         3344     3344       15      70D       0
                idataCOMRAM                        339C     339C        6     19AD       0

TOTAL           Name                               Link     Load   Length     Space
        CLASS   CODE           
                intcode                               8        8       34         0
                init                                 3C       3C        4         0
                reset_vec                             0        0        4         0
                text47                             3372     3372        C         0
                text46                             3366     3366        C         0
                text45                             32A8     32A8       24         0
                text44                             2A62     2A62       A4         0
                text43                             3280     3280       28         0
                text42                             317E     317E       42         0
                text41                             3392     3392        A         0
                text40                             3388     3388        A         0
                text39                             337E     337E        A         0
                text38                             335A     335A        C         0
                text37                             3096     3096       50         0
                text36                             3046     3046       50         0
                text35                             2FF6     2FF6       50         0
                text34                             2FA6     2FA6       50         0
                text33                             2F50     2F50       56         0
                text32                             2080     2080      1FC         0
                text31                             3228     3228       2E         0
                text30                             3256     3256       2A         0
                text29                             32EE     32EE       20         0
                text28                             31F4     31F4       34         0
                text27                             14E6     14E6      464         0
                text26                             2D6C     2D6C       6A         0
                text25                             2C12     2C12       7C         0
                text24                             2B96     2B96       7C         0
                text23                              E1A      E1A      6CC         0
                text22                             2B06     2B06       90         0
                text21                             330E     330E       1E         0
                text20                             194A     194A      42A         0
                text19                             2590     2590      106         0
                text18                             227C     227C      1B4         0
                text17                             2696     2696       D6         0
                text16                             332C     332C       18         0
                text15                             2E3A     2E3A       62         0
                text14                             2834     2834       C4         0
                text13                             29B2     29B2       B0         0
                text12                             2C8E     2C8E       74         0
                text11                             2DD6     2DD6       64         0
                text10                             31C0     31C0       34         0
                text9                              33A2     33A2        2         0
                text8                              28F8     28F8       BA         0
                text7                              1D74     1D74      30C         0
                text6                              2EFA     2EFA       56         0
                text5                              3132     3132       4C         0
                text4                              30E6     30E6       4C         0
                text3                              32CC     32CC       22         0
                text2                              2E9C     2E9C       5E         0
                text1                              276C     276C       C8         0
                text0                              2430     2430      160         0
                cinit                              2D02     2D02       6A         0
                idataBANK0                         3344     3344       15         0
                idataCOMRAM                        339C     339C        6         0

        CLASS   CONST          

        CLASS   SMALLCONST     
                smallconst                          E00      E00       1A         0

        CLASS   MEDIUMCONST    

        CLASS   COMRAM         
                temp                                 5E       5E        1         1
                cstackCOMRAM                          1        1       53         1
                dataCOMRAM                           54       54        6         1
                bssCOMRAM                            5A       5A        4         1

        CLASS   ABS1           

        CLASS   BIGRAM         

        CLASS   RAM            

        CLASS   BANK0          
                cstackBANK0                          87       87       21         1
                dataBANK0                            A8       A8       15         1
                bssBANK0                             60       60       27         1

        CLASS   BANK1          
                bssBANK1                            100      100       3C         1

        CLASS   BANK2          

        CLASS   BANK3          

        CLASS   BANK4          

        CLASS   BANK5          

        CLASS   BANK6          

        CLASS   BANK7          

        CLASS   BANK8          

        CLASS   BANK9          

        CLASS   BANK10         

        CLASS   BANK11         

        CLASS   BANK12         

        CLASS   BANK13         

        CLASS   SFR            

        CLASS   BIGSFR         

        CLASS   CONFIG         
                config                           300000   300000        C         4

        CLASS   IDLOC          
                idloc                            200000   200000       10         5

        CLASS   EEDATA         

        CLASS   FARRAM         

        CLASS   HEAP           

        CLASS   STACK          



SEGMENTS        Name                           Load    Length   Top    Selector   Space  Class

                reset_vec                      000000  000004  000004         0       0  CODE    
                cstackCOMRAM                   000001  00005E  00005F         1       1  COMRAM  
                intcode                        000008  000038  000040         4       0  CODE    
                bssBANK0                       000060  00005D  0000BD        60       1  BANK0   
                bssBANK1                       000100  00003C  00013C       100       1  BANK1   
                smallconst                     000E00  00001A  000E1A       700       0  SMALLCON
                text23                         000E1A  00253F  003359       70D       0  CODE    
                text38                         00335A  00004A  0033A4      19AD       0  CODE    


UNUSED ADDRESS RANGES

        Name                Unused          Largest block    Delta
        BANK0            0000BD-0000FF               43
        BANK1            00013C-0001FF               C4
        BANK10           000A00-000AFF              100
        BANK11           000B00-000BFF              100
        BANK12           000C00-000CFF              100
        BANK13           000D00-000DE9               EA
        BANK2            000200-0002FF              100
        BANK3            000300-0003FF              100
        BANK4            000400-0004FF              100
        BANK5            000500-0005FF              100
        BANK6            000600-0006FF              100
        BANK7            000700-0007FF              100
        BANK8            000800-0008FF              100
        BANK9            000900-0009FF              100
        BIGRAM           00005F-00005F                1
                         0000BD-0000FF               43
                         00013C-000DE9              CAE
        BIGSFR           000DEF-000FFF              211
        CODE             000004-000007                4
                         000040-000DFF              DC0
                         003359-003359                1
                         0033A4-01FFFF            1CC5C
        COMRAM           00005F-00005F                1
        CONST            000004-000007                4
                         000040-000DFF              DC0
                         003359-003359                1
                         0033A4-01FFFF            1CC5C
        EEDATA           310000-3103FF              400
        MEDIUMCONST      003359-003359                1
                         0033A4-00FFFF             CC5C
                         010E00-01FFFF             F200
        RAM              0000BD-0000FF               43
                         00013C-000DE9              100
        SFR              000DEF-000FFF              100
        SMALLCONST       003359-003359                1
                         0033A4-01FFFF              100

                                  Symbol Table

?___awdiv                      cstackCOMRAM 000001
?___awmod                      cstackCOMRAM 000001
?___flmul                      cstackCOMRAM 00000F
?___fltol                      cstackCOMRAM 000028
?___lldiv                      cstackCOMRAM 000001
?___lmul                       cstackCOMRAM 000001
?___lwdiv                      cstackCOMRAM 000001
?___lwmod                      cstackCOMRAM 000001
?___xxtofl                     cstackCOMRAM 000001
?_abs                          cstackCOMRAM 000007
?_color_read_Blue              cstackCOMRAM 000005
?_color_read_Clear             cstackCOMRAM 000005
?_color_read_Green             cstackCOMRAM 000005
?_color_read_Red               cstackCOMRAM 000005
?_max_RGB                      cstackCOMRAM 000001
?_min_RGB                      cstackCOMRAM 000001
?_sprintf                      cstackCOMRAM 00001D
?_vfpfcnvrt                    cstackCOMRAM 00000B
?_vfprintf                     cstackCOMRAM 000019
I2C_2_Master_Read@ack          cstackCOMRAM 000003
I2C_2_Master_Read@tmp          cstackCOMRAM 000004
I2C_2_Master_Write@data_byte   cstackCOMRAM 000002
_ANSELDbits                    (abs)        000EA7
_ANSELFbits                    (abs)        000EB4
_BAUD4CONbits                  (abs)        000EE9
_CCP1CONbits                   (abs)        000FAB
_CCP2CONbits                   (abs)        000FA7
_CCP3CONbits                   (abs)        000F26
_CCP4CONbits                   (abs)        000F22
_CCPR1H                        (abs)        000FAA
_CCPR2H                        (abs)        000FA6
_CCPR3H                        (abs)        000F25
_CCPR4H                        (abs)        000F21
_CCPTMRS0bits                  (abs)        000FAD
_I2C_2_Master_Idle             text43       003280
_I2C_2_Master_Init             text30       003256
_I2C_2_Master_Read             text42       00317E
_I2C_2_Master_RepStart         text41       003392
_I2C_2_Master_Start            text40       003388
_I2C_2_Master_Stop             text39       00337E
_I2C_2_Master_Write            text38       00335A
_INTCONbits                    (abs)        000FF2
_ISR                           intcode      000008
_LATAbits                      (abs)        000F79
_LATCbits                      (abs)        000F7B
_LATDbits                      (abs)        000F7C
_LATEbits                      (abs)        000F7D
_LATFbits                      (abs)        000F7E
_LATGbits                      (abs)        000F7F
_LATHbits                      (abs)        000F80
_PIE0bits                      (abs)        000E29
_PIR0bits                      (abs)        000E33
_PIR4bits                      (abs)        000E37
_RC0PPS                        (abs)        000E62
_RC4REG                        (abs)        000EE3
_RC4STAbits                    (abs)        000EE7
_RC7PPS                        (abs)        000E69
_RD5PPS                        (abs)        000E6F
_RD6PPS                        (abs)        000E70
_RE2PPS                        (abs)        000E74
_RE4PPS                        (abs)        000E76
_RG6PPS                        (abs)        000E88
_RX4PPS                        (abs)        000E15
_SP4BRGH                       (abs)        000EE6
_SP4BRGL                       (abs)        000EE5
_SSP2ADD                       (abs)        000ED6
_SSP2BUF                       (abs)        000ED5
_SSP2CLKPPS                    (abs)        000E1C
_SSP2CON1bits                  (abs)        000ED9
_SSP2CON2                      (abs)        000EDA
_SSP2CON2bits                  (abs)        000EDA
_SSP2DATPPS                    (abs)        000E1D
_SSP2STAT                      (abs)        000ED8
_T0CON0bits                    (abs)        000FD5
_T0CON1bits                    (abs)        000FD6
_T2CLKCONbits                  (abs)        000FBF
_T2CONbits                     (abs)        000FBD
_T2HLTbits                     (abs)        000FBE
_T2PR                          (abs)        000FBC
_TMR0H                         (abs)        000FD4
_TMR0L                         (abs)        000FD3
_TRISAbits                     (abs)        000F81
_TRISCbits                     (abs)        000F83
_TRISDbits                     (abs)        000F84
_TRISEbits                     (abs)        000F85
_TRISFbits                     (abs)        000F86
_TRISGbits                     (abs)        000F87
_TRISHbits                     (abs)        000F88
_TX4REG                        (abs)        000EE4
_TX4STAbits                    (abs)        000EE8
_Timer0_init                   text45       0032A8
__HRAM                         (abs)        000000
__H__absolute__                __absolute__ 000000
__Habs1                        abs1         000000
__Hbank0                       bank0        000000
__Hbank1                       bank1        000000
__Hbank10                      bank10       000000
__Hbank11                      bank11       000000
__Hbank12                      bank12       000000
__Hbank13                      bank13       000000
__Hbank2                       bank2        000000
__Hbank3                       bank3        000000
__Hbank4                       bank4        000000
__Hbank5                       bank5        000000
__Hbank6                       bank6        000000
__Hbank7                       bank7        000000
__Hbank8                       bank8        000000
__Hbank9                       bank9        000000
__Hbigbss                      bigbss       000000
__Hbigdata                     bigdata      000000
__Hbigram                      bigram       000000
__Hbigsfr                      bigsfr       000000
__Hbss                         bss          000000
__HbssBANK0                    bssBANK0     000000
__HbssBANK1                    bssBANK1     000000
__HbssCOMRAM                   bssCOMRAM    000000
__Hcinit                       cinit        000000
__Hclrtext                     clrtext      000000
__Hcomram                      comram       000000
__Hconfig                      config       30000C
__Hconst                       const        000000
__HcstackBANK0                 cstackBANK0  000000
__HcstackCOMRAM                cstackCOMRAM 000000
__Hdata                        data         000000
__HdataBANK0                   dataBANK0    000000
__HdataCOMRAM                  dataCOMRAM   000000
__Heeprom_data                 eeprom_data  000000
__Hfarbss                      farbss       000000
__Hfardata                     fardata      000000
__Hheap                        heap         000000
__Hibigdata                    ibigdata     000000
__Hidata                       idata        000000
__HidataBANK0                  idataBANK0   000000
__HidataCOMRAM                 idataCOMRAM  000000
__Hidloc                       idloc        200010
__Hifardata                    ifardata     000000
__Hinit                        init         000040
__Hintcode                     intcode      00003C
__Hintcode_body                intcode_body 000000
__Hintcodelo                   intcodelo    00003C
__Hintentry                    intentry     000000
__Hintret                      intret       000000
__Hintsave_regs                intsave_regs 000000
__Hirdata                      irdata       000000
__Hmediumconst                 mediumconst  000000
__HnvFARRAM                    nvFARRAM     000000
__Hnvbit                       nvbit        000000
__Hnvrram                      nvrram       000000
__Hparam                       rparam       000000
__Hpowerup                     powerup      00003C
__Hram                         ram          000000
__Hramtop                      ramtop       000E00
__Hrbit                        rbit         000000
__Hrbss                        rbss         000000
__Hrdata                       rdata        000000
__Hreset_vec                   reset_vec    000004
__Hrparam                      rparam       000000
__Hsfr                         sfr          000000
__Hsmallconst                  smallconst   000E1A
__Hspace_0                     (abs)        0033A4
__Hspace_1                     (abs)        00013C
__Hspace_2                     (abs)        000000
__Hspace_4                     (abs)        60000C
__Hstack                       stack        000000
__Hstruct                      struct       000000
__Htemp                        temp         00005F
__Htext                        text         000000
__Htext0                       text0        000000
__Htext1                       text1        000000
__Htext10                      text10       000000
__Htext11                      text11       000000
__Htext12                      text12       000000
__Htext13                      text13       000000
__Htext14                      text14       000000
__Htext15                      text15       000000
__Htext16                      text16       000000
__Htext17                      text17       000000
__Htext18                      text18       000000
__Htext19                      text19       000000
__Htext2                       text2        000000
__Htext20                      text20       000000
__Htext21                      text21       000000
__Htext22                      text22       000000
__Htext23                      text23       000000
__Htext24                      text24       000000
__Htext25                      text25       000000
__Htext26                      text26       000000
__Htext27                      text27       000000
__Htext28                      text28       000000
__Htext29                      text29       000000
__Htext3                       text3        000000
__Htext30                      text30       000000
__Htext31                      text31       000000
__Htext32                      text32       000000
__Htext33                      text33       000000
__Htext34                      text34       000000
__Htext35                      text35       000000
__Htext36                      text36       000000
__Htext37                      text37       000000
__Htext38                      text38       000000
__Htext39                      text39       000000
__Htext4                       text4        000000
__Htext40                      text40       000000
__Htext41                      text41       000000
__Htext42                      text42       000000
__Htext43                      text43       000000
__Htext44                      text44       000000
__Htext45                      text45       000000
__Htext46                      text46       000000
__Htext47                      text47       000000
__Htext5                       text5        000000
__Htext6                       text6        000000
__Htext7                       text7        000000
__Htext8                       text8        000000
__Htext9                       text9        000000
__LRAM                         (abs)        000001
__L__absolute__                __absolute__ 000000
__Labs1                        abs1         000000
__Lbank0                       bank0        000000
__Lbank1                       bank1        000000
__Lbank10                      bank10       000000
__Lbank11                      bank11       000000
__Lbank12                      bank12       000000
__Lbank13                      bank13       000000
__Lbank2                       bank2        000000
__Lbank3                       bank3        000000
__Lbank4                       bank4        000000
__Lbank5                       bank5        000000
__Lbank6                       bank6        000000
__Lbank7                       bank7        000000
__Lbank8                       bank8        000000
__Lbank9                       bank9        000000
__Lbigbss                      bigbss       000000
__Lbigdata                     bigdata      000000
__Lbigram                      bigram       000000
__Lbigsfr                      bigsfr       000000
__Lbss                         bss          000000
__LbssBANK0                    bssBANK0     000000
__LbssBANK1                    bssBANK1     000000
__LbssCOMRAM                   bssCOMRAM    000000
__Lcinit                       cinit        000000
__Lclrtext                     clrtext      000000
__Lcomram                      comram       000000
__Lconfig                      config       000000
__Lconst                       const        000000
__LcstackBANK0                 cstackBANK0  000000
__LcstackCOMRAM                cstackCOMRAM 000000
__Ldata                        data         000000
__LdataBANK0                   dataBANK0    000000
__LdataCOMRAM                  dataCOMRAM   000000
__Leeprom_data                 eeprom_data  000000
__Lfarbss                      farbss       000000
__Lfardata                     fardata      000000
__Lheap                        heap         000000
__Libigdata                    ibigdata     000000
__Lidata                       idata        000000
__LidataBANK0                  idataBANK0   000000
__LidataCOMRAM                 idataCOMRAM  000000
__Lidloc                       idloc        000000
__Lifardata                    ifardata     000000
__Linit                        init         00003C
__Lintcode                     intcode      000008
__Lintcode_body                intcode_body 000000
__Lintcodelo                   intcodelo    00003C
__Lintentry                    intentry     000000
__Lintret                      intret       000000
__Lintsave_regs                intsave_regs 000000
__Lirdata                      irdata       000000
__Lmediumconst                 mediumconst  000000
__LnvFARRAM                    nvFARRAM     000000
__Lnvbit                       nvbit        000000
__Lnvrram                      nvrram       000000
__Lparam                       rparam       000000
__Lpowerup                     powerup      00003C
__Lram                         ram          000000
__Lramtop                      ramtop       000E00
__Lrbit                        rbit         000000
__Lrbss                        rbss         000000
__Lrdata                       rdata        000000
__Lreset_vec                   reset_vec    000000
__Lrparam                      rparam       000000
__Lsfr                         sfr          000000
__Lsmallconst                  smallconst   000E00
__Lspace_0                     (abs)        000000
__Lspace_1                     (abs)        000000
__Lspace_2                     (abs)        000000
__Lspace_4                     (abs)        000000
__Lstack                       stack        000000
__Lstruct                      struct       000000
__Ltemp                        temp         00005E
__Ltext                        text         000000
__Ltext0                       text0        000000
__Ltext1                       text1        000000
__Ltext10                      text10       000000
__Ltext11                      text11       000000
__Ltext12                      text12       000000
__Ltext13                      text13       000000
__Ltext14                      text14       000000
__Ltext15                      text15       000000
__Ltext16                      text16       000000
__Ltext17                      text17       000000
__Ltext18                      text18       000000
__Ltext19                      text19       000000
__Ltext2                       text2        000000
__Ltext20                      text20       000000
__Ltext21                      text21       000000
__Ltext22                      text22       000000
__Ltext23                      text23       000000
__Ltext24                      text24       000000
__Ltext25                      text25       000000
__Ltext26                      text26       000000
__Ltext27                      text27       000000
__Ltext28                      text28       000000
__Ltext29                      text29       000000
__Ltext3                       text3        000000
__Ltext30                      text30       000000
__Ltext31                      text31       000000
__Ltext32                      text32       000000
__Ltext33                      text33       000000
__Ltext34                      text34       000000
__Ltext35                      text35       000000
__Ltext36                      text36       000000
__Ltext37                      text37       000000
__Ltext38                      text38       000000
__Ltext39                      text39       000000
__Ltext4                       text4        000000
__Ltext40                      text40       000000
__Ltext41                      text41       000000
__Ltext42                      text42       000000
__Ltext43                      text43       000000
__Ltext44                      text44       000000
__Ltext45                      text45       000000
__Ltext46                      text46       000000
__Ltext47                      text47       000000
__Ltext5                       text5        000000
__Ltext6                       text6        000000
__Ltext7                       text7        000000
__Ltext8                       text8        000000
__Ltext9                       text9        000000
__S0                           (abs)        0033A4
__S1                           (abs)        00013C
__S4                           (abs)        000000
__S5                           (abs)        000000
___awdiv                       text14       002834
___awdiv@counter               cstackCOMRAM 000005
___awdiv@dividend              cstackCOMRAM 000001
___awdiv@divisor               cstackCOMRAM 000003
___awdiv@quotient              cstackCOMRAM 000007
___awdiv@sign                  cstackCOMRAM 000006
___awmod                       text13       0029B2
___awmod@counter               cstackCOMRAM 000005
___awmod@dividend              cstackCOMRAM 000001
___awmod@divisor               cstackCOMRAM 000003
___awmod@sign                  cstackCOMRAM 000006
___flmul                       text20       00194A
___flmul@a                     cstackCOMRAM 000013
___flmul@aexp                  cstackCOMRAM 000020
___flmul@b                     cstackCOMRAM 00000F
___flmul@bexp                  cstackCOMRAM 000021
___flmul@grs                   cstackCOMRAM 00001C
___flmul@prod                  cstackCOMRAM 000022
___flmul@sign                  cstackCOMRAM 00001B
___flmul@temp                  cstackCOMRAM 000026
___fltol                       text19       002590
___fltol@exp1                  cstackCOMRAM 000031
___fltol@f1                    cstackCOMRAM 000028
___fltol@sign1                 cstackCOMRAM 000030
___heap_hi                     (abs)        000000
___heap_lo                     (abs)        000000
___inthi_sp                    stack        000000
___inthi_stack_hi              stack        000000
___inthi_stack_lo              stack        000000
___intlo_sp                    stack        000000
___intlo_stack_hi              stack        000000
___intlo_stack_lo              stack        000000
___lldiv                       text44       002A62
___lldiv@counter               cstackCOMRAM 00000D
___lldiv@dividend              cstackCOMRAM 000001
___lldiv@divisor               cstackCOMRAM 000005
___lldiv@quotient              cstackCOMRAM 000009
___lmul                        text26       002D6C
___lmul@multiplicand           cstackCOMRAM 000005
___lmul@multiplier             cstackCOMRAM 000001
___lmul@product                cstackCOMRAM 000009
___lwdiv                       text12       002C8E
___lwdiv@counter               cstackCOMRAM 000007
___lwdiv@dividend              cstackCOMRAM 000001
___lwdiv@divisor               cstackCOMRAM 000003
___lwdiv@quotient              cstackCOMRAM 000005
___lwmod                       text11       002DD6
___lwmod@counter               cstackCOMRAM 000005
___lwmod@dividend              cstackCOMRAM 000001
___lwmod@divisor               cstackCOMRAM 000003
___param_bank                  (abs)        000000
___rparam_used                 (abs)        000001
___sp                          stack        000000
___stack_hi                    stack        000000
___stack_lo                    stack        000000
___xxtofl                      text18       00227C
___xxtofl@arg                  cstackCOMRAM 00000B
___xxtofl@exp                  cstackCOMRAM 00000A
___xxtofl@sign                 cstackCOMRAM 000009
___xxtofl@val                  cstackCOMRAM 000001
__accesstop                    (abs)        000060
__activetblptr                 (abs)        000003
__end_of_I2C_2_Master_Idle     text43       0032A8
__end_of_I2C_2_Master_Init     text30       003280
__end_of_I2C_2_Master_Read     text42       0031C0
__end_of_I2C_2_Master_RepStart text41       00339C
__end_of_I2C_2_Master_Start    text40       003392
__end_of_I2C_2_Master_Stop     text39       003388
__end_of_I2C_2_Master_Write    text38       003366
__end_of_ISR                   intcode      00003C
__end_of_Timer0_init           text45       0032CC
__end_of___awdiv               text14       0028F8
__end_of___awmod               text13       002A62
__end_of___flmul               text20       001D74
__end_of___fltol               text19       002696
__end_of___lldiv               text44       002B06
__end_of___lmul                text26       002DD6
__end_of___lwdiv               text12       002D02
__end_of___lwmod               text11       002E3A
__end_of___xxtofl              text18       002430
__end_of__initialization       cinit        002D62
__end_of_abs                   text10       0031F4
__end_of_average_RGBC          text32       00227C
__end_of_buggy_lights_init     text31       003256
__end_of_color_click_init      text28       003228
__end_of_color_read_Blue       text37       0030E6
__end_of_color_read_Clear      text36       003096
__end_of_color_read_Green      text35       003046
__end_of_color_read_Red        text34       002FF6
__end_of_color_writetoaddr     text29       00330E
__end_of_colour_to_key         text27       00194A
__end_of_convert_HSV           text23       0014E6
__end_of_fputc                 text8        0029B2
__end_of_getRGBCval            text33       002FA6
__end_of_initDCmotorsPWM       text22       002B96
__end_of_initUSART4            text21       00332C
__end_of_main                  text0        002590
__end_of_max_RGB               text25       002C8E
__end_of_min_RGB               text24       002C12
__end_of_putch                 text9        0033A4
__end_of_reset_timer           text46       003372
__end_of_scale_RGB             text17       00276C
__end_of_sendCharSerial4       text16       003344
__end_of_sendHSVvalSerial4     text4        003132
__end_of_sendIntSerial4        text3        0032EE
__end_of_sendRGBCvalSerial4    text2        002EFA
__end_of_sendStringSerial4     text15       002E9C
__end_of_sprintf               text5        00317E
__end_of_toggle_tricolour_LED  text1        002834
__end_of_vfpfcnvrt             text7        002080
__end_of_vfprintf              text6        002F50
__end_of_write_timer           text47       00337E
__initialization               cinit        002D02
__mediumconst                  mediumconst  000000
__pbssBANK0                    bssBANK0     000060
__pbssBANK1                    bssBANK1     000100
__pbssCOMRAM                   bssCOMRAM    00005A
__pcinit                       cinit        002D02
__pcstackBANK0                 cstackBANK0  000087
__pcstackCOMRAM                cstackCOMRAM 000001
__pdataBANK0                   dataBANK0    0000A8
__pdataCOMRAM                  dataCOMRAM   000054
__pidataBANK0                  idataBANK0   003344
__pidataCOMRAM                 idataCOMRAM  00339C
__pintcode                     intcode      000008
__psmallconst                  smallconst   000E00
__ptext0                       text0        002430
__ptext1                       text1        00276C
__ptext10                      text10       0031C0
__ptext11                      text11       002DD6
__ptext12                      text12       002C8E
__ptext13                      text13       0029B2
__ptext14                      text14       002834
__ptext15                      text15       002E3A
__ptext16                      text16       00332C
__ptext17                      text17       002696
__ptext18                      text18       00227C
__ptext19                      text19       002590
__ptext2                       text2        002E9C
__ptext20                      text20       00194A
__ptext21                      text21       00330E
__ptext22                      text22       002B06
__ptext23                      text23       000E1A
__ptext24                      text24       002B96
__ptext25                      text25       002C12
__ptext26                      text26       002D6C
__ptext27                      text27       0014E6
__ptext28                      text28       0031F4
__ptext29                      text29       0032EE
__ptext3                       text3        0032CC
__ptext30                      text30       003256
__ptext31                      text31       003228
__ptext32                      text32       002080
__ptext33                      text33       002F50
__ptext34                      text34       002FA6
__ptext35                      text35       002FF6
__ptext36                      text36       003046
__ptext37                      text37       003096
__ptext38                      text38       00335A
__ptext39                      text39       00337E
__ptext4                       text4        0030E6
__ptext40                      text40       003388
__ptext41                      text41       003392
__ptext42                      text42       00317E
__ptext43                      text43       003280
__ptext44                      text44       002A62
__ptext45                      text45       0032A8
__ptext46                      text46       003366
__ptext47                      text47       003372
__ptext5                       text5        003132
__ptext6                       text6        002EFA
__ptext7                       text7        001D74
__ptext8                       text8        0028F8
__ptext9                       text9        0033A2
__ramtop                       ramtop       000E00
__smallconst                   smallconst   000E00
_abs                           text10       0031C0
_average_RGBC                  text32       002080
_buggy_lights_init             text31       003228
_color_click_init              text28       0031F4
_color_read_Blue               text37       003096
_color_read_Clear              text36       003046
_color_read_Green              text35       002FF6
_color_read_Red                text34       002FA6
_color_writetoaddr             text29       0032EE
_colour_to_key                 text27       0014E6
_convert_HSV                   text23       000E1A
_dbuf                          bssBANK0     000060
_flags                         bssBANK0     000086
_fputc                         text8        0028F8
_getRGBCval                    text33       002F50
_headbuttDelay                 dataBANK0    0000AE
_initDCmotorsPWM               text22       002B06
_initUSART4                    text21       00330E
_lost_flag                     bssCOMRAM    00005B
_main                          text0        002430
_manoeuvre_count               bssCOMRAM    00005A
_manoeuvre_pointer             dataBANK0    0000A8
_max_RGB                       text25       002C12
_min_RGB                       text24       002B96
_nout                          bssBANK0     000080
_prec                          bssBANK0     000084
_putch                         text9        0033A2
_rampDelay                     dataCOMRAM   000058
_reset_timer                   text46       003366
_return_flag                   bssCOMRAM    00005C
_returning                     bssCOMRAM    00005D
_sample_count                  dataCOMRAM   000059
_scale_RGB                     text17       002696
_sendCharSerial4               text16       00332C
_sendHSVvalSerial4             text4        0030E6
_sendIntSerial4                text3        0032CC
_sendRGBCvalSerial4            text2        002E9C
_sendStringSerial4             text15       002E3A
_sprintf                       text5        003132
_squareDelay                   dataBANK0    0000AC
_timer_high_pointer            dataCOMRAM   000054
_timer_low_pointer             dataBANK0    0000AA
_toggle_tricolour_LED          text1        00276C
_topGearLeft                   dataCOMRAM   000057
_topGearRight                  dataCOMRAM   000056
_trail_manoeuvre               bssBANK1     000100
_trail_timer_high              bssBANK1     000128
_trail_timer_low               bssBANK1     000114
_turn180Delay                  dataBANK0    0000B0
_turnLeft135Delay              dataBANK0    0000B4
_turnLeft90Delay               dataBANK0    0000B8
_turnRight135Delay             dataBANK0    0000B2
_turnRight90Delay              dataBANK0    0000B6
_turningGear                   dataBANK0    0000BC
_vfpfcnvrt                     text7        001D74
_vfprintf                      text6        002EFA
_wall_threshold                dataBANK0    0000BA
_width                         bssBANK0     000082
_write_timer                   text47       003372
abs@a                          cstackCOMRAM 000007
average_RGBC@i                 cstackCOMRAM 000011
average_RGBC@p                 cstackCOMRAM 00000E
average_RGBC@temp_B            cstackCOMRAM 00001A
average_RGBC@temp_C            cstackCOMRAM 00001E
average_RGBC@temp_G            cstackCOMRAM 000016
average_RGBC@temp_R            cstackCOMRAM 000012
btemp                          temp         00005E
color_read_Blue@tmp            cstackCOMRAM 00000A
color_read_Clear@tmp           cstackCOMRAM 00000A
color_read_Green@tmp           cstackCOMRAM 00000A
color_read_Red@tmp             cstackCOMRAM 00000A
color_writetoaddr@address      cstackCOMRAM 000004
color_writetoaddr@value        cstackCOMRAM 000003
colour_to_key@key              cstackCOMRAM 000005
colour_to_key@p1               cstackCOMRAM 000001
colour_to_key@p2               cstackCOMRAM 000002
convert_HSV@C                  cstackCOMRAM 000040
convert_HSV@M                  cstackCOMRAM 00003E
convert_HSV@hue                cstackCOMRAM 00001E
convert_HSV@hue_scale          cstackCOMRAM 00003C
convert_HSV@m                  cstackCOMRAM 00001A
convert_HSV@p1                 cstackCOMRAM 00000E
convert_HSV@p2                 cstackCOMRAM 00000F
convert_HSV@sat                cstackCOMRAM 00001C
convert_HSV@sat_scale          cstackCOMRAM 000018
convert_HSV@temp               cstackCOMRAM 000024
convert_HSV@temp_609           cstackCOMRAM 000038
convert_HSV@temp_610           cstackCOMRAM 000028
convert_HSV@temp_611           cstackCOMRAM 00002C
convert_HSV@temp_612           cstackCOMRAM 000030
convert_HSV@temp_613           cstackCOMRAM 000034
convert_HSV@temp_614           cstackCOMRAM 000020
end_of_initialization          cinit        002D62
fputc@c                        cstackCOMRAM 000001
fputc@fp                       cstackCOMRAM 000003
getRGBCval@p                   cstackCOMRAM 00000C
initDCmotorsPWM@PWMperiod      cstackCOMRAM 000001
int$flags                      temp         00005E
intlevel0                      text         000000
intlevel1                      text         000000
intlevel2                      text         000000
intlevel3                      text         000000
isa$std                        (abs)        000001
isa$xinst                      (abs)        000000
main@HSV_colour                cstackBANK0  00009A
main@RGBC_colour               cstackBANK0  0000A0
main@k                         cstackBANK0  000087
main@motorL                    cstackBANK0  000088
main@motorR                    cstackBANK0  000091
max_RGB@max_val                cstackCOMRAM 000005
max_RGB@p                      cstackCOMRAM 000001
min_RGB@min_val                cstackCOMRAM 000005
min_RGB@p                      cstackCOMRAM 000001
scale_RGB@p                    cstackCOMRAM 000032
sendCharSerial4@charToSend     cstackCOMRAM 000001
sendHSVvalSerial4@col_val      cstackCOMRAM 000037
sendHSVvalSerial4@tempStr      cstackCOMRAM 000038
sendIntSerial4@integer         cstackCOMRAM 000037
sendIntSerial4@string          cstackCOMRAM 000039
sendRGBCvalSerial4@col_val     cstackCOMRAM 000037
sendRGBCvalSerial4@tempStr     cstackCOMRAM 000038
sendStringSerial4@string       cstackCOMRAM 000002
sprintf@ap                     cstackCOMRAM 00002A
sprintf@f                      cstackCOMRAM 00002B
sprintf@fmt                    cstackCOMRAM 00001F
sprintf@ret                    cstackCOMRAM 000028
sprintf@s                      cstackCOMRAM 00001D
stackhi                        (abs)        000000
stacklo                        (abs)        000000
start                          init         00003C
start_initialization           cinit        002D02
ttemp5                         temp         00005F
ttemp6                         temp         000062
ttemp7                         temp         000066
vfpfcnvrt@ap                   cstackCOMRAM 00000D
vfpfcnvrt@c                    cstackCOMRAM 000018
vfpfcnvrt@cnt                  cstackCOMRAM 000011
vfpfcnvrt@convarg              cstackCOMRAM 000014
vfpfcnvrt@cp                   cstackCOMRAM 000013
vfpfcnvrt@done                 cstackCOMRAM 000010
vfpfcnvrt@fmt                  cstackCOMRAM 00000C
vfpfcnvrt@fp                   cstackCOMRAM 00000B
vfprintf@ap                    cstackCOMRAM 00001B
vfprintf@cfmt                  cstackCOMRAM 00001C
vfprintf@fmt                   cstackCOMRAM 00001A
vfprintf@fp                    cstackCOMRAM 000019
write_timer@tH                 cstackCOMRAM 000002
write_timer@tL                 cstackCOMRAM 000001
wtemp8                         temp         00005F


MODULE INFORMATION

Module		Function		Class		Link	Load	Size
serial.c
		_sendStringSerial4		CODE           	2E3A	0000	98
		_sendRGBCvalSerial4		CODE           	2E9C	0000	94
		_sendIntSerial4		CODE           	32CC	0000	34
		_sendCharSerial4		CODE           	332C	0000	24
		_sendHSVvalSerial4		CODE           	30E6	0000	76
		_initUSART4    		CODE           	330E	0000	30

serial.c estimated size: 356

timers.c
		_Timer0_init   		CODE           	32A8	0000	36
		_ISR           		CODE           	0008	0000	52
		_write_timer   		CODE           	3372	0000	12
		_reset_timer   		CODE           	3366	0000	12

timers.c estimated size: 112

color.c
		_color_writetoaddr		CODE           	32EE	0000	32
		_color_click_init		CODE           	31F4	0000	52
		_min_RGB       		CODE           	2B96	0000	124
		_scale_RGB     		CODE           	2696	0000	214
		_getRGBCval    		CODE           	2F50	0000	86
		_average_RGBC  		CODE           	2080	0000	508
		_colour_to_key 		CODE           	14E6	0000	1124
		_color_read_Green		CODE           	2FF6	0000	80
		_color_read_Clear		CODE           	3046	0000	80
		_max_RGB       		CODE           	2C12	0000	124
		_color_read_Red		CODE           	2FA6	0000	80
		_convert_HSV   		CODE           	0E1A	0000	1740
		_color_read_Blue		CODE           	3096	0000	80

color.c estimated size: 4324

dc_motor.c
		_initDCmotorsPWM		CODE           	2B06	0000	144

dc_motor.c estimated size: 144

buggy_lights.c
		_buggy_lights_init		CODE           	3228	0000	46
		_toggle_tricolour_LED		CODE           	276C	0000	200

buggy_lights.c estimated size: 246

i2c.c
		_I2C_2_Master_Start		CODE           	3388	0000	10
		_I2C_2_Master_Read		CODE           	317E	0000	66
		_I2C_2_Master_Idle		CODE           	3280	0000	40
		_I2C_2_Master_Init		CODE           	3256	0000	42
		_I2C_2_Master_Stop		CODE           	337E	0000	10
		_I2C_2_Master_RepStart		CODE           	3392	0000	10
		_I2C_2_Master_Write		CODE           	335A	0000	12

i2c.c estimated size: 190

C:\Program Files\Microchip\xc8\v2.45\pic\sources\c99\common\Umul32.c
		___lmul        		CODE           	2D6C	0000	106

C:\Program Files\Microchip\xc8\v2.45\pic\sources\c99\common\Umul32.c estimated size: 106

C:\Program Files\Microchip\xc8\v2.45\pic\sources\c99\common\sprcmul.c
		___flmul       		CODE           	194A	0000	1066

C:\Program Files\Microchip\xc8\v2.45\pic\sources\c99\common\sprcmul.c estimated size: 1066

C:\Program Files\Microchip\xc8\v2.45\pic\sources\c99\common\nf_sprintf.c
		_sprintf       		CODE           	3132	0000	76

C:\Program Files\Microchip\xc8\v2.45\pic\sources\c99\common\nf_sprintf.c estimated size: 76

C:\Program Files\Microchip\xc8\v2.45\pic\sources\c99\common\lwmod.c
		___lwmod       		CODE           	2DD6	0000	100

C:\Program Files\Microchip\xc8\v2.45\pic\sources\c99\common\lwmod.c estimated size: 100

C:\Program Files\Microchip\xc8\v2.45\pic\sources\c99\common\awmod.c
		___awmod       		CODE           	29B2	0000	176

C:\Program Files\Microchip\xc8\v2.45\pic\sources\c99\common\awmod.c estimated size: 176

C:\Program Files\Microchip\xc8\v2.45\pic\sources\c99\common\putch.c
		_putch         		CODE           	33A2	0000	2

C:\Program Files\Microchip\xc8\v2.45\pic\sources\c99\common\putch.c estimated size: 2

shared
		__initialization		CODE           	2D02	0000	96

shared estimated size: 96

C:\Program Files\Microchip\xc8\v2.45\pic\sources\c99\common\xxtofl.c
		___xxtofl      		CODE           	227C	0000	436

C:\Program Files\Microchip\xc8\v2.45\pic\sources\c99\common\xxtofl.c estimated size: 436

C:\Program Files\Microchip\xc8\v2.45\pic\sources\c99\common\abs.c
		_abs           		CODE           	31C0	0000	52

C:\Program Files\Microchip\xc8\v2.45\pic\sources\c99\common\abs.c estimated size: 52

C:\Program Files\Microchip\xc8\v2.45\pic\sources\c99\common\__lldiv.c
		___lldiv       		CODE           	2A62	0000	164

C:\Program Files\Microchip\xc8\v2.45\pic\sources\c99\common\__lldiv.c estimated size: 164

main.c
		_main          		CODE           	2430	0000	352

main.c estimated size: 352

C:\Program Files\Microchip\xc8\v2.45\pic\sources\c99\common\nf_fputc.c
		_fputc         		CODE           	28F8	0000	186

C:\Program Files\Microchip\xc8\v2.45\pic\sources\c99\common\nf_fputc.c estimated size: 186

C:\Program Files\Microchip\xc8\v2.45\pic\sources\c99\common\doprnt.c
		_vfpfcnvrt     		CODE           	1D74	0000	780
		_vfprintf      		CODE           	2EFA	0000	86

C:\Program Files\Microchip\xc8\v2.45\pic\sources\c99\common\doprnt.c estimated size: 866

C:\Program Files\Microchip\xc8\v2.45\pic\sources\c99\common\lwdiv.c
		___lwdiv       		CODE           	2C8E	0000	116

C:\Program Files\Microchip\xc8\v2.45\pic\sources\c99\common\lwdiv.c estimated size: 116

C:\Program Files\Microchip\xc8\v2.45\pic\sources\c99\common\awdiv.c
		___awdiv       		CODE           	2834	0000	196

C:\Program Files\Microchip\xc8\v2.45\pic\sources\c99\common\awdiv.c estimated size: 196

C:\Program Files\Microchip\xc8\v2.45\pic\sources\c99\common\fltol.c
		___fltol       		CODE           	2590	0000	262

C:\Program Files\Microchip\xc8\v2.45\pic\sources\c99\common\fltol.c estimated size: 262

