Microchip MPLAB XC8 Compiler V2.45

Linker command line:

-W-3 \
  --edf=C:\Program Files\Microchip\xc8\v2.45\pic\dat\20230818022343_en.msgs \
  -cn \
  -h+dist/default/production\final-project-gorakh-boris.X.production.sym \
  --cmf=dist/default/production\final-project-gorakh-boris.X.production.cmf \
  -z -Q18F67K40 -oC:\Users\boris\AppData\Local\Temp\xcAs6tg.\driver_tmp_3.o \
  --defsym=__MPLAB_BUILD=1 --fixupoverflow=error \
  -Mdist/default/production/final-project-gorakh-boris.X.production.map \
  --md=C:\Users\boris\AppData\Local\Temp\xcAs6tg.\driver_tmp_0.dat -E1 \
  -ver=XC8 Compiler --acfsm=1493 -ACODE=00h-01FFFFh -ACONST=00h-01FFFFh \
  -ASMALLCONST=0E00h-0EFFhx498 -AMEDIUMCONST=0E00h-0FFFFh,010E00h-01FFFFh \
  -ACOMRAM=01h-05Fh -AABS1=00h-0DE9h -ABIGRAM=01h-0DE9h \
  -ARAM=060h-0FFh,0100h-01FFhx12,0D00h-0DE9h -ABANK0=060h-0FFh \
  -ABANK1=0100h-01FFh -ABANK2=0200h-02FFh -ABANK3=0300h-03FFh \
  -ABANK4=0400h-04FFh -ABANK5=0500h-05FFh -ABANK6=0600h-06FFh \
  -ABANK7=0700h-07FFh -ABANK8=0800h-08FFh -ABANK9=0900h-09FFh \
  -ABANK10=0A00h-0AFFh -ABANK11=0B00h-0BFFh -ABANK12=0C00h-0CFFh \
  -ABANK13=0D00h-0DE9h \
  -ASFR=0DEFh-0DFFh,0E00h-0EFFh,0F00h-0F5Fh,0F60h-0FFFh \
  -ABIGSFR=0DEFh-0FFFh -ACONFIG=0300000h-030000Bh -AIDLOC=0200000h-020000Fh \
  -AEEDATA=0310000h-03103FFh -peeprom_data=EEDATA \
  -preset_vec=00h,intcode=08h,intcodelo,powerup,init -pramtop=0E00h \
  -psmallconst=SMALLCONST -pmediumconst=MEDIUMCONST -pconst=CONST \
  -AFARRAM=00h-00h \
  -prdata=COMRAM,nvrram=COMRAM,nvbit=COMRAM,rbss=COMRAM,rbit=COMRAM \
  -pfarbss=FARRAM,fardata=FARRAM,nvFARRAM=FARRAM \
  -pintsave_regs=BIGRAM,bigbss=BIGRAM,bigdata=BIGRAM -pbss=RAM \
  -pidata=CODE,irdata=CODE,ibigdata=CODE,ifardata=CODE -prparam=COMRAM \
  C:\Users\boris\AppData\Local\Temp\xcAs6tg.\driver_tmp_9.o \
  dist/default/production\final-project-gorakh-boris.X.production.o 

Object code version is 3.11

Machine type is 18F67K40



                Name                               Link     Load   Length Selector   Space Scale
C:\Users\boris\AppData\Local\Temp\xcAs6tg.\driver_tmp_9.o
                idloc                            200000   200000       10        0       5
                config                           300000   300000        C        0       4
                init                                 3C       3C        4        4       0
                reset_vec                             0        0        4        0       0
dist/default/production\final-project-gorakh-boris.X.production.o
                intcode                               8        8       34        4       0
                idloc                            200000   200000       10        0       5
                config                           300000   300000        C        0       4
                temp                                 5E       5E        1        1       1
                smallconst                          E00      E00       1A      700       0
                text68                             3990     3990        C     1CBC       0
                text67                             3984     3984        C     1CBC       0
                text66                             39BE     39BE        4     1CBC       0
                text65                             380C     380C       28      70D       0
                text64                             3762     3762       2E      70D       0
                text63                             37BA     37BA       2A      70D       0
                text62                             37E4     37E4       28      70D       0
                text61                             39B0     39B0        A     1CBC       0
                text60                             39A6     39A6        A     1CBC       0
                text59                             3978     3978        C     1CBC       0
                text58                             3908     3908       20      70D       0
                text57                             372E     372E       34      70D       0
                text56                             2BA0     2BA0       A4      70D       0
                text55                             355C     355C       42      70D       0
                text54                             399C     399C        A     1CBC       0
                text53                             3486     3486       50      70D       0
                text52                             3436     3436       50      70D       0
                text51                             33E6     33E6       50      70D       0
                text50                             3396     3396       50      70D       0
                text49                             3340     3340       56      70D       0
                text48                             1D74     1D74      1FC      70D       0
                text47                             14E6     14E6      464      70D       0
                text46                             3070     3070       6A      70D       0
                text45                             2F80     2F80       7C      70D       0
                text44                             2F04     2F04       7C      70D       0
                text43                              E1A      E1A      6CC      70D       0
                text42                             2FFC     2FFC       74      70D       0
                text41                             3880     3880       26      70D       0
                text40                             228C     228C      154      70D       0
                text39                             28C0     28C0       BA      70D       0
                text38                             2D76     2D76       8E      70D       0
                text37                             38E8     38E8       20      70D       0
                text36                             38C8     38C8       20      70D       0
                text35                             2A32     2A32       B8      70D       0
                text34                             351A     351A       42      70D       0
                text33                             2AEA     2AEA       B6      70D       0
                text32                             38A6     38A6       22      70D       0
                text31                             36F6     36F6       38      70D       0
                text30                             327A     327A       68      70D       0
                text29                             364C     364C       3A      70D       0
                text28                             297A     297A       B8      70D       0
                text27                             3612     3612       3A      70D       0
                text26                             3212     3212       68      70D       0
                text25                             36BE     36BE       38      70D       0
                text24                             3686     3686       38      70D       0
                text23                             31AA     31AA       68      70D       0
                text22                             3142     3142       68      70D       0
                text21                             35D8     35D8       3A      70D       0
                text20                             2E84     2E84       80      70D       0
                text19                             30DA     30DA       68      70D       0
                text18                             385A     385A       26      70D       0
                text17                             2E04     2E04       80      70D       0
                text16                             2626     2626       FC      70D       0
                text15                             3946     3946       16      70D       0
                text14                             194A     194A      42A      70D       0
                text13                             2520     2520      106      70D       0
                text12                             1F70     1F70      1B4      70D       0
                text11                             2722     2722       D6      70D       0
                text10                             39BA     39BA        4     1CBC       0
                text9                              27F8     27F8       C8      70D       0
                text8                              34D6     34D6       44      70D       0
                text7                              3790     3790       2A      70D       0
                text6                              2124     2124      168      70D       0
                text5                              2CE6     2CE6       90      70D       0
                text4                              3928     3928       1E      70D       0
                text3                              359E     359E       3A      70D       0
                text2                              3834     3834       26      70D       0
                text1                              2C44     2C44       A2      70D       0
                text0                              23E0     23E0      140      70D       0
                cstackCOMRAM                          1        1       4C        1       1
                cstackBANK0                          9C       9C       20       60       1
                dataBANK0                            BC       BC        E       60       1
                bssBANK0                             60       60       3C       60       1
                dataCOMRAM                           4D       4D        D        1       1
                bssCOMRAM                            5A       5A        4        1       1
                cinit                              32E2     32E2       5E      70D       0
                idataBANK0                         395C     395C        E      70D       0
                idataCOMRAM                        396A     396A        D      70D       0

TOTAL           Name                               Link     Load   Length     Space
        CLASS   CODE           
                intcode                               8        8       34         0
                init                                 3C       3C        4         0
                reset_vec                             0        0        4         0
                text68                             3990     3990        C         0
                text67                             3984     3984        C         0
                text66                             39BE     39BE        4         0
                text65                             380C     380C       28         0
                text64                             3762     3762       2E         0
                text63                             37BA     37BA       2A         0
                text62                             37E4     37E4       28         0
                text61                             39B0     39B0        A         0
                text60                             39A6     39A6        A         0
                text59                             3978     3978        C         0
                text58                             3908     3908       20         0
                text57                             372E     372E       34         0
                text56                             2BA0     2BA0       A4         0
                text55                             355C     355C       42         0
                text54                             399C     399C        A         0
                text53                             3486     3486       50         0
                text52                             3436     3436       50         0
                text51                             33E6     33E6       50         0
                text50                             3396     3396       50         0
                text49                             3340     3340       56         0
                text48                             1D74     1D74      1FC         0
                text47                             14E6     14E6      464         0
                text46                             3070     3070       6A         0
                text45                             2F80     2F80       7C         0
                text44                             2F04     2F04       7C         0
                text43                              E1A      E1A      6CC         0
                text42                             2FFC     2FFC       74         0
                text41                             3880     3880       26         0
                text40                             228C     228C      154         0
                text39                             28C0     28C0       BA         0
                text38                             2D76     2D76       8E         0
                text37                             38E8     38E8       20         0
                text36                             38C8     38C8       20         0
                text35                             2A32     2A32       B8         0
                text34                             351A     351A       42         0
                text33                             2AEA     2AEA       B6         0
                text32                             38A6     38A6       22         0
                text31                             36F6     36F6       38         0
                text30                             327A     327A       68         0
                text29                             364C     364C       3A         0
                text28                             297A     297A       B8         0
                text27                             3612     3612       3A         0
                text26                             3212     3212       68         0
                text25                             36BE     36BE       38         0
                text24                             3686     3686       38         0
                text23                             31AA     31AA       68         0
                text22                             3142     3142       68         0
                text21                             35D8     35D8       3A         0
                text20                             2E84     2E84       80         0
                text19                             30DA     30DA       68         0
                text18                             385A     385A       26         0
                text17                             2E04     2E04       80         0
                text16                             2626     2626       FC         0
                text15                             3946     3946       16         0
                text14                             194A     194A      42A         0
                text13                             2520     2520      106         0
                text12                             1F70     1F70      1B4         0
                text11                             2722     2722       D6         0
                text10                             39BA     39BA        4         0
                text9                              27F8     27F8       C8         0
                text8                              34D6     34D6       44         0
                text7                              3790     3790       2A         0
                text6                              2124     2124      168         0
                text5                              2CE6     2CE6       90         0
                text4                              3928     3928       1E         0
                text3                              359E     359E       3A         0
                text2                              3834     3834       26         0
                text1                              2C44     2C44       A2         0
                text0                              23E0     23E0      140         0
                cinit                              32E2     32E2       5E         0
                idataBANK0                         395C     395C        E         0
                idataCOMRAM                        396A     396A        D         0

        CLASS   CONST          

        CLASS   SMALLCONST     
                smallconst                          E00      E00       1A         0

        CLASS   MEDIUMCONST    

        CLASS   COMRAM         
                temp                                 5E       5E        1         1
                cstackCOMRAM                          1        1       4C         1
                dataCOMRAM                           4D       4D        D         1
                bssCOMRAM                            5A       5A        4         1

        CLASS   ABS1           

        CLASS   BIGRAM         

        CLASS   RAM            

        CLASS   BANK0          
                cstackBANK0                          9C       9C       20         1
                dataBANK0                            BC       BC        E         1
                bssBANK0                             60       60       3C         1

        CLASS   BANK1          

        CLASS   BANK2          

        CLASS   BANK3          

        CLASS   BANK4          

        CLASS   BANK5          

        CLASS   BANK6          

        CLASS   BANK7          

        CLASS   BANK8          

        CLASS   BANK9          

        CLASS   BANK10         

        CLASS   BANK11         

        CLASS   BANK12         

        CLASS   BANK13         

        CLASS   SFR            

        CLASS   BIGSFR         

        CLASS   CONFIG         
                config                           300000   300000        C         4

        CLASS   IDLOC          
                idloc                            200000   200000       10         5

        CLASS   EEDATA         

        CLASS   FARRAM         

        CLASS   HEAP           

        CLASS   STACK          



SEGMENTS        Name                           Load    Length   Top    Selector   Space  Class

                reset_vec                      000000  000004  000004         0       0  CODE    
                cstackCOMRAM                   000001  00005E  00005F         1       1  COMRAM  
                intcode                        000008  000038  000040         4       0  CODE    
                bssBANK0                       000060  00006A  0000CA        60       1  BANK0   
                smallconst                     000E00  00001A  000E1A       700       0  SMALLCON
                text43                         000E1A  002B5D  003977       70D       0  CODE    
                text59                         003978  00004A  0039C2      1CBC       0  CODE    


UNUSED ADDRESS RANGES

        Name                Unused          Largest block    Delta
        BANK0            0000CA-0000FF               36
        BANK1            000100-0001FF              100
        BANK10           000A00-000AFF              100
        BANK11           000B00-000BFF              100
        BANK12           000C00-000CFF              100
        BANK13           000D00-000DE9               EA
        BANK2            000200-0002FF              100
        BANK3            000300-0003FF              100
        BANK4            000400-0004FF              100
        BANK5            000500-0005FF              100
        BANK6            000600-0006FF              100
        BANK7            000700-0007FF              100
        BANK8            000800-0008FF              100
        BANK9            000900-0009FF              100
        BIGRAM           00005F-00005F                1
                         0000CA-000DE9              D20
        BIGSFR           000DEF-000FFF              211
        CODE             000004-000007                4
                         000040-000DFF              DC0
                         003977-003977                1
                         0039C2-01FFFF            1C63E
        COMRAM           00005F-00005F                1
        CONST            000004-000007                4
                         000040-000DFF              DC0
                         003977-003977                1
                         0039C2-01FFFF            1C63E
        EEDATA           310000-3103FF              400
        MEDIUMCONST      003977-003977                1
                         0039C2-00FFFF             C63E
                         010E00-01FFFF             F200
        RAM              0000CA-000DE9              100
        SFR              000DEF-000FFF              100
        SMALLCONST       003977-003977                1
                         0039C2-01FFFF              100

                                  Symbol Table

?___flmul                        cstackCOMRAM 00000F
?___fltol                        cstackCOMRAM 000028
?___lldiv                        cstackCOMRAM 000001
?___lmul                         cstackCOMRAM 000001
?___lwdiv                        cstackCOMRAM 000007
?___wmul                         cstackCOMRAM 000001
?___xxtofl                       cstackCOMRAM 000001
?_color_read_Blue                cstackCOMRAM 000005
?_color_read_Clear               cstackCOMRAM 000005
?_color_read_Green               cstackCOMRAM 000005
?_color_read_Red                 cstackCOMRAM 000005
?_max_RGB                        cstackCOMRAM 000001
?_min_RGB                        cstackCOMRAM 000001
I2C_2_Master_Read@ack            cstackCOMRAM 000003
I2C_2_Master_Read@tmp            cstackCOMRAM 000004
I2C_2_Master_Write@data_byte     cstackCOMRAM 000002
UTurn@mL                         cstackCOMRAM 000018
UTurn@mR                         cstackCOMRAM 000019
_ANSELDbits                      (abs)        000EA7
_ANSELFbits                      (abs)        000EB4
_BAUD4CONbits                    (abs)        000EE9
_CCP1CONbits                     (abs)        000FAB
_CCP2CONbits                     (abs)        000FA7
_CCP3CONbits                     (abs)        000F26
_CCP4CONbits                     (abs)        000F22
_CCPR1H                          (abs)        000FAA
_CCPR2H                          (abs)        000FA6
_CCPR3H                          (abs)        000F25
_CCPR4H                          (abs)        000F21
_CCPTMRS0bits                    (abs)        000FAD
_I2C_2_Master_Idle               text62       0037E4
_I2C_2_Master_Init               text63       0037BA
_I2C_2_Master_Read               text55       00355C
_I2C_2_Master_RepStart           text54       00399C
_I2C_2_Master_Start              text61       0039B0
_I2C_2_Master_Stop               text60       0039A6
_I2C_2_Master_Write              text59       003978
_INTCONbits                      (abs)        000FF2
_ISR                             intcode      000008
_LATAbits                        (abs)        000F79
_LATCbits                        (abs)        000F7B
_LATDbits                        (abs)        000F7C
_LATEbits                        (abs)        000F7D
_LATFbits                        (abs)        000F7E
_LATGbits                        (abs)        000F7F
_LATHbits                        (abs)        000F80
_PIE0bits                        (abs)        000E29
_PIR0bits                        (abs)        000E33
_PIR4bits                        (abs)        000E37
_PORTFbits                       (abs)        000F8E
_RC0PPS                          (abs)        000E62
_RC4STAbits                      (abs)        000EE7
_RC7PPS                          (abs)        000E69
_RD5PPS                          (abs)        000E6F
_RD6PPS                          (abs)        000E70
_RE2PPS                          (abs)        000E74
_RE4PPS                          (abs)        000E76
_RG6PPS                          (abs)        000E88
_RX4PPS                          (abs)        000E15
_SP4BRGH                         (abs)        000EE6
_SP4BRGL                         (abs)        000EE5
_SSP2ADD                         (abs)        000ED6
_SSP2BUF                         (abs)        000ED5
_SSP2CLKPPS                      (abs)        000E1C
_SSP2CON1bits                    (abs)        000ED9
_SSP2CON2                        (abs)        000EDA
_SSP2CON2bits                    (abs)        000EDA
_SSP2DATPPS                      (abs)        000E1D
_SSP2STAT                        (abs)        000ED8
_T0CON0bits                      (abs)        000FD5
_T0CON1bits                      (abs)        000FD6
_T2CLKCONbits                    (abs)        000FBF
_T2CONbits                       (abs)        000FBD
_T2HLTbits                       (abs)        000FBE
_T2PR                            (abs)        000FBC
_TMR0H                           (abs)        000FD4
_TMR0L                           (abs)        000FD3
_TRISAbits                       (abs)        000F81
_TRISCbits                       (abs)        000F83
_TRISDbits                       (abs)        000F84
_TRISEbits                       (abs)        000F85
_TRISFbits                       (abs)        000F86
_TRISGbits                       (abs)        000F87
_TRISHbits                       (abs)        000F88
_TX4REG                          (abs)        000EE4
_TX4STAbits                      (abs)        000EE8
_Timer0_init                     text65       00380C
_UTurn                           text34       00351A
__HRAM                           (abs)        000000
__H__absolute__                  __absolute__ 000000
__Habs1                          abs1         000000
__Hbank0                         bank0        000000
__Hbank1                         bank1        000000
__Hbank10                        bank10       000000
__Hbank11                        bank11       000000
__Hbank12                        bank12       000000
__Hbank13                        bank13       000000
__Hbank2                         bank2        000000
__Hbank3                         bank3        000000
__Hbank4                         bank4        000000
__Hbank5                         bank5        000000
__Hbank6                         bank6        000000
__Hbank7                         bank7        000000
__Hbank8                         bank8        000000
__Hbank9                         bank9        000000
__Hbigbss                        bigbss       000000
__Hbigdata                       bigdata      000000
__Hbigram                        bigram       000000
__Hbigsfr                        bigsfr       000000
__Hbss                           bss          000000
__HbssBANK0                      bssBANK0     000000
__HbssCOMRAM                     bssCOMRAM    000000
__Hcinit                         cinit        000000
__Hclrtext                       clrtext      000000
__Hcomram                        comram       000000
__Hconfig                        config       30000C
__Hconst                         const        000000
__HcstackBANK0                   cstackBANK0  000000
__HcstackCOMRAM                  cstackCOMRAM 000000
__Hdata                          data         000000
__HdataBANK0                     dataBANK0    000000
__HdataCOMRAM                    dataCOMRAM   000000
__Heeprom_data                   eeprom_data  000000
__Hfarbss                        farbss       000000
__Hfardata                       fardata      000000
__Hheap                          heap         000000
__Hibigdata                      ibigdata     000000
__Hidata                         idata        000000
__HidataBANK0                    idataBANK0   000000
__HidataCOMRAM                   idataCOMRAM  000000
__Hidloc                         idloc        200010
__Hifardata                      ifardata     000000
__Hinit                          init         000040
__Hintcode                       intcode      00003C
__Hintcode_body                  intcode_body 000000
__Hintcodelo                     intcodelo    00003C
__Hintentry                      intentry     000000
__Hintret                        intret       000000
__Hintsave_regs                  intsave_regs 000000
__Hirdata                        irdata       000000
__Hmediumconst                   mediumconst  000000
__HnvFARRAM                      nvFARRAM     000000
__Hnvbit                         nvbit        000000
__Hnvrram                        nvrram       000000
__Hparam                         rparam       000000
__Hpowerup                       powerup      00003C
__Hram                           ram          000000
__Hramtop                        ramtop       000E00
__Hrbit                          rbit         000000
__Hrbss                          rbss         000000
__Hrdata                         rdata        000000
__Hreset_vec                     reset_vec    000004
__Hrparam                        rparam       000000
__Hsfr                           sfr          000000
__Hsmallconst                    smallconst   000E1A
__Hspace_0                       (abs)        0039C2
__Hspace_1                       (abs)        0000CA
__Hspace_2                       (abs)        000000
__Hspace_4                       (abs)        60000C
__Hstack                         stack        000000
__Hstruct                        struct       000000
__Htemp                          temp         00005F
__Htext                          text         000000
__Htext0                         text0        000000
__Htext1                         text1        000000
__Htext10                        text10       000000
__Htext11                        text11       000000
__Htext12                        text12       000000
__Htext13                        text13       000000
__Htext14                        text14       000000
__Htext15                        text15       000000
__Htext16                        text16       000000
__Htext17                        text17       000000
__Htext18                        text18       000000
__Htext19                        text19       000000
__Htext2                         text2        000000
__Htext20                        text20       000000
__Htext21                        text21       000000
__Htext22                        text22       000000
__Htext23                        text23       000000
__Htext24                        text24       000000
__Htext25                        text25       000000
__Htext26                        text26       000000
__Htext27                        text27       000000
__Htext28                        text28       000000
__Htext29                        text29       000000
__Htext3                         text3        000000
__Htext30                        text30       000000
__Htext31                        text31       000000
__Htext32                        text32       000000
__Htext33                        text33       000000
__Htext34                        text34       000000
__Htext35                        text35       000000
__Htext36                        text36       000000
__Htext37                        text37       000000
__Htext38                        text38       000000
__Htext39                        text39       000000
__Htext4                         text4        000000
__Htext40                        text40       000000
__Htext41                        text41       000000
__Htext42                        text42       000000
__Htext43                        text43       000000
__Htext44                        text44       000000
__Htext45                        text45       000000
__Htext46                        text46       000000
__Htext47                        text47       000000
__Htext48                        text48       000000
__Htext49                        text49       000000
__Htext5                         text5        000000
__Htext50                        text50       000000
__Htext51                        text51       000000
__Htext52                        text52       000000
__Htext53                        text53       000000
__Htext54                        text54       000000
__Htext55                        text55       000000
__Htext56                        text56       000000
__Htext57                        text57       000000
__Htext58                        text58       000000
__Htext59                        text59       000000
__Htext6                         text6        000000
__Htext60                        text60       000000
__Htext61                        text61       000000
__Htext62                        text62       000000
__Htext63                        text63       000000
__Htext64                        text64       000000
__Htext65                        text65       000000
__Htext66                        text66       000000
__Htext67                        text67       000000
__Htext68                        text68       000000
__Htext7                         text7        000000
__Htext8                         text8        000000
__Htext9                         text9        000000
__LRAM                           (abs)        000001
__L__absolute__                  __absolute__ 000000
__Labs1                          abs1         000000
__Lbank0                         bank0        000000
__Lbank1                         bank1        000000
__Lbank10                        bank10       000000
__Lbank11                        bank11       000000
__Lbank12                        bank12       000000
__Lbank13                        bank13       000000
__Lbank2                         bank2        000000
__Lbank3                         bank3        000000
__Lbank4                         bank4        000000
__Lbank5                         bank5        000000
__Lbank6                         bank6        000000
__Lbank7                         bank7        000000
__Lbank8                         bank8        000000
__Lbank9                         bank9        000000
__Lbigbss                        bigbss       000000
__Lbigdata                       bigdata      000000
__Lbigram                        bigram       000000
__Lbigsfr                        bigsfr       000000
__Lbss                           bss          000000
__LbssBANK0                      bssBANK0     000000
__LbssCOMRAM                     bssCOMRAM    000000
__Lcinit                         cinit        000000
__Lclrtext                       clrtext      000000
__Lcomram                        comram       000000
__Lconfig                        config       000000
__Lconst                         const        000000
__LcstackBANK0                   cstackBANK0  000000
__LcstackCOMRAM                  cstackCOMRAM 000000
__Ldata                          data         000000
__LdataBANK0                     dataBANK0    000000
__LdataCOMRAM                    dataCOMRAM   000000
__Leeprom_data                   eeprom_data  000000
__Lfarbss                        farbss       000000
__Lfardata                       fardata      000000
__Lheap                          heap         000000
__Libigdata                      ibigdata     000000
__Lidata                         idata        000000
__LidataBANK0                    idataBANK0   000000
__LidataCOMRAM                   idataCOMRAM  000000
__Lidloc                         idloc        000000
__Lifardata                      ifardata     000000
__Linit                          init         00003C
__Lintcode                       intcode      000008
__Lintcode_body                  intcode_body 000000
__Lintcodelo                     intcodelo    00003C
__Lintentry                      intentry     000000
__Lintret                        intret       000000
__Lintsave_regs                  intsave_regs 000000
__Lirdata                        irdata       000000
__Lmediumconst                   mediumconst  000000
__LnvFARRAM                      nvFARRAM     000000
__Lnvbit                         nvbit        000000
__Lnvrram                        nvrram       000000
__Lparam                         rparam       000000
__Lpowerup                       powerup      00003C
__Lram                           ram          000000
__Lramtop                        ramtop       000E00
__Lrbit                          rbit         000000
__Lrbss                          rbss         000000
__Lrdata                         rdata        000000
__Lreset_vec                     reset_vec    000000
__Lrparam                        rparam       000000
__Lsfr                           sfr          000000
__Lsmallconst                    smallconst   000E00
__Lspace_0                       (abs)        000000
__Lspace_1                       (abs)        000000
__Lspace_2                       (abs)        000000
__Lspace_4                       (abs)        000000
__Lstack                         stack        000000
__Lstruct                        struct       000000
__Ltemp                          temp         00005E
__Ltext                          text         000000
__Ltext0                         text0        000000
__Ltext1                         text1        000000
__Ltext10                        text10       000000
__Ltext11                        text11       000000
__Ltext12                        text12       000000
__Ltext13                        text13       000000
__Ltext14                        text14       000000
__Ltext15                        text15       000000
__Ltext16                        text16       000000
__Ltext17                        text17       000000
__Ltext18                        text18       000000
__Ltext19                        text19       000000
__Ltext2                         text2        000000
__Ltext20                        text20       000000
__Ltext21                        text21       000000
__Ltext22                        text22       000000
__Ltext23                        text23       000000
__Ltext24                        text24       000000
__Ltext25                        text25       000000
__Ltext26                        text26       000000
__Ltext27                        text27       000000
__Ltext28                        text28       000000
__Ltext29                        text29       000000
__Ltext3                         text3        000000
__Ltext30                        text30       000000
__Ltext31                        text31       000000
__Ltext32                        text32       000000
__Ltext33                        text33       000000
__Ltext34                        text34       000000
__Ltext35                        text35       000000
__Ltext36                        text36       000000
__Ltext37                        text37       000000
__Ltext38                        text38       000000
__Ltext39                        text39       000000
__Ltext4                         text4        000000
__Ltext40                        text40       000000
__Ltext41                        text41       000000
__Ltext42                        text42       000000
__Ltext43                        text43       000000
__Ltext44                        text44       000000
__Ltext45                        text45       000000
__Ltext46                        text46       000000
__Ltext47                        text47       000000
__Ltext48                        text48       000000
__Ltext49                        text49       000000
__Ltext5                         text5        000000
__Ltext50                        text50       000000
__Ltext51                        text51       000000
__Ltext52                        text52       000000
__Ltext53                        text53       000000
__Ltext54                        text54       000000
__Ltext55                        text55       000000
__Ltext56                        text56       000000
__Ltext57                        text57       000000
__Ltext58                        text58       000000
__Ltext59                        text59       000000
__Ltext6                         text6        000000
__Ltext60                        text60       000000
__Ltext61                        text61       000000
__Ltext62                        text62       000000
__Ltext63                        text63       000000
__Ltext64                        text64       000000
__Ltext65                        text65       000000
__Ltext66                        text66       000000
__Ltext67                        text67       000000
__Ltext68                        text68       000000
__Ltext7                         text7        000000
__Ltext8                         text8        000000
__Ltext9                         text9        000000
__S0                             (abs)        0039C2
__S1                             (abs)        0000CA
__S4                             (abs)        000000
__S5                             (abs)        000000
___flmul                         text14       00194A
___flmul@a                       cstackCOMRAM 000013
___flmul@aexp                    cstackCOMRAM 000020
___flmul@b                       cstackCOMRAM 00000F
___flmul@bexp                    cstackCOMRAM 000021
___flmul@grs                     cstackCOMRAM 00001C
___flmul@prod                    cstackCOMRAM 000022
___flmul@sign                    cstackCOMRAM 00001B
___flmul@temp                    cstackCOMRAM 000026
___fltol                         text13       002520
___fltol@exp1                    cstackCOMRAM 000031
___fltol@f1                      cstackCOMRAM 000028
___fltol@sign1                   cstackCOMRAM 000030
___heap_hi                       (abs)        000000
___heap_lo                       (abs)        000000
___inthi_sp                      stack        000000
___inthi_stack_hi                stack        000000
___inthi_stack_lo                stack        000000
___intlo_sp                      stack        000000
___intlo_stack_hi                stack        000000
___intlo_stack_lo                stack        000000
___lldiv                         text56       002BA0
___lldiv@counter                 cstackCOMRAM 00000D
___lldiv@dividend                cstackCOMRAM 000001
___lldiv@divisor                 cstackCOMRAM 000005
___lldiv@quotient                cstackCOMRAM 000009
___lmul                          text46       003070
___lmul@multiplicand             cstackCOMRAM 000005
___lmul@multiplier               cstackCOMRAM 000001
___lmul@product                  cstackCOMRAM 000009
___lwdiv                         text42       002FFC
___lwdiv@counter                 cstackCOMRAM 00000D
___lwdiv@dividend                cstackCOMRAM 000007
___lwdiv@divisor                 cstackCOMRAM 000009
___lwdiv@quotient                cstackCOMRAM 00000B
___param_bank                    (abs)        000000
___rparam_used                   (abs)        000001
___sp                            stack        000000
___stack_hi                      stack        000000
___stack_lo                      stack        000000
___wmul                          text41       003880
___wmul@multiplicand             cstackCOMRAM 000003
___wmul@multiplier               cstackCOMRAM 000001
___wmul@product                  cstackCOMRAM 000005
___xxtofl                        text12       001F70
___xxtofl@arg                    cstackCOMRAM 00000B
___xxtofl@exp                    cstackCOMRAM 00000A
___xxtofl@sign                   cstackCOMRAM 000009
___xxtofl@val                    cstackCOMRAM 000001
__accesstop                      (abs)        000060
__activetblptr                   (abs)        000003
__end_of_I2C_2_Master_Idle       text62       00380C
__end_of_I2C_2_Master_Init       text63       0037E4
__end_of_I2C_2_Master_Read       text55       00359E
__end_of_I2C_2_Master_RepStart   text54       0039A6
__end_of_I2C_2_Master_Start      text61       0039BA
__end_of_I2C_2_Master_Stop       text60       0039B0
__end_of_I2C_2_Master_Write      text59       003984
__end_of_ISR                     intcode      00003C
__end_of_Timer0_init             text65       003834
__end_of_UTurn                   text34       00355C
__end_of___flmul                 text14       001D74
__end_of___fltol                 text13       002626
__end_of___lldiv                 text56       002C44
__end_of___lmul                  text46       0030DA
__end_of___lwdiv                 text42       003070
__end_of___wmul                  text41       0038A6
__end_of___xxtofl                text12       002124
__end_of__initialization         cinit        003336
__end_of_average_RGBC            text48       001F70
__end_of_buggy_lights_init       text64       003790
__end_of_card_blue               text30       0032E2
__end_of_card_cyan               text26       00327A
__end_of_card_green              text23       003212
__end_of_card_orange             text22       0031AA
__end_of_card_pink               text20       002F04
__end_of_card_red                text19       003142
__end_of_card_white              text18       003880
__end_of_card_yellow             text17       002E84
__end_of_color_click_init        text57       003762
__end_of_color_read_Blue         text53       0034D6
__end_of_color_read_Clear        text52       003486
__end_of_color_read_Green        text51       003436
__end_of_color_read_Red          text50       0033E6
__end_of_color_writetoaddr       text58       003928
__end_of_colour_to_key           text47       00194A
__end_of_convert_HSV             text43       0014E6
__end_of_forward_navigation      text6        00228C
__end_of_fullSpeedAhead          text39       00297A
__end_of_fullSpeedReverse        text33       002BA0
__end_of_getRGBCval              text49       003396
__end_of_headbuttReverse         text31       00372E
__end_of_initDCmotorsPWM         text5        002D76
__end_of_initUSART4              text4        003946
__end_of_main                    text0        002520
__end_of_max_RGB                 text45       002FFC
__end_of_min_RGB                 text44       002F80
__end_of_pick_card               text16       002722
__end_of_read_timer              text15       00395C
__end_of_read_trail              text3        0035D8
__end_of_reset_timer             text67       003990
__end_of_return_to_sender        text1        002CE6
__end_of_scale_RGB               text11       0027F8
__end_of_setMotorPWM             text40       0023E0
__end_of_squareReverse           text21       003612
__end_of_start_timer             text66       0039C2
__end_of_stop                    text38       002E04
__end_of_stop_timer              text10       0039BE
__end_of_toggle_brake_lights     text32       0038C8
__end_of_toggle_left_indicators  text37       003908
__end_of_toggle_main_beam        text2        00385A
__end_of_toggle_right_indicators text36       0038E8
__end_of_toggle_tricolour_LED    text9        0028C0
__end_of_turnLeft                text35       002AEA
__end_of_turnLeft135             text29       003686
__end_of_turnLeft90              text25       0036F6
__end_of_turnRight               text28       002A32
__end_of_turnRight135            text27       00364C
__end_of_turnRight90             text24       0036BE
__end_of_wait_for_wall           text8        00351A
__end_of_write_timer             text68       00399C
__end_of_write_trail             text7        0037BA
__initialization                 cinit        0032E2
__mediumconst                    mediumconst  000000
__pbssBANK0                      bssBANK0     000060
__pbssCOMRAM                     bssCOMRAM    00005A
__pcinit                         cinit        0032E2
__pcstackBANK0                   cstackBANK0  00009C
__pcstackCOMRAM                  cstackCOMRAM 000001
__pdataBANK0                     dataBANK0    0000BC
__pdataCOMRAM                    dataCOMRAM   00004D
__pidataBANK0                    idataBANK0   00395C
__pidataCOMRAM                   idataCOMRAM  00396A
__pintcode                       intcode      000008
__psmallconst                    smallconst   000E00
__ptext0                         text0        0023E0
__ptext1                         text1        002C44
__ptext10                        text10       0039BA
__ptext11                        text11       002722
__ptext12                        text12       001F70
__ptext13                        text13       002520
__ptext14                        text14       00194A
__ptext15                        text15       003946
__ptext16                        text16       002626
__ptext17                        text17       002E04
__ptext18                        text18       00385A
__ptext19                        text19       0030DA
__ptext2                         text2        003834
__ptext20                        text20       002E84
__ptext21                        text21       0035D8
__ptext22                        text22       003142
__ptext23                        text23       0031AA
__ptext24                        text24       003686
__ptext25                        text25       0036BE
__ptext26                        text26       003212
__ptext27                        text27       003612
__ptext28                        text28       00297A
__ptext29                        text29       00364C
__ptext3                         text3        00359E
__ptext30                        text30       00327A
__ptext31                        text31       0036F6
__ptext32                        text32       0038A6
__ptext33                        text33       002AEA
__ptext34                        text34       00351A
__ptext35                        text35       002A32
__ptext36                        text36       0038C8
__ptext37                        text37       0038E8
__ptext38                        text38       002D76
__ptext39                        text39       0028C0
__ptext4                         text4        003928
__ptext40                        text40       00228C
__ptext41                        text41       003880
__ptext42                        text42       002FFC
__ptext43                        text43       000E1A
__ptext44                        text44       002F04
__ptext45                        text45       002F80
__ptext46                        text46       003070
__ptext47                        text47       0014E6
__ptext48                        text48       001D74
__ptext49                        text49       003340
__ptext5                         text5        002CE6
__ptext50                        text50       003396
__ptext51                        text51       0033E6
__ptext52                        text52       003436
__ptext53                        text53       003486
__ptext54                        text54       00399C
__ptext55                        text55       00355C
__ptext56                        text56       002BA0
__ptext57                        text57       00372E
__ptext58                        text58       003908
__ptext59                        text59       003978
__ptext6                         text6        002124
__ptext60                        text60       0039A6
__ptext61                        text61       0039B0
__ptext62                        text62       0037E4
__ptext63                        text63       0037BA
__ptext64                        text64       003762
__ptext65                        text65       00380C
__ptext66                        text66       0039BE
__ptext67                        text67       003984
__ptext68                        text68       003990
__ptext7                         text7        003790
__ptext8                         text8        0034D6
__ptext9                         text9        0027F8
__ramtop                         ramtop       000E00
__smallconst                     smallconst   000E00
_average_RGBC                    text48       001D74
_bottomGearLeft                  dataCOMRAM   000055
_bottomGearRight                 dataCOMRAM   000054
_buggy_lights_init               text64       003762
_card_blue                       text30       00327A
_card_cyan                       text26       003212
_card_green                      text23       0031AA
_card_orange                     text22       003142
_card_pink                       text20       002E84
_card_red                        text19       0030DA
_card_white                      text18       00385A
_card_yellow                     text17       002E04
_color_click_init                text57       00372E
_color_read_Blue                 text53       003486
_color_read_Clear                text52       003436
_color_read_Green                text51       0033E6
_color_read_Red                  text50       003396
_color_writetoaddr               text58       003908
_colour_to_key                   text47       0014E6
_convert_HSV                     text43       000E1A
_forward_navigation              text6        002124
_fullSpeedAhead                  text39       0028C0
_fullSpeedReverse                text33       002AEA
_getRGBCval                      text49       003340
_headbuttDelay                   dataBANK0    0000BE
_headbuttReverse                 text31       0036F6
_initDCmotorsPWM                 text5        002CE6
_initUSART4                      text4        003928
_lost_flag                       bssCOMRAM    00005B
_main                            text0        0023E0
_manoeuvre_count                 bssCOMRAM    00005A
_manoeuvre_pointer               dataCOMRAM   00004F
_max_RGB                         text45       002F80
_min_RGB                         text44       002F04
_pick_card                       text16       002626
_rampDelay                       dataCOMRAM   000058
_read_timer                      text15       003946
_read_trail                      text3        00359E
_reset_timer                     text67       003984
_return_flag                     bssCOMRAM    00005C
_return_to_sender                text1        002C44
_returning                       bssCOMRAM    00005D
_sample_count                    dataCOMRAM   000059
_scale_RGB                       text11       002722
_setMotorPWM                     text40       00228C
_squareDelay                     dataBANK0    0000BC
_squareReverse                   text21       0035D8
_start_timer                     text66       0039BE
_stop                            text38       002D76
_stop_timer                      text10       0039BA
_timer_high_pointer              dataCOMRAM   000051
_timer_low_pointer               dataCOMRAM   000050
_toggle_brake_lights             text32       0038A6
_toggle_left_indicators          text37       0038E8
_toggle_main_beam                text2        003834
_toggle_right_indicators         text36       0038C8
_toggle_tricolour_LED            text9        0027F8
_topGearLeft                     dataCOMRAM   000057
_topGearRight                    dataCOMRAM   000056
_trail_manoeuvre                 bssBANK0     000060
_trail_timer_high                bssBANK0     000088
_trail_timer_low                 bssBANK0     000074
_turn180Delay                    dataBANK0    0000C0
_turnLeft                        text35       002A32
_turnLeft135                     text29       00364C
_turnLeft135Delay                dataBANK0    0000C4
_turnLeft90                      text25       0036BE
_turnLeft90Delay                 dataBANK0    0000C8
_turnRight                       text28       00297A
_turnRight135                    text27       003612
_turnRight135Delay               dataBANK0    0000C2
_turnRight90                     text24       003686
_turnRight90Delay                dataBANK0    0000C6
_turningLeftGear                 dataCOMRAM   000053
_turningRightGear                dataCOMRAM   000052
_wait_for_wall                   text8        0034D6
_wall_threshold_clear            dataCOMRAM   00004D
_write_timer                     text68       003990
_write_trail                     text7        003790
average_RGBC@i                   cstackCOMRAM 000011
average_RGBC@p                   cstackCOMRAM 00000E
average_RGBC@temp_B              cstackCOMRAM 00001A
average_RGBC@temp_C              cstackCOMRAM 00001E
average_RGBC@temp_G              cstackCOMRAM 000016
average_RGBC@temp_R              cstackCOMRAM 000012
btemp                            temp         00005E
card_blue@backtrack              cstackCOMRAM 00001E
card_blue@mL                     cstackCOMRAM 00001C
card_blue@mR                     cstackCOMRAM 00001D
card_cyan@backtrack              cstackCOMRAM 00001E
card_cyan@mL                     cstackCOMRAM 00001C
card_cyan@mR                     cstackCOMRAM 00001D
card_green@backtrack             cstackCOMRAM 00001E
card_green@mL                    cstackCOMRAM 00001C
card_green@mR                    cstackCOMRAM 00001D
card_orange@backtrack            cstackCOMRAM 00001E
card_orange@mL                   cstackCOMRAM 00001C
card_orange@mR                   cstackCOMRAM 00001D
card_pink@backtrack              cstackCOMRAM 00001E
card_pink@mL                     cstackCOMRAM 00001C
card_pink@mR                     cstackCOMRAM 00001D
card_red@backtrack               cstackCOMRAM 00001E
card_red@mL                      cstackCOMRAM 00001C
card_red@mR                      cstackCOMRAM 00001D
card_white@mL                    cstackCOMRAM 00001C
card_white@mR                    cstackCOMRAM 00001D
card_yellow@backtrack            cstackCOMRAM 00001E
card_yellow@mL                   cstackCOMRAM 00001C
card_yellow@mR                   cstackCOMRAM 00001D
color_read_Blue@tmp              cstackCOMRAM 00000A
color_read_Clear@tmp             cstackCOMRAM 00000A
color_read_Green@tmp             cstackCOMRAM 00000A
color_read_Red@tmp               cstackCOMRAM 00000A
color_writetoaddr@address        cstackCOMRAM 000004
color_writetoaddr@value          cstackCOMRAM 000003
colour_to_key@key                cstackCOMRAM 000005
colour_to_key@p1                 cstackCOMRAM 000001
colour_to_key@p2                 cstackCOMRAM 000002
convert_HSV@C                    cstackCOMRAM 000040
convert_HSV@M                    cstackCOMRAM 00003E
convert_HSV@hue                  cstackCOMRAM 00001E
convert_HSV@hue_scale            cstackCOMRAM 00003C
convert_HSV@m                    cstackCOMRAM 00001A
convert_HSV@p1                   cstackCOMRAM 00000E
convert_HSV@p2                   cstackCOMRAM 00000F
convert_HSV@sat                  cstackCOMRAM 00001C
convert_HSV@sat_scale            cstackCOMRAM 000018
convert_HSV@temp                 cstackCOMRAM 000024
convert_HSV@temp_609             cstackCOMRAM 000038
convert_HSV@temp_610             cstackCOMRAM 000028
convert_HSV@temp_611             cstackCOMRAM 00002C
convert_HSV@temp_612             cstackCOMRAM 000030
convert_HSV@temp_613             cstackCOMRAM 000034
convert_HSV@temp_614             cstackCOMRAM 000020
end_of_initialization            cinit        003336
forward_navigation@mL            cstackCOMRAM 000042
forward_navigation@mR            cstackCOMRAM 000043
forward_navigation@mann          cstackCOMRAM 00004A
forward_navigation@p1            cstackCOMRAM 000044
forward_navigation@p2            cstackCOMRAM 000045
forward_navigation@timerH        cstackCOMRAM 000048
forward_navigation@timerL        cstackCOMRAM 000049
fullSpeedAhead@leftGear          cstackCOMRAM 000016
fullSpeedAhead@mL                cstackCOMRAM 000013
fullSpeedAhead@mR                cstackCOMRAM 000014
fullSpeedAhead@rightGear         cstackCOMRAM 000017
fullSpeedReverse@leftGear        cstackCOMRAM 000016
fullSpeedReverse@mL              cstackCOMRAM 000013
fullSpeedReverse@mR              cstackCOMRAM 000014
fullSpeedReverse@rightGear       cstackCOMRAM 000017
getRGBCval@p                     cstackCOMRAM 00000C
headbuttReverse@mL               cstackCOMRAM 000018
headbuttReverse@mR               cstackCOMRAM 000019
initDCmotorsPWM@PWMperiod        cstackCOMRAM 000001
int$flags                        temp         00005E
intlevel0                        text         000000
intlevel1                        text         000000
intlevel2                        text         000000
intlevel3                        text         000000
isa$std                          (abs)        000001
isa$xinst                        (abs)        000000
main@HSV_colour                  cstackBANK0  00009C
main@RGBC_colour                 cstackBANK0  0000B4
main@motorL                      cstackBANK0  0000A2
main@motorR                      cstackBANK0  0000AB
max_RGB@max_val                  cstackCOMRAM 000005
max_RGB@p                        cstackCOMRAM 000001
min_RGB@min_val                  cstackCOMRAM 000005
min_RGB@p                        cstackCOMRAM 000001
pick_card@backtrack              cstackCOMRAM 000023
pick_card@key                    cstackCOMRAM 000024
pick_card@mL                     cstackCOMRAM 000021
pick_card@mR                     cstackCOMRAM 000022
read_timer@tH                    cstackCOMRAM 000001
read_timer@tL                    cstackCOMRAM 000002
read_trail@man                   cstackCOMRAM 000003
read_trail@tH                    cstackCOMRAM 000001
read_trail@tL                    cstackCOMRAM 000002
return_to_sender@mL              cstackCOMRAM 000027
return_to_sender@mR              cstackCOMRAM 000028
return_to_sender@mann            cstackCOMRAM 00002B
return_to_sender@timerH          cstackCOMRAM 000029
return_to_sender@timerL          cstackCOMRAM 00002A
scale_RGB@p                      cstackCOMRAM 000032
setMotorPWM@m                    cstackCOMRAM 00000E
setMotorPWM@negDuty              cstackCOMRAM 000012
setMotorPWM@posDuty              cstackCOMRAM 000011
squareReverse@mL                 cstackCOMRAM 000018
squareReverse@mR                 cstackCOMRAM 000019
stackhi                          (abs)        000000
stacklo                          (abs)        000000
start                            init         00003C
start_initialization             cinit        0032E2
stop@mL                          cstackCOMRAM 000013
stop@mR                          cstackCOMRAM 000014
ttemp5                           temp         00005F
ttemp6                           temp         000062
ttemp7                           temp         000066
turnLeft135@mL                   cstackCOMRAM 000018
turnLeft135@mR                   cstackCOMRAM 000019
turnLeft90@mL                    cstackCOMRAM 000018
turnLeft90@mR                    cstackCOMRAM 000019
turnLeft@leftGear                cstackCOMRAM 000016
turnLeft@mL                      cstackCOMRAM 000013
turnLeft@mR                      cstackCOMRAM 000014
turnLeft@rightGear               cstackCOMRAM 000017
turnRight135@mL                  cstackCOMRAM 000018
turnRight135@mR                  cstackCOMRAM 000019
turnRight90@mL                   cstackCOMRAM 000018
turnRight90@mR                   cstackCOMRAM 000019
turnRight@leftGear               cstackCOMRAM 000016
turnRight@mL                     cstackCOMRAM 000013
turnRight@mR                     cstackCOMRAM 000014
turnRight@rightGear              cstackCOMRAM 000017
wait_for_wall@loss               cstackCOMRAM 00000E
wait_for_wall@p                  cstackCOMRAM 00000D
write_timer@tH                   cstackCOMRAM 000002
write_timer@tL                   cstackCOMRAM 000001
write_trail@man                  cstackCOMRAM 000002
write_trail@tH                   cstackCOMRAM 000003
write_trail@tL                   cstackCOMRAM 000001
wtemp8                           temp         00005F


MODULE INFORMATION

Module		Function		Class		Link	Load	Size
C:\Program Files\Microchip\xc8\v2.45\pic\sources\c99\common\Umul16.c
		___wmul        		CODE           	3880	0000	38

C:\Program Files\Microchip\xc8\v2.45\pic\sources\c99\common\Umul16.c estimated size: 38

serial.c
		_initUSART4    		CODE           	3928	0000	30

serial.c estimated size: 30

timers.c
		_forward_navigation		CODE           	2124	0000	360
		_Timer0_init   		CODE           	380C	0000	40
		_ISR           		CODE           	0008	0000	52
		_write_trail   		CODE           	3790	0000	42
		_write_timer   		CODE           	3990	0000	12
		_start_timer   		CODE           	39BE	0000	4
		_return_to_sender		CODE           	2C44	0000	162
		_reset_timer   		CODE           	3984	0000	12
		_stop_timer    		CODE           	39BA	0000	4
		_read_timer    		CODE           	3946	0000	22
		_read_trail    		CODE           	359E	0000	58

timers.c estimated size: 768

color.c
		_color_writetoaddr		CODE           	3908	0000	32
		_color_click_init		CODE           	372E	0000	52
		_min_RGB       		CODE           	2F04	0000	124
		_scale_RGB     		CODE           	2722	0000	214
		_getRGBCval    		CODE           	3340	0000	86
		_average_RGBC  		CODE           	1D74	0000	508
		_colour_to_key 		CODE           	14E6	0000	1124
		_color_read_Green		CODE           	33E6	0000	80
		_color_read_Clear		CODE           	3436	0000	80
		_max_RGB       		CODE           	2F80	0000	124
		_color_read_Red		CODE           	3396	0000	80
		_convert_HSV   		CODE           	0E1A	0000	1740
		_wait_for_wall 		CODE           	34D6	0000	68
		_color_read_Blue		CODE           	3486	0000	80

color.c estimated size: 4392

dc_motor.c
		_squareReverse 		CODE           	35D8	0000	58
		_fullSpeedReverse		CODE           	2AEA	0000	182
		_fullSpeedAhead		CODE           	28C0	0000	186
		_turnLeft      		CODE           	2A32	0000	184
		_turnLeft90    		CODE           	36BE	0000	56
		_turnLeft135   		CODE           	364C	0000	58
		_stop          		CODE           	2D76	0000	142
		_initDCmotorsPWM		CODE           	2CE6	0000	144
		_turnRight     		CODE           	297A	0000	184
		_turnRight90   		CODE           	3686	0000	56
		_turnRight135  		CODE           	3612	0000	58
		_setMotorPWM   		CODE           	228C	0000	340
		_UTurn         		CODE           	351A	0000	66
		_headbuttReverse		CODE           	36F6	0000	56

dc_motor.c estimated size: 1770

buggy_lights.c
		_buggy_lights_init		CODE           	3762	0000	46
		_toggle_brake_lights		CODE           	38A6	0000	34
		_toggle_tricolour_LED		CODE           	27F8	0000	200
		_toggle_right_indicators		CODE           	38C8	0000	32
		_toggle_left_indicators		CODE           	38E8	0000	32
		_toggle_main_beam		CODE           	3834	0000	38

buggy_lights.c estimated size: 382

i2c.c
		_I2C_2_Master_Start		CODE           	39B0	0000	10
		_I2C_2_Master_Read		CODE           	355C	0000	66
		_I2C_2_Master_Idle		CODE           	37E4	0000	40
		_I2C_2_Master_Init		CODE           	37BA	0000	42
		_I2C_2_Master_Stop		CODE           	39A6	0000	10
		_I2C_2_Master_RepStart		CODE           	399C	0000	10
		_I2C_2_Master_Write		CODE           	3978	0000	12

i2c.c estimated size: 190

C:\Program Files\Microchip\xc8\v2.45\pic\sources\c99\common\Umul32.c
		___lmul        		CODE           	3070	0000	106

C:\Program Files\Microchip\xc8\v2.45\pic\sources\c99\common\Umul32.c estimated size: 106

C:\Program Files\Microchip\xc8\v2.45\pic\sources\c99\common\sprcmul.c
		___flmul       		CODE           	194A	0000	1066

C:\Program Files\Microchip\xc8\v2.45\pic\sources\c99\common\sprcmul.c estimated size: 1066

shared
		__initialization		CODE           	32E2	0000	84

shared estimated size: 84

manoeuvres.c
		_card_blue     		CODE           	327A	0000	104
		_pick_card     		CODE           	2626	0000	252
		_card_yellow   		CODE           	2E04	0000	128
		_card_cyan     		CODE           	3212	0000	104
		_card_white    		CODE           	385A	0000	38
		_card_orange   		CODE           	3142	0000	104
		_card_red      		CODE           	30DA	0000	104
		_card_pink     		CODE           	2E84	0000	128
		_card_green    		CODE           	31AA	0000	104

manoeuvres.c estimated size: 1066

C:\Program Files\Microchip\xc8\v2.45\pic\sources\c99\common\xxtofl.c
		___xxtofl      		CODE           	1F70	0000	436

C:\Program Files\Microchip\xc8\v2.45\pic\sources\c99\common\xxtofl.c estimated size: 436

C:\Program Files\Microchip\xc8\v2.45\pic\sources\c99\common\__lldiv.c
		___lldiv       		CODE           	2BA0	0000	164

C:\Program Files\Microchip\xc8\v2.45\pic\sources\c99\common\__lldiv.c estimated size: 164

main.c
		_main          		CODE           	23E0	0000	320

main.c estimated size: 320

C:\Program Files\Microchip\xc8\v2.45\pic\sources\c99\common\lwdiv.c
		___lwdiv       		CODE           	2FFC	0000	116

C:\Program Files\Microchip\xc8\v2.45\pic\sources\c99\common\lwdiv.c estimated size: 116

C:\Program Files\Microchip\xc8\v2.45\pic\sources\c99\common\fltol.c
		___fltol       		CODE           	2520	0000	262

C:\Program Files\Microchip\xc8\v2.45\pic\sources\c99\common\fltol.c estimated size: 262

