Microchip MPLAB XC8 Compiler V2.45

Linker command line:

-W-3 \
  --edf=C:\Program Files\Microchip\xc8\v2.45\pic\dat\20230818022343_en.msgs \
  -cn \
  -h+dist/default/production\final-project-gorakh-boris.X.production.sym \
  --cmf=dist/default/production\final-project-gorakh-boris.X.production.cmf \
  -z -Q18F67K40 \
  -oC:\Users\boris\AppData\Local\Temp\xcDsc5g.3\driver_tmp_3.o \
  --defsym=__MPLAB_BUILD=1 --fixupoverflow=error \
  -Mdist/default/production/final-project-gorakh-boris.X.production.map \
  --md=C:\Users\boris\AppData\Local\Temp\xcDsc5g.3\driver_tmp_0.dat -E1 \
  -ver=XC8 Compiler --acfsm=1493 -ACODE=00h-01FFFFh -ACONST=00h-01FFFFh \
  -ASMALLCONST=0E00h-0EFFhx498 -AMEDIUMCONST=0E00h-0FFFFh,010E00h-01FFFFh \
  -ACOMRAM=01h-05Fh -AABS1=00h-0DE9h -ABIGRAM=01h-0DE9h \
  -ARAM=060h-0FFh,0100h-01FFhx12,0D00h-0DE9h -ABANK0=060h-0FFh \
  -ABANK1=0100h-01FFh -ABANK2=0200h-02FFh -ABANK3=0300h-03FFh \
  -ABANK4=0400h-04FFh -ABANK5=0500h-05FFh -ABANK6=0600h-06FFh \
  -ABANK7=0700h-07FFh -ABANK8=0800h-08FFh -ABANK9=0900h-09FFh \
  -ABANK10=0A00h-0AFFh -ABANK11=0B00h-0BFFh -ABANK12=0C00h-0CFFh \
  -ABANK13=0D00h-0DE9h \
  -ASFR=0DEFh-0DFFh,0E00h-0EFFh,0F00h-0F5Fh,0F60h-0FFFh \
  -ABIGSFR=0DEFh-0FFFh -ACONFIG=0300000h-030000Bh -AIDLOC=0200000h-020000Fh \
  -AEEDATA=0310000h-03103FFh -peeprom_data=EEDATA \
  -preset_vec=00h,intcode=08h,intcodelo,powerup,init -pramtop=0E00h \
  -psmallconst=SMALLCONST -pmediumconst=MEDIUMCONST -pconst=CONST \
  -AFARRAM=00h-00h \
  -prdata=COMRAM,nvrram=COMRAM,nvbit=COMRAM,rbss=COMRAM,rbit=COMRAM \
  -pfarbss=FARRAM,fardata=FARRAM,nvFARRAM=FARRAM \
  -pintsave_regs=BIGRAM,bigbss=BIGRAM,bigdata=BIGRAM -pbss=RAM \
  -pidata=CODE,irdata=CODE,ibigdata=CODE,ifardata=CODE -prparam=COMRAM \
  C:\Users\boris\AppData\Local\Temp\xcDsc5g.3\driver_tmp_14.o \
  dist/default/production\final-project-gorakh-boris.X.production.o 

Object code version is 3.11

Machine type is 18F67K40



                Name                               Link     Load   Length Selector   Space Scale
C:\Users\boris\AppData\Local\Temp\xcDsc5g.3\driver_tmp_14.o
                idloc                            200000   200000       10        0       5
                config                           300000   300000        C        0       4
                init                                 34       34        4        4       0
                reset_vec                             0        0        4        0       0
dist/default/production\final-project-gorakh-boris.X.production.o
                intcode                               8        8       2C        4       0
                idloc                            200000   200000       10        0       5
                config                           300000   300000        C        0       4
                temp                                 5E       5E        1        1       1
                smallconst                          E00      E00       1A      700       0
                text42                             2500     2500        C      70D       0
                text41                             24F4     24F4        C      70D       0
                text40                             245A     245A       24      70D       0
                text39                             23DA     23DA       2E      70D       0
                text38                             2408     2408       2A      70D       0
                text37                             2432     2432       28      70D       0
                text36                             2520     2520        A      70D       0
                text35                             2516     2516        A      70D       0
                text34                             24E8     24E8        C      70D       0
                text33                             247E     247E       20      70D       0
                text32                             2346     2346       34      70D       0
                text31                             1C04     1C04       A4      70D       0
                text30                             1E16     1E16       6A      70D       0
                text29                             23AA     23AA       30      70D       0
                text28                             20A4     20A4       54      70D       0
                text27                             237A     237A       30      70D       0
                text26                             2050     2050       54      70D       0
                text25                              E1A      E1A      6CC      70D       0
                text24                             22D0     22D0       42      70D       0
                text23                             250C     250C        A      70D       0
                text22                             21E8     21E8       50      70D       0
                text21                             2198     2198       50      70D       0
                text20                             2148     2148       50      70D       0
                text19                             20F8     20F8       50      70D       0
                text18                             1FFA     1FFA       56      70D       0
                text17                             1CA8     1CA8       90      70D       0
                text16                             249E     249E       1E      70D       0
                text15                             24BC     24BC       18      70D       0
                text14                             1EE4     1EE4       62      70D       0
                text13                             19D6     19D6       C4      70D       0
                text12                             1B54     1B54       B0      70D       0
                text11                             1D38     1D38       74      70D       0
                text10                             1E80     1E80       64      70D       0
                text9                              2312     2312       34      70D       0
                text8                              2530     2530        2      70D       0
                text7                              1A9A     1A9A       BA      70D       0
                text6                              14E6     14E6      30C      70D       0
                text5                              1FA4     1FA4       56      70D       0
                text4                              2284     2284       4C      70D       0
                text3                              2238     2238       4C      70D       0
                text2                              1F46     1F46       5E      70D       0
                text1                              190E     190E       C8      70D       0
                text0                              17F2     17F2      11C      70D       0
                cstackCOMRAM                          1        1       53        1       1
                cstackBANK0                          86       86       20       60       1
                bssBANK1                            100      100       3C      100       1
                dataBANK0                            A6       A6       14       60       1
                bssBANK0                             60       60       26       60       1
                dataCOMRAM                           54       54        6        1       1
                bssCOMRAM                            5A       5A        4        1       1
                cinit                              1DAC     1DAC       6A      70D       0
                idataBANK0                         24D4     24D4       14      70D       0
                idataCOMRAM                        252A     252A        6      70D       0

TOTAL           Name                               Link     Load   Length     Space
        CLASS   CODE           
                intcode                               8        8       2C         0
                init                                 34       34        4         0
                reset_vec                             0        0        4         0
                text42                             2500     2500        C         0
                text41                             24F4     24F4        C         0
                text40                             245A     245A       24         0
                text39                             23DA     23DA       2E         0
                text38                             2408     2408       2A         0
                text37                             2432     2432       28         0
                text36                             2520     2520        A         0
                text35                             2516     2516        A         0
                text34                             24E8     24E8        C         0
                text33                             247E     247E       20         0
                text32                             2346     2346       34         0
                text31                             1C04     1C04       A4         0
                text30                             1E16     1E16       6A         0
                text29                             23AA     23AA       30         0
                text28                             20A4     20A4       54         0
                text27                             237A     237A       30         0
                text26                             2050     2050       54         0
                text25                              E1A      E1A      6CC         0
                text24                             22D0     22D0       42         0
                text23                             250C     250C        A         0
                text22                             21E8     21E8       50         0
                text21                             2198     2198       50         0
                text20                             2148     2148       50         0
                text19                             20F8     20F8       50         0
                text18                             1FFA     1FFA       56         0
                text17                             1CA8     1CA8       90         0
                text16                             249E     249E       1E         0
                text15                             24BC     24BC       18         0
                text14                             1EE4     1EE4       62         0
                text13                             19D6     19D6       C4         0
                text12                             1B54     1B54       B0         0
                text11                             1D38     1D38       74         0
                text10                             1E80     1E80       64         0
                text9                              2312     2312       34         0
                text8                              2530     2530        2         0
                text7                              1A9A     1A9A       BA         0
                text6                              14E6     14E6      30C         0
                text5                              1FA4     1FA4       56         0
                text4                              2284     2284       4C         0
                text3                              2238     2238       4C         0
                text2                              1F46     1F46       5E         0
                text1                              190E     190E       C8         0
                text0                              17F2     17F2      11C         0
                cinit                              1DAC     1DAC       6A         0
                idataBANK0                         24D4     24D4       14         0
                idataCOMRAM                        252A     252A        6         0

        CLASS   CONST          

        CLASS   SMALLCONST     
                smallconst                          E00      E00       1A         0

        CLASS   MEDIUMCONST    

        CLASS   COMRAM         
                temp                                 5E       5E        1         1
                cstackCOMRAM                          1        1       53         1
                dataCOMRAM                           54       54        6         1
                bssCOMRAM                            5A       5A        4         1

        CLASS   ABS1           

        CLASS   BIGRAM         

        CLASS   RAM            

        CLASS   BANK0          
                cstackBANK0                          86       86       20         1
                dataBANK0                            A6       A6       14         1
                bssBANK0                             60       60       26         1

        CLASS   BANK1          
                bssBANK1                            100      100       3C         1

        CLASS   BANK2          

        CLASS   BANK3          

        CLASS   BANK4          

        CLASS   BANK5          

        CLASS   BANK6          

        CLASS   BANK7          

        CLASS   BANK8          

        CLASS   BANK9          

        CLASS   BANK10         

        CLASS   BANK11         

        CLASS   BANK12         

        CLASS   BANK13         

        CLASS   SFR            

        CLASS   BIGSFR         

        CLASS   CONFIG         
                config                           300000   300000        C         4

        CLASS   IDLOC          
                idloc                            200000   200000       10         5

        CLASS   EEDATA         

        CLASS   FARRAM         

        CLASS   HEAP           

        CLASS   STACK          



SEGMENTS        Name                           Load    Length   Top    Selector   Space  Class

                reset_vec                      000000  000004  000004         0       0  CODE    
                cstackCOMRAM                   000001  00005E  00005F         1       1  COMRAM  
                intcode                        000008  000030  000038         4       0  CODE    
                bssBANK0                       000060  00005A  0000BA        60       1  BANK0   
                bssBANK1                       000100  00003C  00013C       100       1  BANK1   
                smallconst                     000E00  00001A  000E1A       700       0  SMALLCON
                text25                         000E1A  001718  002532       70D       0  CODE    


UNUSED ADDRESS RANGES

        Name                Unused          Largest block    Delta
        BANK0            0000BA-0000FF               46
        BANK1            00013C-0001FF               C4
        BANK10           000A00-000AFF              100
        BANK11           000B00-000BFF              100
        BANK12           000C00-000CFF              100
        BANK13           000D00-000DE9               EA
        BANK2            000200-0002FF              100
        BANK3            000300-0003FF              100
        BANK4            000400-0004FF              100
        BANK5            000500-0005FF              100
        BANK6            000600-0006FF              100
        BANK7            000700-0007FF              100
        BANK8            000800-0008FF              100
        BANK9            000900-0009FF              100
        BIGRAM           00005F-00005F                1
                         0000BA-0000FF               46
                         00013C-000DE9              CAE
        BIGSFR           000DEF-000FFF              211
        CODE             000004-000007                4
                         000038-000DFF              DC8
                         002532-01FFFF            1DACE
        COMRAM           00005F-00005F                1
        CONST            000004-000007                4
                         000038-000DFF              DC8
                         002532-01FFFF            1DACE
        EEDATA           310000-3103FF              400
        MEDIUMCONST      002532-00FFFF             DACE
                         010E00-01FFFF             F200
        RAM              0000BA-0000FF               46
                         00013C-000DE9              100
        SFR              000DEF-000FFF              100
        SMALLCONST       002532-01FFFF              100

                                  Symbol Table

?___awdiv                      cstackCOMRAM 000001
?___awmod                      cstackCOMRAM 000001
?___lldiv                      cstackCOMRAM 000001
?___lmul                       cstackCOMRAM 000001
?___lwdiv                      cstackCOMRAM 000001
?___lwmod                      cstackCOMRAM 000001
?_abs                          cstackCOMRAM 000007
?_color_read_Blue              cstackCOMRAM 000005
?_color_read_Clear             cstackCOMRAM 000005
?_color_read_Green             cstackCOMRAM 000005
?_color_read_Red               cstackCOMRAM 000005
?_max                          cstackCOMRAM 000001
?_maxRGB                       cstackCOMRAM 000007
?_min                          cstackCOMRAM 000001
?_minRGB                       cstackCOMRAM 000007
?_sprintf                      cstackCOMRAM 00001D
?_vfpfcnvrt                    cstackCOMRAM 00000B
?_vfprintf                     cstackCOMRAM 000019
I2C_2_Master_Read@ack          cstackCOMRAM 000003
I2C_2_Master_Read@tmp          cstackCOMRAM 000004
I2C_2_Master_Write@data_byte   cstackCOMRAM 000002
_ANSELDbits                    (abs)        000EA7
_ANSELFbits                    (abs)        000EB4
_BAUD4CONbits                  (abs)        000EE9
_CCP1CONbits                   (abs)        000FAB
_CCP2CONbits                   (abs)        000FA7
_CCP3CONbits                   (abs)        000F26
_CCP4CONbits                   (abs)        000F22
_CCPR1H                        (abs)        000FAA
_CCPR2H                        (abs)        000FA6
_CCPR3H                        (abs)        000F25
_CCPR4H                        (abs)        000F21
_CCPTMRS0bits                  (abs)        000FAD
_I2C_2_Master_Idle             text37       002432
_I2C_2_Master_Init             text38       002408
_I2C_2_Master_Read             text24       0022D0
_I2C_2_Master_RepStart         text23       00250C
_I2C_2_Master_Start            text36       002520
_I2C_2_Master_Stop             text35       002516
_I2C_2_Master_Write            text34       0024E8
_INTCONbits                    (abs)        000FF2
_ISR                           intcode      000008
_LATAbits                      (abs)        000F79
_LATCbits                      (abs)        000F7B
_LATDbits                      (abs)        000F7C
_LATEbits                      (abs)        000F7D
_LATFbits                      (abs)        000F7E
_LATGbits                      (abs)        000F7F
_LATHbits                      (abs)        000F80
_PIE0bits                      (abs)        000E29
_PIR0bits                      (abs)        000E33
_PIR4bits                      (abs)        000E37
_RC0PPS                        (abs)        000E62
_RC4REG                        (abs)        000EE3
_RC4STAbits                    (abs)        000EE7
_RC7PPS                        (abs)        000E69
_RD5PPS                        (abs)        000E6F
_RD6PPS                        (abs)        000E70
_RE2PPS                        (abs)        000E74
_RE4PPS                        (abs)        000E76
_RG6PPS                        (abs)        000E88
_RX4PPS                        (abs)        000E15
_SP4BRGH                       (abs)        000EE6
_SP4BRGL                       (abs)        000EE5
_SSP2ADD                       (abs)        000ED6
_SSP2BUF                       (abs)        000ED5
_SSP2CLKPPS                    (abs)        000E1C
_SSP2CON1bits                  (abs)        000ED9
_SSP2CON2                      (abs)        000EDA
_SSP2CON2bits                  (abs)        000EDA
_SSP2DATPPS                    (abs)        000E1D
_SSP2STAT                      (abs)        000ED8
_T0CON0bits                    (abs)        000FD5
_T0CON1bits                    (abs)        000FD6
_T2CLKCONbits                  (abs)        000FBF
_T2CONbits                     (abs)        000FBD
_T2HLTbits                     (abs)        000FBE
_T2PR                          (abs)        000FBC
_TMR0H                         (abs)        000FD4
_TMR0L                         (abs)        000FD3
_TRISAbits                     (abs)        000F81
_TRISCbits                     (abs)        000F83
_TRISDbits                     (abs)        000F84
_TRISEbits                     (abs)        000F85
_TRISFbits                     (abs)        000F86
_TRISGbits                     (abs)        000F87
_TRISHbits                     (abs)        000F88
_TX4REG                        (abs)        000EE4
_TX4STAbits                    (abs)        000EE8
_Timer0_init                   text40       00245A
__HRAM                         (abs)        000000
__H__absolute__                __absolute__ 000000
__Habs1                        abs1         000000
__Hbank0                       bank0        000000
__Hbank1                       bank1        000000
__Hbank10                      bank10       000000
__Hbank11                      bank11       000000
__Hbank12                      bank12       000000
__Hbank13                      bank13       000000
__Hbank2                       bank2        000000
__Hbank3                       bank3        000000
__Hbank4                       bank4        000000
__Hbank5                       bank5        000000
__Hbank6                       bank6        000000
__Hbank7                       bank7        000000
__Hbank8                       bank8        000000
__Hbank9                       bank9        000000
__Hbigbss                      bigbss       000000
__Hbigdata                     bigdata      000000
__Hbigram                      bigram       000000
__Hbigsfr                      bigsfr       000000
__Hbss                         bss          000000
__HbssBANK0                    bssBANK0     000000
__HbssBANK1                    bssBANK1     000000
__HbssCOMRAM                   bssCOMRAM    000000
__Hcinit                       cinit        000000
__Hclrtext                     clrtext      000000
__Hcomram                      comram       000000
__Hconfig                      config       30000C
__Hconst                       const        000000
__HcstackBANK0                 cstackBANK0  000000
__HcstackCOMRAM                cstackCOMRAM 000000
__Hdata                        data         000000
__HdataBANK0                   dataBANK0    000000
__HdataCOMRAM                  dataCOMRAM   000000
__Heeprom_data                 eeprom_data  000000
__Hfarbss                      farbss       000000
__Hfardata                     fardata      000000
__Hheap                        heap         000000
__Hibigdata                    ibigdata     000000
__Hidata                       idata        000000
__HidataBANK0                  idataBANK0   000000
__HidataCOMRAM                 idataCOMRAM  000000
__Hidloc                       idloc        200010
__Hifardata                    ifardata     000000
__Hinit                        init         000038
__Hintcode                     intcode      000034
__Hintcode_body                intcode_body 000000
__Hintcodelo                   intcodelo    000034
__Hintentry                    intentry     000000
__Hintret                      intret       000000
__Hintsave_regs                intsave_regs 000000
__Hirdata                      irdata       000000
__Hmediumconst                 mediumconst  000000
__HnvFARRAM                    nvFARRAM     000000
__Hnvbit                       nvbit        000000
__Hnvrram                      nvrram       000000
__Hparam                       rparam       000000
__Hpowerup                     powerup      000034
__Hram                         ram          000000
__Hramtop                      ramtop       000E00
__Hrbit                        rbit         000000
__Hrbss                        rbss         000000
__Hrdata                       rdata        000000
__Hreset_vec                   reset_vec    000004
__Hrparam                      rparam       000000
__Hsfr                         sfr          000000
__Hsmallconst                  smallconst   000E1A
__Hspace_0                     (abs)        002532
__Hspace_1                     (abs)        00013C
__Hspace_2                     (abs)        000000
__Hspace_4                     (abs)        60000C
__Hstack                       stack        000000
__Hstruct                      struct       000000
__Htemp                        temp         00005F
__Htext                        text         000000
__Htext0                       text0        000000
__Htext1                       text1        000000
__Htext10                      text10       000000
__Htext11                      text11       000000
__Htext12                      text12       000000
__Htext13                      text13       000000
__Htext14                      text14       000000
__Htext15                      text15       000000
__Htext16                      text16       000000
__Htext17                      text17       000000
__Htext18                      text18       000000
__Htext19                      text19       000000
__Htext2                       text2        000000
__Htext20                      text20       000000
__Htext21                      text21       000000
__Htext22                      text22       000000
__Htext23                      text23       000000
__Htext24                      text24       000000
__Htext25                      text25       000000
__Htext26                      text26       000000
__Htext27                      text27       000000
__Htext28                      text28       000000
__Htext29                      text29       000000
__Htext3                       text3        000000
__Htext30                      text30       000000
__Htext31                      text31       000000
__Htext32                      text32       000000
__Htext33                      text33       000000
__Htext34                      text34       000000
__Htext35                      text35       000000
__Htext36                      text36       000000
__Htext37                      text37       000000
__Htext38                      text38       000000
__Htext39                      text39       000000
__Htext4                       text4        000000
__Htext40                      text40       000000
__Htext41                      text41       000000
__Htext42                      text42       000000
__Htext5                       text5        000000
__Htext6                       text6        000000
__Htext7                       text7        000000
__Htext8                       text8        000000
__Htext9                       text9        000000
__LRAM                         (abs)        000001
__L__absolute__                __absolute__ 000000
__Labs1                        abs1         000000
__Lbank0                       bank0        000000
__Lbank1                       bank1        000000
__Lbank10                      bank10       000000
__Lbank11                      bank11       000000
__Lbank12                      bank12       000000
__Lbank13                      bank13       000000
__Lbank2                       bank2        000000
__Lbank3                       bank3        000000
__Lbank4                       bank4        000000
__Lbank5                       bank5        000000
__Lbank6                       bank6        000000
__Lbank7                       bank7        000000
__Lbank8                       bank8        000000
__Lbank9                       bank9        000000
__Lbigbss                      bigbss       000000
__Lbigdata                     bigdata      000000
__Lbigram                      bigram       000000
__Lbigsfr                      bigsfr       000000
__Lbss                         bss          000000
__LbssBANK0                    bssBANK0     000000
__LbssBANK1                    bssBANK1     000000
__LbssCOMRAM                   bssCOMRAM    000000
__Lcinit                       cinit        000000
__Lclrtext                     clrtext      000000
__Lcomram                      comram       000000
__Lconfig                      config       000000
__Lconst                       const        000000
__LcstackBANK0                 cstackBANK0  000000
__LcstackCOMRAM                cstackCOMRAM 000000
__Ldata                        data         000000
__LdataBANK0                   dataBANK0    000000
__LdataCOMRAM                  dataCOMRAM   000000
__Leeprom_data                 eeprom_data  000000
__Lfarbss                      farbss       000000
__Lfardata                     fardata      000000
__Lheap                        heap         000000
__Libigdata                    ibigdata     000000
__Lidata                       idata        000000
__LidataBANK0                  idataBANK0   000000
__LidataCOMRAM                 idataCOMRAM  000000
__Lidloc                       idloc        000000
__Lifardata                    ifardata     000000
__Linit                        init         000034
__Lintcode                     intcode      000008
__Lintcode_body                intcode_body 000000
__Lintcodelo                   intcodelo    000034
__Lintentry                    intentry     000000
__Lintret                      intret       000000
__Lintsave_regs                intsave_regs 000000
__Lirdata                      irdata       000000
__Lmediumconst                 mediumconst  000000
__LnvFARRAM                    nvFARRAM     000000
__Lnvbit                       nvbit        000000
__Lnvrram                      nvrram       000000
__Lparam                       rparam       000000
__Lpowerup                     powerup      000034
__Lram                         ram          000000
__Lramtop                      ramtop       000E00
__Lrbit                        rbit         000000
__Lrbss                        rbss         000000
__Lrdata                       rdata        000000
__Lreset_vec                   reset_vec    000000
__Lrparam                      rparam       000000
__Lsfr                         sfr          000000
__Lsmallconst                  smallconst   000E00
__Lspace_0                     (abs)        000000
__Lspace_1                     (abs)        000000
__Lspace_2                     (abs)        000000
__Lspace_4                     (abs)        000000
__Lstack                       stack        000000
__Lstruct                      struct       000000
__Ltemp                        temp         00005E
__Ltext                        text         000000
__Ltext0                       text0        000000
__Ltext1                       text1        000000
__Ltext10                      text10       000000
__Ltext11                      text11       000000
__Ltext12                      text12       000000
__Ltext13                      text13       000000
__Ltext14                      text14       000000
__Ltext15                      text15       000000
__Ltext16                      text16       000000
__Ltext17                      text17       000000
__Ltext18                      text18       000000
__Ltext19                      text19       000000
__Ltext2                       text2        000000
__Ltext20                      text20       000000
__Ltext21                      text21       000000
__Ltext22                      text22       000000
__Ltext23                      text23       000000
__Ltext24                      text24       000000
__Ltext25                      text25       000000
__Ltext26                      text26       000000
__Ltext27                      text27       000000
__Ltext28                      text28       000000
__Ltext29                      text29       000000
__Ltext3                       text3        000000
__Ltext30                      text30       000000
__Ltext31                      text31       000000
__Ltext32                      text32       000000
__Ltext33                      text33       000000
__Ltext34                      text34       000000
__Ltext35                      text35       000000
__Ltext36                      text36       000000
__Ltext37                      text37       000000
__Ltext38                      text38       000000
__Ltext39                      text39       000000
__Ltext4                       text4        000000
__Ltext40                      text40       000000
__Ltext41                      text41       000000
__Ltext42                      text42       000000
__Ltext5                       text5        000000
__Ltext6                       text6        000000
__Ltext7                       text7        000000
__Ltext8                       text8        000000
__Ltext9                       text9        000000
__S0                           (abs)        002532
__S1                           (abs)        00013C
__S4                           (abs)        000000
__S5                           (abs)        000000
___awdiv                       text13       0019D6
___awdiv@counter               cstackCOMRAM 000005
___awdiv@dividend              cstackCOMRAM 000001
___awdiv@divisor               cstackCOMRAM 000003
___awdiv@quotient              cstackCOMRAM 000007
___awdiv@sign                  cstackCOMRAM 000006
___awmod                       text12       001B54
___awmod@counter               cstackCOMRAM 000005
___awmod@dividend              cstackCOMRAM 000001
___awmod@divisor               cstackCOMRAM 000003
___awmod@sign                  cstackCOMRAM 000006
___heap_hi                     (abs)        000000
___heap_lo                     (abs)        000000
___inthi_sp                    stack        000000
___inthi_stack_hi              stack        000000
___inthi_stack_lo              stack        000000
___intlo_sp                    stack        000000
___intlo_stack_hi              stack        000000
___intlo_stack_lo              stack        000000
___lldiv                       text31       001C04
___lldiv@counter               cstackCOMRAM 00000D
___lldiv@dividend              cstackCOMRAM 000001
___lldiv@divisor               cstackCOMRAM 000005
___lldiv@quotient              cstackCOMRAM 000009
___lmul                        text30       001E16
___lmul@multiplicand           cstackCOMRAM 000005
___lmul@multiplier             cstackCOMRAM 000001
___lmul@product                cstackCOMRAM 000009
___lwdiv                       text11       001D38
___lwdiv@counter               cstackCOMRAM 000007
___lwdiv@dividend              cstackCOMRAM 000001
___lwdiv@divisor               cstackCOMRAM 000003
___lwdiv@quotient              cstackCOMRAM 000005
___lwmod                       text10       001E80
___lwmod@counter               cstackCOMRAM 000005
___lwmod@dividend              cstackCOMRAM 000001
___lwmod@divisor               cstackCOMRAM 000003
___param_bank                  (abs)        000000
___rparam_used                 (abs)        000001
___sp                          stack        000000
___stack_hi                    stack        000000
___stack_lo                    stack        000000
__accesstop                    (abs)        000060
__activetblptr                 (abs)        000003
__end_of_I2C_2_Master_Idle     text37       00245A
__end_of_I2C_2_Master_Init     text38       002432
__end_of_I2C_2_Master_Read     text24       002312
__end_of_I2C_2_Master_RepStart text23       002516
__end_of_I2C_2_Master_Start    text36       00252A
__end_of_I2C_2_Master_Stop     text35       002520
__end_of_I2C_2_Master_Write    text34       0024F4
__end_of_ISR                   intcode      000034
__end_of_Timer0_init           text40       00247E
__end_of___awdiv               text13       001A9A
__end_of___awmod               text12       001C04
__end_of___lldiv               text31       001CA8
__end_of___lmul                text30       001E80
__end_of___lwdiv               text11       001DAC
__end_of___lwmod               text10       001EE4
__end_of__initialization       cinit        001E0C
__end_of_abs                   text9        002346
__end_of_buggy_lights_init     text39       002408
__end_of_color_click_init      text32       00237A
__end_of_color_read_Blue       text22       002238
__end_of_color_read_Clear      text21       0021E8
__end_of_color_read_Green      text20       002198
__end_of_color_read_Red        text19       002148
__end_of_color_writetoaddr     text33       00249E
__end_of_fputc                 text7        001B54
__end_of_getHSVval             text25       0014E6
__end_of_getRGBCval            text18       002050
__end_of_initDCmotorsPWM       text17       001D38
__end_of_initUSART4            text16       0024BC
__end_of_main                  text0        00190E
__end_of_max                   text29       0023DA
__end_of_maxRGB                text28       0020F8
__end_of_min                   text27       0023AA
__end_of_minRGB                text26       0020A4
__end_of_putch                 text8        002532
__end_of_reset_timer           text41       002500
__end_of_sendCharSerial4       text15       0024D4
__end_of_sendHSVvalSerial4     text3        002284
__end_of_sendRGBCvalSerial4    text2        001FA4
__end_of_sendStringSerial4     text14       001F46
__end_of_sprintf               text4        0022D0
__end_of_toggle_tricolour_LED  text1        0019D6
__end_of_vfpfcnvrt             text6        0017F2
__end_of_vfprintf              text5        001FFA
__end_of_write_timer           text42       00250C
__initialization               cinit        001DAC
__mediumconst                  mediumconst  000000
__pbssBANK0                    bssBANK0     000060
__pbssBANK1                    bssBANK1     000100
__pbssCOMRAM                   bssCOMRAM    00005A
__pcinit                       cinit        001DAC
__pcstackBANK0                 cstackBANK0  000086
__pcstackCOMRAM                cstackCOMRAM 000001
__pdataBANK0                   dataBANK0    0000A6
__pdataCOMRAM                  dataCOMRAM   000054
__pidataBANK0                  idataBANK0   0024D4
__pidataCOMRAM                 idataCOMRAM  00252A
__pintcode                     intcode      000008
__psmallconst                  smallconst   000E00
__ptext0                       text0        0017F2
__ptext1                       text1        00190E
__ptext10                      text10       001E80
__ptext11                      text11       001D38
__ptext12                      text12       001B54
__ptext13                      text13       0019D6
__ptext14                      text14       001EE4
__ptext15                      text15       0024BC
__ptext16                      text16       00249E
__ptext17                      text17       001CA8
__ptext18                      text18       001FFA
__ptext19                      text19       0020F8
__ptext2                       text2        001F46
__ptext20                      text20       002148
__ptext21                      text21       002198
__ptext22                      text22       0021E8
__ptext23                      text23       00250C
__ptext24                      text24       0022D0
__ptext25                      text25       000E1A
__ptext26                      text26       002050
__ptext27                      text27       00237A
__ptext28                      text28       0020A4
__ptext29                      text29       0023AA
__ptext3                       text3        002238
__ptext30                      text30       001E16
__ptext31                      text31       001C04
__ptext32                      text32       002346
__ptext33                      text33       00247E
__ptext34                      text34       0024E8
__ptext35                      text35       002516
__ptext36                      text36       002520
__ptext37                      text37       002432
__ptext38                      text38       002408
__ptext39                      text39       0023DA
__ptext4                       text4        002284
__ptext40                      text40       00245A
__ptext41                      text41       0024F4
__ptext42                      text42       002500
__ptext5                       text5        001FA4
__ptext6                       text6        0014E6
__ptext7                       text7        001A9A
__ptext8                       text8        002530
__ptext9                       text9        002312
__ramtop                       ramtop       000E00
__smallconst                   smallconst   000E00
_abs                           text9        002312
_buggy_lights_init             text39       0023DA
_color_click_init              text32       002346
_color_read_Blue               text22       0021E8
_color_read_Clear              text21       002198
_color_read_Green              text20       002148
_color_read_Red                text19       0020F8
_color_writetoaddr             text33       00247E
_dbuf                          bssBANK0     000060
_flags                         bssCOMRAM    00005A
_fputc                         text7        001A9A
_getHSVval                     text25       000E1A
_getRGBCval                    text18       001FFA
_headbuttDelay                 dataBANK0    0000AC
_initDCmotorsPWM               text17       001CA8
_initUSART4                    text16       00249E
_main                          text0        0017F2
_manoeuvre_count               bssCOMRAM    00005B
_manoeuvre_pointer             dataBANK0    0000A6
_max                           text29       0023AA
_maxRGB                        text28       0020A4
_maxRGB$3154                   cstackCOMRAM 000009
_min                           text27       00237A
_minRGB                        text26       002050
_minRGB$3155                   cstackCOMRAM 000009
_nout                          bssBANK0     000080
_prec                          bssBANK0     000084
_putch                         text8        002530
_rampDelay                     dataCOMRAM   000059
_reset_timer                   text41       0024F4
_return_flag                   bssCOMRAM    00005C
_returning                     bssCOMRAM    00005D
_sendCharSerial4               text15       0024BC
_sendHSVvalSerial4             text3        002238
_sendRGBCvalSerial4            text2        001F46
_sendStringSerial4             text14       001EE4
_sprintf                       text4        002284
_squareDelay                   dataBANK0    0000AA
_timer_high_pointer            dataCOMRAM   000054
_timer_low_pointer             dataBANK0    0000A8
_toggle_tricolour_LED          text1        00190E
_topGearLeft                   dataCOMRAM   000058
_topGearRight                  dataCOMRAM   000057
_trail_manoeuvre               bssBANK1     000100
_trail_timer_high              bssBANK1     000128
_trail_timer_low               bssBANK1     000114
_turn180Delay                  dataBANK0    0000AE
_turnLeft135Delay              dataBANK0    0000B2
_turnLeft90Delay               dataBANK0    0000B6
_turnRight135Delay             dataBANK0    0000B0
_turnRight90Delay              dataBANK0    0000B4
_turningGear                   dataCOMRAM   000056
_vfpfcnvrt                     text6        0014E6
_vfprintf                      text5        001FA4
_wall_threshold                dataBANK0    0000B8
_width                         bssBANK0     000082
_write_timer                   text42       002500
abs@a                          cstackCOMRAM 000007
btemp                          temp         00005E
color_read_Blue@tmp            cstackCOMRAM 00000A
color_read_Clear@tmp           cstackCOMRAM 00000A
color_read_Green@tmp           cstackCOMRAM 00000A
color_read_Red@tmp             cstackCOMRAM 00000A
color_writetoaddr@address      cstackCOMRAM 000004
color_writetoaddr@value        cstackCOMRAM 000003
end_of_initialization          cinit        001E0C
fputc@c                        cstackCOMRAM 000001
fputc@fp                       cstackCOMRAM 000003
getHSVval@C                    cstackCOMRAM 00003E
getHSVval@H                    cstackCOMRAM 00001E
getHSVval@M                    cstackCOMRAM 00003C
getHSVval@S                    cstackCOMRAM 00001C
getHSVval@Sz                   cstackCOMRAM 000018
getHSVval@m                    cstackCOMRAM 00001A
getHSVval@p1                   cstackCOMRAM 00000E
getHSVval@p2                   cstackCOMRAM 00000F
getHSVval@temp                 cstackCOMRAM 000024
getHSVval@temp_620             cstackCOMRAM 000038
getHSVval@temp_621             cstackCOMRAM 000028
getHSVval@temp_622             cstackCOMRAM 00002C
getHSVval@temp_623             cstackCOMRAM 000030
getHSVval@temp_624             cstackCOMRAM 000034
getHSVval@temp_625             cstackCOMRAM 000020
getRGBCval@p                   cstackCOMRAM 00000C
initDCmotorsPWM@PWMperiod      cstackCOMRAM 000001
int$flags                      temp         00005E
intlevel0                      text         000000
intlevel1                      text         000000
intlevel2                      text         000000
intlevel3                      text         000000
isa$std                        (abs)        000001
isa$xinst                      (abs)        000000
main@HSV_colour                cstackBANK0  000086
main@measured_colour           cstackBANK0  00009E
main@motorL                    cstackBANK0  00008C
main@motorR                    cstackBANK0  000095
max@a                          cstackCOMRAM 000001
max@b                          cstackCOMRAM 000003
max@max_val                    cstackCOMRAM 000005
maxRGB@p                       cstackCOMRAM 000007
min@a                          cstackCOMRAM 000001
min@b                          cstackCOMRAM 000003
min@min_val                    cstackCOMRAM 000005
minRGB@p                       cstackCOMRAM 000007
sendCharSerial4@charToSend     cstackCOMRAM 000001
sendHSVvalSerial4@col_val      cstackCOMRAM 000037
sendHSVvalSerial4@tempStr      cstackCOMRAM 000038
sendRGBCvalSerial4@col_val     cstackCOMRAM 000037
sendRGBCvalSerial4@tempStr     cstackCOMRAM 000038
sendStringSerial4@string       cstackCOMRAM 000002
sprintf@ap                     cstackCOMRAM 00002A
sprintf@f                      cstackCOMRAM 00002B
sprintf@fmt                    cstackCOMRAM 00001F
sprintf@ret                    cstackCOMRAM 000028
sprintf@s                      cstackCOMRAM 00001D
stackhi                        (abs)        000000
stacklo                        (abs)        000000
start                          init         000034
start_initialization           cinit        001DAC
ttemp5                         temp         00005F
ttemp6                         temp         000062
ttemp7                         temp         000066
vfpfcnvrt@ap                   cstackCOMRAM 00000D
vfpfcnvrt@c                    cstackCOMRAM 000018
vfpfcnvrt@cnt                  cstackCOMRAM 000011
vfpfcnvrt@convarg              cstackCOMRAM 000014
vfpfcnvrt@cp                   cstackCOMRAM 000013
vfpfcnvrt@done                 cstackCOMRAM 000010
vfpfcnvrt@fmt                  cstackCOMRAM 00000C
vfpfcnvrt@fp                   cstackCOMRAM 00000B
vfprintf@ap                    cstackCOMRAM 00001B
vfprintf@cfmt                  cstackCOMRAM 00001C
vfprintf@fmt                   cstackCOMRAM 00001A
vfprintf@fp                    cstackCOMRAM 000019
write_timer@tH                 cstackCOMRAM 000002
write_timer@tL                 cstackCOMRAM 000001
wtemp8                         temp         00005F


MODULE INFORMATION

Module		Function		Class		Link	Load	Size
serial.c
		_sendStringSerial4		CODE           	1EE4	0000	98
		_sendRGBCvalSerial4		CODE           	1F46	0000	94
		_sendCharSerial4		CODE           	24BC	0000	24
		_sendHSVvalSerial4		CODE           	2238	0000	76
		_initUSART4    		CODE           	249E	0000	30

serial.c estimated size: 322

timers.c
		_Timer0_init   		CODE           	245A	0000	36
		_ISR           		CODE           	0008	0000	44
		_write_timer   		CODE           	2500	0000	12
		_reset_timer   		CODE           	24F4	0000	12

timers.c estimated size: 104

color.c
		_color_writetoaddr		CODE           	247E	0000	32
		_minRGB        		CODE           	2050	0000	84
		_min           		CODE           	237A	0000	48
		_color_click_init		CODE           	2346	0000	52
		_getRGBCval    		CODE           	1FFA	0000	86
		_maxRGB        		CODE           	20A4	0000	84
		_max           		CODE           	23AA	0000	48
		_color_read_Green		CODE           	2148	0000	80
		_color_read_Clear		CODE           	2198	0000	80
		_getHSVval     		CODE           	0E1A	0000	1740
		_color_read_Red		CODE           	20F8	0000	80
		_color_read_Blue		CODE           	21E8	0000	80

color.c estimated size: 2494

dc_motor.c
		_initDCmotorsPWM		CODE           	1CA8	0000	144

dc_motor.c estimated size: 144

buggy_lights.c
		_buggy_lights_init		CODE           	23DA	0000	46
		_toggle_tricolour_LED		CODE           	190E	0000	200

buggy_lights.c estimated size: 246

i2c.c
		_I2C_2_Master_Start		CODE           	2520	0000	10
		_I2C_2_Master_Read		CODE           	22D0	0000	66
		_I2C_2_Master_Idle		CODE           	2432	0000	40
		_I2C_2_Master_Init		CODE           	2408	0000	42
		_I2C_2_Master_Stop		CODE           	2516	0000	10
		_I2C_2_Master_RepStart		CODE           	250C	0000	10
		_I2C_2_Master_Write		CODE           	24E8	0000	12

i2c.c estimated size: 190

C:\Program Files\Microchip\xc8\v2.45\pic\sources\c99\common\Umul32.c
		___lmul        		CODE           	1E16	0000	106

C:\Program Files\Microchip\xc8\v2.45\pic\sources\c99\common\Umul32.c estimated size: 106

C:\Program Files\Microchip\xc8\v2.45\pic\sources\c99\common\nf_sprintf.c
		_sprintf       		CODE           	2284	0000	76

C:\Program Files\Microchip\xc8\v2.45\pic\sources\c99\common\nf_sprintf.c estimated size: 76

C:\Program Files\Microchip\xc8\v2.45\pic\sources\c99\common\lwmod.c
		___lwmod       		CODE           	1E80	0000	100

C:\Program Files\Microchip\xc8\v2.45\pic\sources\c99\common\lwmod.c estimated size: 100

C:\Program Files\Microchip\xc8\v2.45\pic\sources\c99\common\awmod.c
		___awmod       		CODE           	1B54	0000	176

C:\Program Files\Microchip\xc8\v2.45\pic\sources\c99\common\awmod.c estimated size: 176

C:\Program Files\Microchip\xc8\v2.45\pic\sources\c99\common\putch.c
		_putch         		CODE           	2530	0000	2

C:\Program Files\Microchip\xc8\v2.45\pic\sources\c99\common\putch.c estimated size: 2

shared
		__initialization		CODE           	1DAC	0000	96

shared estimated size: 96

C:\Program Files\Microchip\xc8\v2.45\pic\sources\c99\common\abs.c
		_abs           		CODE           	2312	0000	52

C:\Program Files\Microchip\xc8\v2.45\pic\sources\c99\common\abs.c estimated size: 52

C:\Program Files\Microchip\xc8\v2.45\pic\sources\c99\common\__lldiv.c
		___lldiv       		CODE           	1C04	0000	164

C:\Program Files\Microchip\xc8\v2.45\pic\sources\c99\common\__lldiv.c estimated size: 164

main.c
		_main          		CODE           	17F2	0000	284

main.c estimated size: 284

C:\Program Files\Microchip\xc8\v2.45\pic\sources\c99\common\nf_fputc.c
		_fputc         		CODE           	1A9A	0000	186

C:\Program Files\Microchip\xc8\v2.45\pic\sources\c99\common\nf_fputc.c estimated size: 186

C:\Program Files\Microchip\xc8\v2.45\pic\sources\c99\common\doprnt.c
		_vfpfcnvrt     		CODE           	14E6	0000	780
		_vfprintf      		CODE           	1FA4	0000	86

C:\Program Files\Microchip\xc8\v2.45\pic\sources\c99\common\doprnt.c estimated size: 866

C:\Program Files\Microchip\xc8\v2.45\pic\sources\c99\common\lwdiv.c
		___lwdiv       		CODE           	1D38	0000	116

C:\Program Files\Microchip\xc8\v2.45\pic\sources\c99\common\lwdiv.c estimated size: 116

C:\Program Files\Microchip\xc8\v2.45\pic\sources\c99\common\awdiv.c
		___awdiv       		CODE           	19D6	0000	196

C:\Program Files\Microchip\xc8\v2.45\pic\sources\c99\common\awdiv.c estimated size: 196

