Microchip MPLAB XC8 Compiler V2.45

Linker command line:

-W-3 \
  --edf=C:\Program Files\Microchip\xc8\v2.45\pic\dat\20230818022343_en.msgs \
  -cn \
  -h+dist/default/production\final-project-gorakh-boris.X.production.sym \
  --cmf=dist/default/production\final-project-gorakh-boris.X.production.cmf \
  -z -Q18F67K40 -oC:\Users\boris\AppData\Local\Temp\xcAscfo.\driver_tmp_3.o \
  --defsym=__MPLAB_BUILD=1 --fixupoverflow=error \
  -Mdist/default/production/final-project-gorakh-boris.X.production.map \
  --md=C:\Users\boris\AppData\Local\Temp\xcAscfo.\driver_tmp_0.dat -E1 \
  -ver=XC8 Compiler --acfsm=1493 -ACODE=00h-01FFFFh -ACONST=00h-01FFFFh \
  -ASMALLCONST=0E00h-0EFFhx498 -AMEDIUMCONST=0E00h-0FFFFh,010E00h-01FFFFh \
  -ACOMRAM=01h-05Fh -AABS1=00h-0DE9h -ABIGRAM=01h-0DE9h \
  -ARAM=060h-0FFh,0100h-01FFhx12,0D00h-0DE9h -ABANK0=060h-0FFh \
  -ABANK1=0100h-01FFh -ABANK2=0200h-02FFh -ABANK3=0300h-03FFh \
  -ABANK4=0400h-04FFh -ABANK5=0500h-05FFh -ABANK6=0600h-06FFh \
  -ABANK7=0700h-07FFh -ABANK8=0800h-08FFh -ABANK9=0900h-09FFh \
  -ABANK10=0A00h-0AFFh -ABANK11=0B00h-0BFFh -ABANK12=0C00h-0CFFh \
  -ABANK13=0D00h-0DE9h \
  -ASFR=0DEFh-0DFFh,0E00h-0EFFh,0F00h-0F5Fh,0F60h-0FFFh \
  -ABIGSFR=0DEFh-0FFFh -ACONFIG=0300000h-030000Bh -AIDLOC=0200000h-020000Fh \
  -AEEDATA=0310000h-03103FFh -peeprom_data=EEDATA \
  -preset_vec=00h,intcode=08h,intcodelo,powerup,init -pramtop=0E00h \
  -psmallconst=SMALLCONST -pmediumconst=MEDIUMCONST -pconst=CONST \
  -AFARRAM=00h-00h \
  -prdata=COMRAM,nvrram=COMRAM,nvbit=COMRAM,rbss=COMRAM,rbit=COMRAM \
  -pfarbss=FARRAM,fardata=FARRAM,nvFARRAM=FARRAM \
  -pintsave_regs=BIGRAM,bigbss=BIGRAM,bigdata=BIGRAM -pbss=RAM \
  -pidata=CODE,irdata=CODE,ibigdata=CODE,ifardata=CODE -prparam=COMRAM \
  C:\Users\boris\AppData\Local\Temp\xcAscfo.\driver_tmp_14.o \
  dist/default/production\final-project-gorakh-boris.X.production.o 

Object code version is 3.11

Machine type is 18F67K40



                Name                               Link     Load   Length Selector   Space Scale
C:\Users\boris\AppData\Local\Temp\xcAscfo.\driver_tmp_14.o
                idloc                            200000   200000       10        0       5
                config                           300000   300000        C        0       4
                init                                 20       20        4        4       0
                reset_vec                             0        0        4        0       0
dist/default/production\final-project-gorakh-boris.X.production.o
                intcode                               8        8       18        4       0
                idloc                            200000   200000       10        0       5
                config                           300000   300000        C        0       4
                temp                                 5F       5F        1        1       1
                smallconst                          E00      E00        A      700       0
                text23                             16C0     16C0       28      705       0
                text22                             1532     1532       4E      705       0
                text21                             166E     166E       2A      705       0
                text20                             1698     1698       28      705       0
                text19                             1776     1776        A      705       0
                text18                             176C     176C        A      705       0
                text17                             1760     1760        C      705       0
                text16                             170A     170A       20      705       0
                text15                             163A     163A       34      705       0
                text14                             133E     133E       90      705       0
                text13                             172A     172A       1E      705       0
                text12                             15CC     15CC       3A      705       0
                text11                             1748     1748       18      705       0
                text10                             13CE     13CE       62      705       0
                text9                              1110     1110       C4      705       0
                text8                              128E     128E       B0      705       0
                text7                              1606     1606       34      705       0
                text6                              1780     1780        2      705       0
                text5                              11D4     11D4       BA      705       0
                text4                               E0A      E0A      1F6      705       0
                text3                              148C     148C       56      705       0
                text2                              1580     1580       4C      705       0
                text1                              16E8     16E8       22      705       0
                text0                              1000     1000      110      705       0
                cstackCOMRAM                          1        1       59        1       1
                bssBANK1                            100      100       3C      100       1
                dataBANK0                            60       60       50       60       1
                bssBANK0                             B0       B0       3D       60       1
                dataCOMRAM                           5E       5E        1        1       1
                bssCOMRAM                            5A       5A        4        1       1
                cinit                              1430     1430       5C      705       0
                idataBANK0                         14E2     14E2       50      705       0
                idataCOMRAM                        1782     1782        1      705       0

TOTAL           Name                               Link     Load   Length     Space
        CLASS   CODE           
                intcode                               8        8       18         0
                init                                 20       20        4         0
                reset_vec                             0        0        4         0
                text23                             16C0     16C0       28         0
                text22                             1532     1532       4E         0
                text21                             166E     166E       2A         0
                text20                             1698     1698       28         0
                text19                             1776     1776        A         0
                text18                             176C     176C        A         0
                text17                             1760     1760        C         0
                text16                             170A     170A       20         0
                text15                             163A     163A       34         0
                text14                             133E     133E       90         0
                text13                             172A     172A       1E         0
                text12                             15CC     15CC       3A         0
                text11                             1748     1748       18         0
                text10                             13CE     13CE       62         0
                text9                              1110     1110       C4         0
                text8                              128E     128E       B0         0
                text7                              1606     1606       34         0
                text6                              1780     1780        2         0
                text5                              11D4     11D4       BA         0
                text4                               E0A      E0A      1F6         0
                text3                              148C     148C       56         0
                text2                              1580     1580       4C         0
                text1                              16E8     16E8       22         0
                text0                              1000     1000      110         0
                cinit                              1430     1430       5C         0
                idataBANK0                         14E2     14E2       50         0
                idataCOMRAM                        1782     1782        1         0

        CLASS   CONST          

        CLASS   SMALLCONST     
                smallconst                          E00      E00        A         0

        CLASS   MEDIUMCONST    

        CLASS   COMRAM         
                temp                                 5F       5F        1         1
                cstackCOMRAM                          1        1       59         1
                dataCOMRAM                           5E       5E        1         1
                bssCOMRAM                            5A       5A        4         1

        CLASS   ABS1           

        CLASS   BIGRAM         

        CLASS   RAM            

        CLASS   BANK0          
                dataBANK0                            60       60       50         1
                bssBANK0                             B0       B0       3D         1

        CLASS   BANK1          
                bssBANK1                            100      100       3C         1

        CLASS   BANK2          

        CLASS   BANK3          

        CLASS   BANK4          

        CLASS   BANK5          

        CLASS   BANK6          

        CLASS   BANK7          

        CLASS   BANK8          

        CLASS   BANK9          

        CLASS   BANK10         

        CLASS   BANK11         

        CLASS   BANK12         

        CLASS   BANK13         

        CLASS   SFR            

        CLASS   BIGSFR         

        CLASS   CONFIG         
                config                           300000   300000        C         4

        CLASS   IDLOC          
                idloc                            200000   200000       10         5

        CLASS   EEDATA         

        CLASS   FARRAM         

        CLASS   HEAP           

        CLASS   STACK          



SEGMENTS        Name                           Load    Length   Top    Selector   Space  Class

                reset_vec                      000000  000004  000004         0       0  CODE    
                cstackCOMRAM                   000001  00005F  000060         1       1  COMRAM  
                intcode                        000008  00001C  000024         4       0  CODE    
                dataBANK0                      000060  00008D  0000ED        60       1  BANK0   
                bssBANK1                       000100  00003C  00013C       100       1  BANK1   
                smallconst                     000E00  00000A  000E0A       700       0  SMALLCON
                text4                          000E0A  000979  001783       705       0  CODE    


UNUSED ADDRESS RANGES

        Name                Unused          Largest block    Delta
        BANK0            0000ED-0000FF               13
        BANK1            00013C-0001FF               C4
        BANK10           000A00-000AFF              100
        BANK11           000B00-000BFF              100
        BANK12           000C00-000CFF              100
        BANK13           000D00-000DE9               EA
        BANK2            000200-0002FF              100
        BANK3            000300-0003FF              100
        BANK4            000400-0004FF              100
        BANK5            000500-0005FF              100
        BANK6            000600-0006FF              100
        BANK7            000700-0007FF              100
        BANK8            000800-0008FF              100
        BANK9            000900-0009FF              100
        BIGRAM           0000ED-0000FF               13
                         00013C-000DE9              CAE
        BIGSFR           000DEF-000FFF              211
        CODE             000004-000007                4
                         000024-000DFF              DDC
                         001783-01FFFF            1E87D
        CONST            000004-000007                4
                         000024-000DFF              DDC
                         001783-01FFFF            1E87D
        EEDATA           310000-3103FF              400
        MEDIUMCONST      001783-00FFFF             E87D
                         010E00-01FFFF             F200
        RAM              0000ED-0000FF               13
                         00013C-000DE9              100
        SFR              000DEF-000FFF              100
        SMALLCONST       001783-01FFFF              100

                                  Symbol Table

?___awdiv                    cstackCOMRAM 000001
?___awmod                    cstackCOMRAM 000001
?_abs                        cstackCOMRAM 000007
?_sprintf                    cstackCOMRAM 00001C
?_vfpfcnvrt                  cstackCOMRAM 00000B
?_vfprintf                   cstackCOMRAM 000018
I2C_2_Master_Write@data_byte cstackCOMRAM 000002
_ANSELDbits                  (abs)        000EA7
_ANSELFbits                  (abs)        000EB4
_BAUD4CONbits                (abs)        000EE9
_CCP1CONbits                 (abs)        000FAB
_CCP2CONbits                 (abs)        000FA7
_CCP3CONbits                 (abs)        000F26
_CCP4CONbits                 (abs)        000F22
_CCPR1H                      (abs)        000FAA
_CCPR2H                      (abs)        000FA6
_CCPR3H                      (abs)        000F25
_CCPR4H                      (abs)        000F21
_CCPTMRS0bits                (abs)        000FAD
_EUSART4RXbuf                bssBANK0     0000D0
_EUSART4TXbuf                bssBANK1     000100
_I2C_2_Master_Idle           text20       001698
_I2C_2_Master_Init           text21       00166E
_I2C_2_Master_Start          text19       001776
_I2C_2_Master_Stop           text18       00176C
_I2C_2_Master_Write          text17       001760
_INTCONbits                  (abs)        000FF2
_ISR                         intcode      000008
_LATAbits                    (abs)        000F79
_LATCbits                    (abs)        000F7B
_LATDbits                    (abs)        000F7C
_LATEbits                    (abs)        000F7D
_LATFbits                    (abs)        000F7E
_LATGbits                    (abs)        000F7F
_LATHbits                    (abs)        000F80
_PIE0bits                    (abs)        000E29
_PIE4bits                    (abs)        000E2D
_PIR0bits                    (abs)        000E33
_PIR4bits                    (abs)        000E37
_PORTFbits                   (abs)        000F8E
_RC0PPS                      (abs)        000E62
_RC4REG                      (abs)        000EE3
_RC4STAbits                  (abs)        000EE7
_RC7PPS                      (abs)        000E69
_RD5PPS                      (abs)        000E6F
_RD6PPS                      (abs)        000E70
_RE2PPS                      (abs)        000E74
_RE4PPS                      (abs)        000E76
_RG6PPS                      (abs)        000E88
_RX4PPS                      (abs)        000E15
_RxBufReadCnt                bssCOMRAM    00005C
_RxBufWriteCnt               bssCOMRAM    00005D
_SP4BRGH                     (abs)        000EE6
_SP4BRGL                     (abs)        000EE5
_SSP2ADD                     (abs)        000ED6
_SSP2BUF                     (abs)        000ED5
_SSP2CLKPPS                  (abs)        000E1C
_SSP2CON1bits                (abs)        000ED9
_SSP2CON2                    (abs)        000EDA
_SSP2CON2bits                (abs)        000EDA
_SSP2DATPPS                  (abs)        000E1D
_SSP2STAT                    (abs)        000ED8
_T0CON0bits                  (abs)        000FD5
_T0CON1bits                  (abs)        000FD6
_T2CLKCONbits                (abs)        000FBF
_T2CONbits                   (abs)        000FBD
_T2HLTbits                   (abs)        000FBE
_T2PR                        (abs)        000FBC
_TMR0H                       (abs)        000FD4
_TMR0L                       (abs)        000FD3
_TRISAbits                   (abs)        000F81
_TRISCbits                   (abs)        000F83
_TRISDbits                   (abs)        000F84
_TRISEbits                   (abs)        000F85
_TRISFbits                   (abs)        000F86
_TRISGbits                   (abs)        000F87
_TRISHbits                   (abs)        000F88
_TX4REG                      (abs)        000EE4
_TX4STAbits                  (abs)        000EE8
_Timer0_init                 text23       0016C0
_TxBufReadCnt                bssCOMRAM    00005A
_TxBufWriteCnt               bssCOMRAM    00005B
__HRAM                       (abs)        000000
__H__absolute__              __absolute__ 000000
__Habs1                      abs1         000000
__Hbank0                     bank0        000000
__Hbank1                     bank1        000000
__Hbank10                    bank10       000000
__Hbank11                    bank11       000000
__Hbank12                    bank12       000000
__Hbank13                    bank13       000000
__Hbank2                     bank2        000000
__Hbank3                     bank3        000000
__Hbank4                     bank4        000000
__Hbank5                     bank5        000000
__Hbank6                     bank6        000000
__Hbank7                     bank7        000000
__Hbank8                     bank8        000000
__Hbank9                     bank9        000000
__Hbigbss                    bigbss       000000
__Hbigdata                   bigdata      000000
__Hbigram                    bigram       000000
__Hbigsfr                    bigsfr       000000
__Hbss                       bss          000000
__HbssBANK0                  bssBANK0     000000
__HbssBANK1                  bssBANK1     000000
__HbssCOMRAM                 bssCOMRAM    000000
__Hcinit                     cinit        000000
__Hclrtext                   clrtext      000000
__Hcomram                    comram       000000
__Hconfig                    config       30000C
__Hconst                     const        000000
__HcstackCOMRAM              cstackCOMRAM 000000
__Hdata                      data         000000
__HdataBANK0                 dataBANK0    000000
__HdataCOMRAM                dataCOMRAM   000000
__Heeprom_data               eeprom_data  000000
__Hfarbss                    farbss       000000
__Hfardata                   fardata      000000
__Hheap                      heap         000000
__Hibigdata                  ibigdata     000000
__Hidata                     idata        000000
__HidataBANK0                idataBANK0   000000
__HidataCOMRAM               idataCOMRAM  000000
__Hidloc                     idloc        200010
__Hifardata                  ifardata     000000
__Hinit                      init         000024
__Hintcode                   intcode      000020
__Hintcode_body              intcode_body 000000
__Hintcodelo                 intcodelo    000020
__Hintentry                  intentry     000000
__Hintret                    intret       000000
__Hintsave_regs              intsave_regs 000000
__Hirdata                    irdata       000000
__Hmediumconst               mediumconst  000000
__HnvFARRAM                  nvFARRAM     000000
__Hnvbit                     nvbit        000000
__Hnvrram                    nvrram       000000
__Hparam                     rparam       000000
__Hpowerup                   powerup      000020
__Hram                       ram          000000
__Hramtop                    ramtop       000E00
__Hrbit                      rbit         000000
__Hrbss                      rbss         000000
__Hrdata                     rdata        000000
__Hreset_vec                 reset_vec    000004
__Hrparam                    rparam       000000
__Hsfr                       sfr          000000
__Hsmallconst                smallconst   000E0A
__Hspace_0                   (abs)        001783
__Hspace_1                   (abs)        00013C
__Hspace_2                   (abs)        000000
__Hspace_4                   (abs)        60000C
__Hstack                     stack        000000
__Hstruct                    struct       000000
__Htemp                      temp         000060
__Htext                      text         000000
__Htext0                     text0        000000
__Htext1                     text1        000000
__Htext10                    text10       000000
__Htext11                    text11       000000
__Htext12                    text12       000000
__Htext13                    text13       000000
__Htext14                    text14       000000
__Htext15                    text15       000000
__Htext16                    text16       000000
__Htext17                    text17       000000
__Htext18                    text18       000000
__Htext19                    text19       000000
__Htext2                     text2        000000
__Htext20                    text20       000000
__Htext21                    text21       000000
__Htext22                    text22       000000
__Htext23                    text23       000000
__Htext3                     text3        000000
__Htext4                     text4        000000
__Htext5                     text5        000000
__Htext6                     text6        000000
__Htext7                     text7        000000
__Htext8                     text8        000000
__Htext9                     text9        000000
__LRAM                       (abs)        000001
__L__absolute__              __absolute__ 000000
__Labs1                      abs1         000000
__Lbank0                     bank0        000000
__Lbank1                     bank1        000000
__Lbank10                    bank10       000000
__Lbank11                    bank11       000000
__Lbank12                    bank12       000000
__Lbank13                    bank13       000000
__Lbank2                     bank2        000000
__Lbank3                     bank3        000000
__Lbank4                     bank4        000000
__Lbank5                     bank5        000000
__Lbank6                     bank6        000000
__Lbank7                     bank7        000000
__Lbank8                     bank8        000000
__Lbank9                     bank9        000000
__Lbigbss                    bigbss       000000
__Lbigdata                   bigdata      000000
__Lbigram                    bigram       000000
__Lbigsfr                    bigsfr       000000
__Lbss                       bss          000000
__LbssBANK0                  bssBANK0     000000
__LbssBANK1                  bssBANK1     000000
__LbssCOMRAM                 bssCOMRAM    000000
__Lcinit                     cinit        000000
__Lclrtext                   clrtext      000000
__Lcomram                    comram       000000
__Lconfig                    config       000000
__Lconst                     const        000000
__LcstackCOMRAM              cstackCOMRAM 000000
__Ldata                      data         000000
__LdataBANK0                 dataBANK0    000000
__LdataCOMRAM                dataCOMRAM   000000
__Leeprom_data               eeprom_data  000000
__Lfarbss                    farbss       000000
__Lfardata                   fardata      000000
__Lheap                      heap         000000
__Libigdata                  ibigdata     000000
__Lidata                     idata        000000
__LidataBANK0                idataBANK0   000000
__LidataCOMRAM               idataCOMRAM  000000
__Lidloc                     idloc        000000
__Lifardata                  ifardata     000000
__Linit                      init         000020
__Lintcode                   intcode      000008
__Lintcode_body              intcode_body 000000
__Lintcodelo                 intcodelo    000020
__Lintentry                  intentry     000000
__Lintret                    intret       000000
__Lintsave_regs              intsave_regs 000000
__Lirdata                    irdata       000000
__Lmediumconst               mediumconst  000000
__LnvFARRAM                  nvFARRAM     000000
__Lnvbit                     nvbit        000000
__Lnvrram                    nvrram       000000
__Lparam                     rparam       000000
__Lpowerup                   powerup      000020
__Lram                       ram          000000
__Lramtop                    ramtop       000E00
__Lrbit                      rbit         000000
__Lrbss                      rbss         000000
__Lrdata                     rdata        000000
__Lreset_vec                 reset_vec    000000
__Lrparam                    rparam       000000
__Lsfr                       sfr          000000
__Lsmallconst                smallconst   000E00
__Lspace_0                   (abs)        000000
__Lspace_1                   (abs)        000000
__Lspace_2                   (abs)        000000
__Lspace_4                   (abs)        000000
__Lstack                     stack        000000
__Lstruct                    struct       000000
__Ltemp                      temp         00005F
__Ltext                      text         000000
__Ltext0                     text0        000000
__Ltext1                     text1        000000
__Ltext10                    text10       000000
__Ltext11                    text11       000000
__Ltext12                    text12       000000
__Ltext13                    text13       000000
__Ltext14                    text14       000000
__Ltext15                    text15       000000
__Ltext16                    text16       000000
__Ltext17                    text17       000000
__Ltext18                    text18       000000
__Ltext19                    text19       000000
__Ltext2                     text2        000000
__Ltext20                    text20       000000
__Ltext21                    text21       000000
__Ltext22                    text22       000000
__Ltext23                    text23       000000
__Ltext3                     text3        000000
__Ltext4                     text4        000000
__Ltext5                     text5        000000
__Ltext6                     text6        000000
__Ltext7                     text7        000000
__Ltext8                     text8        000000
__Ltext9                     text9        000000
__S0                         (abs)        001783
__S1                         (abs)        00013C
__S4                         (abs)        000000
__S5                         (abs)        000000
___awdiv                     text9        001110
___awdiv@counter             cstackCOMRAM 000005
___awdiv@dividend            cstackCOMRAM 000001
___awdiv@divisor             cstackCOMRAM 000003
___awdiv@quotient            cstackCOMRAM 000007
___awdiv@sign                cstackCOMRAM 000006
___awmod                     text8        00128E
___awmod@counter             cstackCOMRAM 000005
___awmod@dividend            cstackCOMRAM 000001
___awmod@divisor             cstackCOMRAM 000003
___awmod@sign                cstackCOMRAM 000006
___heap_hi                   (abs)        000000
___heap_lo                   (abs)        000000
___inthi_sp                  stack        000000
___inthi_stack_hi            stack        000000
___inthi_stack_lo            stack        000000
___intlo_sp                  stack        000000
___intlo_stack_hi            stack        000000
___intlo_stack_lo            stack        000000
___param_bank                (abs)        000000
___rparam_used               (abs)        000001
___sp                        stack        000000
___stack_hi                  stack        000000
___stack_lo                  stack        000000
__accesstop                  (abs)        000060
__activetblptr               (abs)        000003
__end_of_I2C_2_Master_Idle   text20       0016C0
__end_of_I2C_2_Master_Init   text21       001698
__end_of_I2C_2_Master_Start  text19       001780
__end_of_I2C_2_Master_Stop   text18       001776
__end_of_I2C_2_Master_Write  text17       00176C
__end_of_ISR                 intcode      000020
__end_of_Timer0_init         text23       0016E8
__end_of___awdiv             text9        0011D4
__end_of___awmod             text8        00133E
__end_of__initialization     cinit        001482
__end_of_abs                 text7        00163A
__end_of_buggy_lights_init   text22       001580
__end_of_color_click_init    text15       00166E
__end_of_color_writetoaddr   text16       00172A
__end_of_fputc               text5        00128E
__end_of_initDCmotorsPWM     text14       0013CE
__end_of_initUSART4          text13       001748
__end_of_main                text0        001110
__end_of_putch               text6        001782
__end_of_readTrail           text12       001606
__end_of_sendCharSerial4     text11       001760
__end_of_sendIntSerial4      text1        00170A
__end_of_sendStringSerial4   text10       001430
__end_of_sprintf             text2        0015CC
__end_of_vfpfcnvrt           text4        001000
__end_of_vfprintf            text3        0014E2
__initialization             cinit        001430
__mediumconst                mediumconst  000000
__pbssBANK0                  bssBANK0     0000B0
__pbssBANK1                  bssBANK1     000100
__pbssCOMRAM                 bssCOMRAM    00005A
__pcinit                     cinit        001430
__pcstackCOMRAM              cstackCOMRAM 000001
__pdataBANK0                 dataBANK0    000060
__pdataCOMRAM                dataCOMRAM   00005E
__pidataBANK0                idataBANK0   0014E2
__pidataCOMRAM               idataCOMRAM  001782
__pintcode                   intcode      000008
__psmallconst                smallconst   000E00
__ptext0                     text0        001000
__ptext1                     text1        0016E8
__ptext10                    text10       0013CE
__ptext11                    text11       001748
__ptext12                    text12       0015CC
__ptext13                    text13       00172A
__ptext14                    text14       00133E
__ptext15                    text15       00163A
__ptext16                    text16       00170A
__ptext17                    text17       001760
__ptext18                    text18       00176C
__ptext19                    text19       001776
__ptext2                     text2        001580
__ptext20                    text20       001698
__ptext21                    text21       00166E
__ptext22                    text22       001532
__ptext23                    text23       0016C0
__ptext3                     text3        00148C
__ptext4                     text4        000E0A
__ptext5                     text5        0011D4
__ptext6                     text6        001780
__ptext7                     text7        001606
__ptext8                     text8        00128E
__ptext9                     text9        001110
__ramtop                     ramtop       000E00
__smallconst                 smallconst   000E00
_abs                         text7        001606
_backtrack                   bssBANK0     0000EC
_buggy_lights_init           text22       001532
_color_click_init            text15       00163A
_color_writetoaddr           text16       00170A
_dbuf                        bssBANK0     0000B0
_flags                       bssBANK0     0000EA
_fputc                       text5        0011D4
_headbuttDelay               dataBANK0    000062
_initDCmotorsPWM             text14       00133E
_initUSART4                  text13       00172A
_main                        text0        001000
_manoeuvre_count             bssBANK0     0000EB
_manoeuvre_pointer           dataBANK0    00006E
_nout                        bssBANK0     0000E4
_prec                        bssBANK0     0000E8
_putch                       text6        001780
_rampDelay                   dataBANK0    000073
_readTrail                   text12       0015CC
_sendCharSerial4             text11       001748
_sendIntSerial4              text1        0016E8
_sendStringSerial4           text10       0013CE
_sprintf                     text2        001580
_squareDelay                 dataBANK0    000060
_timer_high_pointer          dataCOMRAM   00005E
_timer_low_pointer           dataBANK0    00006F
_topGearLeft                 dataBANK0    000072
_topGearRight                dataBANK0    000071
_trail_manoeuvre             dataBANK0    000074
_trail_timer_high            dataBANK0    00009C
_trail_timer_low             dataBANK0    000088
_turn180Delay                dataBANK0    000064
_turnLeft135Delay            dataBANK0    000068
_turnLeft90Delay             dataBANK0    00006C
_turnRight135Delay           dataBANK0    000066
_turnRight90Delay            dataBANK0    00006A
_turningGear                 dataBANK0    000070
_vfpfcnvrt                   text4        000E0A
_vfprintf                    text3        00148C
_width                       bssBANK0     0000E6
abs@a                        cstackCOMRAM 000007
btemp                        temp         00005F
color_writetoaddr@address    cstackCOMRAM 000004
color_writetoaddr@value      cstackCOMRAM 000003
end_of_initialization        cinit        001482
fputc@c                      cstackCOMRAM 000001
fputc@fp                     cstackCOMRAM 000003
initDCmotorsPWM@PWMperiod    cstackCOMRAM 000001
int$flags                    temp         00005F
intlevel0                    text         000000
intlevel1                    text         000000
intlevel2                    text         000000
intlevel3                    text         000000
isa$std                      (abs)        000001
isa$xinst                    (abs)        000000
main@mann                    cstackCOMRAM 000047
main@motorL                  cstackCOMRAM 000048
main@motorR                  cstackCOMRAM 000051
main@timerH                  cstackCOMRAM 000045
main@timerL                  cstackCOMRAM 000046
readTrail@man                cstackCOMRAM 000003
readTrail@tH                 cstackCOMRAM 000001
readTrail@tL                 cstackCOMRAM 000002
sendCharSerial4@charToSend   cstackCOMRAM 000001
sendIntSerial4@integer       cstackCOMRAM 000030
sendIntSerial4@string        cstackCOMRAM 000032
sendStringSerial4@string     cstackCOMRAM 000002
sprintf@ap                   cstackCOMRAM 000023
sprintf@f                    cstackCOMRAM 000024
sprintf@fmt                  cstackCOMRAM 00001E
sprintf@ret                  cstackCOMRAM 000021
sprintf@s                    cstackCOMRAM 00001C
stackhi                      (abs)        000000
stacklo                      (abs)        000000
start                        init         000020
start_initialization         cinit        001430
ttemp5                       temp         000060
ttemp6                       temp         000063
ttemp7                       temp         000067
vfpfcnvrt@ap                 cstackCOMRAM 00000D
vfpfcnvrt@c                  cstackCOMRAM 000017
vfpfcnvrt@cnt                cstackCOMRAM 000010
vfpfcnvrt@convarg            cstackCOMRAM 000013
vfpfcnvrt@cp                 cstackCOMRAM 000012
vfpfcnvrt@done               cstackCOMRAM 00000F
vfpfcnvrt@fmt                cstackCOMRAM 00000C
vfpfcnvrt@fp                 cstackCOMRAM 00000B
vfprintf@ap                  cstackCOMRAM 00001A
vfprintf@cfmt                cstackCOMRAM 00001B
vfprintf@fmt                 cstackCOMRAM 000019
vfprintf@fp                  cstackCOMRAM 000018
wtemp8                       temp         000060


MODULE INFORMATION

Module		Function		Class		Link	Load	Size
serial.c
		_sendStringSerial4		CODE           	13CE	0000	98
		_sendIntSerial4		CODE           	16E8	0000	34
		_sendCharSerial4		CODE           	1748	0000	24
		_initUSART4    		CODE           	172A	0000	30

serial.c estimated size: 186

timers.c
		_Timer0_init   		CODE           	16C0	0000	40
		_ISR           		CODE           	0008	0000	24
		_readTrail     		CODE           	15CC	0000	58

timers.c estimated size: 122

color.c
		_color_writetoaddr		CODE           	170A	0000	32
		_color_click_init		CODE           	163A	0000	52

color.c estimated size: 84

dc_motor.c
		_initDCmotorsPWM		CODE           	133E	0000	144

dc_motor.c estimated size: 144

buggy_lights.c
		_buggy_lights_init		CODE           	1532	0000	78

buggy_lights.c estimated size: 78

i2c.c
		_I2C_2_Master_Start		CODE           	1776	0000	10
		_I2C_2_Master_Idle		CODE           	1698	0000	40
		_I2C_2_Master_Init		CODE           	166E	0000	42
		_I2C_2_Master_Stop		CODE           	176C	0000	10
		_I2C_2_Master_Write		CODE           	1760	0000	12

i2c.c estimated size: 114

C:\Program Files\Microchip\xc8\v2.45\pic\sources\c99\common\nf_sprintf.c
		_sprintf       		CODE           	1580	0000	76

C:\Program Files\Microchip\xc8\v2.45\pic\sources\c99\common\nf_sprintf.c estimated size: 76

C:\Program Files\Microchip\xc8\v2.45\pic\sources\c99\common\awmod.c
		___awmod       		CODE           	128E	0000	176

C:\Program Files\Microchip\xc8\v2.45\pic\sources\c99\common\awmod.c estimated size: 176

C:\Program Files\Microchip\xc8\v2.45\pic\sources\c99\common\putch.c
		_putch         		CODE           	1780	0000	2

C:\Program Files\Microchip\xc8\v2.45\pic\sources\c99\common\putch.c estimated size: 2

shared
		__initialization		CODE           	1430	0000	82

shared estimated size: 82

C:\Program Files\Microchip\xc8\v2.45\pic\sources\c99\common\abs.c
		_abs           		CODE           	1606	0000	52

C:\Program Files\Microchip\xc8\v2.45\pic\sources\c99\common\abs.c estimated size: 52

main.c
		_main          		CODE           	1000	0000	272

main.c estimated size: 272

C:\Program Files\Microchip\xc8\v2.45\pic\sources\c99\common\nf_fputc.c
		_fputc         		CODE           	11D4	0000	186

C:\Program Files\Microchip\xc8\v2.45\pic\sources\c99\common\nf_fputc.c estimated size: 186

C:\Program Files\Microchip\xc8\v2.45\pic\sources\c99\common\doprnt.c
		_vfpfcnvrt     		CODE           	0E0A	0000	502
		_vfprintf      		CODE           	148C	0000	86

C:\Program Files\Microchip\xc8\v2.45\pic\sources\c99\common\doprnt.c estimated size: 588

C:\Program Files\Microchip\xc8\v2.45\pic\sources\c99\common\awdiv.c
		___awdiv       		CODE           	1110	0000	196

C:\Program Files\Microchip\xc8\v2.45\pic\sources\c99\common\awdiv.c estimated size: 196

