Microchip MPLAB XC8 Compiler V2.45

Linker command line:

-W-3 \
  --edf=C:\Program Files\Microchip\xc8\v2.45\pic\dat\20230818022343_en.msgs \
  -cn \
  -h+dist/default/production\final-project-gorakh-boris.X.production.sym \
  --cmf=dist/default/production\final-project-gorakh-boris.X.production.cmf \
  -z -Q18F67K40 -oC:\Users\boris\AppData\Local\Temp\xcAs2hs.\driver_tmp_3.o \
  --defsym=__MPLAB_BUILD=1 --fixupoverflow=error \
  -Mdist/default/production/final-project-gorakh-boris.X.production.map \
  --md=C:\Users\boris\AppData\Local\Temp\xcAs2hs.\driver_tmp_0.dat -E1 \
  -ver=XC8 Compiler --acfsm=1493 -ACODE=00h-01FFFFh -ACONST=00h-01FFFFh \
  -ASMALLCONST=0E00h-0EFFhx498 -AMEDIUMCONST=0E00h-0FFFFh,010E00h-01FFFFh \
  -ACOMRAM=01h-05Fh -AABS1=00h-0DE9h -ABIGRAM=01h-0DE9h \
  -ARAM=060h-0FFh,0100h-01FFhx12,0D00h-0DE9h -ABANK0=060h-0FFh \
  -ABANK1=0100h-01FFh -ABANK2=0200h-02FFh -ABANK3=0300h-03FFh \
  -ABANK4=0400h-04FFh -ABANK5=0500h-05FFh -ABANK6=0600h-06FFh \
  -ABANK7=0700h-07FFh -ABANK8=0800h-08FFh -ABANK9=0900h-09FFh \
  -ABANK10=0A00h-0AFFh -ABANK11=0B00h-0BFFh -ABANK12=0C00h-0CFFh \
  -ABANK13=0D00h-0DE9h \
  -ASFR=0DEFh-0DFFh,0E00h-0EFFh,0F00h-0F5Fh,0F60h-0FFFh \
  -ABIGSFR=0DEFh-0FFFh -ACONFIG=0300000h-030000Bh -AIDLOC=0200000h-020000Fh \
  -AEEDATA=0310000h-03103FFh -peeprom_data=EEDATA \
  -preset_vec=00h,intcode=08h,intcodelo,powerup,init -pramtop=0E00h \
  -psmallconst=SMALLCONST -pmediumconst=MEDIUMCONST -pconst=CONST \
  -AFARRAM=00h-00h \
  -prdata=COMRAM,nvrram=COMRAM,nvbit=COMRAM,rbss=COMRAM,rbit=COMRAM \
  -pfarbss=FARRAM,fardata=FARRAM,nvFARRAM=FARRAM \
  -pintsave_regs=BIGRAM,bigbss=BIGRAM,bigdata=BIGRAM -pbss=RAM \
  -pidata=CODE,irdata=CODE,ibigdata=CODE,ifardata=CODE -prparam=COMRAM \
  C:\Users\boris\AppData\Local\Temp\xcAs2hs.\driver_tmp_14.o \
  dist/default/production\final-project-gorakh-boris.X.production.o 

Object code version is 3.11

Machine type is 18F67K40



                Name                               Link     Load   Length Selector   Space Scale
C:\Users\boris\AppData\Local\Temp\xcAs2hs.\driver_tmp_14.o
                idloc                            200000   200000       10        0       5
                config                           300000   300000        C        0       4
                init                                 38       38        4        4       0
                reset_vec                             0        0        4        0       0
dist/default/production\final-project-gorakh-boris.X.production.o
                intcode                               8        8       30        4       0
                idloc                            200000   200000       10        0       5
                config                           300000   300000        C        0       4
                temp                                 5F       5F        1        1       1
                smallconst                          E00      E00       1A      700       0
                text39                             1FC0     1FC0        C      70D       0
                text38                             1FB4     1FB4        C      70D       0
                text37                             1F14     1F14       24      70D       0
                text36                             1E6E     1E6E       2E      70D       0
                text35                             1E9C     1E9C       2A      70D       0
                text34                             1EC6     1EC6       28      70D       0
                text33                             1FE0     1FE0        A      70D       0
                text32                             1FD6     1FD6        A      70D       0
                text31                             1FA8     1FA8        C      70D       0
                text30                             1F38     1F38       20      70D       0
                text29                             1E3A     1E3A       34      70D       0
                text28                             18F8     18F8       74      70D       0
                text27                             196C     196C       64      70D       0
                text26                             1EEE     1EEE       26      70D       0
                text25                             1E06     1E06       34      70D       0
                text24                             1DD2     1DD2       34      70D       0
                text23                              E1A      E1A      330      70D       0
                text22                             1D5C     1D5C       42      70D       0
                text21                             1FCC     1FCC        A      70D       0
                text20                             1C2C     1C2C       50      70D       0
                text19                             1BDC     1BDC       50      70D       0
                text18                             1B8C     1B8C       50      70D       0
                text17                             1B3C     1B3C       50      70D       0
                text16                             1AE6     1AE6       56      70D       0
                text15                             1868     1868       90      70D       0
                text14                             1F58     1F58       1E      70D       0
                text13                             1F90     1F90       18      70D       0
                text12                             19D0     19D0       62      70D       0
                text11                             163A     163A       C4      70D       0
                text10                             17B8     17B8       B0      70D       0
                text9                              1D9E     1D9E       34      70D       0
                text8                              1FEA     1FEA        2      70D       0
                text7                              16FE     16FE       BA      70D       0
                text6                              114A     114A      30C      70D       0
                text5                              1A90     1A90       56      70D       0
                text4                              1CC8     1CC8       4C      70D       0
                text3                              1C7C     1C7C       4C      70D       0
                text2                              1A32     1A32       5E      70D       0
                text1                              1572     1572       C8      70D       0
                text0                              1456     1456      11C      70D       0
                cstackCOMRAM                          1        1       5B        1       1
                cstackBANK0                          9F       9F       20       60       1
                bssBANK1                            100      100       78      100       1
                dataBANK0                            BF       BF       1A       60       1
                bssBANK0                             60       60       3F       60       1
                bssCOMRAM                            5C       5C        3        1       1
                cinit                              1D14     1D14       48      70D       0
                idataBANK0                         1F76     1F76       1A      70D       0

TOTAL           Name                               Link     Load   Length     Space
        CLASS   CODE           
                intcode                               8        8       30         0
                init                                 38       38        4         0
                reset_vec                             0        0        4         0
                text39                             1FC0     1FC0        C         0
                text38                             1FB4     1FB4        C         0
                text37                             1F14     1F14       24         0
                text36                             1E6E     1E6E       2E         0
                text35                             1E9C     1E9C       2A         0
                text34                             1EC6     1EC6       28         0
                text33                             1FE0     1FE0        A         0
                text32                             1FD6     1FD6        A         0
                text31                             1FA8     1FA8        C         0
                text30                             1F38     1F38       20         0
                text29                             1E3A     1E3A       34         0
                text28                             18F8     18F8       74         0
                text27                             196C     196C       64         0
                text26                             1EEE     1EEE       26         0
                text25                             1E06     1E06       34         0
                text24                             1DD2     1DD2       34         0
                text23                              E1A      E1A      330         0
                text22                             1D5C     1D5C       42         0
                text21                             1FCC     1FCC        A         0
                text20                             1C2C     1C2C       50         0
                text19                             1BDC     1BDC       50         0
                text18                             1B8C     1B8C       50         0
                text17                             1B3C     1B3C       50         0
                text16                             1AE6     1AE6       56         0
                text15                             1868     1868       90         0
                text14                             1F58     1F58       1E         0
                text13                             1F90     1F90       18         0
                text12                             19D0     19D0       62         0
                text11                             163A     163A       C4         0
                text10                             17B8     17B8       B0         0
                text9                              1D9E     1D9E       34         0
                text8                              1FEA     1FEA        2         0
                text7                              16FE     16FE       BA         0
                text6                              114A     114A      30C         0
                text5                              1A90     1A90       56         0
                text4                              1CC8     1CC8       4C         0
                text3                              1C7C     1C7C       4C         0
                text2                              1A32     1A32       5E         0
                text1                              1572     1572       C8         0
                text0                              1456     1456      11C         0
                cinit                              1D14     1D14       48         0
                idataBANK0                         1F76     1F76       1A         0

        CLASS   CONST          

        CLASS   SMALLCONST     
                smallconst                          E00      E00       1A         0

        CLASS   MEDIUMCONST    

        CLASS   COMRAM         
                temp                                 5F       5F        1         1
                cstackCOMRAM                          1        1       5B         1
                bssCOMRAM                            5C       5C        3         1

        CLASS   ABS1           

        CLASS   BIGRAM         

        CLASS   RAM            

        CLASS   BANK0          
                cstackBANK0                          9F       9F       20         1
                dataBANK0                            BF       BF       1A         1
                bssBANK0                             60       60       3F         1

        CLASS   BANK1          
                bssBANK1                            100      100       78         1

        CLASS   BANK2          

        CLASS   BANK3          

        CLASS   BANK4          

        CLASS   BANK5          

        CLASS   BANK6          

        CLASS   BANK7          

        CLASS   BANK8          

        CLASS   BANK9          

        CLASS   BANK10         

        CLASS   BANK11         

        CLASS   BANK12         

        CLASS   BANK13         

        CLASS   SFR            

        CLASS   BIGSFR         

        CLASS   CONFIG         
                config                           300000   300000        C         4

        CLASS   IDLOC          
                idloc                            200000   200000       10         5

        CLASS   EEDATA         

        CLASS   FARRAM         

        CLASS   HEAP           

        CLASS   STACK          



SEGMENTS        Name                           Load    Length   Top    Selector   Space  Class

                reset_vec                      000000  000004  000004         0       0  CODE    
                cstackCOMRAM                   000001  00005F  000060         1       1  COMRAM  
                intcode                        000008  000034  00003C         4       0  CODE    
                bssBANK0                       000060  000079  0000D9        60       1  BANK0   
                bssBANK1                       000100  000078  000178       100       1  BANK1   
                smallconst                     000E00  00001A  000E1A       700       0  SMALLCON
                text23                         000E1A  0011D2  001FEC       70D       0  CODE    


UNUSED ADDRESS RANGES

        Name                Unused          Largest block    Delta
        BANK0            0000D9-0000FF               27
        BANK1            000178-0001FF               88
        BANK10           000A00-000AFF              100
        BANK11           000B00-000BFF              100
        BANK12           000C00-000CFF              100
        BANK13           000D00-000DE9               EA
        BANK2            000200-0002FF              100
        BANK3            000300-0003FF              100
        BANK4            000400-0004FF              100
        BANK5            000500-0005FF              100
        BANK6            000600-0006FF              100
        BANK7            000700-0007FF              100
        BANK8            000800-0008FF              100
        BANK9            000900-0009FF              100
        BIGRAM           0000D9-0000FF               27
                         000178-000DE9              C72
        BIGSFR           000DEF-000FFF              211
        CODE             000004-000007                4
                         00003C-000DFF              DC4
                         001FEC-01FFFF            1E014
        CONST            000004-000007                4
                         00003C-000DFF              DC4
                         001FEC-01FFFF            1E014
        EEDATA           310000-3103FF              400
        MEDIUMCONST      001FEC-00FFFF             E014
                         010E00-01FFFF             F200
        RAM              0000D9-0000FF               27
                         000178-000DE9              100
        SFR              000DEF-000FFF              100
        SMALLCONST       001FEC-01FFFF              100

                                  Symbol Table

?___awdiv                      cstackCOMRAM 000001
?___awmod                      cstackCOMRAM 000001
?___lwdiv                      cstackCOMRAM 000007
?___lwmod                      cstackCOMRAM 00000E
?___wmul                       cstackCOMRAM 000001
?_abs                          cstackCOMRAM 000007
?_color_read_Blue              cstackCOMRAM 000005
?_color_read_Clear             cstackCOMRAM 000005
?_color_read_Green             cstackCOMRAM 000005
?_color_read_Red               cstackCOMRAM 000005
?_max                          cstackCOMRAM 000001
?_min                          cstackCOMRAM 000001
?_sprintf                      cstackCOMRAM 000025
?_vfpfcnvrt                    cstackCOMRAM 000013
?_vfprintf                     cstackCOMRAM 000021
I2C_2_Master_Read@ack          cstackCOMRAM 000003
I2C_2_Master_Read@tmp          cstackCOMRAM 000004
I2C_2_Master_Write@data_byte   cstackCOMRAM 000002
_ANSELDbits                    (abs)        000EA7
_ANSELFbits                    (abs)        000EB4
_BAUD4CONbits                  (abs)        000EE9
_CCP1CONbits                   (abs)        000FAB
_CCP2CONbits                   (abs)        000FA7
_CCP3CONbits                   (abs)        000F26
_CCP4CONbits                   (abs)        000F22
_CCPR1H                        (abs)        000FAA
_CCPR2H                        (abs)        000FA6
_CCPR3H                        (abs)        000F25
_CCPR4H                        (abs)        000F21
_CCPTMRS0bits                  (abs)        000FAD
_EUSART4RXbuf                  bssBANK0     000080
_EUSART4TXbuf                  bssBANK1     000100
_I2C_2_Master_Idle             text34       001EC6
_I2C_2_Master_Init             text35       001E9C
_I2C_2_Master_Read             text22       001D5C
_I2C_2_Master_RepStart         text21       001FCC
_I2C_2_Master_Start            text33       001FE0
_I2C_2_Master_Stop             text32       001FD6
_I2C_2_Master_Write            text31       001FA8
_INTCONbits                    (abs)        000FF2
_ISR                           intcode      000008
_LATAbits                      (abs)        000F79
_LATCbits                      (abs)        000F7B
_LATDbits                      (abs)        000F7C
_LATEbits                      (abs)        000F7D
_LATFbits                      (abs)        000F7E
_LATGbits                      (abs)        000F7F
_LATHbits                      (abs)        000F80
_PIE0bits                      (abs)        000E29
_PIE4bits                      (abs)        000E2D
_PIR0bits                      (abs)        000E33
_PIR4bits                      (abs)        000E37
_RC0PPS                        (abs)        000E62
_RC4REG                        (abs)        000EE3
_RC4STAbits                    (abs)        000EE7
_RC7PPS                        (abs)        000E69
_RD5PPS                        (abs)        000E6F
_RD6PPS                        (abs)        000E70
_RE2PPS                        (abs)        000E74
_RE4PPS                        (abs)        000E76
_RG6PPS                        (abs)        000E88
_RX4PPS                        (abs)        000E15
_RxBufReadCnt                  bssBANK0     00009E
_RxBufWriteCnt                 bssCOMRAM    00005E
_SP4BRGH                       (abs)        000EE6
_SP4BRGL                       (abs)        000EE5
_SSP2ADD                       (abs)        000ED6
_SSP2BUF                       (abs)        000ED5
_SSP2CLKPPS                    (abs)        000E1C
_SSP2CON1bits                  (abs)        000ED9
_SSP2CON2                      (abs)        000EDA
_SSP2CON2bits                  (abs)        000EDA
_SSP2DATPPS                    (abs)        000E1D
_SSP2STAT                      (abs)        000ED8
_T0CON0bits                    (abs)        000FD5
_T0CON1bits                    (abs)        000FD6
_T2CLKCONbits                  (abs)        000FBF
_T2CONbits                     (abs)        000FBD
_T2HLTbits                     (abs)        000FBE
_T2PR                          (abs)        000FBC
_TMR0H                         (abs)        000FD4
_TMR0L                         (abs)        000FD3
_TRISAbits                     (abs)        000F81
_TRISCbits                     (abs)        000F83
_TRISDbits                     (abs)        000F84
_TRISEbits                     (abs)        000F85
_TRISFbits                     (abs)        000F86
_TRISGbits                     (abs)        000F87
_TRISHbits                     (abs)        000F88
_TX4REG                        (abs)        000EE4
_TX4STAbits                    (abs)        000EE8
_Timer0_init                   text37       001F14
_TxBufReadCnt                  bssCOMRAM    00005C
_TxBufWriteCnt                 bssCOMRAM    00005D
__HRAM                         (abs)        000000
__H__absolute__                __absolute__ 000000
__Habs1                        abs1         000000
__Hbank0                       bank0        000000
__Hbank1                       bank1        000000
__Hbank10                      bank10       000000
__Hbank11                      bank11       000000
__Hbank12                      bank12       000000
__Hbank13                      bank13       000000
__Hbank2                       bank2        000000
__Hbank3                       bank3        000000
__Hbank4                       bank4        000000
__Hbank5                       bank5        000000
__Hbank6                       bank6        000000
__Hbank7                       bank7        000000
__Hbank8                       bank8        000000
__Hbank9                       bank9        000000
__Hbigbss                      bigbss       000000
__Hbigdata                     bigdata      000000
__Hbigram                      bigram       000000
__Hbigsfr                      bigsfr       000000
__Hbss                         bss          000000
__HbssBANK0                    bssBANK0     000000
__HbssBANK1                    bssBANK1     000000
__HbssCOMRAM                   bssCOMRAM    000000
__Hcinit                       cinit        000000
__Hclrtext                     clrtext      000000
__Hcomram                      comram       000000
__Hconfig                      config       30000C
__Hconst                       const        000000
__HcstackBANK0                 cstackBANK0  000000
__HcstackCOMRAM                cstackCOMRAM 000000
__Hdata                        data         000000
__HdataBANK0                   dataBANK0    000000
__Heeprom_data                 eeprom_data  000000
__Hfarbss                      farbss       000000
__Hfardata                     fardata      000000
__Hheap                        heap         000000
__Hibigdata                    ibigdata     000000
__Hidata                       idata        000000
__HidataBANK0                  idataBANK0   000000
__Hidloc                       idloc        200010
__Hifardata                    ifardata     000000
__Hinit                        init         00003C
__Hintcode                     intcode      000038
__Hintcode_body                intcode_body 000000
__Hintcodelo                   intcodelo    000038
__Hintentry                    intentry     000000
__Hintret                      intret       000000
__Hintsave_regs                intsave_regs 000000
__Hirdata                      irdata       000000
__Hmediumconst                 mediumconst  000000
__HnvFARRAM                    nvFARRAM     000000
__Hnvbit                       nvbit        000000
__Hnvrram                      nvrram       000000
__Hparam                       rparam       000000
__Hpowerup                     powerup      000038
__Hram                         ram          000000
__Hramtop                      ramtop       000E00
__Hrbit                        rbit         000000
__Hrbss                        rbss         000000
__Hrdata                       rdata        000000
__Hreset_vec                   reset_vec    000004
__Hrparam                      rparam       000000
__Hsfr                         sfr          000000
__Hsmallconst                  smallconst   000E1A
__Hspace_0                     (abs)        001FEC
__Hspace_1                     (abs)        000178
__Hspace_2                     (abs)        000000
__Hspace_4                     (abs)        60000C
__Hstack                       stack        000000
__Hstruct                      struct       000000
__Htemp                        temp         000060
__Htext                        text         000000
__Htext0                       text0        000000
__Htext1                       text1        000000
__Htext10                      text10       000000
__Htext11                      text11       000000
__Htext12                      text12       000000
__Htext13                      text13       000000
__Htext14                      text14       000000
__Htext15                      text15       000000
__Htext16                      text16       000000
__Htext17                      text17       000000
__Htext18                      text18       000000
__Htext19                      text19       000000
__Htext2                       text2        000000
__Htext20                      text20       000000
__Htext21                      text21       000000
__Htext22                      text22       000000
__Htext23                      text23       000000
__Htext24                      text24       000000
__Htext25                      text25       000000
__Htext26                      text26       000000
__Htext27                      text27       000000
__Htext28                      text28       000000
__Htext29                      text29       000000
__Htext3                       text3        000000
__Htext30                      text30       000000
__Htext31                      text31       000000
__Htext32                      text32       000000
__Htext33                      text33       000000
__Htext34                      text34       000000
__Htext35                      text35       000000
__Htext36                      text36       000000
__Htext37                      text37       000000
__Htext38                      text38       000000
__Htext39                      text39       000000
__Htext4                       text4        000000
__Htext5                       text5        000000
__Htext6                       text6        000000
__Htext7                       text7        000000
__Htext8                       text8        000000
__Htext9                       text9        000000
__LRAM                         (abs)        000001
__L__absolute__                __absolute__ 000000
__Labs1                        abs1         000000
__Lbank0                       bank0        000000
__Lbank1                       bank1        000000
__Lbank10                      bank10       000000
__Lbank11                      bank11       000000
__Lbank12                      bank12       000000
__Lbank13                      bank13       000000
__Lbank2                       bank2        000000
__Lbank3                       bank3        000000
__Lbank4                       bank4        000000
__Lbank5                       bank5        000000
__Lbank6                       bank6        000000
__Lbank7                       bank7        000000
__Lbank8                       bank8        000000
__Lbank9                       bank9        000000
__Lbigbss                      bigbss       000000
__Lbigdata                     bigdata      000000
__Lbigram                      bigram       000000
__Lbigsfr                      bigsfr       000000
__Lbss                         bss          000000
__LbssBANK0                    bssBANK0     000000
__LbssBANK1                    bssBANK1     000000
__LbssCOMRAM                   bssCOMRAM    000000
__Lcinit                       cinit        000000
__Lclrtext                     clrtext      000000
__Lcomram                      comram       000000
__Lconfig                      config       000000
__Lconst                       const        000000
__LcstackBANK0                 cstackBANK0  000000
__LcstackCOMRAM                cstackCOMRAM 000000
__Ldata                        data         000000
__LdataBANK0                   dataBANK0    000000
__Leeprom_data                 eeprom_data  000000
__Lfarbss                      farbss       000000
__Lfardata                     fardata      000000
__Lheap                        heap         000000
__Libigdata                    ibigdata     000000
__Lidata                       idata        000000
__LidataBANK0                  idataBANK0   000000
__Lidloc                       idloc        000000
__Lifardata                    ifardata     000000
__Linit                        init         000038
__Lintcode                     intcode      000008
__Lintcode_body                intcode_body 000000
__Lintcodelo                   intcodelo    000038
__Lintentry                    intentry     000000
__Lintret                      intret       000000
__Lintsave_regs                intsave_regs 000000
__Lirdata                      irdata       000000
__Lmediumconst                 mediumconst  000000
__LnvFARRAM                    nvFARRAM     000000
__Lnvbit                       nvbit        000000
__Lnvrram                      nvrram       000000
__Lparam                       rparam       000000
__Lpowerup                     powerup      000038
__Lram                         ram          000000
__Lramtop                      ramtop       000E00
__Lrbit                        rbit         000000
__Lrbss                        rbss         000000
__Lrdata                       rdata        000000
__Lreset_vec                   reset_vec    000000
__Lrparam                      rparam       000000
__Lsfr                         sfr          000000
__Lsmallconst                  smallconst   000E00
__Lspace_0                     (abs)        000000
__Lspace_1                     (abs)        000000
__Lspace_2                     (abs)        000000
__Lspace_4                     (abs)        000000
__Lstack                       stack        000000
__Lstruct                      struct       000000
__Ltemp                        temp         00005F
__Ltext                        text         000000
__Ltext0                       text0        000000
__Ltext1                       text1        000000
__Ltext10                      text10       000000
__Ltext11                      text11       000000
__Ltext12                      text12       000000
__Ltext13                      text13       000000
__Ltext14                      text14       000000
__Ltext15                      text15       000000
__Ltext16                      text16       000000
__Ltext17                      text17       000000
__Ltext18                      text18       000000
__Ltext19                      text19       000000
__Ltext2                       text2        000000
__Ltext20                      text20       000000
__Ltext21                      text21       000000
__Ltext22                      text22       000000
__Ltext23                      text23       000000
__Ltext24                      text24       000000
__Ltext25                      text25       000000
__Ltext26                      text26       000000
__Ltext27                      text27       000000
__Ltext28                      text28       000000
__Ltext29                      text29       000000
__Ltext3                       text3        000000
__Ltext30                      text30       000000
__Ltext31                      text31       000000
__Ltext32                      text32       000000
__Ltext33                      text33       000000
__Ltext34                      text34       000000
__Ltext35                      text35       000000
__Ltext36                      text36       000000
__Ltext37                      text37       000000
__Ltext38                      text38       000000
__Ltext39                      text39       000000
__Ltext4                       text4        000000
__Ltext5                       text5        000000
__Ltext6                       text6        000000
__Ltext7                       text7        000000
__Ltext8                       text8        000000
__Ltext9                       text9        000000
__S0                           (abs)        001FEC
__S1                           (abs)        000178
__S4                           (abs)        000000
__S5                           (abs)        000000
___awdiv                       text11       00163A
___awdiv@counter               cstackCOMRAM 000005
___awdiv@dividend              cstackCOMRAM 000001
___awdiv@divisor               cstackCOMRAM 000003
___awdiv@quotient              cstackCOMRAM 000007
___awdiv@sign                  cstackCOMRAM 000006
___awmod                       text10       0017B8
___awmod@counter               cstackCOMRAM 000005
___awmod@dividend              cstackCOMRAM 000001
___awmod@divisor               cstackCOMRAM 000003
___awmod@sign                  cstackCOMRAM 000006
___heap_hi                     (abs)        000000
___heap_lo                     (abs)        000000
___inthi_sp                    stack        000000
___inthi_stack_hi              stack        000000
___inthi_stack_lo              stack        000000
___intlo_sp                    stack        000000
___intlo_stack_hi              stack        000000
___intlo_stack_lo              stack        000000
___lwdiv                       text28       0018F8
___lwdiv@counter               cstackCOMRAM 00000D
___lwdiv@dividend              cstackCOMRAM 000007
___lwdiv@divisor               cstackCOMRAM 000009
___lwdiv@quotient              cstackCOMRAM 00000B
___lwmod                       text27       00196C
___lwmod@counter               cstackCOMRAM 000012
___lwmod@dividend              cstackCOMRAM 00000E
___lwmod@divisor               cstackCOMRAM 000010
___param_bank                  (abs)        000000
___rparam_used                 (abs)        000001
___sp                          stack        000000
___stack_hi                    stack        000000
___stack_lo                    stack        000000
___wmul                        text26       001EEE
___wmul@multiplicand           cstackCOMRAM 000003
___wmul@multiplier             cstackCOMRAM 000001
___wmul@product                cstackCOMRAM 000005
__accesstop                    (abs)        000060
__activetblptr                 (abs)        000003
__end_of_I2C_2_Master_Idle     text34       001EEE
__end_of_I2C_2_Master_Init     text35       001EC6
__end_of_I2C_2_Master_Read     text22       001D9E
__end_of_I2C_2_Master_RepStart text21       001FD6
__end_of_I2C_2_Master_Start    text33       001FEA
__end_of_I2C_2_Master_Stop     text32       001FE0
__end_of_I2C_2_Master_Write    text31       001FB4
__end_of_ISR                   intcode      000038
__end_of_Timer0_init           text37       001F38
__end_of___awdiv               text11       0016FE
__end_of___awmod               text10       001868
__end_of___lwdiv               text28       00196C
__end_of___lwmod               text27       0019D0
__end_of___wmul                text26       001F14
__end_of__initialization       cinit        001D52
__end_of_abs                   text9        001DD2
__end_of_buggy_lights_init     text36       001E9C
__end_of_color_click_init      text29       001E6E
__end_of_color_read_Blue       text20       001C7C
__end_of_color_read_Clear      text19       001C2C
__end_of_color_read_Green      text18       001BDC
__end_of_color_read_Red        text17       001B8C
__end_of_color_writetoaddr     text30       001F58
__end_of_fputc                 text7        0017B8
__end_of_getHSVval             text23       00114A
__end_of_getRGBCval            text16       001B3C
__end_of_initDCmotorsPWM       text15       0018F8
__end_of_initUSART4            text14       001F76
__end_of_main                  text0        001572
__end_of_max                   text25       001E3A
__end_of_min                   text24       001E06
__end_of_putch                 text8        001FEC
__end_of_reset_timer           text38       001FC0
__end_of_sendCharSerial4       text13       001FA8
__end_of_sendHSVvalSerial4     text3        001CC8
__end_of_sendRGBCvalSerial4    text2        001A90
__end_of_sendStringSerial4     text12       001A32
__end_of_sprintf               text4        001D14
__end_of_toggle_tricolour_LED  text1        00163A
__end_of_vfpfcnvrt             text6        001456
__end_of_vfprintf              text5        001AE6
__end_of_write_timer           text39       001FCC
__initialization               cinit        001D14
__mediumconst                  mediumconst  000000
__pbssBANK0                    bssBANK0     000060
__pbssBANK1                    bssBANK1     000100
__pbssCOMRAM                   bssCOMRAM    00005C
__pcinit                       cinit        001D14
__pcstackBANK0                 cstackBANK0  00009F
__pcstackCOMRAM                cstackCOMRAM 000001
__pdataBANK0                   dataBANK0    0000BF
__pidataBANK0                  idataBANK0   001F76
__pintcode                     intcode      000008
__psmallconst                  smallconst   000E00
__ptext0                       text0        001456
__ptext1                       text1        001572
__ptext10                      text10       0017B8
__ptext11                      text11       00163A
__ptext12                      text12       0019D0
__ptext13                      text13       001F90
__ptext14                      text14       001F58
__ptext15                      text15       001868
__ptext16                      text16       001AE6
__ptext17                      text17       001B3C
__ptext18                      text18       001B8C
__ptext19                      text19       001BDC
__ptext2                       text2        001A32
__ptext20                      text20       001C2C
__ptext21                      text21       001FCC
__ptext22                      text22       001D5C
__ptext23                      text23       000E1A
__ptext24                      text24       001DD2
__ptext25                      text25       001E06
__ptext26                      text26       001EEE
__ptext27                      text27       00196C
__ptext28                      text28       0018F8
__ptext29                      text29       001E3A
__ptext3                       text3        001C7C
__ptext30                      text30       001F38
__ptext31                      text31       001FA8
__ptext32                      text32       001FD6
__ptext33                      text33       001FE0
__ptext34                      text34       001EC6
__ptext35                      text35       001E9C
__ptext36                      text36       001E6E
__ptext37                      text37       001F14
__ptext38                      text38       001FB4
__ptext39                      text39       001FC0
__ptext4                       text4        001CC8
__ptext5                       text5        001A90
__ptext6                       text6        00114A
__ptext7                       text7        0016FE
__ptext8                       text8        001FEA
__ptext9                       text9        001D9E
__ramtop                       ramtop       000E00
__smallconst                   smallconst   000E00
_abs                           text9        001D9E
_buggy_lights_init             text36       001E6E
_color_click_init              text29       001E3A
_color_read_Blue               text20       001C2C
_color_read_Clear              text19       001BDC
_color_read_Green              text18       001B8C
_color_read_Red                text17       001B3C
_color_writetoaddr             text30       001F38
_dbuf                          bssBANK0     000060
_flags                         bssBANK0     00009A
_fputc                         text7        0016FE
_getHSVval                     text23       000E1A
_getHSVval$3203                cstackCOMRAM 00001B
_getHSVval$3204                cstackCOMRAM 00001D
_getHSVval$3205                cstackCOMRAM 000023
_getRGBCval                    text16       001AE6
_headbuttDelay                 dataBANK0    0000C7
_initDCmotorsPWM               text15       001868
_initUSART4                    text14       001F58
_main                          text0        001456
_manoeuvre_count               bssBANK0     00009B
_manoeuvre_pointer             dataBANK0    0000BF
_max                           text25       001E06
_min                           text24       001DD2
_nout                          bssBANK0     000094
_prec                          bssBANK0     000098
_putch                         text8        001FEA
_rampDelay                     dataBANK0    0000D8
_reset_timer                   text38       001FB4
_return_flag                   bssBANK0     00009C
_returning                     bssBANK0     00009D
_sendCharSerial4               text13       001F90
_sendHSVvalSerial4             text3        001C7C
_sendRGBCvalSerial4            text2        001A32
_sendStringSerial4             text12       0019D0
_sprintf                       text4        001CC8
_squareDelay                   dataBANK0    0000C5
_timer_high_pointer            dataBANK0    0000C3
_timer_low_pointer             dataBANK0    0000C1
_toggle_tricolour_LED          text1        001572
_topGearLeft                   dataBANK0    0000D7
_topGearRight                  dataBANK0    0000D6
_trail_manoeuvre               bssBANK1     00013C
_trail_timer_high              bssBANK1     000164
_trail_timer_low               bssBANK1     000150
_turn180Delay                  dataBANK0    0000C9
_turnLeft135Delay              dataBANK0    0000CD
_turnLeft90Delay               dataBANK0    0000D1
_turnRight135Delay             dataBANK0    0000CB
_turnRight90Delay              dataBANK0    0000CF
_turningGear                   dataBANK0    0000D5
_vfpfcnvrt                     text6        00114A
_vfprintf                      text5        001A90
_wall_threshold                dataBANK0    0000D3
_width                         bssBANK0     000096
_write_timer                   text39       001FC0
abs@a                          cstackCOMRAM 000007
btemp                          temp         00005F
color_read_Blue@tmp            cstackCOMRAM 00000A
color_read_Clear@tmp           cstackCOMRAM 00000A
color_read_Green@tmp           cstackCOMRAM 00000A
color_read_Red@tmp             cstackCOMRAM 00000A
color_writetoaddr@address      cstackCOMRAM 000004
color_writetoaddr@value        cstackCOMRAM 000003
end_of_initialization          cinit        001D52
fputc@c                        cstackCOMRAM 000001
fputc@fp                       cstackCOMRAM 000003
getHSVval@hue                  cstackCOMRAM 000021
getHSVval@maxRGB               cstackCOMRAM 000027
getHSVval@minRGB               cstackCOMRAM 000019
getHSVval@p1                   cstackCOMRAM 000013
getHSVval@p2                   cstackCOMRAM 000014
getHSVval@range                cstackCOMRAM 000025
getHSVval@saturation           cstackCOMRAM 00001F
getRGBCval@p                   cstackCOMRAM 00000C
initDCmotorsPWM@PWMperiod      cstackCOMRAM 000001
int$flags                      temp         00005F
intlevel0                      text         000000
intlevel1                      text         000000
intlevel2                      text         000000
intlevel3                      text         000000
isa$std                        (abs)        000001
isa$xinst                      (abs)        000000
main@HSV_colour                cstackBANK0  00009F
main@measured_colour           cstackBANK0  0000B7
main@motorL                    cstackBANK0  0000A5
main@motorR                    cstackBANK0  0000AE
max@a                          cstackCOMRAM 000001
max@b                          cstackCOMRAM 000003
max@max_val                    cstackCOMRAM 000005
min@a                          cstackCOMRAM 000001
min@b                          cstackCOMRAM 000003
min@min_val                    cstackCOMRAM 000005
sendCharSerial4@charToSend     cstackCOMRAM 000001
sendHSVvalSerial4@col_val      cstackCOMRAM 00003F
sendHSVvalSerial4@tempStr      cstackCOMRAM 000040
sendRGBCvalSerial4@col_val     cstackCOMRAM 00003F
sendRGBCvalSerial4@tempStr     cstackCOMRAM 000040
sendStringSerial4@string       cstackCOMRAM 000002
sprintf@ap                     cstackCOMRAM 000032
sprintf@f                      cstackCOMRAM 000033
sprintf@fmt                    cstackCOMRAM 000027
sprintf@ret                    cstackCOMRAM 000030
sprintf@s                      cstackCOMRAM 000025
stackhi                        (abs)        000000
stacklo                        (abs)        000000
start                          init         000038
start_initialization           cinit        001D14
ttemp5                         temp         000060
ttemp6                         temp         000063
ttemp7                         temp         000067
vfpfcnvrt@ap                   cstackCOMRAM 000015
vfpfcnvrt@c                    cstackCOMRAM 000020
vfpfcnvrt@cnt                  cstackCOMRAM 000019
vfpfcnvrt@convarg              cstackCOMRAM 00001C
vfpfcnvrt@cp                   cstackCOMRAM 00001B
vfpfcnvrt@done                 cstackCOMRAM 000018
vfpfcnvrt@fmt                  cstackCOMRAM 000014
vfpfcnvrt@fp                   cstackCOMRAM 000013
vfprintf@ap                    cstackCOMRAM 000023
vfprintf@cfmt                  cstackCOMRAM 000024
vfprintf@fmt                   cstackCOMRAM 000022
vfprintf@fp                    cstackCOMRAM 000021
write_timer@tH                 cstackCOMRAM 000002
write_timer@tL                 cstackCOMRAM 000001
wtemp8                         temp         000060


MODULE INFORMATION

Module		Function		Class		Link	Load	Size
C:\Program Files\Microchip\xc8\v2.45\pic\sources\c99\common\Umul16.c
		___wmul        		CODE           	1EEE	0000	38

C:\Program Files\Microchip\xc8\v2.45\pic\sources\c99\common\Umul16.c estimated size: 38

serial.c
		_sendStringSerial4		CODE           	19D0	0000	98
		_sendRGBCvalSerial4		CODE           	1A32	0000	94
		_sendCharSerial4		CODE           	1F90	0000	24
		_sendHSVvalSerial4		CODE           	1C7C	0000	76
		_initUSART4    		CODE           	1F58	0000	30

serial.c estimated size: 322

timers.c
		_Timer0_init   		CODE           	1F14	0000	36
		_ISR           		CODE           	0008	0000	48
		_write_timer   		CODE           	1FC0	0000	12
		_reset_timer   		CODE           	1FB4	0000	12

timers.c estimated size: 108

color.c
		_color_writetoaddr		CODE           	1F38	0000	32
		_min           		CODE           	1DD2	0000	52
		_color_click_init		CODE           	1E3A	0000	52
		_getRGBCval    		CODE           	1AE6	0000	86
		_max           		CODE           	1E06	0000	52
		_color_read_Green		CODE           	1B8C	0000	80
		_color_read_Clear		CODE           	1BDC	0000	80
		_getHSVval     		CODE           	0E1A	0000	816
		_color_read_Red		CODE           	1B3C	0000	80
		_color_read_Blue		CODE           	1C2C	0000	80

color.c estimated size: 1410

dc_motor.c
		_initDCmotorsPWM		CODE           	1868	0000	144

dc_motor.c estimated size: 144

buggy_lights.c
		_buggy_lights_init		CODE           	1E6E	0000	46
		_toggle_tricolour_LED		CODE           	1572	0000	200

buggy_lights.c estimated size: 246

i2c.c
		_I2C_2_Master_Start		CODE           	1FE0	0000	10
		_I2C_2_Master_Read		CODE           	1D5C	0000	66
		_I2C_2_Master_Idle		CODE           	1EC6	0000	40
		_I2C_2_Master_Init		CODE           	1E9C	0000	42
		_I2C_2_Master_Stop		CODE           	1FD6	0000	10
		_I2C_2_Master_RepStart		CODE           	1FCC	0000	10
		_I2C_2_Master_Write		CODE           	1FA8	0000	12

i2c.c estimated size: 190

C:\Program Files\Microchip\xc8\v2.45\pic\sources\c99\common\nf_sprintf.c
		_sprintf       		CODE           	1CC8	0000	76

C:\Program Files\Microchip\xc8\v2.45\pic\sources\c99\common\nf_sprintf.c estimated size: 76

C:\Program Files\Microchip\xc8\v2.45\pic\sources\c99\common\lwmod.c
		___lwmod       		CODE           	196C	0000	100

C:\Program Files\Microchip\xc8\v2.45\pic\sources\c99\common\lwmod.c estimated size: 100

C:\Program Files\Microchip\xc8\v2.45\pic\sources\c99\common\awmod.c
		___awmod       		CODE           	17B8	0000	176

C:\Program Files\Microchip\xc8\v2.45\pic\sources\c99\common\awmod.c estimated size: 176

C:\Program Files\Microchip\xc8\v2.45\pic\sources\c99\common\putch.c
		_putch         		CODE           	1FEA	0000	2

C:\Program Files\Microchip\xc8\v2.45\pic\sources\c99\common\putch.c estimated size: 2

shared
		__initialization		CODE           	1D14	0000	62

shared estimated size: 62

C:\Program Files\Microchip\xc8\v2.45\pic\sources\c99\common\abs.c
		_abs           		CODE           	1D9E	0000	52

C:\Program Files\Microchip\xc8\v2.45\pic\sources\c99\common\abs.c estimated size: 52

main.c
		_main          		CODE           	1456	0000	284

main.c estimated size: 284

C:\Program Files\Microchip\xc8\v2.45\pic\sources\c99\common\nf_fputc.c
		_fputc         		CODE           	16FE	0000	186

C:\Program Files\Microchip\xc8\v2.45\pic\sources\c99\common\nf_fputc.c estimated size: 186

C:\Program Files\Microchip\xc8\v2.45\pic\sources\c99\common\doprnt.c
		_vfpfcnvrt     		CODE           	114A	0000	780
		_vfprintf      		CODE           	1A90	0000	86

C:\Program Files\Microchip\xc8\v2.45\pic\sources\c99\common\doprnt.c estimated size: 866

C:\Program Files\Microchip\xc8\v2.45\pic\sources\c99\common\lwdiv.c
		___lwdiv       		CODE           	18F8	0000	116

C:\Program Files\Microchip\xc8\v2.45\pic\sources\c99\common\lwdiv.c estimated size: 116

C:\Program Files\Microchip\xc8\v2.45\pic\sources\c99\common\awdiv.c
		___awdiv       		CODE           	163A	0000	196

C:\Program Files\Microchip\xc8\v2.45\pic\sources\c99\common\awdiv.c estimated size: 196

