Microchip MPLAB XC8 Compiler V2.45

Linker command line:

-W-3 \
  --edf=C:\Program Files\Microchip\xc8\v2.45\pic\dat\20230818022343_en.msgs \
  -cn \
  -h+dist/default/production\final-project-gorakh-boris.X.production.sym \
  --cmf=dist/default/production\final-project-gorakh-boris.X.production.cmf \
  -z -Q18F67K40 \
  -oC:\Users\boris\AppData\Local\Temp\xcBsfms.1\driver_tmp_3.o \
  --defsym=__MPLAB_BUILD=1 --fixupoverflow=error \
  -Mdist/default/production/final-project-gorakh-boris.X.production.map \
  --md=C:\Users\boris\AppData\Local\Temp\xcBsfms.1\driver_tmp_0.dat -E1 \
  -ver=XC8 Compiler --acfsm=1493 -ACODE=00h-01FFFFh -ACONST=00h-01FFFFh \
  -ASMALLCONST=0E00h-0EFFhx498 -AMEDIUMCONST=0E00h-0FFFFh,010E00h-01FFFFh \
  -ACOMRAM=01h-05Fh -AABS1=00h-0DE9h -ABIGRAM=01h-0DE9h \
  -ARAM=060h-0FFh,0100h-01FFhx12,0D00h-0DE9h -ABANK0=060h-0FFh \
  -ABANK1=0100h-01FFh -ABANK2=0200h-02FFh -ABANK3=0300h-03FFh \
  -ABANK4=0400h-04FFh -ABANK5=0500h-05FFh -ABANK6=0600h-06FFh \
  -ABANK7=0700h-07FFh -ABANK8=0800h-08FFh -ABANK9=0900h-09FFh \
  -ABANK10=0A00h-0AFFh -ABANK11=0B00h-0BFFh -ABANK12=0C00h-0CFFh \
  -ABANK13=0D00h-0DE9h \
  -ASFR=0DEFh-0DFFh,0E00h-0EFFh,0F00h-0F5Fh,0F60h-0FFFh \
  -ABIGSFR=0DEFh-0FFFh -ACONFIG=0300000h-030000Bh -AIDLOC=0200000h-020000Fh \
  -AEEDATA=0310000h-03103FFh -peeprom_data=EEDATA \
  -preset_vec=00h,intcode=08h,intcodelo,powerup,init -pramtop=0E00h \
  -psmallconst=SMALLCONST -pmediumconst=MEDIUMCONST -pconst=CONST \
  -AFARRAM=00h-00h \
  -prdata=COMRAM,nvrram=COMRAM,nvbit=COMRAM,rbss=COMRAM,rbit=COMRAM \
  -pfarbss=FARRAM,fardata=FARRAM,nvFARRAM=FARRAM \
  -pintsave_regs=BIGRAM,bigbss=BIGRAM,bigdata=BIGRAM -pbss=RAM \
  -pidata=CODE,irdata=CODE,ibigdata=CODE,ifardata=CODE -prparam=COMRAM \
  C:\Users\boris\AppData\Local\Temp\xcBsfms.1\driver_tmp_9.o \
  dist/default/production\final-project-gorakh-boris.X.production.o 

Object code version is 3.11

Machine type is 18F67K40



                Name                               Link     Load   Length Selector   Space Scale
C:\Users\boris\AppData\Local\Temp\xcBsfms.1\driver_tmp_9.o
                idloc                            200000   200000       10        0       5
                config                           300000   300000        C        0       4
                init                                 34       34        4        4       0
                reset_vec                             0        0        4        0       0
dist/default/production\final-project-gorakh-boris.X.production.o
                intcode                               8        8       2C        4       0
                idloc                            200000   200000       10        0       5
                config                           300000   300000        C        0       4
                temp                                 5E       5E        1        1       1
                smallconst                          E00      E00        A      700       0
                text11                             10D2     10D2       28      840       0
                text10                              FD2      FD2       4E      705       0
                text9                              1080     1080       2A      840       0
                text8                              10AA     10AA       28      840       0
                text7                              1162     1162        A      840       0
                text6                              1158     1158        A      840       0
                text5                              114C     114C        C      840       0
                text4                              10FA     10FA       20      840       0
                text3                              1020     1020       34      705       0
                text2                               EE0      EE0       90      705       0
                text1                              111A     111A       1E      840       0
                text0                               E0A      E0A       D6      705       0
                cstackCOMRAM                         45       45       19        1       1
                dataBANK0                            B0       B0       14       60       1
                bssBANK0                             60       60       50       60       1
                dataCOMRAM                            1        1       2B        1       1
                bssCOMRAM                            2C       2C       19        1       1
                cinit                               F70      F70       62      705       0
                idataBANK0                         1138     1138       14      840       0
                idataCOMRAM                        1054     1054       2B      705       0

TOTAL           Name                               Link     Load   Length     Space
        CLASS   CODE           
                intcode                               8        8       2C         0
                init                                 34       34        4         0
                reset_vec                             0        0        4         0
                text11                             10D2     10D2       28         0
                text10                              FD2      FD2       4E         0
                text9                              1080     1080       2A         0
                text8                              10AA     10AA       28         0
                text7                              1162     1162        A         0
                text6                              1158     1158        A         0
                text5                              114C     114C        C         0
                text4                              10FA     10FA       20         0
                text3                              1020     1020       34         0
                text2                               EE0      EE0       90         0
                text1                              111A     111A       1E         0
                text0                               E0A      E0A       D6         0
                cinit                               F70      F70       62         0
                idataBANK0                         1138     1138       14         0
                idataCOMRAM                        1054     1054       2B         0

        CLASS   CONST          

        CLASS   SMALLCONST     
                smallconst                          E00      E00        A         0

        CLASS   MEDIUMCONST    

        CLASS   COMRAM         
                temp                                 5E       5E        1         1
                cstackCOMRAM                         45       45       19         1
                dataCOMRAM                            1        1       2B         1
                bssCOMRAM                            2C       2C       19         1

        CLASS   ABS1           

        CLASS   BIGRAM         

        CLASS   RAM            

        CLASS   BANK0          
                dataBANK0                            B0       B0       14         1
                bssBANK0                             60       60       50         1

        CLASS   BANK1          

        CLASS   BANK2          

        CLASS   BANK3          

        CLASS   BANK4          

        CLASS   BANK5          

        CLASS   BANK6          

        CLASS   BANK7          

        CLASS   BANK8          

        CLASS   BANK9          

        CLASS   BANK10         

        CLASS   BANK11         

        CLASS   BANK12         

        CLASS   BANK13         

        CLASS   SFR            

        CLASS   BIGSFR         

        CLASS   CONFIG         
                config                           300000   300000        C         4

        CLASS   IDLOC          
                idloc                            200000   200000       10         5

        CLASS   EEDATA         

        CLASS   FARRAM         

        CLASS   HEAP           

        CLASS   STACK          



SEGMENTS        Name                           Load    Length   Top    Selector   Space  Class

                reset_vec                      000000  000004  000004         0       0  CODE    
                dataCOMRAM                     000001  00005E  00005F         1       1  COMRAM  
                intcode                        000008  000030  000038         4       0  CODE    
                bssBANK0                       000060  000064  0000C4        60       1  BANK0   
                smallconst                     000E00  00000A  000E0A       700       0  SMALLCON
                text0                          000E0A  000275  00107F       705       0  CODE    
                text9                          001080  0000EC  00116C       840       0  CODE    


UNUSED ADDRESS RANGES

        Name                Unused          Largest block    Delta
        BANK0            0000C4-0000FF               3C
        BANK1            000100-0001FF              100
        BANK10           000A00-000AFF              100
        BANK11           000B00-000BFF              100
        BANK12           000C00-000CFF              100
        BANK13           000D00-000DE9               EA
        BANK2            000200-0002FF              100
        BANK3            000300-0003FF              100
        BANK4            000400-0004FF              100
        BANK5            000500-0005FF              100
        BANK6            000600-0006FF              100
        BANK7            000700-0007FF              100
        BANK8            000800-0008FF              100
        BANK9            000900-0009FF              100
        BIGRAM           00005F-00005F                1
                         0000C4-000DE9              D26
        BIGSFR           000DEF-000FFF              211
        CODE             000004-000007                4
                         000038-000DFF              DC8
                         00107F-00107F                1
                         00116C-01FFFF            1EE94
        COMRAM           00005F-00005F                1
        CONST            000004-000007                4
                         000038-000DFF              DC8
                         00107F-00107F                1
                         00116C-01FFFF            1EE94
        EEDATA           310000-3103FF              400
        MEDIUMCONST      00107F-00107F                1
                         00116C-00FFFF             EE94
                         010E00-01FFFF             F200
        RAM              0000C4-000DE9              100
        SFR              000DEF-000FFF              100
        SMALLCONST       00107F-00107F                1
                         00116C-01FFFF              100

                                  Symbol Table

I2C_2_Master_Write@data_byte cstackCOMRAM 000046
_ANSELDbits                  (abs)        000EA7
_ANSELFbits                  (abs)        000EB4
_BAUD4CONbits                (abs)        000EE9
_CCP1CONbits                 (abs)        000FAB
_CCP2CONbits                 (abs)        000FA7
_CCP3CONbits                 (abs)        000F26
_CCP4CONbits                 (abs)        000F22
_CCPR1H                      (abs)        000FAA
_CCPR2H                      (abs)        000FA6
_CCPR3H                      (abs)        000F25
_CCPR4H                      (abs)        000F21
_CCPTMRS0bits                (abs)        000FAD
_EUSART4RXbuf                bssCOMRAM    00002C
_EUSART4TXbuf                bssBANK0     000060
_I2C_2_Master_Idle           text8        0010AA
_I2C_2_Master_Init           text9        001080
_I2C_2_Master_Start          text7        001162
_I2C_2_Master_Stop           text6        001158
_I2C_2_Master_Write          text5        00114C
_INTCONbits                  (abs)        000FF2
_ISR                         intcode      000008
_LATAbits                    (abs)        000F79
_LATCbits                    (abs)        000F7B
_LATDbits                    (abs)        000F7C
_LATEbits                    (abs)        000F7D
_LATFbits                    (abs)        000F7E
_LATGbits                    (abs)        000F7F
_LATHbits                    (abs)        000F80
_PIE0bits                    (abs)        000E29
_PIE4bits                    (abs)        000E2D
_PIR0bits                    (abs)        000E33
_PIR4bits                    (abs)        000E37
_PORTFbits                   (abs)        000F8E
_RC0PPS                      (abs)        000E62
_RC4REG                      (abs)        000EE3
_RC4STAbits                  (abs)        000EE7
_RC7PPS                      (abs)        000E69
_RD5PPS                      (abs)        000E6F
_RD6PPS                      (abs)        000E70
_RE2PPS                      (abs)        000E74
_RE4PPS                      (abs)        000E76
_RG6PPS                      (abs)        000E88
_RX4PPS                      (abs)        000E15
_RxBufReadCnt                bssCOMRAM    000043
_RxBufWriteCnt               bssCOMRAM    000044
_SP4BRGH                     (abs)        000EE6
_SP4BRGL                     (abs)        000EE5
_SSP2ADD                     (abs)        000ED6
_SSP2BUF                     (abs)        000ED5
_SSP2CLKPPS                  (abs)        000E1C
_SSP2CON1bits                (abs)        000ED9
_SSP2CON2                    (abs)        000EDA
_SSP2CON2bits                (abs)        000EDA
_SSP2DATPPS                  (abs)        000E1D
_SSP2STAT                    (abs)        000ED8
_T0CON0bits                  (abs)        000FD5
_T0CON1bits                  (abs)        000FD6
_T2CLKCONbits                (abs)        000FBF
_T2CONbits                   (abs)        000FBD
_T2HLTbits                   (abs)        000FBE
_T2PR                        (abs)        000FBC
_TMR0H                       (abs)        000FD4
_TMR0L                       (abs)        000FD3
_TRISAbits                   (abs)        000F81
_TRISCbits                   (abs)        000F83
_TRISDbits                   (abs)        000F84
_TRISEbits                   (abs)        000F85
_TRISFbits                   (abs)        000F86
_TRISGbits                   (abs)        000F87
_TRISHbits                   (abs)        000F88
_TX4REG                      (abs)        000EE4
_TX4STAbits                  (abs)        000EE8
_Timer0_init                 text11       0010D2
_TxBufReadCnt                bssCOMRAM    000041
_TxBufWriteCnt               bssCOMRAM    000042
__HRAM                       (abs)        000000
__H__absolute__              __absolute__ 000000
__Habs1                      abs1         000000
__Hbank0                     bank0        000000
__Hbank1                     bank1        000000
__Hbank10                    bank10       000000
__Hbank11                    bank11       000000
__Hbank12                    bank12       000000
__Hbank13                    bank13       000000
__Hbank2                     bank2        000000
__Hbank3                     bank3        000000
__Hbank4                     bank4        000000
__Hbank5                     bank5        000000
__Hbank6                     bank6        000000
__Hbank7                     bank7        000000
__Hbank8                     bank8        000000
__Hbank9                     bank9        000000
__Hbigbss                    bigbss       000000
__Hbigdata                   bigdata      000000
__Hbigram                    bigram       000000
__Hbigsfr                    bigsfr       000000
__Hbss                       bss          000000
__HbssBANK0                  bssBANK0     000000
__HbssCOMRAM                 bssCOMRAM    000000
__Hcinit                     cinit        000000
__Hclrtext                   clrtext      000000
__Hcomram                    comram       000000
__Hconfig                    config       30000C
__Hconst                     const        000000
__HcstackCOMRAM              cstackCOMRAM 000000
__Hdata                      data         000000
__HdataBANK0                 dataBANK0    000000
__HdataCOMRAM                dataCOMRAM   000000
__Heeprom_data               eeprom_data  000000
__Hfarbss                    farbss       000000
__Hfardata                   fardata      000000
__Hheap                      heap         000000
__Hibigdata                  ibigdata     000000
__Hidata                     idata        000000
__HidataBANK0                idataBANK0   000000
__HidataCOMRAM               idataCOMRAM  000000
__Hidloc                     idloc        200010
__Hifardata                  ifardata     000000
__Hinit                      init         000038
__Hintcode                   intcode      000034
__Hintcode_body              intcode_body 000000
__Hintcodelo                 intcodelo    000034
__Hintentry                  intentry     000000
__Hintret                    intret       000000
__Hintsave_regs              intsave_regs 000000
__Hirdata                    irdata       000000
__Hmediumconst               mediumconst  000000
__HnvFARRAM                  nvFARRAM     000000
__Hnvbit                     nvbit        000000
__Hnvrram                    nvrram       000000
__Hparam                     rparam       000000
__Hpowerup                   powerup      000034
__Hram                       ram          000000
__Hramtop                    ramtop       000E00
__Hrbit                      rbit         000000
__Hrbss                      rbss         000000
__Hrdata                     rdata        000000
__Hreset_vec                 reset_vec    000004
__Hrparam                    rparam       000000
__Hsfr                       sfr          000000
__Hsmallconst                smallconst   000E0A
__Hspace_0                   (abs)        00116C
__Hspace_1                   (abs)        0000C4
__Hspace_2                   (abs)        000000
__Hspace_4                   (abs)        60000C
__Hstack                     stack        000000
__Hstruct                    struct       000000
__Htemp                      temp         00005F
__Htext                      text         000000
__Htext0                     text0        000000
__Htext1                     text1        000000
__Htext10                    text10       000000
__Htext11                    text11       000000
__Htext2                     text2        000000
__Htext3                     text3        000000
__Htext4                     text4        000000
__Htext5                     text5        000000
__Htext6                     text6        000000
__Htext7                     text7        000000
__Htext8                     text8        000000
__Htext9                     text9        000000
__LRAM                       (abs)        000001
__L__absolute__              __absolute__ 000000
__Labs1                      abs1         000000
__Lbank0                     bank0        000000
__Lbank1                     bank1        000000
__Lbank10                    bank10       000000
__Lbank11                    bank11       000000
__Lbank12                    bank12       000000
__Lbank13                    bank13       000000
__Lbank2                     bank2        000000
__Lbank3                     bank3        000000
__Lbank4                     bank4        000000
__Lbank5                     bank5        000000
__Lbank6                     bank6        000000
__Lbank7                     bank7        000000
__Lbank8                     bank8        000000
__Lbank9                     bank9        000000
__Lbigbss                    bigbss       000000
__Lbigdata                   bigdata      000000
__Lbigram                    bigram       000000
__Lbigsfr                    bigsfr       000000
__Lbss                       bss          000000
__LbssBANK0                  bssBANK0     000000
__LbssCOMRAM                 bssCOMRAM    000000
__Lcinit                     cinit        000000
__Lclrtext                   clrtext      000000
__Lcomram                    comram       000000
__Lconfig                    config       000000
__Lconst                     const        000000
__LcstackCOMRAM              cstackCOMRAM 000000
__Ldata                      data         000000
__LdataBANK0                 dataBANK0    000000
__LdataCOMRAM                dataCOMRAM   000000
__Leeprom_data               eeprom_data  000000
__Lfarbss                    farbss       000000
__Lfardata                   fardata      000000
__Lheap                      heap         000000
__Libigdata                  ibigdata     000000
__Lidata                     idata        000000
__LidataBANK0                idataBANK0   000000
__LidataCOMRAM               idataCOMRAM  000000
__Lidloc                     idloc        000000
__Lifardata                  ifardata     000000
__Linit                      init         000034
__Lintcode                   intcode      000008
__Lintcode_body              intcode_body 000000
__Lintcodelo                 intcodelo    000034
__Lintentry                  intentry     000000
__Lintret                    intret       000000
__Lintsave_regs              intsave_regs 000000
__Lirdata                    irdata       000000
__Lmediumconst               mediumconst  000000
__LnvFARRAM                  nvFARRAM     000000
__Lnvbit                     nvbit        000000
__Lnvrram                    nvrram       000000
__Lparam                     rparam       000000
__Lpowerup                   powerup      000034
__Lram                       ram          000000
__Lramtop                    ramtop       000E00
__Lrbit                      rbit         000000
__Lrbss                      rbss         000000
__Lrdata                     rdata        000000
__Lreset_vec                 reset_vec    000000
__Lrparam                    rparam       000000
__Lsfr                       sfr          000000
__Lsmallconst                smallconst   000E00
__Lspace_0                   (abs)        000000
__Lspace_1                   (abs)        000000
__Lspace_2                   (abs)        000000
__Lspace_4                   (abs)        000000
__Lstack                     stack        000000
__Lstruct                    struct       000000
__Ltemp                      temp         00005E
__Ltext                      text         000000
__Ltext0                     text0        000000
__Ltext1                     text1        000000
__Ltext10                    text10       000000
__Ltext11                    text11       000000
__Ltext2                     text2        000000
__Ltext3                     text3        000000
__Ltext4                     text4        000000
__Ltext5                     text5        000000
__Ltext6                     text6        000000
__Ltext7                     text7        000000
__Ltext8                     text8        000000
__Ltext9                     text9        000000
__S0                         (abs)        00116C
__S1                         (abs)        0000C4
__S4                         (abs)        000000
__S5                         (abs)        000000
___heap_hi                   (abs)        000000
___heap_lo                   (abs)        000000
___inthi_sp                  stack        000000
___inthi_stack_hi            stack        000000
___inthi_stack_lo            stack        000000
___intlo_sp                  stack        000000
___intlo_stack_hi            stack        000000
___intlo_stack_lo            stack        000000
___param_bank                (abs)        000000
___rparam_used               (abs)        000001
___sp                        stack        000000
___stack_hi                  stack        000000
___stack_lo                  stack        000000
__accesstop                  (abs)        000060
__activetblptr               (abs)        000003
__end_of_I2C_2_Master_Idle   text8        0010D2
__end_of_I2C_2_Master_Init   text9        0010AA
__end_of_I2C_2_Master_Start  text7        00116C
__end_of_I2C_2_Master_Stop   text6        001162
__end_of_I2C_2_Master_Write  text5        001158
__end_of_ISR                 intcode      000034
__end_of_Timer0_init         text11       0010FA
__end_of__initialization     cinit        000FC8
__end_of_buggy_lights_init   text10       001020
__end_of_color_click_init    text3        001054
__end_of_color_writetoaddr   text4        00111A
__end_of_initDCmotorsPWM     text2        000F70
__end_of_initUSART4          text1        001138
__end_of_main                text0        000EE0
__initialization             cinit        000F70
__mediumconst                mediumconst  000000
__pbssBANK0                  bssBANK0     000060
__pbssCOMRAM                 bssCOMRAM    00002C
__pcinit                     cinit        000F70
__pcstackCOMRAM              cstackCOMRAM 000045
__pdataBANK0                 dataBANK0    0000B0
__pdataCOMRAM                dataCOMRAM   000001
__pidataBANK0                idataBANK0   001138
__pidataCOMRAM               idataCOMRAM  001054
__pintcode                   intcode      000008
__psmallconst                smallconst   000E00
__ptext0                     text0        000E0A
__ptext1                     text1        00111A
__ptext10                    text10       000FD2
__ptext11                    text11       0010D2
__ptext2                     text2        000EE0
__ptext3                     text3        001020
__ptext4                     text4        0010FA
__ptext5                     text5        00114C
__ptext6                     text6        001158
__ptext7                     text7        001162
__ptext8                     text8        0010AA
__ptext9                     text9        001080
__ramtop                     ramtop       000E00
__smallconst                 smallconst   000E00
_buggy_lights_init           text10       000FD2
_color_click_init            text3        001020
_color_writetoaddr           text4        0010FA
_headbuttDelay               dataCOMRAM   000003
_initDCmotorsPWM             text2        000EE0
_initUSART4                  text1        00111A
_main                        text0        000E0A
_manoeuvre_count             dataCOMRAM   00000F
_manoeuvre_pointer           dataCOMRAM   000010
_rampDelay                   dataCOMRAM   000017
_returnFlag                  bssCOMRAM    000040
_returning                   dataCOMRAM   000013
_squareDelay                 dataCOMRAM   000001
_timer_high_pointer          dataCOMRAM   000012
_timer_low_pointer           dataCOMRAM   000011
_topGearLeft                 dataCOMRAM   000016
_topGearRight                dataCOMRAM   000015
_trail_manoeuvre             dataBANK0    0000B0
_trail_timer_high            dataCOMRAM   000018
_trail_timer_low             bssBANK0     00009C
_turn180Delay                dataCOMRAM   000005
_turnLeft135Delay            dataCOMRAM   000009
_turnLeft90Delay             dataCOMRAM   00000D
_turnRight135Delay           dataCOMRAM   000007
_turnRight90Delay            dataCOMRAM   00000B
_turningGear                 dataCOMRAM   000014
btemp                        temp         00005E
color_writetoaddr@address    cstackCOMRAM 000048
color_writetoaddr@value      cstackCOMRAM 000047
end_of_initialization        cinit        000FC8
initDCmotorsPWM@PWMperiod    cstackCOMRAM 000045
int$flags                    temp         00005E
intlevel0                    text         000000
intlevel1                    text         000000
intlevel2                    text         000000
intlevel3                    text         000000
isa$std                      (abs)        000001
isa$xinst                    (abs)        000000
main@motorL                  cstackCOMRAM 00004C
main@motorR                  cstackCOMRAM 000055
stackhi                      (abs)        000000
stacklo                      (abs)        000000
start                        init         000034
start_initialization         cinit        000F70
ttemp5                       temp         00005F
ttemp6                       temp         000062
ttemp7                       temp         000066
wtemp8                       temp         00005F


MODULE INFORMATION

Module		Function		Class		Link	Load	Size
serial.c
		_initUSART4    		CODE           	111A	0000	30

serial.c estimated size: 30

timers.c
		_Timer0_init   		CODE           	10D2	0000	40
		_ISR           		CODE           	0008	0000	44

timers.c estimated size: 84

color.c
		_color_writetoaddr		CODE           	10FA	0000	32
		_color_click_init		CODE           	1020	0000	52

color.c estimated size: 84

dc_motor.c
		_initDCmotorsPWM		CODE           	0EE0	0000	144

dc_motor.c estimated size: 144

buggy_lights.c
		_buggy_lights_init		CODE           	0FD2	0000	78

buggy_lights.c estimated size: 78

i2c.c
		_I2C_2_Master_Start		CODE           	1162	0000	10
		_I2C_2_Master_Idle		CODE           	10AA	0000	40
		_I2C_2_Master_Init		CODE           	1080	0000	42
		_I2C_2_Master_Stop		CODE           	1158	0000	10
		_I2C_2_Master_Write		CODE           	114C	0000	12

i2c.c estimated size: 114

shared
		__initialization		CODE           	0F70	0000	88

shared estimated size: 88

main.c
		_main          		CODE           	0E0A	0000	214

main.c estimated size: 214

