Microchip MPLAB XC8 Compiler V2.45

Linker command line:

-W-3 \
  --edf=C:\Program Files\Microchip\xc8\v2.45\pic\dat\20230818022343_en.msgs \
  -cn \
  -h+dist/default/production\final-project-gorakh-boris.X.production.sym \
  --cmf=dist/default/production\final-project-gorakh-boris.X.production.cmf \
  -z -Q18F67K40 \
  -oC:\Users\boris\AppData\Local\Temp\xcBs39c.1\driver_tmp_3.o \
  --defsym=__MPLAB_BUILD=1 --fixupoverflow=error \
  -Mdist/default/production/final-project-gorakh-boris.X.production.map \
  --md=C:\Users\boris\AppData\Local\Temp\xcBs39c.1\driver_tmp_0.dat -E1 \
  -ver=XC8 Compiler --acfsm=1493 -ACODE=00h-01FFFFh -ACONST=00h-01FFFFh \
  -ASMALLCONST=0E00h-0EFFhx498 -AMEDIUMCONST=0E00h-0FFFFh,010E00h-01FFFFh \
  -ACOMRAM=01h-05Fh -AABS1=00h-0DE9h -ABIGRAM=01h-0DE9h \
  -ARAM=060h-0FFh,0100h-01FFhx12,0D00h-0DE9h -ABANK0=060h-0FFh \
  -ABANK1=0100h-01FFh -ABANK2=0200h-02FFh -ABANK3=0300h-03FFh \
  -ABANK4=0400h-04FFh -ABANK5=0500h-05FFh -ABANK6=0600h-06FFh \
  -ABANK7=0700h-07FFh -ABANK8=0800h-08FFh -ABANK9=0900h-09FFh \
  -ABANK10=0A00h-0AFFh -ABANK11=0B00h-0BFFh -ABANK12=0C00h-0CFFh \
  -ABANK13=0D00h-0DE9h \
  -ASFR=0DEFh-0DFFh,0E00h-0EFFh,0F00h-0F5Fh,0F60h-0FFFh \
  -ABIGSFR=0DEFh-0FFFh -ACONFIG=0300000h-030000Bh -AIDLOC=0200000h-020000Fh \
  -AEEDATA=0310000h-03103FFh -peeprom_data=EEDATA \
  -preset_vec=00h,intcode=08h,intcodelo,powerup,init -pramtop=0E00h \
  -psmallconst=SMALLCONST -pmediumconst=MEDIUMCONST -pconst=CONST \
  -AFARRAM=00h-00h \
  -prdata=COMRAM,nvrram=COMRAM,nvbit=COMRAM,rbss=COMRAM,rbit=COMRAM \
  -pfarbss=FARRAM,fardata=FARRAM,nvFARRAM=FARRAM \
  -pintsave_regs=BIGRAM,bigbss=BIGRAM,bigdata=BIGRAM -pbss=RAM \
  -pidata=CODE,irdata=CODE,ibigdata=CODE,ifardata=CODE -prparam=COMRAM \
  C:\Users\boris\AppData\Local\Temp\xcBs39c.1\driver_tmp_14.o \
  dist/default/production\final-project-gorakh-boris.X.production.o 

Object code version is 3.11

Machine type is 18F67K40



                Name                               Link     Load   Length Selector   Space Scale
C:\Users\boris\AppData\Local\Temp\xcBs39c.1\driver_tmp_14.o
                idloc                            200000   200000       10        0       5
                config                           300000   300000        C        0       4
                init                                 3C       3C        4        4       0
                reset_vec                             0        0        4        0       0
dist/default/production\final-project-gorakh-boris.X.production.o
                intcode                               8        8       34        4       0
                idloc                            200000   200000       10        0       5
                config                           300000   300000        C        0       4
                temp                                 5E       5E        1        1       1
                smallconst                          E00      E00       1A      700       0
                text45                             2EAC     2EAC        C     174A       0
                text44                             2EA0     2EA0        C     174A       0
                text43                             2E04     2E04       24      70D       0
                text42                             25BE     25BE       A4      70D       0
                text41                             2DDC     2DDC       28      70D       0
                text40                             2CDA     2CDA       42      70D       0
                text39                             2ECC     2ECC        A     174A       0
                text38                             2EC2     2EC2        A     174A       0
                text37                             2EB8     2EB8        A     174A       0
                text36                             2E94     2E94        C     174A       0
                text35                             2BF2     2BF2       50      70D       0
                text34                             2BA2     2BA2       50      70D       0
                text33                             2B52     2B52       50      70D       0
                text32                             2B02     2B02       50      70D       0
                text31                             2AAC     2AAC       56      70D       0
                text30                             1C1C     1C1C      1F8      70D       0
                text29                             2D84     2D84       2E      70D       0
                text28                             2DB2     2DB2       2A      70D       0
                text27                             2E28     2E28       20      70D       0
                text26                             2D50     2D50       34      70D       0
                text25                             28C8     28C8       6A      70D       0
                text24                             276E     276E       7C      70D       0
                text23                             26F2     26F2       7C      70D       0
                text22                              E1A      E1A      6CC      70D       0
                text21                             2662     2662       90      70D       0
                text20                             2E48     2E48       1E      70D       0
                text19                             14E6     14E6      42A      70D       0
                text18                             20EC     20EC      106      70D       0
                text17                             1E14     1E14      1B4      70D       0
                text16                             21F2     21F2       D6      70D       0
                text15                             2E66     2E66       18      70D       0
                text14                             2996     2996       62      70D       0
                text13                             2390     2390       C4      70D       0
                text12                             250E     250E       B0      70D       0
                text11                             27EA     27EA       74      70D       0
                text10                             2932     2932       64      70D       0
                text9                              2D1C     2D1C       34      70D       0
                text8                              2EDC     2EDC        2     174A       0
                text7                              2454     2454       BA      70D       0
                text6                              1910     1910      30C      70D       0
                text5                              2A56     2A56       56      70D       0
                text4                              2C8E     2C8E       4C      70D       0
                text3                              2C42     2C42       4C      70D       0
                text2                              29F8     29F8       5E      70D       0
                text1                              22C8     22C8       C8      70D       0
                text0                              1FC8     1FC8      124      70D       0
                cstackCOMRAM                          1        1       53        1       1
                cstackBANK0                          87       87       20       60       1
                bssBANK1                            100      100       3C      100       1
                dataBANK0                            A7       A7       15       60       1
                bssBANK0                             60       60       27       60       1
                dataCOMRAM                           54       54        6        1       1
                bssCOMRAM                            5A       5A        4        1       1
                cinit                              285E     285E       6A      70D       0
                idataBANK0                         2E7E     2E7E       15      70D       0
                idataCOMRAM                        2ED6     2ED6        6     174A       0

TOTAL           Name                               Link     Load   Length     Space
        CLASS   CODE           
                intcode                               8        8       34         0
                init                                 3C       3C        4         0
                reset_vec                             0        0        4         0
                text45                             2EAC     2EAC        C         0
                text44                             2EA0     2EA0        C         0
                text43                             2E04     2E04       24         0
                text42                             25BE     25BE       A4         0
                text41                             2DDC     2DDC       28         0
                text40                             2CDA     2CDA       42         0
                text39                             2ECC     2ECC        A         0
                text38                             2EC2     2EC2        A         0
                text37                             2EB8     2EB8        A         0
                text36                             2E94     2E94        C         0
                text35                             2BF2     2BF2       50         0
                text34                             2BA2     2BA2       50         0
                text33                             2B52     2B52       50         0
                text32                             2B02     2B02       50         0
                text31                             2AAC     2AAC       56         0
                text30                             1C1C     1C1C      1F8         0
                text29                             2D84     2D84       2E         0
                text28                             2DB2     2DB2       2A         0
                text27                             2E28     2E28       20         0
                text26                             2D50     2D50       34         0
                text25                             28C8     28C8       6A         0
                text24                             276E     276E       7C         0
                text23                             26F2     26F2       7C         0
                text22                              E1A      E1A      6CC         0
                text21                             2662     2662       90         0
                text20                             2E48     2E48       1E         0
                text19                             14E6     14E6      42A         0
                text18                             20EC     20EC      106         0
                text17                             1E14     1E14      1B4         0
                text16                             21F2     21F2       D6         0
                text15                             2E66     2E66       18         0
                text14                             2996     2996       62         0
                text13                             2390     2390       C4         0
                text12                             250E     250E       B0         0
                text11                             27EA     27EA       74         0
                text10                             2932     2932       64         0
                text9                              2D1C     2D1C       34         0
                text8                              2EDC     2EDC        2         0
                text7                              2454     2454       BA         0
                text6                              1910     1910      30C         0
                text5                              2A56     2A56       56         0
                text4                              2C8E     2C8E       4C         0
                text3                              2C42     2C42       4C         0
                text2                              29F8     29F8       5E         0
                text1                              22C8     22C8       C8         0
                text0                              1FC8     1FC8      124         0
                cinit                              285E     285E       6A         0
                idataBANK0                         2E7E     2E7E       15         0
                idataCOMRAM                        2ED6     2ED6        6         0

        CLASS   CONST          

        CLASS   SMALLCONST     
                smallconst                          E00      E00       1A         0

        CLASS   MEDIUMCONST    

        CLASS   COMRAM         
                temp                                 5E       5E        1         1
                cstackCOMRAM                          1        1       53         1
                dataCOMRAM                           54       54        6         1
                bssCOMRAM                            5A       5A        4         1

        CLASS   ABS1           

        CLASS   BIGRAM         

        CLASS   RAM            

        CLASS   BANK0          
                cstackBANK0                          87       87       20         1
                dataBANK0                            A7       A7       15         1
                bssBANK0                             60       60       27         1

        CLASS   BANK1          
                bssBANK1                            100      100       3C         1

        CLASS   BANK2          

        CLASS   BANK3          

        CLASS   BANK4          

        CLASS   BANK5          

        CLASS   BANK6          

        CLASS   BANK7          

        CLASS   BANK8          

        CLASS   BANK9          

        CLASS   BANK10         

        CLASS   BANK11         

        CLASS   BANK12         

        CLASS   BANK13         

        CLASS   SFR            

        CLASS   BIGSFR         

        CLASS   CONFIG         
                config                           300000   300000        C         4

        CLASS   IDLOC          
                idloc                            200000   200000       10         5

        CLASS   EEDATA         

        CLASS   FARRAM         

        CLASS   HEAP           

        CLASS   STACK          



SEGMENTS        Name                           Load    Length   Top    Selector   Space  Class

                reset_vec                      000000  000004  000004         0       0  CODE    
                cstackCOMRAM                   000001  00005E  00005F         1       1  COMRAM  
                intcode                        000008  000038  000040         4       0  CODE    
                bssBANK0                       000060  00005C  0000BC        60       1  BANK0   
                bssBANK1                       000100  00003C  00013C       100       1  BANK1   
                smallconst                     000E00  00001A  000E1A       700       0  SMALLCON
                text22                         000E1A  002079  002E93       70D       0  CODE    
                text36                         002E94  00004A  002EDE      174A       0  CODE    


UNUSED ADDRESS RANGES

        Name                Unused          Largest block    Delta
        BANK0            0000BC-0000FF               44
        BANK1            00013C-0001FF               C4
        BANK10           000A00-000AFF              100
        BANK11           000B00-000BFF              100
        BANK12           000C00-000CFF              100
        BANK13           000D00-000DE9               EA
        BANK2            000200-0002FF              100
        BANK3            000300-0003FF              100
        BANK4            000400-0004FF              100
        BANK5            000500-0005FF              100
        BANK6            000600-0006FF              100
        BANK7            000700-0007FF              100
        BANK8            000800-0008FF              100
        BANK9            000900-0009FF              100
        BIGRAM           00005F-00005F                1
                         0000BC-0000FF               44
                         00013C-000DE9              CAE
        BIGSFR           000DEF-000FFF              211
        CODE             000004-000007                4
                         000040-000DFF              DC0
                         002E93-002E93                1
                         002EDE-01FFFF            1D122
        COMRAM           00005F-00005F                1
        CONST            000004-000007                4
                         000040-000DFF              DC0
                         002E93-002E93                1
                         002EDE-01FFFF            1D122
        EEDATA           310000-3103FF              400
        MEDIUMCONST      002E93-002E93                1
                         002EDE-00FFFF             D122
                         010E00-01FFFF             F200
        RAM              0000BC-0000FF               44
                         00013C-000DE9              100
        SFR              000DEF-000FFF              100
        SMALLCONST       002E93-002E93                1
                         002EDE-01FFFF              100

                                  Symbol Table

?___awdiv                      cstackCOMRAM 000001
?___awmod                      cstackCOMRAM 000001
?___flmul                      cstackCOMRAM 00000F
?___fltol                      cstackCOMRAM 000028
?___lldiv                      cstackCOMRAM 000001
?___lmul                       cstackCOMRAM 000001
?___lwdiv                      cstackCOMRAM 000001
?___lwmod                      cstackCOMRAM 000001
?___xxtofl                     cstackCOMRAM 000001
?_abs                          cstackCOMRAM 000007
?_color_read_Blue              cstackCOMRAM 000005
?_color_read_Clear             cstackCOMRAM 000005
?_color_read_Green             cstackCOMRAM 000005
?_color_read_Red               cstackCOMRAM 000005
?_max_RGB                      cstackCOMRAM 000001
?_min_RGB                      cstackCOMRAM 000001
?_sprintf                      cstackCOMRAM 00001D
?_vfpfcnvrt                    cstackCOMRAM 00000B
?_vfprintf                     cstackCOMRAM 000019
I2C_2_Master_Read@ack          cstackCOMRAM 000003
I2C_2_Master_Read@tmp          cstackCOMRAM 000004
I2C_2_Master_Write@data_byte   cstackCOMRAM 000002
_ANSELDbits                    (abs)        000EA7
_ANSELFbits                    (abs)        000EB4
_BAUD4CONbits                  (abs)        000EE9
_CCP1CONbits                   (abs)        000FAB
_CCP2CONbits                   (abs)        000FA7
_CCP3CONbits                   (abs)        000F26
_CCP4CONbits                   (abs)        000F22
_CCPR1H                        (abs)        000FAA
_CCPR2H                        (abs)        000FA6
_CCPR3H                        (abs)        000F25
_CCPR4H                        (abs)        000F21
_CCPTMRS0bits                  (abs)        000FAD
_I2C_2_Master_Idle             text41       002DDC
_I2C_2_Master_Init             text28       002DB2
_I2C_2_Master_Read             text40       002CDA
_I2C_2_Master_RepStart         text39       002ECC
_I2C_2_Master_Start            text38       002EC2
_I2C_2_Master_Stop             text37       002EB8
_I2C_2_Master_Write            text36       002E94
_INTCONbits                    (abs)        000FF2
_ISR                           intcode      000008
_LATAbits                      (abs)        000F79
_LATCbits                      (abs)        000F7B
_LATDbits                      (abs)        000F7C
_LATEbits                      (abs)        000F7D
_LATFbits                      (abs)        000F7E
_LATGbits                      (abs)        000F7F
_LATHbits                      (abs)        000F80
_PIE0bits                      (abs)        000E29
_PIR0bits                      (abs)        000E33
_PIR4bits                      (abs)        000E37
_RC0PPS                        (abs)        000E62
_RC4REG                        (abs)        000EE3
_RC4STAbits                    (abs)        000EE7
_RC7PPS                        (abs)        000E69
_RD5PPS                        (abs)        000E6F
_RD6PPS                        (abs)        000E70
_RE2PPS                        (abs)        000E74
_RE4PPS                        (abs)        000E76
_RG6PPS                        (abs)        000E88
_RX4PPS                        (abs)        000E15
_SP4BRGH                       (abs)        000EE6
_SP4BRGL                       (abs)        000EE5
_SSP2ADD                       (abs)        000ED6
_SSP2BUF                       (abs)        000ED5
_SSP2CLKPPS                    (abs)        000E1C
_SSP2CON1bits                  (abs)        000ED9
_SSP2CON2                      (abs)        000EDA
_SSP2CON2bits                  (abs)        000EDA
_SSP2DATPPS                    (abs)        000E1D
_SSP2STAT                      (abs)        000ED8
_T0CON0bits                    (abs)        000FD5
_T0CON1bits                    (abs)        000FD6
_T2CLKCONbits                  (abs)        000FBF
_T2CONbits                     (abs)        000FBD
_T2HLTbits                     (abs)        000FBE
_T2PR                          (abs)        000FBC
_TMR0H                         (abs)        000FD4
_TMR0L                         (abs)        000FD3
_TRISAbits                     (abs)        000F81
_TRISCbits                     (abs)        000F83
_TRISDbits                     (abs)        000F84
_TRISEbits                     (abs)        000F85
_TRISFbits                     (abs)        000F86
_TRISGbits                     (abs)        000F87
_TRISHbits                     (abs)        000F88
_TX4REG                        (abs)        000EE4
_TX4STAbits                    (abs)        000EE8
_Timer0_init                   text43       002E04
__HRAM                         (abs)        000000
__H__absolute__                __absolute__ 000000
__Habs1                        abs1         000000
__Hbank0                       bank0        000000
__Hbank1                       bank1        000000
__Hbank10                      bank10       000000
__Hbank11                      bank11       000000
__Hbank12                      bank12       000000
__Hbank13                      bank13       000000
__Hbank2                       bank2        000000
__Hbank3                       bank3        000000
__Hbank4                       bank4        000000
__Hbank5                       bank5        000000
__Hbank6                       bank6        000000
__Hbank7                       bank7        000000
__Hbank8                       bank8        000000
__Hbank9                       bank9        000000
__Hbigbss                      bigbss       000000
__Hbigdata                     bigdata      000000
__Hbigram                      bigram       000000
__Hbigsfr                      bigsfr       000000
__Hbss                         bss          000000
__HbssBANK0                    bssBANK0     000000
__HbssBANK1                    bssBANK1     000000
__HbssCOMRAM                   bssCOMRAM    000000
__Hcinit                       cinit        000000
__Hclrtext                     clrtext      000000
__Hcomram                      comram       000000
__Hconfig                      config       30000C
__Hconst                       const        000000
__HcstackBANK0                 cstackBANK0  000000
__HcstackCOMRAM                cstackCOMRAM 000000
__Hdata                        data         000000
__HdataBANK0                   dataBANK0    000000
__HdataCOMRAM                  dataCOMRAM   000000
__Heeprom_data                 eeprom_data  000000
__Hfarbss                      farbss       000000
__Hfardata                     fardata      000000
__Hheap                        heap         000000
__Hibigdata                    ibigdata     000000
__Hidata                       idata        000000
__HidataBANK0                  idataBANK0   000000
__HidataCOMRAM                 idataCOMRAM  000000
__Hidloc                       idloc        200010
__Hifardata                    ifardata     000000
__Hinit                        init         000040
__Hintcode                     intcode      00003C
__Hintcode_body                intcode_body 000000
__Hintcodelo                   intcodelo    00003C
__Hintentry                    intentry     000000
__Hintret                      intret       000000
__Hintsave_regs                intsave_regs 000000
__Hirdata                      irdata       000000
__Hmediumconst                 mediumconst  000000
__HnvFARRAM                    nvFARRAM     000000
__Hnvbit                       nvbit        000000
__Hnvrram                      nvrram       000000
__Hparam                       rparam       000000
__Hpowerup                     powerup      00003C
__Hram                         ram          000000
__Hramtop                      ramtop       000E00
__Hrbit                        rbit         000000
__Hrbss                        rbss         000000
__Hrdata                       rdata        000000
__Hreset_vec                   reset_vec    000004
__Hrparam                      rparam       000000
__Hsfr                         sfr          000000
__Hsmallconst                  smallconst   000E1A
__Hspace_0                     (abs)        002EDE
__Hspace_1                     (abs)        00013C
__Hspace_2                     (abs)        000000
__Hspace_4                     (abs)        60000C
__Hstack                       stack        000000
__Hstruct                      struct       000000
__Htemp                        temp         00005F
__Htext                        text         000000
__Htext0                       text0        000000
__Htext1                       text1        000000
__Htext10                      text10       000000
__Htext11                      text11       000000
__Htext12                      text12       000000
__Htext13                      text13       000000
__Htext14                      text14       000000
__Htext15                      text15       000000
__Htext16                      text16       000000
__Htext17                      text17       000000
__Htext18                      text18       000000
__Htext19                      text19       000000
__Htext2                       text2        000000
__Htext20                      text20       000000
__Htext21                      text21       000000
__Htext22                      text22       000000
__Htext23                      text23       000000
__Htext24                      text24       000000
__Htext25                      text25       000000
__Htext26                      text26       000000
__Htext27                      text27       000000
__Htext28                      text28       000000
__Htext29                      text29       000000
__Htext3                       text3        000000
__Htext30                      text30       000000
__Htext31                      text31       000000
__Htext32                      text32       000000
__Htext33                      text33       000000
__Htext34                      text34       000000
__Htext35                      text35       000000
__Htext36                      text36       000000
__Htext37                      text37       000000
__Htext38                      text38       000000
__Htext39                      text39       000000
__Htext4                       text4        000000
__Htext40                      text40       000000
__Htext41                      text41       000000
__Htext42                      text42       000000
__Htext43                      text43       000000
__Htext44                      text44       000000
__Htext45                      text45       000000
__Htext5                       text5        000000
__Htext6                       text6        000000
__Htext7                       text7        000000
__Htext8                       text8        000000
__Htext9                       text9        000000
__LRAM                         (abs)        000001
__L__absolute__                __absolute__ 000000
__Labs1                        abs1         000000
__Lbank0                       bank0        000000
__Lbank1                       bank1        000000
__Lbank10                      bank10       000000
__Lbank11                      bank11       000000
__Lbank12                      bank12       000000
__Lbank13                      bank13       000000
__Lbank2                       bank2        000000
__Lbank3                       bank3        000000
__Lbank4                       bank4        000000
__Lbank5                       bank5        000000
__Lbank6                       bank6        000000
__Lbank7                       bank7        000000
__Lbank8                       bank8        000000
__Lbank9                       bank9        000000
__Lbigbss                      bigbss       000000
__Lbigdata                     bigdata      000000
__Lbigram                      bigram       000000
__Lbigsfr                      bigsfr       000000
__Lbss                         bss          000000
__LbssBANK0                    bssBANK0     000000
__LbssBANK1                    bssBANK1     000000
__LbssCOMRAM                   bssCOMRAM    000000
__Lcinit                       cinit        000000
__Lclrtext                     clrtext      000000
__Lcomram                      comram       000000
__Lconfig                      config       000000
__Lconst                       const        000000
__LcstackBANK0                 cstackBANK0  000000
__LcstackCOMRAM                cstackCOMRAM 000000
__Ldata                        data         000000
__LdataBANK0                   dataBANK0    000000
__LdataCOMRAM                  dataCOMRAM   000000
__Leeprom_data                 eeprom_data  000000
__Lfarbss                      farbss       000000
__Lfardata                     fardata      000000
__Lheap                        heap         000000
__Libigdata                    ibigdata     000000
__Lidata                       idata        000000
__LidataBANK0                  idataBANK0   000000
__LidataCOMRAM                 idataCOMRAM  000000
__Lidloc                       idloc        000000
__Lifardata                    ifardata     000000
__Linit                        init         00003C
__Lintcode                     intcode      000008
__Lintcode_body                intcode_body 000000
__Lintcodelo                   intcodelo    00003C
__Lintentry                    intentry     000000
__Lintret                      intret       000000
__Lintsave_regs                intsave_regs 000000
__Lirdata                      irdata       000000
__Lmediumconst                 mediumconst  000000
__LnvFARRAM                    nvFARRAM     000000
__Lnvbit                       nvbit        000000
__Lnvrram                      nvrram       000000
__Lparam                       rparam       000000
__Lpowerup                     powerup      00003C
__Lram                         ram          000000
__Lramtop                      ramtop       000E00
__Lrbit                        rbit         000000
__Lrbss                        rbss         000000
__Lrdata                       rdata        000000
__Lreset_vec                   reset_vec    000000
__Lrparam                      rparam       000000
__Lsfr                         sfr          000000
__Lsmallconst                  smallconst   000E00
__Lspace_0                     (abs)        000000
__Lspace_1                     (abs)        000000
__Lspace_2                     (abs)        000000
__Lspace_4                     (abs)        000000
__Lstack                       stack        000000
__Lstruct                      struct       000000
__Ltemp                        temp         00005E
__Ltext                        text         000000
__Ltext0                       text0        000000
__Ltext1                       text1        000000
__Ltext10                      text10       000000
__Ltext11                      text11       000000
__Ltext12                      text12       000000
__Ltext13                      text13       000000
__Ltext14                      text14       000000
__Ltext15                      text15       000000
__Ltext16                      text16       000000
__Ltext17                      text17       000000
__Ltext18                      text18       000000
__Ltext19                      text19       000000
__Ltext2                       text2        000000
__Ltext20                      text20       000000
__Ltext21                      text21       000000
__Ltext22                      text22       000000
__Ltext23                      text23       000000
__Ltext24                      text24       000000
__Ltext25                      text25       000000
__Ltext26                      text26       000000
__Ltext27                      text27       000000
__Ltext28                      text28       000000
__Ltext29                      text29       000000
__Ltext3                       text3        000000
__Ltext30                      text30       000000
__Ltext31                      text31       000000
__Ltext32                      text32       000000
__Ltext33                      text33       000000
__Ltext34                      text34       000000
__Ltext35                      text35       000000
__Ltext36                      text36       000000
__Ltext37                      text37       000000
__Ltext38                      text38       000000
__Ltext39                      text39       000000
__Ltext4                       text4        000000
__Ltext40                      text40       000000
__Ltext41                      text41       000000
__Ltext42                      text42       000000
__Ltext43                      text43       000000
__Ltext44                      text44       000000
__Ltext45                      text45       000000
__Ltext5                       text5        000000
__Ltext6                       text6        000000
__Ltext7                       text7        000000
__Ltext8                       text8        000000
__Ltext9                       text9        000000
__S0                           (abs)        002EDE
__S1                           (abs)        00013C
__S4                           (abs)        000000
__S5                           (abs)        000000
___awdiv                       text13       002390
___awdiv@counter               cstackCOMRAM 000005
___awdiv@dividend              cstackCOMRAM 000001
___awdiv@divisor               cstackCOMRAM 000003
___awdiv@quotient              cstackCOMRAM 000007
___awdiv@sign                  cstackCOMRAM 000006
___awmod                       text12       00250E
___awmod@counter               cstackCOMRAM 000005
___awmod@dividend              cstackCOMRAM 000001
___awmod@divisor               cstackCOMRAM 000003
___awmod@sign                  cstackCOMRAM 000006
___flmul                       text19       0014E6
___flmul@a                     cstackCOMRAM 000013
___flmul@aexp                  cstackCOMRAM 000020
___flmul@b                     cstackCOMRAM 00000F
___flmul@bexp                  cstackCOMRAM 000021
___flmul@grs                   cstackCOMRAM 00001C
___flmul@prod                  cstackCOMRAM 000022
___flmul@sign                  cstackCOMRAM 00001B
___flmul@temp                  cstackCOMRAM 000026
___fltol                       text18       0020EC
___fltol@exp1                  cstackCOMRAM 000031
___fltol@f1                    cstackCOMRAM 000028
___fltol@sign1                 cstackCOMRAM 000030
___heap_hi                     (abs)        000000
___heap_lo                     (abs)        000000
___inthi_sp                    stack        000000
___inthi_stack_hi              stack        000000
___inthi_stack_lo              stack        000000
___intlo_sp                    stack        000000
___intlo_stack_hi              stack        000000
___intlo_stack_lo              stack        000000
___lldiv                       text42       0025BE
___lldiv@counter               cstackCOMRAM 00000D
___lldiv@dividend              cstackCOMRAM 000001
___lldiv@divisor               cstackCOMRAM 000005
___lldiv@quotient              cstackCOMRAM 000009
___lmul                        text25       0028C8
___lmul@multiplicand           cstackCOMRAM 000005
___lmul@multiplier             cstackCOMRAM 000001
___lmul@product                cstackCOMRAM 000009
___lwdiv                       text11       0027EA
___lwdiv@counter               cstackCOMRAM 000007
___lwdiv@dividend              cstackCOMRAM 000001
___lwdiv@divisor               cstackCOMRAM 000003
___lwdiv@quotient              cstackCOMRAM 000005
___lwmod                       text10       002932
___lwmod@counter               cstackCOMRAM 000005
___lwmod@dividend              cstackCOMRAM 000001
___lwmod@divisor               cstackCOMRAM 000003
___param_bank                  (abs)        000000
___rparam_used                 (abs)        000001
___sp                          stack        000000
___stack_hi                    stack        000000
___stack_lo                    stack        000000
___xxtofl                      text17       001E14
___xxtofl@arg                  cstackCOMRAM 00000B
___xxtofl@exp                  cstackCOMRAM 00000A
___xxtofl@sign                 cstackCOMRAM 000009
___xxtofl@val                  cstackCOMRAM 000001
__accesstop                    (abs)        000060
__activetblptr                 (abs)        000003
__end_of_I2C_2_Master_Idle     text41       002E04
__end_of_I2C_2_Master_Init     text28       002DDC
__end_of_I2C_2_Master_Read     text40       002D1C
__end_of_I2C_2_Master_RepStart text39       002ED6
__end_of_I2C_2_Master_Start    text38       002ECC
__end_of_I2C_2_Master_Stop     text37       002EC2
__end_of_I2C_2_Master_Write    text36       002EA0
__end_of_ISR                   intcode      00003C
__end_of_Timer0_init           text43       002E28
__end_of___awdiv               text13       002454
__end_of___awmod               text12       0025BE
__end_of___flmul               text19       001910
__end_of___fltol               text18       0021F2
__end_of___lldiv               text42       002662
__end_of___lmul                text25       002932
__end_of___lwdiv               text11       00285E
__end_of___lwmod               text10       002996
__end_of___xxtofl              text17       001FC8
__end_of__initialization       cinit        0028BE
__end_of_abs                   text9        002D50
__end_of_average_RGBC          text30       001E14
__end_of_buggy_lights_init     text29       002DB2
__end_of_color_click_init      text26       002D84
__end_of_color_read_Blue       text35       002C42
__end_of_color_read_Clear      text34       002BF2
__end_of_color_read_Green      text33       002BA2
__end_of_color_read_Red        text32       002B52
__end_of_color_writetoaddr     text27       002E48
__end_of_convert_HSV           text22       0014E6
__end_of_fputc                 text7        00250E
__end_of_getRGBCval            text31       002B02
__end_of_initDCmotorsPWM       text21       0026F2
__end_of_initUSART4            text20       002E66
__end_of_main                  text0        0020EC
__end_of_max_RGB               text24       0027EA
__end_of_min_RGB               text23       00276E
__end_of_putch                 text8        002EDE
__end_of_reset_timer           text44       002EAC
__end_of_scale_RGB             text16       0022C8
__end_of_sendCharSerial4       text15       002E7E
__end_of_sendHSVvalSerial4     text3        002C8E
__end_of_sendRGBCvalSerial4    text2        002A56
__end_of_sendStringSerial4     text14       0029F8
__end_of_sprintf               text4        002CDA
__end_of_toggle_tricolour_LED  text1        002390
__end_of_vfpfcnvrt             text6        001C1C
__end_of_vfprintf              text5        002AAC
__end_of_write_timer           text45       002EB8
__initialization               cinit        00285E
__mediumconst                  mediumconst  000000
__pbssBANK0                    bssBANK0     000060
__pbssBANK1                    bssBANK1     000100
__pbssCOMRAM                   bssCOMRAM    00005A
__pcinit                       cinit        00285E
__pcstackBANK0                 cstackBANK0  000087
__pcstackCOMRAM                cstackCOMRAM 000001
__pdataBANK0                   dataBANK0    0000A7
__pdataCOMRAM                  dataCOMRAM   000054
__pidataBANK0                  idataBANK0   002E7E
__pidataCOMRAM                 idataCOMRAM  002ED6
__pintcode                     intcode      000008
__psmallconst                  smallconst   000E00
__ptext0                       text0        001FC8
__ptext1                       text1        0022C8
__ptext10                      text10       002932
__ptext11                      text11       0027EA
__ptext12                      text12       00250E
__ptext13                      text13       002390
__ptext14                      text14       002996
__ptext15                      text15       002E66
__ptext16                      text16       0021F2
__ptext17                      text17       001E14
__ptext18                      text18       0020EC
__ptext19                      text19       0014E6
__ptext2                       text2        0029F8
__ptext20                      text20       002E48
__ptext21                      text21       002662
__ptext22                      text22       000E1A
__ptext23                      text23       0026F2
__ptext24                      text24       00276E
__ptext25                      text25       0028C8
__ptext26                      text26       002D50
__ptext27                      text27       002E28
__ptext28                      text28       002DB2
__ptext29                      text29       002D84
__ptext3                       text3        002C42
__ptext30                      text30       001C1C
__ptext31                      text31       002AAC
__ptext32                      text32       002B02
__ptext33                      text33       002B52
__ptext34                      text34       002BA2
__ptext35                      text35       002BF2
__ptext36                      text36       002E94
__ptext37                      text37       002EB8
__ptext38                      text38       002EC2
__ptext39                      text39       002ECC
__ptext4                       text4        002C8E
__ptext40                      text40       002CDA
__ptext41                      text41       002DDC
__ptext42                      text42       0025BE
__ptext43                      text43       002E04
__ptext44                      text44       002EA0
__ptext45                      text45       002EAC
__ptext5                       text5        002A56
__ptext6                       text6        001910
__ptext7                       text7        002454
__ptext8                       text8        002EDC
__ptext9                       text9        002D1C
__ramtop                       ramtop       000E00
__smallconst                   smallconst   000E00
_abs                           text9        002D1C
_average_RGBC                  text30       001C1C
_buggy_lights_init             text29       002D84
_color_click_init              text26       002D50
_color_read_Blue               text35       002BF2
_color_read_Clear              text34       002BA2
_color_read_Green              text33       002B52
_color_read_Red                text32       002B02
_color_writetoaddr             text27       002E28
_convert_HSV                   text22       000E1A
_dbuf                          bssBANK0     000060
_flags                         bssBANK0     000086
_fputc                         text7        002454
_getRGBCval                    text31       002AAC
_headbuttDelay                 dataBANK0    0000AD
_initDCmotorsPWM               text21       002662
_initUSART4                    text20       002E48
_lost_flag                     bssCOMRAM    00005B
_main                          text0        001FC8
_manoeuvre_count               bssCOMRAM    00005A
_manoeuvre_pointer             dataBANK0    0000A7
_max_RGB                       text24       00276E
_min_RGB                       text23       0026F2
_nout                          bssBANK0     000080
_prec                          bssBANK0     000084
_putch                         text8        002EDC
_rampDelay                     dataCOMRAM   000058
_reset_timer                   text44       002EA0
_return_flag                   bssCOMRAM    00005C
_returning                     bssCOMRAM    00005D
_sample_count                  dataCOMRAM   000059
_scale_RGB                     text16       0021F2
_sendCharSerial4               text15       002E66
_sendHSVvalSerial4             text3        002C42
_sendRGBCvalSerial4            text2        0029F8
_sendStringSerial4             text14       002996
_sprintf                       text4        002C8E
_squareDelay                   dataBANK0    0000AB
_timer_high_pointer            dataCOMRAM   000054
_timer_low_pointer             dataBANK0    0000A9
_toggle_tricolour_LED          text1        0022C8
_topGearLeft                   dataCOMRAM   000057
_topGearRight                  dataCOMRAM   000056
_trail_manoeuvre               bssBANK1     000100
_trail_timer_high              bssBANK1     000128
_trail_timer_low               bssBANK1     000114
_turn180Delay                  dataBANK0    0000AF
_turnLeft135Delay              dataBANK0    0000B3
_turnLeft90Delay               dataBANK0    0000B7
_turnRight135Delay             dataBANK0    0000B1
_turnRight90Delay              dataBANK0    0000B5
_turningGear                   dataBANK0    0000BB
_vfpfcnvrt                     text6        001910
_vfprintf                      text5        002A56
_wall_threshold                dataBANK0    0000B9
_width                         bssBANK0     000082
_write_timer                   text45       002EAC
abs@a                          cstackCOMRAM 000007
average_RGBC@i                 cstackCOMRAM 000011
average_RGBC@p                 cstackCOMRAM 00000E
average_RGBC@temp_B            cstackCOMRAM 00001A
average_RGBC@temp_C            cstackCOMRAM 00001E
average_RGBC@temp_G            cstackCOMRAM 000016
average_RGBC@temp_R            cstackCOMRAM 000012
btemp                          temp         00005E
color_read_Blue@tmp            cstackCOMRAM 00000A
color_read_Clear@tmp           cstackCOMRAM 00000A
color_read_Green@tmp           cstackCOMRAM 00000A
color_read_Red@tmp             cstackCOMRAM 00000A
color_writetoaddr@address      cstackCOMRAM 000004
color_writetoaddr@value        cstackCOMRAM 000003
convert_HSV@C                  cstackCOMRAM 000040
convert_HSV@M                  cstackCOMRAM 00003E
convert_HSV@hue                cstackCOMRAM 00001E
convert_HSV@hue_scale          cstackCOMRAM 00003C
convert_HSV@m                  cstackCOMRAM 00001A
convert_HSV@p1                 cstackCOMRAM 00000E
convert_HSV@p2                 cstackCOMRAM 00000F
convert_HSV@sat                cstackCOMRAM 00001C
convert_HSV@sat_scale          cstackCOMRAM 000018
convert_HSV@temp               cstackCOMRAM 000024
convert_HSV@temp_631           cstackCOMRAM 000038
convert_HSV@temp_632           cstackCOMRAM 000028
convert_HSV@temp_633           cstackCOMRAM 00002C
convert_HSV@temp_634           cstackCOMRAM 000030
convert_HSV@temp_635           cstackCOMRAM 000034
convert_HSV@temp_636           cstackCOMRAM 000020
end_of_initialization          cinit        0028BE
fputc@c                        cstackCOMRAM 000001
fputc@fp                       cstackCOMRAM 000003
getRGBCval@p                   cstackCOMRAM 00000C
initDCmotorsPWM@PWMperiod      cstackCOMRAM 000001
int$flags                      temp         00005E
intlevel0                      text         000000
intlevel1                      text         000000
intlevel2                      text         000000
intlevel3                      text         000000
isa$std                        (abs)        000001
isa$xinst                      (abs)        000000
main@HSV_colour                cstackBANK0  000087
main@RGBC_colour               cstackBANK0  00009F
main@motorL                    cstackBANK0  00008D
main@motorR                    cstackBANK0  000096
max_RGB@max_val                cstackCOMRAM 000005
max_RGB@p                      cstackCOMRAM 000001
min_RGB@min_val                cstackCOMRAM 000005
min_RGB@p                      cstackCOMRAM 000001
scale_RGB@p                    cstackCOMRAM 000032
sendCharSerial4@charToSend     cstackCOMRAM 000001
sendHSVvalSerial4@col_val      cstackCOMRAM 000037
sendHSVvalSerial4@tempStr      cstackCOMRAM 000038
sendRGBCvalSerial4@col_val     cstackCOMRAM 000037
sendRGBCvalSerial4@tempStr     cstackCOMRAM 000038
sendStringSerial4@string       cstackCOMRAM 000002
sprintf@ap                     cstackCOMRAM 00002A
sprintf@f                      cstackCOMRAM 00002B
sprintf@fmt                    cstackCOMRAM 00001F
sprintf@ret                    cstackCOMRAM 000028
sprintf@s                      cstackCOMRAM 00001D
stackhi                        (abs)        000000
stacklo                        (abs)        000000
start                          init         00003C
start_initialization           cinit        00285E
ttemp5                         temp         00005F
ttemp6                         temp         000062
ttemp7                         temp         000066
vfpfcnvrt@ap                   cstackCOMRAM 00000D
vfpfcnvrt@c                    cstackCOMRAM 000018
vfpfcnvrt@cnt                  cstackCOMRAM 000011
vfpfcnvrt@convarg              cstackCOMRAM 000014
vfpfcnvrt@cp                   cstackCOMRAM 000013
vfpfcnvrt@done                 cstackCOMRAM 000010
vfpfcnvrt@fmt                  cstackCOMRAM 00000C
vfpfcnvrt@fp                   cstackCOMRAM 00000B
vfprintf@ap                    cstackCOMRAM 00001B
vfprintf@cfmt                  cstackCOMRAM 00001C
vfprintf@fmt                   cstackCOMRAM 00001A
vfprintf@fp                    cstackCOMRAM 000019
write_timer@tH                 cstackCOMRAM 000002
write_timer@tL                 cstackCOMRAM 000001
wtemp8                         temp         00005F


MODULE INFORMATION

Module		Function		Class		Link	Load	Size
serial.c
		_sendStringSerial4		CODE           	2996	0000	98
		_sendRGBCvalSerial4		CODE           	29F8	0000	94
		_sendCharSerial4		CODE           	2E66	0000	24
		_sendHSVvalSerial4		CODE           	2C42	0000	76
		_initUSART4    		CODE           	2E48	0000	30

serial.c estimated size: 322

timers.c
		_Timer0_init   		CODE           	2E04	0000	36
		_ISR           		CODE           	0008	0000	52
		_write_timer   		CODE           	2EAC	0000	12
		_reset_timer   		CODE           	2EA0	0000	12

timers.c estimated size: 112

color.c
		_color_writetoaddr		CODE           	2E28	0000	32
		_color_click_init		CODE           	2D50	0000	52
		_min_RGB       		CODE           	26F2	0000	124
		_scale_RGB     		CODE           	21F2	0000	214
		_getRGBCval    		CODE           	2AAC	0000	86
		_average_RGBC  		CODE           	1C1C	0000	504
		_color_read_Green		CODE           	2B52	0000	80
		_color_read_Clear		CODE           	2BA2	0000	80
		_max_RGB       		CODE           	276E	0000	124
		_color_read_Red		CODE           	2B02	0000	80
		_convert_HSV   		CODE           	0E1A	0000	1740
		_color_read_Blue		CODE           	2BF2	0000	80

color.c estimated size: 3196

dc_motor.c
		_initDCmotorsPWM		CODE           	2662	0000	144

dc_motor.c estimated size: 144

buggy_lights.c
		_buggy_lights_init		CODE           	2D84	0000	46
		_toggle_tricolour_LED		CODE           	22C8	0000	200

buggy_lights.c estimated size: 246

i2c.c
		_I2C_2_Master_Start		CODE           	2EC2	0000	10
		_I2C_2_Master_Read		CODE           	2CDA	0000	66
		_I2C_2_Master_Idle		CODE           	2DDC	0000	40
		_I2C_2_Master_Init		CODE           	2DB2	0000	42
		_I2C_2_Master_Stop		CODE           	2EB8	0000	10
		_I2C_2_Master_RepStart		CODE           	2ECC	0000	10
		_I2C_2_Master_Write		CODE           	2E94	0000	12

i2c.c estimated size: 190

C:\Program Files\Microchip\xc8\v2.45\pic\sources\c99\common\Umul32.c
		___lmul        		CODE           	28C8	0000	106

C:\Program Files\Microchip\xc8\v2.45\pic\sources\c99\common\Umul32.c estimated size: 106

C:\Program Files\Microchip\xc8\v2.45\pic\sources\c99\common\sprcmul.c
		___flmul       		CODE           	14E6	0000	1066

C:\Program Files\Microchip\xc8\v2.45\pic\sources\c99\common\sprcmul.c estimated size: 1066

C:\Program Files\Microchip\xc8\v2.45\pic\sources\c99\common\nf_sprintf.c
		_sprintf       		CODE           	2C8E	0000	76

C:\Program Files\Microchip\xc8\v2.45\pic\sources\c99\common\nf_sprintf.c estimated size: 76

C:\Program Files\Microchip\xc8\v2.45\pic\sources\c99\common\lwmod.c
		___lwmod       		CODE           	2932	0000	100

C:\Program Files\Microchip\xc8\v2.45\pic\sources\c99\common\lwmod.c estimated size: 100

C:\Program Files\Microchip\xc8\v2.45\pic\sources\c99\common\awmod.c
		___awmod       		CODE           	250E	0000	176

C:\Program Files\Microchip\xc8\v2.45\pic\sources\c99\common\awmod.c estimated size: 176

C:\Program Files\Microchip\xc8\v2.45\pic\sources\c99\common\putch.c
		_putch         		CODE           	2EDC	0000	2

C:\Program Files\Microchip\xc8\v2.45\pic\sources\c99\common\putch.c estimated size: 2

shared
		__initialization		CODE           	285E	0000	96

shared estimated size: 96

C:\Program Files\Microchip\xc8\v2.45\pic\sources\c99\common\xxtofl.c
		___xxtofl      		CODE           	1E14	0000	436

C:\Program Files\Microchip\xc8\v2.45\pic\sources\c99\common\xxtofl.c estimated size: 436

C:\Program Files\Microchip\xc8\v2.45\pic\sources\c99\common\abs.c
		_abs           		CODE           	2D1C	0000	52

C:\Program Files\Microchip\xc8\v2.45\pic\sources\c99\common\abs.c estimated size: 52

C:\Program Files\Microchip\xc8\v2.45\pic\sources\c99\common\__lldiv.c
		___lldiv       		CODE           	25BE	0000	164

C:\Program Files\Microchip\xc8\v2.45\pic\sources\c99\common\__lldiv.c estimated size: 164

main.c
		_main          		CODE           	1FC8	0000	292

main.c estimated size: 292

C:\Program Files\Microchip\xc8\v2.45\pic\sources\c99\common\nf_fputc.c
		_fputc         		CODE           	2454	0000	186

C:\Program Files\Microchip\xc8\v2.45\pic\sources\c99\common\nf_fputc.c estimated size: 186

C:\Program Files\Microchip\xc8\v2.45\pic\sources\c99\common\doprnt.c
		_vfpfcnvrt     		CODE           	1910	0000	780
		_vfprintf      		CODE           	2A56	0000	86

C:\Program Files\Microchip\xc8\v2.45\pic\sources\c99\common\doprnt.c estimated size: 866

C:\Program Files\Microchip\xc8\v2.45\pic\sources\c99\common\lwdiv.c
		___lwdiv       		CODE           	27EA	0000	116

C:\Program Files\Microchip\xc8\v2.45\pic\sources\c99\common\lwdiv.c estimated size: 116

C:\Program Files\Microchip\xc8\v2.45\pic\sources\c99\common\awdiv.c
		___awdiv       		CODE           	2390	0000	196

C:\Program Files\Microchip\xc8\v2.45\pic\sources\c99\common\awdiv.c estimated size: 196

C:\Program Files\Microchip\xc8\v2.45\pic\sources\c99\common\fltol.c
		___fltol       		CODE           	20EC	0000	262

C:\Program Files\Microchip\xc8\v2.45\pic\sources\c99\common\fltol.c estimated size: 262

