Microchip MPLAB XC8 Compiler V2.45

Linker command line:

-W-3 \
  --edf=C:\Program Files\Microchip\xc8\v2.45\pic\dat\20230818022343_en.msgs \
  -cn \
  -h+dist/default/production\final-project-gorakh-boris.X.production.sym \
  --cmf=dist/default/production\final-project-gorakh-boris.X.production.cmf \
  -z -Q18F67K40 -oC:\Users\boris\AppData\Local\Temp\xcAskl0.\driver_tmp_3.o \
  --defsym=__MPLAB_BUILD=1 --fixupoverflow=error \
  -Mdist/default/production/final-project-gorakh-boris.X.production.map \
  --md=C:\Users\boris\AppData\Local\Temp\xcAskl0.\driver_tmp_0.dat -E1 \
  -ver=XC8 Compiler --acfsm=1493 -ACODE=00h-01FFFFh -ACONST=00h-01FFFFh \
  -ASMALLCONST=0E00h-0EFFhx498 -AMEDIUMCONST=0E00h-0FFFFh,010E00h-01FFFFh \
  -ACOMRAM=01h-05Fh -AABS1=00h-0DE9h -ABIGRAM=01h-0DE9h \
  -ARAM=060h-0FFh,0100h-01FFhx12,0D00h-0DE9h -ABANK0=060h-0FFh \
  -ABANK1=0100h-01FFh -ABANK2=0200h-02FFh -ABANK3=0300h-03FFh \
  -ABANK4=0400h-04FFh -ABANK5=0500h-05FFh -ABANK6=0600h-06FFh \
  -ABANK7=0700h-07FFh -ABANK8=0800h-08FFh -ABANK9=0900h-09FFh \
  -ABANK10=0A00h-0AFFh -ABANK11=0B00h-0BFFh -ABANK12=0C00h-0CFFh \
  -ABANK13=0D00h-0DE9h \
  -ASFR=0DEFh-0DFFh,0E00h-0EFFh,0F00h-0F5Fh,0F60h-0FFFh \
  -ABIGSFR=0DEFh-0FFFh -ACONFIG=0300000h-030000Bh -AIDLOC=0200000h-020000Fh \
  -AEEDATA=0310000h-03103FFh -peeprom_data=EEDATA \
  -preset_vec=00h,intcode=08h,intcodelo,powerup,init -pramtop=0E00h \
  -psmallconst=SMALLCONST -pmediumconst=MEDIUMCONST -pconst=CONST \
  -AFARRAM=00h-00h \
  -prdata=COMRAM,nvrram=COMRAM,nvbit=COMRAM,rbss=COMRAM,rbit=COMRAM \
  -pfarbss=FARRAM,fardata=FARRAM,nvFARRAM=FARRAM \
  -pintsave_regs=BIGRAM,bigbss=BIGRAM,bigdata=BIGRAM -pbss=RAM \
  -pidata=CODE,irdata=CODE,ibigdata=CODE,ifardata=CODE -prparam=COMRAM \
  C:\Users\boris\AppData\Local\Temp\xcAskl0.\driver_tmp_14.o \
  dist/default/production\final-project-gorakh-boris.X.production.o 

Object code version is 3.11

Machine type is 18F67K40



                Name                               Link     Load   Length Selector   Space Scale
C:\Users\boris\AppData\Local\Temp\xcAskl0.\driver_tmp_14.o
                idloc                            200000   200000       10        0       5
                config                           300000   300000        C        0       4
                init                                 34       34        4        4       0
                reset_vec                             0        0        4        0       0
dist/default/production\final-project-gorakh-boris.X.production.o
                intcode                               8        8       2C        4       0
                idloc                            200000   200000       10        0       5
                config                           300000   300000        C        0       4
                temp                                 5E       5E        1        1       1
                smallconst                          E00      E00       14      700       0
                text31                             18D8     18D8        C      70A       0
                text30                             18CC     18CC        C      70A       0
                text29                             181E     181E       24      70A       0
                text28                             179E     179E       2E      70A       0
                text27                             17CC     17CC       2A      70A       0
                text26                             17F6     17F6       28      70A       0
                text25                             18F8     18F8        A      70A       0
                text24                             18EE     18EE        A      70A       0
                text23                             18C0     18C0        C      70A       0
                text22                             1842     1842       20      70A       0
                text21                             176A     176A       34      70A       0
                text20                             16F4     16F4       42      70A       0
                text19                             18E4     18E4        A      70A       0
                text18                             1658     1658       50      70A       0
                text17                             1608     1608       50      70A       0
                text16                             15B8     15B8       50      70A       0
                text15                             1568     1568       50      70A       0
                text14                             1512     1512       56      70A       0
                text13                             12DE     12DE       90      70A       0
                text12                             1862     1862       1E      70A       0
                text11                             1880     1880       18      70A       0
                text10                             13FC     13FC       62      70A       0
                text9                              100A     100A       C4      70A       0
                text8                              1188     1188       B0      70A       0
                text7                              1736     1736       34      70A       0
                text6                              1906     1906        2      70A       0
                text5                              10CE     10CE       BA      70A       0
                text4                               E14      E14      1F6      70A       0
                text3                              14BC     14BC       56      70A       0
                text2                              16A8     16A8       4C      70A       0
                text1                              145E     145E       5E      70A       0
                text0                              1238     1238       A6      70A       0
                cstackCOMRAM                          1        1       52        1       1
                cstackBANK0                          9B       9B       29       60       1
                dataBANK1                           164      164       14      100       1
                bssBANK1                            100      100       64      100       1
                dataBANK0                            C4       C4       14       60       1
                bssBANK0                             60       60       3B       60       1
                dataCOMRAM                           5A       5A        4        1       1
                bssCOMRAM                            53       53        7        1       1
                cinit                              136E     136E       8E      70A       0
                idataBANK1                         18AC     18AC       14      70A       0
                idataBANK0                         1898     1898       14      70A       0
                idataCOMRAM                        1902     1902        4      70A       0

TOTAL           Name                               Link     Load   Length     Space
        CLASS   CODE           
                intcode                               8        8       2C         0
                init                                 34       34        4         0
                reset_vec                             0        0        4         0
                text31                             18D8     18D8        C         0
                text30                             18CC     18CC        C         0
                text29                             181E     181E       24         0
                text28                             179E     179E       2E         0
                text27                             17CC     17CC       2A         0
                text26                             17F6     17F6       28         0
                text25                             18F8     18F8        A         0
                text24                             18EE     18EE        A         0
                text23                             18C0     18C0        C         0
                text22                             1842     1842       20         0
                text21                             176A     176A       34         0
                text20                             16F4     16F4       42         0
                text19                             18E4     18E4        A         0
                text18                             1658     1658       50         0
                text17                             1608     1608       50         0
                text16                             15B8     15B8       50         0
                text15                             1568     1568       50         0
                text14                             1512     1512       56         0
                text13                             12DE     12DE       90         0
                text12                             1862     1862       1E         0
                text11                             1880     1880       18         0
                text10                             13FC     13FC       62         0
                text9                              100A     100A       C4         0
                text8                              1188     1188       B0         0
                text7                              1736     1736       34         0
                text6                              1906     1906        2         0
                text5                              10CE     10CE       BA         0
                text4                               E14      E14      1F6         0
                text3                              14BC     14BC       56         0
                text2                              16A8     16A8       4C         0
                text1                              145E     145E       5E         0
                text0                              1238     1238       A6         0
                cinit                              136E     136E       8E         0
                idataBANK1                         18AC     18AC       14         0
                idataBANK0                         1898     1898       14         0
                idataCOMRAM                        1902     1902        4         0

        CLASS   CONST          

        CLASS   SMALLCONST     
                smallconst                          E00      E00       14         0

        CLASS   MEDIUMCONST    

        CLASS   COMRAM         
                temp                                 5E       5E        1         1
                cstackCOMRAM                          1        1       52         1
                dataCOMRAM                           5A       5A        4         1
                bssCOMRAM                            53       53        7         1

        CLASS   ABS1           

        CLASS   BIGRAM         

        CLASS   RAM            

        CLASS   BANK0          
                cstackBANK0                          9B       9B       29         1
                dataBANK0                            C4       C4       14         1
                bssBANK0                             60       60       3B         1

        CLASS   BANK1          
                dataBANK1                           164      164       14         1
                bssBANK1                            100      100       64         1

        CLASS   BANK2          

        CLASS   BANK3          

        CLASS   BANK4          

        CLASS   BANK5          

        CLASS   BANK6          

        CLASS   BANK7          

        CLASS   BANK8          

        CLASS   BANK9          

        CLASS   BANK10         

        CLASS   BANK11         

        CLASS   BANK12         

        CLASS   BANK13         

        CLASS   SFR            

        CLASS   BIGSFR         

        CLASS   CONFIG         
                config                           300000   300000        C         4

        CLASS   IDLOC          
                idloc                            200000   200000       10         5

        CLASS   EEDATA         

        CLASS   FARRAM         

        CLASS   HEAP           

        CLASS   STACK          



SEGMENTS        Name                           Load    Length   Top    Selector   Space  Class

                reset_vec                      000000  000004  000004         0       0  CODE    
                cstackCOMRAM                   000001  00005E  00005F         1       1  COMRAM  
                intcode                        000008  000030  000038         4       0  CODE    
                bssBANK0                       000060  000078  0000D8        60       1  BANK0   
                bssBANK1                       000100  000078  000178       100       1  BANK1   
                smallconst                     000E00  000014  000E14       700       0  SMALLCON
                text4                          000E14  000AF4  001908       70A       0  CODE    


UNUSED ADDRESS RANGES

        Name                Unused          Largest block    Delta
        BANK0            0000D8-0000FF               28
        BANK1            000178-0001FF               88
        BANK10           000A00-000AFF              100
        BANK11           000B00-000BFF              100
        BANK12           000C00-000CFF              100
        BANK13           000D00-000DE9               EA
        BANK2            000200-0002FF              100
        BANK3            000300-0003FF              100
        BANK4            000400-0004FF              100
        BANK5            000500-0005FF              100
        BANK6            000600-0006FF              100
        BANK7            000700-0007FF              100
        BANK8            000800-0008FF              100
        BANK9            000900-0009FF              100
        BIGRAM           00005F-00005F                1
                         0000D8-0000FF               28
                         000178-000DE9              C72
        BIGSFR           000DEF-000FFF              211
        CODE             000004-000007                4
                         000038-000DFF              DC8
                         001908-01FFFF            1E6F8
        COMRAM           00005F-00005F                1
        CONST            000004-000007                4
                         000038-000DFF              DC8
                         001908-01FFFF            1E6F8
        EEDATA           310000-3103FF              400
        MEDIUMCONST      001908-00FFFF             E6F8
                         010E00-01FFFF             F200
        RAM              0000D8-0000FF               28
                         000178-000DE9              100
        SFR              000DEF-000FFF              100
        SMALLCONST       001908-01FFFF              100

                                  Symbol Table

?___awdiv                      cstackCOMRAM 000001
?___awmod                      cstackCOMRAM 000001
?_abs                          cstackCOMRAM 000007
?_color_read_Blue              cstackCOMRAM 000005
?_color_read_Clear             cstackCOMRAM 000005
?_color_read_Green             cstackCOMRAM 000005
?_color_read_Red               cstackCOMRAM 000005
?_sprintf                      cstackCOMRAM 00001C
?_vfpfcnvrt                    cstackCOMRAM 00000B
?_vfprintf                     cstackCOMRAM 000018
I2C_2_Master_Read@ack          cstackCOMRAM 000003
I2C_2_Master_Read@tmp          cstackCOMRAM 000004
I2C_2_Master_Write@data_byte   cstackCOMRAM 000002
_ANSELDbits                    (abs)        000EA7
_ANSELFbits                    (abs)        000EB4
_BAUD4CONbits                  (abs)        000EE9
_CCP1CONbits                   (abs)        000FAB
_CCP2CONbits                   (abs)        000FA7
_CCP3CONbits                   (abs)        000F26
_CCP4CONbits                   (abs)        000F22
_CCPR1H                        (abs)        000FAA
_CCPR2H                        (abs)        000FA6
_CCPR3H                        (abs)        000F25
_CCPR4H                        (abs)        000F21
_CCPTMRS0bits                  (abs)        000FAD
_EUSART4RXbuf                  bssBANK0     000080
_EUSART4TXbuf                  bssBANK1     000100
_I2C_2_Master_Idle             text26       0017F6
_I2C_2_Master_Init             text27       0017CC
_I2C_2_Master_Read             text20       0016F4
_I2C_2_Master_RepStart         text19       0018E4
_I2C_2_Master_Start            text25       0018F8
_I2C_2_Master_Stop             text24       0018EE
_I2C_2_Master_Write            text23       0018C0
_INTCONbits                    (abs)        000FF2
_ISR                           intcode      000008
_LATAbits                      (abs)        000F79
_LATCbits                      (abs)        000F7B
_LATDbits                      (abs)        000F7C
_LATEbits                      (abs)        000F7D
_LATFbits                      (abs)        000F7E
_LATGbits                      (abs)        000F7F
_LATHbits                      (abs)        000F80
_PIE0bits                      (abs)        000E29
_PIE4bits                      (abs)        000E2D
_PIR0bits                      (abs)        000E33
_PIR4bits                      (abs)        000E37
_RC0PPS                        (abs)        000E62
_RC4REG                        (abs)        000EE3
_RC4STAbits                    (abs)        000EE7
_RC7PPS                        (abs)        000E69
_RD5PPS                        (abs)        000E6F
_RD6PPS                        (abs)        000E70
_RE2PPS                        (abs)        000E74
_RE4PPS                        (abs)        000E76
_RG6PPS                        (abs)        000E88
_RX4PPS                        (abs)        000E15
_RxBufReadCnt                  bssCOMRAM    000058
_RxBufWriteCnt                 bssCOMRAM    000059
_SP4BRGH                       (abs)        000EE6
_SP4BRGL                       (abs)        000EE5
_SSP2ADD                       (abs)        000ED6
_SSP2BUF                       (abs)        000ED5
_SSP2CLKPPS                    (abs)        000E1C
_SSP2CON1bits                  (abs)        000ED9
_SSP2CON2                      (abs)        000EDA
_SSP2CON2bits                  (abs)        000EDA
_SSP2DATPPS                    (abs)        000E1D
_SSP2STAT                      (abs)        000ED8
_T0CON0bits                    (abs)        000FD5
_T0CON1bits                    (abs)        000FD6
_T2CLKCONbits                  (abs)        000FBF
_T2CONbits                     (abs)        000FBD
_T2HLTbits                     (abs)        000FBE
_T2PR                          (abs)        000FBC
_TMR0H                         (abs)        000FD4
_TMR0L                         (abs)        000FD3
_TRISAbits                     (abs)        000F81
_TRISCbits                     (abs)        000F83
_TRISDbits                     (abs)        000F84
_TRISEbits                     (abs)        000F85
_TRISFbits                     (abs)        000F86
_TRISGbits                     (abs)        000F87
_TRISHbits                     (abs)        000F88
_TX4REG                        (abs)        000EE4
_TX4STAbits                    (abs)        000EE8
_Timer0_init                   text29       00181E
_TxBufReadCnt                  bssCOMRAM    000056
_TxBufWriteCnt                 bssCOMRAM    000057
__HRAM                         (abs)        000000
__H__absolute__                __absolute__ 000000
__Habs1                        abs1         000000
__Hbank0                       bank0        000000
__Hbank1                       bank1        000000
__Hbank10                      bank10       000000
__Hbank11                      bank11       000000
__Hbank12                      bank12       000000
__Hbank13                      bank13       000000
__Hbank2                       bank2        000000
__Hbank3                       bank3        000000
__Hbank4                       bank4        000000
__Hbank5                       bank5        000000
__Hbank6                       bank6        000000
__Hbank7                       bank7        000000
__Hbank8                       bank8        000000
__Hbank9                       bank9        000000
__Hbigbss                      bigbss       000000
__Hbigdata                     bigdata      000000
__Hbigram                      bigram       000000
__Hbigsfr                      bigsfr       000000
__Hbss                         bss          000000
__HbssBANK0                    bssBANK0     000000
__HbssBANK1                    bssBANK1     000000
__HbssCOMRAM                   bssCOMRAM    000000
__Hcinit                       cinit        000000
__Hclrtext                     clrtext      000000
__Hcomram                      comram       000000
__Hconfig                      config       30000C
__Hconst                       const        000000
__HcstackBANK0                 cstackBANK0  000000
__HcstackCOMRAM                cstackCOMRAM 000000
__Hdata                        data         000000
__HdataBANK0                   dataBANK0    000000
__HdataBANK1                   dataBANK1    000000
__HdataCOMRAM                  dataCOMRAM   000000
__Heeprom_data                 eeprom_data  000000
__Hfarbss                      farbss       000000
__Hfardata                     fardata      000000
__Hheap                        heap         000000
__Hibigdata                    ibigdata     000000
__Hidata                       idata        000000
__HidataBANK0                  idataBANK0   000000
__HidataBANK1                  idataBANK1   000000
__HidataCOMRAM                 idataCOMRAM  000000
__Hidloc                       idloc        200010
__Hifardata                    ifardata     000000
__Hinit                        init         000038
__Hintcode                     intcode      000034
__Hintcode_body                intcode_body 000000
__Hintcodelo                   intcodelo    000034
__Hintentry                    intentry     000000
__Hintret                      intret       000000
__Hintsave_regs                intsave_regs 000000
__Hirdata                      irdata       000000
__Hmediumconst                 mediumconst  000000
__HnvFARRAM                    nvFARRAM     000000
__Hnvbit                       nvbit        000000
__Hnvrram                      nvrram       000000
__Hparam                       rparam       000000
__Hpowerup                     powerup      000034
__Hram                         ram          000000
__Hramtop                      ramtop       000E00
__Hrbit                        rbit         000000
__Hrbss                        rbss         000000
__Hrdata                       rdata        000000
__Hreset_vec                   reset_vec    000004
__Hrparam                      rparam       000000
__Hsfr                         sfr          000000
__Hsmallconst                  smallconst   000E14
__Hspace_0                     (abs)        001908
__Hspace_1                     (abs)        000178
__Hspace_2                     (abs)        000000
__Hspace_4                     (abs)        60000C
__Hstack                       stack        000000
__Hstruct                      struct       000000
__Htemp                        temp         00005F
__Htext                        text         000000
__Htext0                       text0        000000
__Htext1                       text1        000000
__Htext10                      text10       000000
__Htext11                      text11       000000
__Htext12                      text12       000000
__Htext13                      text13       000000
__Htext14                      text14       000000
__Htext15                      text15       000000
__Htext16                      text16       000000
__Htext17                      text17       000000
__Htext18                      text18       000000
__Htext19                      text19       000000
__Htext2                       text2        000000
__Htext20                      text20       000000
__Htext21                      text21       000000
__Htext22                      text22       000000
__Htext23                      text23       000000
__Htext24                      text24       000000
__Htext25                      text25       000000
__Htext26                      text26       000000
__Htext27                      text27       000000
__Htext28                      text28       000000
__Htext29                      text29       000000
__Htext3                       text3        000000
__Htext30                      text30       000000
__Htext31                      text31       000000
__Htext4                       text4        000000
__Htext5                       text5        000000
__Htext6                       text6        000000
__Htext7                       text7        000000
__Htext8                       text8        000000
__Htext9                       text9        000000
__LRAM                         (abs)        000001
__L__absolute__                __absolute__ 000000
__Labs1                        abs1         000000
__Lbank0                       bank0        000000
__Lbank1                       bank1        000000
__Lbank10                      bank10       000000
__Lbank11                      bank11       000000
__Lbank12                      bank12       000000
__Lbank13                      bank13       000000
__Lbank2                       bank2        000000
__Lbank3                       bank3        000000
__Lbank4                       bank4        000000
__Lbank5                       bank5        000000
__Lbank6                       bank6        000000
__Lbank7                       bank7        000000
__Lbank8                       bank8        000000
__Lbank9                       bank9        000000
__Lbigbss                      bigbss       000000
__Lbigdata                     bigdata      000000
__Lbigram                      bigram       000000
__Lbigsfr                      bigsfr       000000
__Lbss                         bss          000000
__LbssBANK0                    bssBANK0     000000
__LbssBANK1                    bssBANK1     000000
__LbssCOMRAM                   bssCOMRAM    000000
__Lcinit                       cinit        000000
__Lclrtext                     clrtext      000000
__Lcomram                      comram       000000
__Lconfig                      config       000000
__Lconst                       const        000000
__LcstackBANK0                 cstackBANK0  000000
__LcstackCOMRAM                cstackCOMRAM 000000
__Ldata                        data         000000
__LdataBANK0                   dataBANK0    000000
__LdataBANK1                   dataBANK1    000000
__LdataCOMRAM                  dataCOMRAM   000000
__Leeprom_data                 eeprom_data  000000
__Lfarbss                      farbss       000000
__Lfardata                     fardata      000000
__Lheap                        heap         000000
__Libigdata                    ibigdata     000000
__Lidata                       idata        000000
__LidataBANK0                  idataBANK0   000000
__LidataBANK1                  idataBANK1   000000
__LidataCOMRAM                 idataCOMRAM  000000
__Lidloc                       idloc        000000
__Lifardata                    ifardata     000000
__Linit                        init         000034
__Lintcode                     intcode      000008
__Lintcode_body                intcode_body 000000
__Lintcodelo                   intcodelo    000034
__Lintentry                    intentry     000000
__Lintret                      intret       000000
__Lintsave_regs                intsave_regs 000000
__Lirdata                      irdata       000000
__Lmediumconst                 mediumconst  000000
__LnvFARRAM                    nvFARRAM     000000
__Lnvbit                       nvbit        000000
__Lnvrram                      nvrram       000000
__Lparam                       rparam       000000
__Lpowerup                     powerup      000034
__Lram                         ram          000000
__Lramtop                      ramtop       000E00
__Lrbit                        rbit         000000
__Lrbss                        rbss         000000
__Lrdata                       rdata        000000
__Lreset_vec                   reset_vec    000000
__Lrparam                      rparam       000000
__Lsfr                         sfr          000000
__Lsmallconst                  smallconst   000E00
__Lspace_0                     (abs)        000000
__Lspace_1                     (abs)        000000
__Lspace_2                     (abs)        000000
__Lspace_4                     (abs)        000000
__Lstack                       stack        000000
__Lstruct                      struct       000000
__Ltemp                        temp         00005E
__Ltext                        text         000000
__Ltext0                       text0        000000
__Ltext1                       text1        000000
__Ltext10                      text10       000000
__Ltext11                      text11       000000
__Ltext12                      text12       000000
__Ltext13                      text13       000000
__Ltext14                      text14       000000
__Ltext15                      text15       000000
__Ltext16                      text16       000000
__Ltext17                      text17       000000
__Ltext18                      text18       000000
__Ltext19                      text19       000000
__Ltext2                       text2        000000
__Ltext20                      text20       000000
__Ltext21                      text21       000000
__Ltext22                      text22       000000
__Ltext23                      text23       000000
__Ltext24                      text24       000000
__Ltext25                      text25       000000
__Ltext26                      text26       000000
__Ltext27                      text27       000000
__Ltext28                      text28       000000
__Ltext29                      text29       000000
__Ltext3                       text3        000000
__Ltext30                      text30       000000
__Ltext31                      text31       000000
__Ltext4                       text4        000000
__Ltext5                       text5        000000
__Ltext6                       text6        000000
__Ltext7                       text7        000000
__Ltext8                       text8        000000
__Ltext9                       text9        000000
__S0                           (abs)        001908
__S1                           (abs)        000178
__S4                           (abs)        000000
__S5                           (abs)        000000
___awdiv                       text9        00100A
___awdiv@counter               cstackCOMRAM 000005
___awdiv@dividend              cstackCOMRAM 000001
___awdiv@divisor               cstackCOMRAM 000003
___awdiv@quotient              cstackCOMRAM 000007
___awdiv@sign                  cstackCOMRAM 000006
___awmod                       text8        001188
___awmod@counter               cstackCOMRAM 000005
___awmod@dividend              cstackCOMRAM 000001
___awmod@divisor               cstackCOMRAM 000003
___awmod@sign                  cstackCOMRAM 000006
___heap_hi                     (abs)        000000
___heap_lo                     (abs)        000000
___inthi_sp                    stack        000000
___inthi_stack_hi              stack        000000
___inthi_stack_lo              stack        000000
___intlo_sp                    stack        000000
___intlo_stack_hi              stack        000000
___intlo_stack_lo              stack        000000
___param_bank                  (abs)        000000
___rparam_used                 (abs)        000001
___sp                          stack        000000
___stack_hi                    stack        000000
___stack_lo                    stack        000000
__accesstop                    (abs)        000060
__activetblptr                 (abs)        000003
__end_of_I2C_2_Master_Idle     text26       00181E
__end_of_I2C_2_Master_Init     text27       0017F6
__end_of_I2C_2_Master_Read     text20       001736
__end_of_I2C_2_Master_RepStart text19       0018EE
__end_of_I2C_2_Master_Start    text25       001902
__end_of_I2C_2_Master_Stop     text24       0018F8
__end_of_I2C_2_Master_Write    text23       0018CC
__end_of_ISR                   intcode      000034
__end_of_Timer0_init           text29       001842
__end_of___awdiv               text9        0010CE
__end_of___awmod               text8        001238
__end_of__initialization       cinit        0013F2
__end_of_abs                   text7        00176A
__end_of_buggy_lights_init     text28       0017CC
__end_of_color_click_init      text21       00179E
__end_of_color_read_Blue       text18       0016A8
__end_of_color_read_Clear      text17       001658
__end_of_color_read_Green      text16       001608
__end_of_color_read_Red        text15       0015B8
__end_of_color_writetoaddr     text22       001862
__end_of_fputc                 text5        001188
__end_of_getRGBCval            text14       001568
__end_of_initDCmotorsPWM       text13       00136E
__end_of_initUSART4            text12       001880
__end_of_main                  text0        0012DE
__end_of_putch                 text6        001908
__end_of_reset_timer           text30       0018D8
__end_of_sendCharSerial4       text11       001898
__end_of_sendRGBCvalSerial4    text1        0014BC
__end_of_sendStringSerial4     text10       00145E
__end_of_sprintf               text2        0016F4
__end_of_vfpfcnvrt             text4        00100A
__end_of_vfprintf              text3        001512
__end_of_write_timer           text31       0018E4
__initialization               cinit        00136E
__mediumconst                  mediumconst  000000
__pbssBANK0                    bssBANK0     000060
__pbssBANK1                    bssBANK1     000100
__pbssCOMRAM                   bssCOMRAM    000053
__pcinit                       cinit        00136E
__pcstackBANK0                 cstackBANK0  00009B
__pcstackCOMRAM                cstackCOMRAM 000001
__pdataBANK0                   dataBANK0    0000C4
__pdataBANK1                   dataBANK1    000164
__pdataCOMRAM                  dataCOMRAM   00005A
__pidataBANK0                  idataBANK0   001898
__pidataBANK1                  idataBANK1   0018AC
__pidataCOMRAM                 idataCOMRAM  001902
__pintcode                     intcode      000008
__psmallconst                  smallconst   000E00
__ptext0                       text0        001238
__ptext1                       text1        00145E
__ptext10                      text10       0013FC
__ptext11                      text11       001880
__ptext12                      text12       001862
__ptext13                      text13       0012DE
__ptext14                      text14       001512
__ptext15                      text15       001568
__ptext16                      text16       0015B8
__ptext17                      text17       001608
__ptext18                      text18       001658
__ptext19                      text19       0018E4
__ptext2                       text2        0016A8
__ptext20                      text20       0016F4
__ptext21                      text21       00176A
__ptext22                      text22       001842
__ptext23                      text23       0018C0
__ptext24                      text24       0018EE
__ptext25                      text25       0018F8
__ptext26                      text26       0017F6
__ptext27                      text27       0017CC
__ptext28                      text28       00179E
__ptext29                      text29       00181E
__ptext3                       text3        0014BC
__ptext30                      text30       0018CC
__ptext31                      text31       0018D8
__ptext4                       text4        000E14
__ptext5                       text5        0010CE
__ptext6                       text6        001906
__ptext7                       text7        001736
__ptext8                       text8        001188
__ptext9                       text9        00100A
__ramtop                       ramtop       000E00
__smallconst                   smallconst   000E00
_abs                           text7        001736
_buggy_lights_init             text28       00179E
_color_click_init              text21       00176A
_color_read_Blue               text18       001658
_color_read_Clear              text17       001608
_color_read_Green              text16       0015B8
_color_read_Red                text15       001568
_color_writetoaddr             text22       001842
_dbuf                          bssBANK0     000060
_flags                         bssBANK0     00009A
_fputc                         text5        0010CE
_getRGBCval                    text14       001512
_headbuttDelay                 dataBANK0    0000CA
_initDCmotorsPWM               text13       0012DE
_initUSART4                    text12       001862
_main                          text0        001238
_manoeuvre_count               bssCOMRAM    000053
_manoeuvre_pointer             dataBANK0    0000C4
_nout                          bssBANK0     000094
_prec                          bssBANK0     000098
_putch                         text6        001906
_rampDelay                     dataCOMRAM   00005D
_reset_timer                   text30       0018CC
_return_flag                   bssCOMRAM    000054
_returning                     bssCOMRAM    000055
_sendCharSerial4               text11       001880
_sendRGBCvalSerial4            text1        00145E
_sendStringSerial4             text10       0013FC
_sprintf                       text2        0016A8
_squareDelay                   dataBANK0    0000C8
_timer_high_pointer            dataCOMRAM   00005A
_timer_low_pointer             dataBANK0    0000C6
_topGearLeft                   dataCOMRAM   00005C
_topGearRight                  dataBANK0    0000D7
_trail_manoeuvre               bssBANK1     00013C
_trail_timer_high              dataBANK1    000164
_trail_timer_low               bssBANK1     000150
_turn180Delay                  dataBANK0    0000CC
_turnLeft135Delay              dataBANK0    0000D0
_turnLeft90Delay               dataBANK0    0000D4
_turnRight135Delay             dataBANK0    0000CE
_turnRight90Delay              dataBANK0    0000D2
_turningGear                   dataBANK0    0000D6
_vfpfcnvrt                     text4        000E14
_vfprintf                      text3        0014BC
_width                         bssBANK0     000096
_write_timer                   text31       0018D8
abs@a                          cstackCOMRAM 000007
btemp                          temp         00005E
color_read_Blue@tmp            cstackCOMRAM 00000A
color_read_Clear@tmp           cstackCOMRAM 00000A
color_read_Green@tmp           cstackCOMRAM 00000A
color_read_Red@tmp             cstackCOMRAM 00000A
color_writetoaddr@address      cstackCOMRAM 000004
color_writetoaddr@value        cstackCOMRAM 000003
end_of_initialization          cinit        0013F2
fputc@c                        cstackCOMRAM 000001
fputc@fp                       cstackCOMRAM 000003
getRGBCval@p                   cstackCOMRAM 00000C
initDCmotorsPWM@PWMperiod      cstackCOMRAM 000001
int$flags                      temp         00005E
intlevel0                      text         000000
intlevel1                      text         000000
intlevel2                      text         000000
intlevel3                      text         000000
isa$std                        (abs)        000001
isa$xinst                      (abs)        000000
main@measured_colour           cstackCOMRAM 000039
main@motorL                    cstackCOMRAM 000041
main@motorR                    cstackCOMRAM 00004A
sendCharSerial4@charToSend     cstackCOMRAM 000001
sendRGBCvalSerial4@col_val     cstackCOMRAM 000036
sendRGBCvalSerial4@tempStr     cstackBANK0  00009B
sendStringSerial4@string       cstackCOMRAM 000002
sprintf@ap                     cstackCOMRAM 000029
sprintf@f                      cstackCOMRAM 00002A
sprintf@fmt                    cstackCOMRAM 00001E
sprintf@ret                    cstackCOMRAM 000027
sprintf@s                      cstackCOMRAM 00001C
stackhi                        (abs)        000000
stacklo                        (abs)        000000
start                          init         000034
start_initialization           cinit        00136E
ttemp5                         temp         00005F
ttemp6                         temp         000062
ttemp7                         temp         000066
vfpfcnvrt@ap                   cstackCOMRAM 00000D
vfpfcnvrt@c                    cstackCOMRAM 000017
vfpfcnvrt@cnt                  cstackCOMRAM 000010
vfpfcnvrt@convarg              cstackCOMRAM 000013
vfpfcnvrt@cp                   cstackCOMRAM 000012
vfpfcnvrt@done                 cstackCOMRAM 00000F
vfpfcnvrt@fmt                  cstackCOMRAM 00000C
vfpfcnvrt@fp                   cstackCOMRAM 00000B
vfprintf@ap                    cstackCOMRAM 00001A
vfprintf@cfmt                  cstackCOMRAM 00001B
vfprintf@fmt                   cstackCOMRAM 000019
vfprintf@fp                    cstackCOMRAM 000018
write_timer@tH                 cstackCOMRAM 000002
write_timer@tL                 cstackCOMRAM 000001
wtemp8                         temp         00005F


MODULE INFORMATION

Module		Function		Class		Link	Load	Size
serial.c
		_sendStringSerial4		CODE           	13FC	0000	98
		_sendRGBCvalSerial4		CODE           	145E	0000	94
		_sendCharSerial4		CODE           	1880	0000	24
		_initUSART4    		CODE           	1862	0000	30

serial.c estimated size: 246

timers.c
		_Timer0_init   		CODE           	181E	0000	36
		_ISR           		CODE           	0008	0000	44
		_write_timer   		CODE           	18D8	0000	12
		_reset_timer   		CODE           	18CC	0000	12

timers.c estimated size: 104

color.c
		_color_writetoaddr		CODE           	1842	0000	32
		_color_click_init		CODE           	176A	0000	52
		_getRGBCval    		CODE           	1512	0000	86
		_color_read_Green		CODE           	15B8	0000	80
		_color_read_Clear		CODE           	1608	0000	80
		_color_read_Red		CODE           	1568	0000	80
		_color_read_Blue		CODE           	1658	0000	80

color.c estimated size: 490

dc_motor.c
		_initDCmotorsPWM		CODE           	12DE	0000	144

dc_motor.c estimated size: 144

buggy_lights.c
		_buggy_lights_init		CODE           	179E	0000	46

buggy_lights.c estimated size: 46

i2c.c
		_I2C_2_Master_Start		CODE           	18F8	0000	10
		_I2C_2_Master_Read		CODE           	16F4	0000	66
		_I2C_2_Master_Idle		CODE           	17F6	0000	40
		_I2C_2_Master_Init		CODE           	17CC	0000	42
		_I2C_2_Master_Stop		CODE           	18EE	0000	10
		_I2C_2_Master_RepStart		CODE           	18E4	0000	10
		_I2C_2_Master_Write		CODE           	18C0	0000	12

i2c.c estimated size: 190

C:\Program Files\Microchip\xc8\v2.45\pic\sources\c99\common\nf_sprintf.c
		_sprintf       		CODE           	16A8	0000	76

C:\Program Files\Microchip\xc8\v2.45\pic\sources\c99\common\nf_sprintf.c estimated size: 76

C:\Program Files\Microchip\xc8\v2.45\pic\sources\c99\common\awmod.c
		___awmod       		CODE           	1188	0000	176

C:\Program Files\Microchip\xc8\v2.45\pic\sources\c99\common\awmod.c estimated size: 176

C:\Program Files\Microchip\xc8\v2.45\pic\sources\c99\common\putch.c
		_putch         		CODE           	1906	0000	2

C:\Program Files\Microchip\xc8\v2.45\pic\sources\c99\common\putch.c estimated size: 2

shared
		__initialization		CODE           	136E	0000	132

shared estimated size: 132

C:\Program Files\Microchip\xc8\v2.45\pic\sources\c99\common\abs.c
		_abs           		CODE           	1736	0000	52

C:\Program Files\Microchip\xc8\v2.45\pic\sources\c99\common\abs.c estimated size: 52

main.c
		_main          		CODE           	1238	0000	166

main.c estimated size: 166

C:\Program Files\Microchip\xc8\v2.45\pic\sources\c99\common\nf_fputc.c
		_fputc         		CODE           	10CE	0000	186

C:\Program Files\Microchip\xc8\v2.45\pic\sources\c99\common\nf_fputc.c estimated size: 186

C:\Program Files\Microchip\xc8\v2.45\pic\sources\c99\common\doprnt.c
		_vfpfcnvrt     		CODE           	0E14	0000	502
		_vfprintf      		CODE           	14BC	0000	86

C:\Program Files\Microchip\xc8\v2.45\pic\sources\c99\common\doprnt.c estimated size: 588

C:\Program Files\Microchip\xc8\v2.45\pic\sources\c99\common\awdiv.c
		___awdiv       		CODE           	100A	0000	196

C:\Program Files\Microchip\xc8\v2.45\pic\sources\c99\common\awdiv.c estimated size: 196

