Microchip MPLAB XC8 Compiler V2.32

Linker command line:

-W-3 --edf=C:\Program Files\Microchip\xc8\v2.32\pic\dat\en_msgs.txt -cn \
  -h+dist/default/production\final-project-gorakh-boris.X.production.sym \
  --cmf=dist/default/production\final-project-gorakh-boris.X.production.cmf \
  -z -Q18F67K40 -oC:\Users\ga621\AppData\Local\Temp\xcAsnm4.4 \
  --defsym=__MPLAB_BUILD=1 \
  -Mdist/default/production/final-project-gorakh-boris.X.production.map -E1 \
  -ver=XC8 Compiler --acfsm=1493 -ASTACK=09Ch-0DE9h -pstack=STACK \
  -ACODE=00h-01FFFFh -ACONST=00h-01FFFFh -ASMALLCONST=0E00h-0EFFhx498 \
  -AMEDIUMCONST=0E00h-0FFFFh,010E00h-01FFFFh -ACOMRAM=01h-05Fh \
  -AABS1=00h-0DE9h -ABIGRAM=01h-0DE9h \
  -ARAM=060h-0FFh,0100h-01FFhx12,0D00h-0DE9h -ABANK0=060h-0FFh \
  -ABANK1=0100h-01FFh -ABANK2=0200h-02FFh -ABANK3=0300h-03FFh \
  -ABANK4=0400h-04FFh -ABANK5=0500h-05FFh -ABANK6=0600h-06FFh \
  -ABANK7=0700h-07FFh -ABANK8=0800h-08FFh -ABANK9=0900h-09FFh \
  -ABANK10=0A00h-0AFFh -ABANK11=0B00h-0BFFh -ABANK12=0C00h-0CFFh \
  -ABANK13=0D00h-0DE9h \
  -ASFR=0DEFh-0DFFh,0E00h-0EFFh,0F00h-0F5Fh,0F60h-0FFFh \
  -ACONFIG=0300000h-030000Bh -AIDLOC=0200000h-020000Fh \
  -AEEDATA=0310000h-03103FFh -peeprom_data=EEDATA \
  -preset_vec=00h,intcode,intcodelo,powerup,init -pramtop=0E00h \
  -psmallconst=SMALLCONST -pmediumconst=MEDIUMCONST -pconst=CONST \
  -AFARRAM=00h-00h \
  -prdata=COMRAM,nvrram=COMRAM,nvbit=COMRAM,rbss=COMRAM,rbit=COMRAM \
  -pfarbss=FARRAM,fardata=FARRAM,nvFARRAM=FARRAM \
  -pintsave_regs=BIGRAM,bigbss=BIGRAM,bigdata=BIGRAM -pbss=RAM \
  -pidata=CODE,irdata=CODE,ibigdata=CODE,ifardata=CODE -prparam=COMRAM \
  C:\Users\ga621\AppData\Local\Temp\xcAsnm4.o \
  dist/default/production\final-project-gorakh-boris.X.production.o 

Object code version is 3.11

Machine type is 18F67K40



                Name                               Link     Load   Length Selector   Space Scale
C:\Users\ga621\AppData\Local\Temp\xcAsnm4.o
                idloc                            200000   200000       10        0       5
                config                           300000   300000        C        0       4
                init                                  0        0        4        0       0
dist/default/production\final-project-gorakh-boris.X.production.o
                idloc                            200000   200000       10        0       5
                config                           300000   300000        C        0       4
                text3                             1FDFE    1FDFE       1E     FEFF       0
                text2                             1FED6    1FED6       90     FF6B       0
                text1                             1FF66    1FF66       9A     FFB3       0
                text0                             1FE5A    1FE5A       7C     FF2D       0
                cstackCOMRAM                         19       19       16        1       1
                bssBANK0                             60       60       3C       60       1
                dataCOMRAM                           2F       2F       12        1       1
                bssCOMRAM                             1        1       18        1       1
                cinit                             1FE1C    1FE1C       3E     FF0E       0
                idataCOMRAM                       1FDEC    1FDEC       12    1FDEC       0

TOTAL           Name                               Link     Load   Length     Space
        CLASS   STACK          

        CLASS   CODE           
                init                                  0        0        4         0
                text3                             1FDFE    1FDFE       1E         0
                text2                             1FED6    1FED6       90         0
                text1                             1FF66    1FF66       9A         0
                text0                             1FE5A    1FE5A       7C         0
                cinit                             1FE1C    1FE1C       3E         0
                idataCOMRAM                       1FDEC    1FDEC       12         0

        CLASS   CONST          

        CLASS   SMALLCONST     

        CLASS   MEDIUMCONST    

        CLASS   COMRAM         
                cstackCOMRAM                         19       19       16         1
                dataCOMRAM                           2F       2F       12         1
                bssCOMRAM                             1        1       18         1

        CLASS   ABS1           

        CLASS   BIGRAM         

        CLASS   RAM            

        CLASS   BANK0          
                bssBANK0                             60       60       3C         1

        CLASS   BANK1          

        CLASS   BANK2          

        CLASS   BANK3          

        CLASS   BANK4          

        CLASS   BANK5          

        CLASS   BANK6          

        CLASS   BANK7          

        CLASS   BANK8          

        CLASS   BANK9          

        CLASS   BANK10         

        CLASS   BANK11         

        CLASS   BANK12         

        CLASS   BANK13         

        CLASS   SFR            

        CLASS   CONFIG         
                config                           300000   300000        C         4

        CLASS   IDLOC          
                idloc                            200000   200000       10         5

        CLASS   EEDATA         

        CLASS   FARRAM         



SEGMENTS        Name                           Load    Length   Top    Selector   Space  Class

                reset_vec                      000000  000004  000004         0       0  CODE    
                bssCOMRAM                      000001  000040  000041         1       1  COMRAM  
                bssBANK0                       000060  00003C  00009C        60       1  BANK0   
                idataCOMRAM                    01FDEC  000012  01FDFE     1FDEC       0  CODE    
                text3                          01FDFE  00001E  01FE1C      FEFF       0  CODE    
                cinit                          01FE1C  00003E  01FE5A      FF0E       0  CODE    
                text0                          01FE5A  00007C  01FED6      FF2D       0  CODE    
                text2                          01FED6  000090  01FF66      FF6B       0  CODE    
                text1                          01FF66  00009A  020000      FFB3       0  CODE    


UNUSED ADDRESS RANGES

        Name                Unused          Largest block    Delta
        BANK0            00009C-0000FF               64
        BANK1            000100-0001FF              100
        BANK10           000A00-000AFF              100
        BANK11           000B00-000BFF              100
        BANK12           000C00-000CFF              100
        BANK13           000D00-000DE9               EA
        BANK2            000200-0002FF              100
        BANK3            000300-0003FF              100
        BANK4            000400-0004FF              100
        BANK5            000500-0005FF              100
        BANK6            000600-0006FF              100
        BANK7            000700-0007FF              100
        BANK8            000800-0008FF              100
        BANK9            000900-0009FF              100
        BIGRAM           000041-00005F               1F
                         00009C-000DE9              D4E
        CODE             000004-01FDEB            1FDE8
        COMRAM           000041-00005F               1F
        CONST            000004-01FDEB            1FDE8
        EEDATA           310000-3103FF              400
        MEDIUMCONST      000E00-00FFFF             F200
                         010E00-01FDEB             EFEC
        RAM              00009C-000DE9              100
        SFR              000DEF-000FFF              100
        SMALLCONST       000E00-01FDEB              100
        STACK            00009C-000DE9              D4E

                                  Symbol Table

_ANSELDbits                 (abs)        000EA7
_BAUD4CONbits               (abs)        000EE9
_CCP1CONbits                (abs)        000FAB
_CCP2CONbits                (abs)        000FA7
_CCP3CONbits                (abs)        000F26
_CCP4CONbits                (abs)        000F22
_CCPR1H                     (abs)        000FAA
_CCPR2H                     (abs)        000FA6
_CCPR3H                     (abs)        000F25
_CCPR4H                     (abs)        000F21
_CCPTMRS0bits               (abs)        000FAD
_EUSART4RXbuf               bssCOMRAM    000001
_EUSART4TXbuf               bssBANK0     000060
_LATCbits                   (abs)        000F7B
_LATDbits                   (abs)        000F7C
_LATEbits                   (abs)        000F7D
_LATFbits                   (abs)        000F7E
_LATGbits                   (abs)        000F7F
_LATHbits                   (abs)        000F80
_PIE4bits                   (abs)        000E2D
_PIR4bits                   (abs)        000E37
_RC0PPS                     (abs)        000E62
_RC4REG                     (abs)        000EE3
_RC4STAbits                 (abs)        000EE7
_RC7PPS                     (abs)        000E69
_RD5PPS                     (abs)        000E6F
_RD6PPS                     (abs)        000E70
_RE2PPS                     (abs)        000E74
_RE4PPS                     (abs)        000E76
_RG6PPS                     (abs)        000E88
_RX4PPS                     (abs)        000E15
_RxBufReadCnt               bssCOMRAM    000017
_RxBufWriteCnt              bssCOMRAM    000018
_SP4BRGH                    (abs)        000EE6
_SP4BRGL                    (abs)        000EE5
_SSP2ADD                    (abs)        000ED6
_SSP2BUF                    (abs)        000ED5
_SSP2CLKPPS                 (abs)        000E1C
_SSP2CON1bits               (abs)        000ED9
_SSP2CON2                   (abs)        000EDA
_SSP2CON2bits               (abs)        000EDA
_SSP2DATPPS                 (abs)        000E1D
_SSP2STAT                   (abs)        000ED8
_T2CLKCONbits               (abs)        000FBF
_T2CONbits                  (abs)        000FBD
_T2HLTbits                  (abs)        000FBE
_T2PR                       (abs)        000FBC
_TRISCbits                  (abs)        000F83
_TRISDbits                  (abs)        000F84
_TRISEbits                  (abs)        000F85
_TRISFbits                  (abs)        000F86
_TRISGbits                  (abs)        000F87
_TRISHbits                  (abs)        000F88
_TX4REG                     (abs)        000EE4
_TX4STAbits                 (abs)        000EE8
_TxBufReadCnt               bssCOMRAM    000015
_TxBufWriteCnt              bssCOMRAM    000016
__HRAM                      (abs)        000000
__Habs1                     abs1         000000
__Hbank0                    bank0        000000
__Hbank1                    bank1        000000
__Hbank10                   bank10       000000
__Hbank11                   bank11       000000
__Hbank12                   bank12       000000
__Hbank13                   bank13       000000
__Hbank2                    bank2        000000
__Hbank3                    bank3        000000
__Hbank4                    bank4        000000
__Hbank5                    bank5        000000
__Hbank6                    bank6        000000
__Hbank7                    bank7        000000
__Hbank8                    bank8        000000
__Hbank9                    bank9        000000
__Hbigbss                   bigbss       000000
__Hbigdata                  bigdata      000000
__Hbigram                   bigram       000000
__Hbss                      bss          000000
__HbssBANK0                 bssBANK0     000000
__HbssCOMRAM                bssCOMRAM    000000
__Hcinit                    cinit        000000
__Hclrtext                  clrtext      000000
__Hcomram                   comram       000000
__Hconfig                   config       30000C
__Hconst                    const        000000
__HcstackCOMRAM             cstackCOMRAM 000000
__Hdata                     data         000000
__HdataCOMRAM               dataCOMRAM   000000
__Heeprom_data              eeprom_data  000000
__Hfarbss                   farbss       000000
__Hfardata                  fardata      000000
__Hibigdata                 ibigdata     000000
__Hidata                    idata        000000
__HidataCOMRAM              idataCOMRAM  000000
__Hidloc                    idloc        200010
__Hifardata                 ifardata     000000
__Hinit                     init         000004
__Hintcode                  intcode      000000
__Hintcode_body             intcode_body 000000
__Hintcodelo                intcodelo    000000
__Hintentry                 intentry     000000
__Hintret                   intret       000000
__Hintsave_regs             intsave_regs 000000
__Hirdata                   irdata       000000
__Hmediumconst              mediumconst  000000
__HnvFARRAM                 nvFARRAM     000000
__Hnvbit                    nvbit        000000
__Hnvrram                   nvrram       000000
__Hparam                    rparam       000000
__Hpowerup                  powerup      000000
__Hram                      ram          000000
__Hramtop                   ramtop       000E00
__Hrbit                     rbit         000000
__Hrbss                     rbss         000000
__Hrdata                    rdata        000000
__Hreset_vec                reset_vec    000000
__Hrparam                   rparam       000000
__Hsfr                      sfr          000000
__Hsmallconst               smallconst   000000
__Hspace_0                  (abs)        020000
__Hspace_1                  (abs)        00009C
__Hspace_2                  (abs)        000000
__Hspace_4                  (abs)        60000C
__Hstack                    stack        000000
__Hstruct                   struct       000000
__Htemp                     temp         000000
__Htext                     text         000000
__Htext0                    text0        000000
__Htext1                    text1        000000
__Htext2                    text2        000000
__Htext3                    text3        000000
__LRAM                      (abs)        000001
__Labs1                     abs1         000000
__Lbank0                    bank0        000000
__Lbank1                    bank1        000000
__Lbank10                   bank10       000000
__Lbank11                   bank11       000000
__Lbank12                   bank12       000000
__Lbank13                   bank13       000000
__Lbank2                    bank2        000000
__Lbank3                    bank3        000000
__Lbank4                    bank4        000000
__Lbank5                    bank5        000000
__Lbank6                    bank6        000000
__Lbank7                    bank7        000000
__Lbank8                    bank8        000000
__Lbank9                    bank9        000000
__Lbigbss                   bigbss       000000
__Lbigdata                  bigdata      000000
__Lbigram                   bigram       000000
__Lbss                      bss          000000
__LbssBANK0                 bssBANK0     000000
__LbssCOMRAM                bssCOMRAM    000000
__Lcinit                    cinit        000000
__Lclrtext                  clrtext      000000
__Lcomram                   comram       000000
__Lconfig                   config       000000
__Lconst                    const        000000
__LcstackCOMRAM             cstackCOMRAM 000000
__Ldata                     data         000000
__LdataCOMRAM               dataCOMRAM   000000
__Leeprom_data              eeprom_data  000000
__Lfarbss                   farbss       000000
__Lfardata                  fardata      000000
__Libigdata                 ibigdata     000000
__Lidata                    idata        000000
__LidataCOMRAM              idataCOMRAM  000000
__Lidloc                    idloc        000000
__Lifardata                 ifardata     000000
__Linit                     init         000000
__Lintcode                  intcode      000000
__Lintcode_body             intcode_body 000000
__Lintcodelo                intcodelo    000000
__Lintentry                 intentry     000000
__Lintret                   intret       000000
__Lintsave_regs             intsave_regs 000000
__Lirdata                   irdata       000000
__Lmediumconst              mediumconst  000000
__LnvFARRAM                 nvFARRAM     000000
__Lnvbit                    nvbit        000000
__Lnvrram                   nvrram       000000
__Lparam                    rparam       000000
__Lpowerup                  powerup      000000
__Lram                      ram          000000
__Lramtop                   ramtop       000E00
__Lrbit                     rbit         000000
__Lrbss                     rbss         000000
__Lrdata                    rdata        000000
__Lreset_vec                reset_vec    000000
__Lrparam                   rparam       000000
__Lsfr                      sfr          000000
__Lsmallconst               smallconst   000000
__Lspace_0                  (abs)        000000
__Lspace_1                  (abs)        000000
__Lspace_2                  (abs)        000000
__Lspace_4                  (abs)        000000
__Lstack                    stack        000000
__Lstruct                   struct       000000
__Ltemp                     temp         000000
__Ltext                     text         000000
__Ltext0                    text0        000000
__Ltext1                    text1        000000
__Ltext2                    text2        000000
__Ltext3                    text3        000000
__S0                        (abs)        020000
__S1                        (abs)        00009C
__S2                        (abs)        000000
__S4                        (abs)        000000
__S5                        (abs)        000000
___inthi_sp                 stack        000000
___intlo_sp                 stack        000000
___param_bank               (abs)        000000
___rparam_used              (abs)        000001
___sp                       stack        000000
__accesstop                 (abs)        000060
__activetblptr              (abs)        000003
__end_of__initialization    cinit        01FE54
__end_of_buggy_lights_init  text3        01FE1C
__end_of_initDCmotorsPWM    text2        01FF66
__end_of_lights_flashing    text1        020000
__end_of_main               text0        01FED6
__initialization            cinit        01FE1C
__mediumconst               mediumconst  000000
__pbssBANK0                 bssBANK0     000060
__pbssCOMRAM                bssCOMRAM    000001
__pcinit                    cinit        01FE1C
__pcstackCOMRAM             cstackCOMRAM 000019
__pdataCOMRAM               dataCOMRAM   00002F
__pidataCOMRAM              idataCOMRAM  01FDEC
__ptext0                    text0        01FE5A
__ptext1                    text1        01FF66
__ptext2                    text2        01FED6
__ptext3                    text3        01FDFE
__ramtop                    ramtop       000E00
__size_of_buggy_lights_init (abs)        000000
__size_of_initDCmotorsPWM   (abs)        000000
__size_of_lights_flashing   (abs)        000000
__size_of_main              (abs)        000000
__smallconst                smallconst   000000
_buggy_lights_init          text3        01FDFE
_headbuttDelay              dataCOMRAM   000031
_initDCmotorsPWM            text2        01FED6
_lights_flashing            text1        01FF66
_main                       text0        01FE5A
_rampDelay                  dataCOMRAM   000040
_squareDelay                dataCOMRAM   00002F
_topGearLeft                dataCOMRAM   00003F
_topGearRight               dataCOMRAM   00003E
_turn180Delay               dataCOMRAM   000033
_turnLeft135Delay           dataCOMRAM   000037
_turnLeft90Delay            dataCOMRAM   00003B
_turnRight135Delay          dataCOMRAM   000035
_turnRight90Delay           dataCOMRAM   000039
_turningGear                dataCOMRAM   00003D
end_of_initialization       cinit        01FE54
initDCmotorsPWM@PWMperiod   cstackCOMRAM 000019
intlevel0                   text         000000
intlevel1                   text         000000
intlevel2                   text         000000
intlevel3                   text         000000
isa$std                     (abs)        000001
isa$xinst                   (abs)        000000
main@motorL                 cstackCOMRAM 00001D
main@motorR                 cstackCOMRAM 000026
stackhi                     (abs)        000DE9
stacklo                     (abs)        00009C
start                       init         000000
start_initialization        cinit        01FE1C


MODULE INFORMATION

Module		Function		Class		Link	Load	Size
dc_motor.c
		_initDCmotorsPWM		CODE           	1FED6	0000	144

dc_motor.c estimated size: 144

buggy_lights.c
		_buggy_lights_init		CODE           	1FDFE	0000	30
		_lights_flashing		CODE           	1FF66	0000	154

buggy_lights.c estimated size: 184

shared
		__initialization		CODE           	1FE1C	0000	56

shared estimated size: 56

main.c
		_main          		CODE           	1FE5A	0000	124

main.c estimated size: 124

