Microchip MPLAB XC8 Compiler V2.45

Linker command line:

-W-3 \
  --edf=C:\Program Files\Microchip\xc8\v2.45\pic\dat\20230818022343_en.msgs \
  -cn \
  -h+dist/default/production\final-project-gorakh-boris.X.production.sym \
  --cmf=dist/default/production\final-project-gorakh-boris.X.production.cmf \
  -z -Q18F67K40 -oC:\Users\Gorak\AppData\Local\Temp\xcAsr2s.\driver_tmp_3.o \
  --defsym=__MPLAB_BUILD=1 --fixupoverflow=error \
  -Mdist/default/production/final-project-gorakh-boris.X.production.map \
  --md=C:\Users\Gorak\AppData\Local\Temp\xcAsr2s.\driver_tmp_0.dat -E1 \
  -ver=XC8 Compiler --acfsm=1493 -ACODE=00h-01FFFFh -ACONST=00h-01FFFFh \
  -ASMALLCONST=0E00h-0EFFhx498 -AMEDIUMCONST=0E00h-0FFFFh,010E00h-01FFFFh \
  -ACOMRAM=01h-05Fh -AABS1=00h-0DE9h -ABIGRAM=01h-0DE9h \
  -ARAM=060h-0FFh,0100h-01FFhx12,0D00h-0DE9h -ABANK0=060h-0FFh \
  -ABANK1=0100h-01FFh -ABANK2=0200h-02FFh -ABANK3=0300h-03FFh \
  -ABANK4=0400h-04FFh -ABANK5=0500h-05FFh -ABANK6=0600h-06FFh \
  -ABANK7=0700h-07FFh -ABANK8=0800h-08FFh -ABANK9=0900h-09FFh \
  -ABANK10=0A00h-0AFFh -ABANK11=0B00h-0BFFh -ABANK12=0C00h-0CFFh \
  -ABANK13=0D00h-0DE9h \
  -ASFR=0DEFh-0DFFh,0E00h-0EFFh,0F00h-0F5Fh,0F60h-0FFFh \
  -ABIGSFR=0DEFh-0FFFh -ACONFIG=0300000h-030000Bh -AIDLOC=0200000h-020000Fh \
  -AEEDATA=0310000h-03103FFh -peeprom_data=EEDATA \
  -preset_vec=00h,intcode=08h,intcodelo,powerup,init -pramtop=0E00h \
  -psmallconst=SMALLCONST -pmediumconst=MEDIUMCONST -pconst=CONST \
  -AFARRAM=00h-00h \
  -prdata=COMRAM,nvrram=COMRAM,nvbit=COMRAM,rbss=COMRAM,rbit=COMRAM \
  -pfarbss=FARRAM,fardata=FARRAM,nvFARRAM=FARRAM \
  -pintsave_regs=BIGRAM,bigbss=BIGRAM,bigdata=BIGRAM -pbss=RAM \
  -pidata=CODE,irdata=CODE,ibigdata=CODE,ifardata=CODE -prparam=COMRAM \
  C:\Users\Gorak\AppData\Local\Temp\xcAsr2s.\driver_tmp_9.o \
  dist/default/production\final-project-gorakh-boris.X.production.o 

Object code version is 3.11

Machine type is 18F67K40



                Name                               Link     Load   Length Selector   Space Scale
C:\Users\Gorak\AppData\Local\Temp\xcAsr2s.\driver_tmp_9.o
                idloc                            200000   200000       10        0       5
                config                           300000   300000        C        0       4
                init                                 3C       3C        4        4       0
                reset_vec                             0        0        4        0       0
dist/default/production\final-project-gorakh-boris.X.production.o
                intcode                               8        8       34        4       0
                idloc                            200000   200000       10        0       5
                config                           300000   300000        C        0       4
                temp                                 5E       5E        1        1       1
                smallconst                          E00      E00       1A      700       0
                text20                             1510     1510        C      70D       0
                text19                             1504     1504        C      70D       0
                text18                             1530     1530        4      70D       0
                text17                             1452     1452       28      70D       0
                text16                             12A2     12A2       74      70D       0
                text15                             147A     147A       26      70D       0
                text14                              F78      F78      154      70D       0
                text13                             1214     1214       8E      70D       0
                text12                             10CC     10CC       B8      70D       0
                text11                             13A0     13A0       32      70D       0
                text10                             13D2     13D2       2E      70D       0
                text9                              1400     1400       2A      70D       0
                text8                              142A     142A       28      70D       0
                text7                              1526     1526        A      70D       0
                text6                              151C     151C        A      70D       0
                text5                              14F8     14F8        C      70D       0
                text4                              14A0     14A0       20      70D       0
                text3                              136C     136C       34      70D       0
                text2                              1184     1184       90      70D       0
                text1                              14C0     14C0       1E      70D       0
                text0                               E1A      E1A      15E      70D       0
                cstackCOMRAM                          1        1       3F        1       1
                bssBANK1                            100      100       3C      100       1
                dataBANK0                            60       60        2       60       1
                dataCOMRAM                           40       40       1A        1       1
                bssCOMRAM                            5A       5A        4        1       1
                cinit                              1316     1316       56      70D       0
                idataBANK0                         1534     1534        2      70D       0
                idataCOMRAM                        14DE     14DE       1A      70D       0

TOTAL           Name                               Link     Load   Length     Space
        CLASS   CODE           
                intcode                               8        8       34         0
                init                                 3C       3C        4         0
                reset_vec                             0        0        4         0
                text20                             1510     1510        C         0
                text19                             1504     1504        C         0
                text18                             1530     1530        4         0
                text17                             1452     1452       28         0
                text16                             12A2     12A2       74         0
                text15                             147A     147A       26         0
                text14                              F78      F78      154         0
                text13                             1214     1214       8E         0
                text12                             10CC     10CC       B8         0
                text11                             13A0     13A0       32         0
                text10                             13D2     13D2       2E         0
                text9                              1400     1400       2A         0
                text8                              142A     142A       28         0
                text7                              1526     1526        A         0
                text6                              151C     151C        A         0
                text5                              14F8     14F8        C         0
                text4                              14A0     14A0       20         0
                text3                              136C     136C       34         0
                text2                              1184     1184       90         0
                text1                              14C0     14C0       1E         0
                text0                               E1A      E1A      15E         0
                cinit                              1316     1316       56         0
                idataBANK0                         1534     1534        2         0
                idataCOMRAM                        14DE     14DE       1A         0

        CLASS   CONST          

        CLASS   SMALLCONST     
                smallconst                          E00      E00       1A         0

        CLASS   MEDIUMCONST    

        CLASS   COMRAM         
                temp                                 5E       5E        1         1
                cstackCOMRAM                          1        1       3F         1
                dataCOMRAM                           40       40       1A         1
                bssCOMRAM                            5A       5A        4         1

        CLASS   ABS1           

        CLASS   BIGRAM         

        CLASS   RAM            

        CLASS   BANK0          
                dataBANK0                            60       60        2         1

        CLASS   BANK1          
                bssBANK1                            100      100       3C         1

        CLASS   BANK2          

        CLASS   BANK3          

        CLASS   BANK4          

        CLASS   BANK5          

        CLASS   BANK6          

        CLASS   BANK7          

        CLASS   BANK8          

        CLASS   BANK9          

        CLASS   BANK10         

        CLASS   BANK11         

        CLASS   BANK12         

        CLASS   BANK13         

        CLASS   SFR            

        CLASS   BIGSFR         

        CLASS   CONFIG         
                config                           300000   300000        C         4

        CLASS   IDLOC          
                idloc                            200000   200000       10         5

        CLASS   EEDATA         

        CLASS   FARRAM         

        CLASS   HEAP           

        CLASS   STACK          



SEGMENTS        Name                           Load    Length   Top    Selector   Space  Class

                reset_vec                      000000  000004  000004         0       0  CODE    
                cstackCOMRAM                   000001  00005E  00005F         1       1  COMRAM  
                intcode                        000008  000038  000040         4       0  CODE    
                dataBANK0                      000060  000002  000062        60       1  BANK0   
                bssBANK1                       000100  00003C  00013C       100       1  BANK1   
                smallconst                     000E00  00001A  000E1A       700       0  SMALLCON
                text0                          000E1A  00071C  001536       70D       0  CODE    


UNUSED ADDRESS RANGES

        Name                Unused          Largest block    Delta
        BANK0            000062-0000FF               9E
        BANK1            00013C-0001FF               C4
        BANK10           000A00-000AFF              100
        BANK11           000B00-000BFF              100
        BANK12           000C00-000CFF              100
        BANK13           000D00-000DE9               EA
        BANK2            000200-0002FF              100
        BANK3            000300-0003FF              100
        BANK4            000400-0004FF              100
        BANK5            000500-0005FF              100
        BANK6            000600-0006FF              100
        BANK7            000700-0007FF              100
        BANK8            000800-0008FF              100
        BANK9            000900-0009FF              100
        BIGRAM           00005F-00005F                1
                         000062-0000FF               9E
                         00013C-000DE9              CAE
        BIGSFR           000DEF-000FFF              211
        CODE             000004-000007                4
                         000040-000DFF              DC0
                         001536-01FFFF            1EACA
        COMRAM           00005F-00005F                1
        CONST            000004-000007                4
                         000040-000DFF              DC0
                         001536-01FFFF            1EACA
        EEDATA           310000-3103FF              400
        MEDIUMCONST      001536-00FFFF             EACA
                         010E00-01FFFF             F200
        RAM              000062-0000FF               9E
                         00013C-000DE9              100
        SFR              000DEF-000FFF              100
        SMALLCONST       001536-01FFFF              100

                                  Symbol Table

?___lwdiv                    cstackCOMRAM 000007
?___wmul                     cstackCOMRAM 000001
I2C_2_Master_Write@data_byte cstackCOMRAM 000002
UTurn@mL                     cstackCOMRAM 000018
UTurn@mR                     cstackCOMRAM 000019
_ANSELDbits                  (abs)        000EA7
_ANSELFbits                  (abs)        000EB4
_BAUD4CONbits                (abs)        000EE9
_CCP1CONbits                 (abs)        000FAB
_CCP2CONbits                 (abs)        000FA7
_CCP3CONbits                 (abs)        000F26
_CCP4CONbits                 (abs)        000F22
_CCPR1H                      (abs)        000FAA
_CCPR2H                      (abs)        000FA6
_CCPR3H                      (abs)        000F25
_CCPR4H                      (abs)        000F21
_CCPTMRS0bits                (abs)        000FAD
_I2C_2_Master_Idle           text8        00142A
_I2C_2_Master_Init           text9        001400
_I2C_2_Master_Start          text7        001526
_I2C_2_Master_Stop           text6        00151C
_I2C_2_Master_Write          text5        0014F8
_INTCONbits                  (abs)        000FF2
_ISR                         intcode      000008
_LATAbits                    (abs)        000F79
_LATCbits                    (abs)        000F7B
_LATDbits                    (abs)        000F7C
_LATEbits                    (abs)        000F7D
_LATFbits                    (abs)        000F7E
_LATGbits                    (abs)        000F7F
_LATHbits                    (abs)        000F80
_PIE0bits                    (abs)        000E29
_PIR0bits                    (abs)        000E33
_PIR4bits                    (abs)        000E37
_PORTFbits                   (abs)        000F8E
_RC0PPS                      (abs)        000E62
_RC4REG                      (abs)        000EE3
_RC4STAbits                  (abs)        000EE7
_RC7PPS                      (abs)        000E69
_RD5PPS                      (abs)        000E6F
_RD6PPS                      (abs)        000E70
_RE2PPS                      (abs)        000E74
_RE4PPS                      (abs)        000E76
_RG6PPS                      (abs)        000E88
_RX4PPS                      (abs)        000E15
_SP4BRGH                     (abs)        000EE6
_SP4BRGL                     (abs)        000EE5
_SSP2ADD                     (abs)        000ED6
_SSP2BUF                     (abs)        000ED5
_SSP2CLKPPS                  (abs)        000E1C
_SSP2CON1bits                (abs)        000ED9
_SSP2CON2                    (abs)        000EDA
_SSP2CON2bits                (abs)        000EDA
_SSP2DATPPS                  (abs)        000E1D
_SSP2STAT                    (abs)        000ED8
_T0CON0bits                  (abs)        000FD5
_T0CON1bits                  (abs)        000FD6
_T2CLKCONbits                (abs)        000FBF
_T2CONbits                   (abs)        000FBD
_T2HLTbits                   (abs)        000FBE
_T2PR                        (abs)        000FBC
_TMR0H                       (abs)        000FD4
_TMR0L                       (abs)        000FD3
_TRISAbits                   (abs)        000F81
_TRISCbits                   (abs)        000F83
_TRISDbits                   (abs)        000F84
_TRISEbits                   (abs)        000F85
_TRISFbits                   (abs)        000F86
_TRISGbits                   (abs)        000F87
_TRISHbits                   (abs)        000F88
_TX4REG                      (abs)        000EE4
_TX4STAbits                  (abs)        000EE8
_Timer0_init                 text17       001452
_UTurn                       text11       0013A0
__HRAM                       (abs)        000000
__H__absolute__              __absolute__ 000000
__Habs1                      abs1         000000
__Hbank0                     bank0        000000
__Hbank1                     bank1        000000
__Hbank10                    bank10       000000
__Hbank11                    bank11       000000
__Hbank12                    bank12       000000
__Hbank13                    bank13       000000
__Hbank2                     bank2        000000
__Hbank3                     bank3        000000
__Hbank4                     bank4        000000
__Hbank5                     bank5        000000
__Hbank6                     bank6        000000
__Hbank7                     bank7        000000
__Hbank8                     bank8        000000
__Hbank9                     bank9        000000
__Hbigbss                    bigbss       000000
__Hbigdata                   bigdata      000000
__Hbigram                    bigram       000000
__Hbigsfr                    bigsfr       000000
__Hbss                       bss          000000
__HbssBANK1                  bssBANK1     000000
__HbssCOMRAM                 bssCOMRAM    000000
__Hcinit                     cinit        000000
__Hclrtext                   clrtext      000000
__Hcomram                    comram       000000
__Hconfig                    config       30000C
__Hconst                     const        000000
__HcstackCOMRAM              cstackCOMRAM 000000
__Hdata                      data         000000
__HdataBANK0                 dataBANK0    000000
__HdataCOMRAM                dataCOMRAM   000000
__Heeprom_data               eeprom_data  000000
__Hfarbss                    farbss       000000
__Hfardata                   fardata      000000
__Hheap                      heap         000000
__Hibigdata                  ibigdata     000000
__Hidata                     idata        000000
__HidataBANK0                idataBANK0   000000
__HidataCOMRAM               idataCOMRAM  000000
__Hidloc                     idloc        200010
__Hifardata                  ifardata     000000
__Hinit                      init         000040
__Hintcode                   intcode      00003C
__Hintcode_body              intcode_body 000000
__Hintcodelo                 intcodelo    00003C
__Hintentry                  intentry     000000
__Hintret                    intret       000000
__Hintsave_regs              intsave_regs 000000
__Hirdata                    irdata       000000
__Hmediumconst               mediumconst  000000
__HnvFARRAM                  nvFARRAM     000000
__Hnvbit                     nvbit        000000
__Hnvrram                    nvrram       000000
__Hparam                     rparam       000000
__Hpowerup                   powerup      00003C
__Hram                       ram          000000
__Hramtop                    ramtop       000E00
__Hrbit                      rbit         000000
__Hrbss                      rbss         000000
__Hrdata                     rdata        000000
__Hreset_vec                 reset_vec    000004
__Hrparam                    rparam       000000
__Hsfr                       sfr          000000
__Hsmallconst                smallconst   000E1A
__Hspace_0                   (abs)        001536
__Hspace_1                   (abs)        00013C
__Hspace_2                   (abs)        000000
__Hspace_4                   (abs)        60000C
__Hstack                     stack        000000
__Hstruct                    struct       000000
__Htemp                      temp         00005F
__Htext                      text         000000
__Htext0                     text0        000000
__Htext1                     text1        000000
__Htext10                    text10       000000
__Htext11                    text11       000000
__Htext12                    text12       000000
__Htext13                    text13       000000
__Htext14                    text14       000000
__Htext15                    text15       000000
__Htext16                    text16       000000
__Htext17                    text17       000000
__Htext18                    text18       000000
__Htext19                    text19       000000
__Htext2                     text2        000000
__Htext20                    text20       000000
__Htext3                     text3        000000
__Htext4                     text4        000000
__Htext5                     text5        000000
__Htext6                     text6        000000
__Htext7                     text7        000000
__Htext8                     text8        000000
__Htext9                     text9        000000
__LRAM                       (abs)        000001
__L__absolute__              __absolute__ 000000
__Labs1                      abs1         000000
__Lbank0                     bank0        000000
__Lbank1                     bank1        000000
__Lbank10                    bank10       000000
__Lbank11                    bank11       000000
__Lbank12                    bank12       000000
__Lbank13                    bank13       000000
__Lbank2                     bank2        000000
__Lbank3                     bank3        000000
__Lbank4                     bank4        000000
__Lbank5                     bank5        000000
__Lbank6                     bank6        000000
__Lbank7                     bank7        000000
__Lbank8                     bank8        000000
__Lbank9                     bank9        000000
__Lbigbss                    bigbss       000000
__Lbigdata                   bigdata      000000
__Lbigram                    bigram       000000
__Lbigsfr                    bigsfr       000000
__Lbss                       bss          000000
__LbssBANK1                  bssBANK1     000000
__LbssCOMRAM                 bssCOMRAM    000000
__Lcinit                     cinit        000000
__Lclrtext                   clrtext      000000
__Lcomram                    comram       000000
__Lconfig                    config       000000
__Lconst                     const        000000
__LcstackCOMRAM              cstackCOMRAM 000000
__Ldata                      data         000000
__LdataBANK0                 dataBANK0    000000
__LdataCOMRAM                dataCOMRAM   000000
__Leeprom_data               eeprom_data  000000
__Lfarbss                    farbss       000000
__Lfardata                   fardata      000000
__Lheap                      heap         000000
__Libigdata                  ibigdata     000000
__Lidata                     idata        000000
__LidataBANK0                idataBANK0   000000
__LidataCOMRAM               idataCOMRAM  000000
__Lidloc                     idloc        000000
__Lifardata                  ifardata     000000
__Linit                      init         00003C
__Lintcode                   intcode      000008
__Lintcode_body              intcode_body 000000
__Lintcodelo                 intcodelo    00003C
__Lintentry                  intentry     000000
__Lintret                    intret       000000
__Lintsave_regs              intsave_regs 000000
__Lirdata                    irdata       000000
__Lmediumconst               mediumconst  000000
__LnvFARRAM                  nvFARRAM     000000
__Lnvbit                     nvbit        000000
__Lnvrram                    nvrram       000000
__Lparam                     rparam       000000
__Lpowerup                   powerup      00003C
__Lram                       ram          000000
__Lramtop                    ramtop       000E00
__Lrbit                      rbit         000000
__Lrbss                      rbss         000000
__Lrdata                     rdata        000000
__Lreset_vec                 reset_vec    000000
__Lrparam                    rparam       000000
__Lsfr                       sfr          000000
__Lsmallconst                smallconst   000E00
__Lspace_0                   (abs)        000000
__Lspace_1                   (abs)        000000
__Lspace_2                   (abs)        000000
__Lspace_4                   (abs)        000000
__Lstack                     stack        000000
__Lstruct                    struct       000000
__Ltemp                      temp         00005E
__Ltext                      text         000000
__Ltext0                     text0        000000
__Ltext1                     text1        000000
__Ltext10                    text10       000000
__Ltext11                    text11       000000
__Ltext12                    text12       000000
__Ltext13                    text13       000000
__Ltext14                    text14       000000
__Ltext15                    text15       000000
__Ltext16                    text16       000000
__Ltext17                    text17       000000
__Ltext18                    text18       000000
__Ltext19                    text19       000000
__Ltext2                     text2        000000
__Ltext20                    text20       000000
__Ltext3                     text3        000000
__Ltext4                     text4        000000
__Ltext5                     text5        000000
__Ltext6                     text6        000000
__Ltext7                     text7        000000
__Ltext8                     text8        000000
__Ltext9                     text9        000000
__S0                         (abs)        001536
__S1                         (abs)        00013C
__S4                         (abs)        000000
__S5                         (abs)        000000
___heap_hi                   (abs)        000000
___heap_lo                   (abs)        000000
___inthi_sp                  stack        000000
___inthi_stack_hi            stack        000000
___inthi_stack_lo            stack        000000
___intlo_sp                  stack        000000
___intlo_stack_hi            stack        000000
___intlo_stack_lo            stack        000000
___lwdiv                     text16       0012A2
___lwdiv@counter             cstackCOMRAM 00000B
___lwdiv@dividend            cstackCOMRAM 000007
___lwdiv@divisor             cstackCOMRAM 000009
___lwdiv@quotient            cstackCOMRAM 00000C
___param_bank                (abs)        000000
___rparam_used               (abs)        000001
___sp                        stack        000000
___stack_hi                  stack        000000
___stack_lo                  stack        000000
___wmul                      text15       00147A
___wmul@multiplicand         cstackCOMRAM 000003
___wmul@multiplier           cstackCOMRAM 000001
___wmul@product              cstackCOMRAM 000005
__accesstop                  (abs)        000060
__activetblptr               (abs)        000003
__end_of_I2C_2_Master_Idle   text8        001452
__end_of_I2C_2_Master_Init   text9        00142A
__end_of_I2C_2_Master_Start  text7        001530
__end_of_I2C_2_Master_Stop   text6        001526
__end_of_I2C_2_Master_Write  text5        001504
__end_of_ISR                 intcode      00003C
__end_of_Timer0_init         text17       00147A
__end_of_UTurn               text11       0013D2
__end_of___lwdiv             text16       001316
__end_of___wmul              text15       0014A0
__end_of__initialization     cinit        001362
__end_of_buggy_lights_init   text10       001400
__end_of_color_click_init    text3        0013A0
__end_of_color_writetoaddr   text4        0014C0
__end_of_initDCmotorsPWM     text2        001214
__end_of_initUSART4          text1        0014DE
__end_of_main                text0        000F78
__end_of_reset_timer         text19       001510
__end_of_setMotorPWM         text14       0010CC
__end_of_start_timer         text18       001534
__end_of_stop                text13       0012A2
__end_of_turnLeft            text12       001184
__end_of_write_timer         text20       00151C
__initialization             cinit        001316
__mediumconst                mediumconst  000000
__pbssBANK1                  bssBANK1     000100
__pbssCOMRAM                 bssCOMRAM    00005A
__pcinit                     cinit        001316
__pcstackCOMRAM              cstackCOMRAM 000001
__pdataBANK0                 dataBANK0    000060
__pdataCOMRAM                dataCOMRAM   000040
__pidataBANK0                idataBANK0   001534
__pidataCOMRAM               idataCOMRAM  0014DE
__pintcode                   intcode      000008
__psmallconst                smallconst   000E00
__ptext0                     text0        000E1A
__ptext1                     text1        0014C0
__ptext10                    text10       0013D2
__ptext11                    text11       0013A0
__ptext12                    text12       0010CC
__ptext13                    text13       001214
__ptext14                    text14       000F78
__ptext15                    text15       00147A
__ptext16                    text16       0012A2
__ptext17                    text17       001452
__ptext18                    text18       001530
__ptext19                    text19       001504
__ptext2                     text2        001184
__ptext20                    text20       001510
__ptext3                     text3        00136C
__ptext4                     text4        0014A0
__ptext5                     text5        0014F8
__ptext6                     text6        00151C
__ptext7                     text7        001526
__ptext8                     text8        00142A
__ptext9                     text9        001400
__ramtop                     ramtop       000E00
__smallconst                 smallconst   000E00
_buggy_lights_init           text10       0013D2
_color_click_init            text3        00136C
_color_writetoaddr           text4        0014A0
_headbuttDelay               dataCOMRAM   000046
_initDCmotorsPWM             text2        001184
_initUSART4                  text1        0014C0
_lost_flag                   bssCOMRAM    00005B
_main                        text0        000E1A
_manoeuvre_count             bssCOMRAM    00005A
_manoeuvre_pointer           dataCOMRAM   000040
_rampDelay                   dataCOMRAM   000058
_reset_timer                 text19       001504
_return_flag                 bssCOMRAM    00005C
_returning                   bssCOMRAM    00005D
_sample_count                dataCOMRAM   000059
_setMotorPWM                 text14       000F78
_squareDelay                 dataBANK0    000060
_start_timer                 text18       001530
_stop                        text13       001214
_timer_high_pointer          dataCOMRAM   000044
_timer_low_pointer           dataCOMRAM   000042
_topGearLeft                 dataCOMRAM   000057
_topGearRight                dataCOMRAM   000056
_trail_manoeuvre             bssBANK1     000100
_trail_timer_high            bssBANK1     000128
_trail_timer_low             bssBANK1     000114
_turn180Delay                dataCOMRAM   000048
_turnLeft                    text12       0010CC
_turnLeft135Delay            dataCOMRAM   00004C
_turnLeft90Delay             dataCOMRAM   000050
_turnRight135Delay           dataCOMRAM   00004A
_turnRight90Delay            dataCOMRAM   00004E
_turningLeftGear             dataCOMRAM   000055
_turningRightGear            dataCOMRAM   000054
_wall_threshold_blue         dataCOMRAM   000052
_write_timer                 text20       001510
btemp                        temp         00005E
color_writetoaddr@address    cstackCOMRAM 000004
color_writetoaddr@value      cstackCOMRAM 000003
end_of_initialization        cinit        001362
initDCmotorsPWM@PWMperiod    cstackCOMRAM 000001
int$flags                    temp         00005E
intlevel0                    text         000000
intlevel1                    text         000000
intlevel2                    text         000000
intlevel3                    text         000000
isa$std                      (abs)        000001
isa$xinst                    (abs)        000000
main@HSV_colour              cstackCOMRAM 000020
main@RGBC_colour             cstackCOMRAM 000026
main@i                       cstackCOMRAM 00001E
main@motorL                  cstackCOMRAM 00002E
main@motorR                  cstackCOMRAM 000037
setMotorPWM@m                cstackCOMRAM 00000E
setMotorPWM@negDuty          cstackCOMRAM 000012
setMotorPWM@posDuty          cstackCOMRAM 000011
stackhi                      (abs)        000000
stacklo                      (abs)        000000
start                        init         00003C
start_initialization         cinit        001316
stop@mL                      cstackCOMRAM 000013
stop@mR                      cstackCOMRAM 000014
ttemp5                       temp         00005F
ttemp6                       temp         000062
ttemp7                       temp         000066
turnLeft@leftGear            cstackCOMRAM 000016
turnLeft@mL                  cstackCOMRAM 000013
turnLeft@mR                  cstackCOMRAM 000014
turnLeft@rightGear           cstackCOMRAM 000017
write_timer@tH               cstackCOMRAM 000002
write_timer@tL               cstackCOMRAM 000001
wtemp8                       temp         00005F


MODULE INFORMATION

Module		Function		Class		Link	Load	Size
C:\Program Files\Microchip\xc8\v2.45\pic\sources\c99\common\Umul16.c
		___wmul        		CODE           	147A	0000	38

C:\Program Files\Microchip\xc8\v2.45\pic\sources\c99\common\Umul16.c estimated size: 38

serial.c
		_initUSART4    		CODE           	14C0	0000	30

serial.c estimated size: 30

timers.c
		_Timer0_init   		CODE           	1452	0000	40
		_ISR           		CODE           	0008	0000	52
		_write_timer   		CODE           	1510	0000	12
		_start_timer   		CODE           	1530	0000	4
		_reset_timer   		CODE           	1504	0000	12

timers.c estimated size: 120

color.c
		_color_writetoaddr		CODE           	14A0	0000	32
		_color_click_init		CODE           	136C	0000	52

color.c estimated size: 84

dc_motor.c
		_turnLeft      		CODE           	10CC	0000	184
		_stop          		CODE           	1214	0000	142
		_initDCmotorsPWM		CODE           	1184	0000	144
		_setMotorPWM   		CODE           	0F78	0000	340
		_UTurn         		CODE           	13A0	0000	50

dc_motor.c estimated size: 860

buggy_lights.c
		_buggy_lights_init		CODE           	13D2	0000	46

buggy_lights.c estimated size: 46

i2c.c
		_I2C_2_Master_Start		CODE           	1526	0000	10
		_I2C_2_Master_Idle		CODE           	142A	0000	40
		_I2C_2_Master_Init		CODE           	1400	0000	42
		_I2C_2_Master_Stop		CODE           	151C	0000	10
		_I2C_2_Master_Write		CODE           	14F8	0000	12

i2c.c estimated size: 114

shared
		__initialization		CODE           	1316	0000	76

shared estimated size: 76

main.c
		_main          		CODE           	0E1A	0000	350

main.c estimated size: 350

C:\Program Files\Microchip\xc8\v2.45\pic\sources\c99\common\lwdiv.c
		___lwdiv       		CODE           	12A2	0000	116

C:\Program Files\Microchip\xc8\v2.45\pic\sources\c99\common\lwdiv.c estimated size: 116

