Microchip MPLAB XC8 Compiler V2.45

Linker command line:

-W-3 \
  --edf=C:\Program Files\Microchip\xc8\v2.45\pic\dat\20230818022343_en.msgs \
  -cn \
  -h+dist/default/production\final-project-gorakh-boris.X.production.sym \
  --cmf=dist/default/production\final-project-gorakh-boris.X.production.cmf \
  -z -Q18F67K40 -oC:\Users\boris\AppData\Local\Temp\xcAsid4.\driver_tmp_3.o \
  --defsym=__MPLAB_BUILD=1 --fixupoverflow=error \
  -Mdist/default/production/final-project-gorakh-boris.X.production.map \
  --md=C:\Users\boris\AppData\Local\Temp\xcAsid4.\driver_tmp_0.dat -E1 \
  -ver=XC8 Compiler --acfsm=1493 -ACODE=00h-01FFFFh -ACONST=00h-01FFFFh \
  -ASMALLCONST=0E00h-0EFFhx498 -AMEDIUMCONST=0E00h-0FFFFh,010E00h-01FFFFh \
  -ACOMRAM=01h-05Fh -AABS1=00h-0DE9h -ABIGRAM=01h-0DE9h \
  -ARAM=060h-0FFh,0100h-01FFhx12,0D00h-0DE9h -ABANK0=060h-0FFh \
  -ABANK1=0100h-01FFh -ABANK2=0200h-02FFh -ABANK3=0300h-03FFh \
  -ABANK4=0400h-04FFh -ABANK5=0500h-05FFh -ABANK6=0600h-06FFh \
  -ABANK7=0700h-07FFh -ABANK8=0800h-08FFh -ABANK9=0900h-09FFh \
  -ABANK10=0A00h-0AFFh -ABANK11=0B00h-0BFFh -ABANK12=0C00h-0CFFh \
  -ABANK13=0D00h-0DE9h \
  -ASFR=0DEFh-0DFFh,0E00h-0EFFh,0F00h-0F5Fh,0F60h-0FFFh \
  -ABIGSFR=0DEFh-0FFFh -ACONFIG=0300000h-030000Bh -AIDLOC=0200000h-020000Fh \
  -AEEDATA=0310000h-03103FFh -peeprom_data=EEDATA \
  -preset_vec=00h,intcode=08h,intcodelo,powerup,init -pramtop=0E00h \
  -psmallconst=SMALLCONST -pmediumconst=MEDIUMCONST -pconst=CONST \
  -AFARRAM=00h-00h \
  -prdata=COMRAM,nvrram=COMRAM,nvbit=COMRAM,rbss=COMRAM,rbit=COMRAM \
  -pfarbss=FARRAM,fardata=FARRAM,nvFARRAM=FARRAM \
  -pintsave_regs=BIGRAM,bigbss=BIGRAM,bigdata=BIGRAM -pbss=RAM \
  -pidata=CODE,irdata=CODE,ibigdata=CODE,ifardata=CODE -prparam=COMRAM \
  C:\Users\boris\AppData\Local\Temp\xcAsid4.\driver_tmp_14.o \
  dist/default/production\final-project-gorakh-boris.X.production.o 

Object code version is 3.11

Machine type is 18F67K40



                Name                               Link     Load   Length Selector   Space Scale
C:\Users\boris\AppData\Local\Temp\xcAsid4.\driver_tmp_14.o
                idloc                            200000   200000       10        0       5
                config                           300000   300000        C        0       4
                init                                 38       38        4        4       0
                reset_vec                             0        0        4        0       0
dist/default/production\final-project-gorakh-boris.X.production.o
                intcode                               8        8       30        4       0
                idloc                            200000   200000       10        0       5
                config                           300000   300000        C        0       4
                temp                                 47       47        1        1       1
                smallconst                          E00      E00       14      700       0
                text36                             1A44     1A44        C      70A       0
                text35                             1A38     1A38        C      70A       0
                text34                             1984     1984       24      70A       0
                text33                             1904     1904       2E      70A       0
                text32                             1932     1932       2A      70A       0
                text31                             195C     195C       28      70A       0
                text30                             1A64     1A64        A      70A       0
                text29                             1A5A     1A5A        A      70A       0
                text28                             1A2C     1A2C        C      70A       0
                text27                             19A8     19A8       20      70A       0
                text26                             18D0     18D0       34      70A       0
                text25                             1A16     1A16       16      70A       0
                text24                             19FE     19FE       18      70A       0
                text23                             148A     148A       62      70A       0
                text22                             10E6     10E6       C4      70A       0
                text21                             1264     1264       B0      70A       0
                text20                             189C     189C       34      70A       0
                text19                             1A70     1A70        2      70A       0
                text18                             11AA     11AA       BA      70A       0
                text17                              E14      E14      1F6      70A       0
                text16                             15A0     15A0       56      70A       0
                text15                             17D6     17D6       4C      70A       0
                text14                             13A4     13A4       76      70A       0
                text13                             1822     1822       42      70A       0
                text12                             1A50     1A50        A      70A       0
                text11                             173A     173A       50      70A       0
                text10                             16EA     16EA       50      70A       0
                text9                              169A     169A       50      70A       0
                text8                              164A     164A       50      70A       0
                text7                              154A     154A       56      70A       0
                text6                              178A     178A       4C      70A       0
                text5                              1864     1864       38      70A       0
                text4                              15F6     15F6       54      70A       0
                text3                              1314     1314       90      70A       0
                text2                              19C8     19C8       1E      70A       0
                text1                              14EC     14EC       5E      70A       0
                text0                              100A     100A       DC      70A       0
                cstackCOMRAM                          1        1       3F        1       1
                cstackBANK0                          60       60       43       60       1
                cstackBANK1                         100      100       A4      100       1
                bssBANK2                            200      200       3C      200       1
                bssBANK1                            1A4      1A4       3C      100       1
                dataBANK0                            E0       E0       18       60       1
                bssBANK0                             A3       A3       3D       60       1
                dataCOMRAM                           45       45        2        1       1
                bssCOMRAM                            40       40        5        1       1
                cinit                              141A     141A       70      70A       0
                idataBANK0                         19E6     19E6       18      70A       0
                idataCOMRAM                        1A6E     1A6E        2      70A       0

TOTAL           Name                               Link     Load   Length     Space
        CLASS   CODE           
                intcode                               8        8       30         0
                init                                 38       38        4         0
                reset_vec                             0        0        4         0
                text36                             1A44     1A44        C         0
                text35                             1A38     1A38        C         0
                text34                             1984     1984       24         0
                text33                             1904     1904       2E         0
                text32                             1932     1932       2A         0
                text31                             195C     195C       28         0
                text30                             1A64     1A64        A         0
                text29                             1A5A     1A5A        A         0
                text28                             1A2C     1A2C        C         0
                text27                             19A8     19A8       20         0
                text26                             18D0     18D0       34         0
                text25                             1A16     1A16       16         0
                text24                             19FE     19FE       18         0
                text23                             148A     148A       62         0
                text22                             10E6     10E6       C4         0
                text21                             1264     1264       B0         0
                text20                             189C     189C       34         0
                text19                             1A70     1A70        2         0
                text18                             11AA     11AA       BA         0
                text17                              E14      E14      1F6         0
                text16                             15A0     15A0       56         0
                text15                             17D6     17D6       4C         0
                text14                             13A4     13A4       76         0
                text13                             1822     1822       42         0
                text12                             1A50     1A50        A         0
                text11                             173A     173A       50         0
                text10                             16EA     16EA       50         0
                text9                              169A     169A       50         0
                text8                              164A     164A       50         0
                text7                              154A     154A       56         0
                text6                              178A     178A       4C         0
                text5                              1864     1864       38         0
                text4                              15F6     15F6       54         0
                text3                              1314     1314       90         0
                text2                              19C8     19C8       1E         0
                text1                              14EC     14EC       5E         0
                text0                              100A     100A       DC         0
                cinit                              141A     141A       70         0
                idataBANK0                         19E6     19E6       18         0
                idataCOMRAM                        1A6E     1A6E        2         0

        CLASS   CONST          

        CLASS   SMALLCONST     
                smallconst                          E00      E00       14         0

        CLASS   MEDIUMCONST    

        CLASS   COMRAM         
                temp                                 47       47        1         1
                cstackCOMRAM                          1        1       3F         1
                dataCOMRAM                           45       45        2         1
                bssCOMRAM                            40       40        5         1

        CLASS   ABS1           

        CLASS   BIGRAM         

        CLASS   RAM            

        CLASS   BANK0          
                cstackBANK0                          60       60       43         1
                dataBANK0                            E0       E0       18         1
                bssBANK0                             A3       A3       3D         1

        CLASS   BANK1          
                cstackBANK1                         100      100       A4         1
                bssBANK1                            1A4      1A4       3C         1

        CLASS   BANK2          
                bssBANK2                            200      200       3C         1

        CLASS   BANK3          

        CLASS   BANK4          

        CLASS   BANK5          

        CLASS   BANK6          

        CLASS   BANK7          

        CLASS   BANK8          

        CLASS   BANK9          

        CLASS   BANK10         

        CLASS   BANK11         

        CLASS   BANK12         

        CLASS   BANK13         

        CLASS   SFR            

        CLASS   BIGSFR         

        CLASS   CONFIG         
                config                           300000   300000        C         4

        CLASS   IDLOC          
                idloc                            200000   200000       10         5

        CLASS   EEDATA         

        CLASS   FARRAM         

        CLASS   HEAP           

        CLASS   STACK          



SEGMENTS        Name                           Load    Length   Top    Selector   Space  Class

                reset_vec                      000000  000004  000004         0       0  CODE    
                cstackCOMRAM                   000001  000047  000048         1       1  COMRAM  
                intcode                        000008  000034  00003C         4       0  CODE    
                cstackBANK0                    000060  000098  0000F8        60       1  BANK0   
                cstackBANK1                    000100  0000E0  0001E0       100       1  BANK1   
                bssBANK2                       000200  00003C  00023C       200       1  BANK2   
                smallconst                     000E00  000014  000E14       700       0  SMALLCON
                text17                         000E14  000C5E  001A72       70A       0  CODE    


UNUSED ADDRESS RANGES

        Name                Unused          Largest block    Delta
        BANK0            0000F8-0000FF                8
        BANK1            0001E0-0001FF               20
        BANK10           000A00-000AFF              100
        BANK11           000B00-000BFF              100
        BANK12           000C00-000CFF              100
        BANK13           000D00-000DE9               EA
        BANK2            00023C-0002FF               C4
        BANK3            000300-0003FF              100
        BANK4            000400-0004FF              100
        BANK5            000500-0005FF              100
        BANK6            000600-0006FF              100
        BANK7            000700-0007FF              100
        BANK8            000800-0008FF              100
        BANK9            000900-0009FF              100
        BIGRAM           000048-00005F               18
                         0000F8-0000FF                8
                         0001E0-0001FF               20
                         00023C-000DE9              BAE
        BIGSFR           000DEF-000FFF              211
        CODE             000004-000007                4
                         00003C-000DFF              DC4
                         001A72-01FFFF            1E58E
        COMRAM           000048-00005F               18
        CONST            000004-000007                4
                         00003C-000DFF              DC4
                         001A72-01FFFF            1E58E
        EEDATA           310000-3103FF              400
        MEDIUMCONST      001A72-00FFFF             E58E
                         010E00-01FFFF             F200
        RAM              0000F8-0000FF                8
                         0001E0-0001FF               20
                         00023C-000DE9              100
        SFR              000DEF-000FFF              100
        SMALLCONST       001A72-01FFFF              100

                                  Symbol Table

?___awdiv                      cstackCOMRAM 000001
?___awmod                      cstackCOMRAM 000001
?_abs                          cstackCOMRAM 000007
?_color_read_Blue              cstackCOMRAM 000005
?_color_read_Clear             cstackCOMRAM 000005
?_color_read_Green             cstackCOMRAM 000005
?_color_read_Red               cstackCOMRAM 000005
?_sprintf                      cstackCOMRAM 00001C
?_vfpfcnvrt                    cstackCOMRAM 00000B
?_vfprintf                     cstackCOMRAM 000018
I2C_2_Master_Read@ack          cstackCOMRAM 000003
I2C_2_Master_Read@tmp          cstackCOMRAM 000004
I2C_2_Master_Write@data_byte   cstackCOMRAM 000002
_ANSELDbits                    (abs)        000EA7
_ANSELFbits                    (abs)        000EB4
_BAUD4CONbits                  (abs)        000EE9
_CCP1CONbits                   (abs)        000FAB
_CCP2CONbits                   (abs)        000FA7
_CCP3CONbits                   (abs)        000F26
_CCP4CONbits                   (abs)        000F22
_CCPR1H                        (abs)        000FAA
_CCPR2H                        (abs)        000FA6
_CCPR3H                        (abs)        000F25
_CCPR4H                        (abs)        000F21
_CCPTMRS0bits                  (abs)        000FAD
_EUSART4RXbuf                  bssBANK0     0000C3
_EUSART4TXbuf                  bssBANK2     000200
_I2C_2_Master_Idle             text31       00195C
_I2C_2_Master_Init             text32       001932
_I2C_2_Master_Read             text13       001822
_I2C_2_Master_RepStart         text12       001A50
_I2C_2_Master_Start            text30       001A64
_I2C_2_Master_Stop             text29       001A5A
_I2C_2_Master_Write            text28       001A2C
_INTCONbits                    (abs)        000FF2
_ISR                           intcode      000008
_LATAbits                      (abs)        000F79
_LATCbits                      (abs)        000F7B
_LATDbits                      (abs)        000F7C
_LATEbits                      (abs)        000F7D
_LATFbits                      (abs)        000F7E
_LATGbits                      (abs)        000F7F
_LATHbits                      (abs)        000F80
_PIE0bits                      (abs)        000E29
_PIE4bits                      (abs)        000E2D
_PIR0bits                      (abs)        000E33
_PIR4bits                      (abs)        000E37
_RC0PPS                        (abs)        000E62
_RC4REG                        (abs)        000EE3
_RC4STAbits                    (abs)        000EE7
_RC7PPS                        (abs)        000E69
_RD5PPS                        (abs)        000E6F
_RD6PPS                        (abs)        000E70
_RE2PPS                        (abs)        000E74
_RE4PPS                        (abs)        000E76
_RG6PPS                        (abs)        000E88
_RX4PPS                        (abs)        000E15
_RxBufReadCnt                  bssCOMRAM    000043
_RxBufWriteCnt                 bssCOMRAM    000044
_SP4BRGH                       (abs)        000EE6
_SP4BRGL                       (abs)        000EE5
_SSP2ADD                       (abs)        000ED6
_SSP2BUF                       (abs)        000ED5
_SSP2CLKPPS                    (abs)        000E1C
_SSP2CON1bits                  (abs)        000ED9
_SSP2CON2                      (abs)        000EDA
_SSP2CON2bits                  (abs)        000EDA
_SSP2DATPPS                    (abs)        000E1D
_SSP2STAT                      (abs)        000ED8
_T0CON0bits                    (abs)        000FD5
_T0CON1bits                    (abs)        000FD6
_T2CLKCONbits                  (abs)        000FBF
_T2CONbits                     (abs)        000FBD
_T2HLTbits                     (abs)        000FBE
_T2PR                          (abs)        000FBC
_TMR0H                         (abs)        000FD4
_TMR0L                         (abs)        000FD3
_TRISAbits                     (abs)        000F81
_TRISCbits                     (abs)        000F83
_TRISDbits                     (abs)        000F84
_TRISEbits                     (abs)        000F85
_TRISFbits                     (abs)        000F86
_TRISGbits                     (abs)        000F87
_TRISHbits                     (abs)        000F88
_TX4REG                        (abs)        000EE4
_TX4STAbits                    (abs)        000EE8
_Timer0_init                   text34       001984
_TxBufReadCnt                  bssCOMRAM    000041
_TxBufWriteCnt                 bssCOMRAM    000042
__HRAM                         (abs)        000000
__H__absolute__                __absolute__ 000000
__Habs1                        abs1         000000
__Hbank0                       bank0        000000
__Hbank1                       bank1        000000
__Hbank10                      bank10       000000
__Hbank11                      bank11       000000
__Hbank12                      bank12       000000
__Hbank13                      bank13       000000
__Hbank2                       bank2        000000
__Hbank3                       bank3        000000
__Hbank4                       bank4        000000
__Hbank5                       bank5        000000
__Hbank6                       bank6        000000
__Hbank7                       bank7        000000
__Hbank8                       bank8        000000
__Hbank9                       bank9        000000
__Hbigbss                      bigbss       000000
__Hbigdata                     bigdata      000000
__Hbigram                      bigram       000000
__Hbigsfr                      bigsfr       000000
__Hbss                         bss          000000
__HbssBANK0                    bssBANK0     000000
__HbssBANK1                    bssBANK1     000000
__HbssBANK2                    bssBANK2     000000
__HbssCOMRAM                   bssCOMRAM    000000
__Hcinit                       cinit        000000
__Hclrtext                     clrtext      000000
__Hcomram                      comram       000000
__Hconfig                      config       30000C
__Hconst                       const        000000
__HcstackBANK0                 cstackBANK0  000000
__HcstackBANK1                 cstackBANK1  000000
__HcstackCOMRAM                cstackCOMRAM 000000
__Hdata                        data         000000
__HdataBANK0                   dataBANK0    000000
__HdataCOMRAM                  dataCOMRAM   000000
__Heeprom_data                 eeprom_data  000000
__Hfarbss                      farbss       000000
__Hfardata                     fardata      000000
__Hheap                        heap         000000
__Hibigdata                    ibigdata     000000
__Hidata                       idata        000000
__HidataBANK0                  idataBANK0   000000
__HidataCOMRAM                 idataCOMRAM  000000
__Hidloc                       idloc        200010
__Hifardata                    ifardata     000000
__Hinit                        init         00003C
__Hintcode                     intcode      000038
__Hintcode_body                intcode_body 000000
__Hintcodelo                   intcodelo    000038
__Hintentry                    intentry     000000
__Hintret                      intret       000000
__Hintsave_regs                intsave_regs 000000
__Hirdata                      irdata       000000
__Hmediumconst                 mediumconst  000000
__HnvFARRAM                    nvFARRAM     000000
__Hnvbit                       nvbit        000000
__Hnvrram                      nvrram       000000
__Hparam                       rparam       000000
__Hpowerup                     powerup      000038
__Hram                         ram          000000
__Hramtop                      ramtop       000E00
__Hrbit                        rbit         000000
__Hrbss                        rbss         000000
__Hrdata                       rdata        000000
__Hreset_vec                   reset_vec    000004
__Hrparam                      rparam       000000
__Hsfr                         sfr          000000
__Hsmallconst                  smallconst   000E14
__Hspace_0                     (abs)        001A72
__Hspace_1                     (abs)        00023C
__Hspace_2                     (abs)        000000
__Hspace_4                     (abs)        60000C
__Hstack                       stack        000000
__Hstruct                      struct       000000
__Htemp                        temp         000048
__Htext                        text         000000
__Htext0                       text0        000000
__Htext1                       text1        000000
__Htext10                      text10       000000
__Htext11                      text11       000000
__Htext12                      text12       000000
__Htext13                      text13       000000
__Htext14                      text14       000000
__Htext15                      text15       000000
__Htext16                      text16       000000
__Htext17                      text17       000000
__Htext18                      text18       000000
__Htext19                      text19       000000
__Htext2                       text2        000000
__Htext20                      text20       000000
__Htext21                      text21       000000
__Htext22                      text22       000000
__Htext23                      text23       000000
__Htext24                      text24       000000
__Htext25                      text25       000000
__Htext26                      text26       000000
__Htext27                      text27       000000
__Htext28                      text28       000000
__Htext29                      text29       000000
__Htext3                       text3        000000
__Htext30                      text30       000000
__Htext31                      text31       000000
__Htext32                      text32       000000
__Htext33                      text33       000000
__Htext34                      text34       000000
__Htext35                      text35       000000
__Htext36                      text36       000000
__Htext4                       text4        000000
__Htext5                       text5        000000
__Htext6                       text6        000000
__Htext7                       text7        000000
__Htext8                       text8        000000
__Htext9                       text9        000000
__LRAM                         (abs)        000001
__L__absolute__                __absolute__ 000000
__Labs1                        abs1         000000
__Lbank0                       bank0        000000
__Lbank1                       bank1        000000
__Lbank10                      bank10       000000
__Lbank11                      bank11       000000
__Lbank12                      bank12       000000
__Lbank13                      bank13       000000
__Lbank2                       bank2        000000
__Lbank3                       bank3        000000
__Lbank4                       bank4        000000
__Lbank5                       bank5        000000
__Lbank6                       bank6        000000
__Lbank7                       bank7        000000
__Lbank8                       bank8        000000
__Lbank9                       bank9        000000
__Lbigbss                      bigbss       000000
__Lbigdata                     bigdata      000000
__Lbigram                      bigram       000000
__Lbigsfr                      bigsfr       000000
__Lbss                         bss          000000
__LbssBANK0                    bssBANK0     000000
__LbssBANK1                    bssBANK1     000000
__LbssBANK2                    bssBANK2     000000
__LbssCOMRAM                   bssCOMRAM    000000
__Lcinit                       cinit        000000
__Lclrtext                     clrtext      000000
__Lcomram                      comram       000000
__Lconfig                      config       000000
__Lconst                       const        000000
__LcstackBANK0                 cstackBANK0  000000
__LcstackBANK1                 cstackBANK1  000000
__LcstackCOMRAM                cstackCOMRAM 000000
__Ldata                        data         000000
__LdataBANK0                   dataBANK0    000000
__LdataCOMRAM                  dataCOMRAM   000000
__Leeprom_data                 eeprom_data  000000
__Lfarbss                      farbss       000000
__Lfardata                     fardata      000000
__Lheap                        heap         000000
__Libigdata                    ibigdata     000000
__Lidata                       idata        000000
__LidataBANK0                  idataBANK0   000000
__LidataCOMRAM                 idataCOMRAM  000000
__Lidloc                       idloc        000000
__Lifardata                    ifardata     000000
__Linit                        init         000038
__Lintcode                     intcode      000008
__Lintcode_body                intcode_body 000000
__Lintcodelo                   intcodelo    000038
__Lintentry                    intentry     000000
__Lintret                      intret       000000
__Lintsave_regs                intsave_regs 000000
__Lirdata                      irdata       000000
__Lmediumconst                 mediumconst  000000
__LnvFARRAM                    nvFARRAM     000000
__Lnvbit                       nvbit        000000
__Lnvrram                      nvrram       000000
__Lparam                       rparam       000000
__Lpowerup                     powerup      000038
__Lram                         ram          000000
__Lramtop                      ramtop       000E00
__Lrbit                        rbit         000000
__Lrbss                        rbss         000000
__Lrdata                       rdata        000000
__Lreset_vec                   reset_vec    000000
__Lrparam                      rparam       000000
__Lsfr                         sfr          000000
__Lsmallconst                  smallconst   000E00
__Lspace_0                     (abs)        000000
__Lspace_1                     (abs)        000000
__Lspace_2                     (abs)        000000
__Lspace_4                     (abs)        000000
__Lstack                       stack        000000
__Lstruct                      struct       000000
__Ltemp                        temp         000047
__Ltext                        text         000000
__Ltext0                       text0        000000
__Ltext1                       text1        000000
__Ltext10                      text10       000000
__Ltext11                      text11       000000
__Ltext12                      text12       000000
__Ltext13                      text13       000000
__Ltext14                      text14       000000
__Ltext15                      text15       000000
__Ltext16                      text16       000000
__Ltext17                      text17       000000
__Ltext18                      text18       000000
__Ltext19                      text19       000000
__Ltext2                       text2        000000
__Ltext20                      text20       000000
__Ltext21                      text21       000000
__Ltext22                      text22       000000
__Ltext23                      text23       000000
__Ltext24                      text24       000000
__Ltext25                      text25       000000
__Ltext26                      text26       000000
__Ltext27                      text27       000000
__Ltext28                      text28       000000
__Ltext29                      text29       000000
__Ltext3                       text3        000000
__Ltext30                      text30       000000
__Ltext31                      text31       000000
__Ltext32                      text32       000000
__Ltext33                      text33       000000
__Ltext34                      text34       000000
__Ltext35                      text35       000000
__Ltext36                      text36       000000
__Ltext4                       text4        000000
__Ltext5                       text5        000000
__Ltext6                       text6        000000
__Ltext7                       text7        000000
__Ltext8                       text8        000000
__Ltext9                       text9        000000
__S0                           (abs)        001A72
__S1                           (abs)        00023C
__S4                           (abs)        000000
__S5                           (abs)        000000
___awdiv                       text22       0010E6
___awdiv@counter               cstackCOMRAM 000005
___awdiv@dividend              cstackCOMRAM 000001
___awdiv@divisor               cstackCOMRAM 000003
___awdiv@quotient              cstackCOMRAM 000007
___awdiv@sign                  cstackCOMRAM 000006
___awmod                       text21       001264
___awmod@counter               cstackCOMRAM 000005
___awmod@dividend              cstackCOMRAM 000001
___awmod@divisor               cstackCOMRAM 000003
___awmod@sign                  cstackCOMRAM 000006
___heap_hi                     (abs)        000000
___heap_lo                     (abs)        000000
___inthi_sp                    stack        000000
___inthi_stack_hi              stack        000000
___inthi_stack_lo              stack        000000
___intlo_sp                    stack        000000
___intlo_stack_hi              stack        000000
___intlo_stack_lo              stack        000000
___param_bank                  (abs)        000000
___rparam_used                 (abs)        000001
___sp                          stack        000000
___stack_hi                    stack        000000
___stack_lo                    stack        000000
__accesstop                    (abs)        000060
__activetblptr                 (abs)        000003
__end_of_I2C_2_Master_Idle     text31       001984
__end_of_I2C_2_Master_Init     text32       00195C
__end_of_I2C_2_Master_Read     text13       001864
__end_of_I2C_2_Master_RepStart text12       001A5A
__end_of_I2C_2_Master_Start    text30       001A6E
__end_of_I2C_2_Master_Stop     text29       001A64
__end_of_I2C_2_Master_Write    text28       001A38
__end_of_ISR                   intcode      000038
__end_of_Timer0_init           text34       0019A8
__end_of___awdiv               text22       0011AA
__end_of___awmod               text21       001314
__end_of__initialization       cinit        001480
__end_of_abs                   text20       0018D0
__end_of_buggy_lights_init     text33       001932
__end_of_color_click_init      text26       001904
__end_of_color_read_Blue       text11       00178A
__end_of_color_read_Clear      text10       00173A
__end_of_color_read_Green      text9        0016EA
__end_of_color_read_Red        text8        00169A
__end_of_color_writetoaddr     text27       0019C8
__end_of_forward_navigation    text4        00164A
__end_of_fputc                 text18       001264
__end_of_getRGBCval            text7        0015A0
__end_of_initDCmotorsPWM       text3        0013A4
__end_of_initUSART4            text2        0019E6
__end_of_main                  text0        0010E6
__end_of_putch                 text19       001A72
__end_of_read_timer            text25       001A2C
__end_of_reset_timer           text35       001A44
__end_of_sendArrayCharSerial4  text14       00141A
__end_of_sendCharSerial4       text24       001A16
__end_of_sendRGBCvalSerial4    text1        00154A
__end_of_sendStringSerial4     text23       0014EC
__end_of_sprintf               text15       001822
__end_of_vfpfcnvrt             text17       00100A
__end_of_vfprintf              text16       0015F6
__end_of_wait_for_wall         text6        0017D6
__end_of_write_timer           text36       001A50
__end_of_write_trail           text5        00189C
__initialization               cinit        00141A
__mediumconst                  mediumconst  000000
__pbssBANK0                    bssBANK0     0000A3
__pbssBANK1                    bssBANK1     0001A4
__pbssBANK2                    bssBANK2     000200
__pbssCOMRAM                   bssCOMRAM    000040
__pcinit                       cinit        00141A
__pcstackBANK0                 cstackBANK0  000060
__pcstackBANK1                 cstackBANK1  000100
__pcstackCOMRAM                cstackCOMRAM 000001
__pdataBANK0                   dataBANK0    0000E0
__pdataCOMRAM                  dataCOMRAM   000045
__pidataBANK0                  idataBANK0   0019E6
__pidataCOMRAM                 idataCOMRAM  001A6E
__pintcode                     intcode      000008
__psmallconst                  smallconst   000E00
__ptext0                       text0        00100A
__ptext1                       text1        0014EC
__ptext10                      text10       0016EA
__ptext11                      text11       00173A
__ptext12                      text12       001A50
__ptext13                      text13       001822
__ptext14                      text14       0013A4
__ptext15                      text15       0017D6
__ptext16                      text16       0015A0
__ptext17                      text17       000E14
__ptext18                      text18       0011AA
__ptext19                      text19       001A70
__ptext2                       text2        0019C8
__ptext20                      text20       00189C
__ptext21                      text21       001264
__ptext22                      text22       0010E6
__ptext23                      text23       00148A
__ptext24                      text24       0019FE
__ptext25                      text25       001A16
__ptext26                      text26       0018D0
__ptext27                      text27       0019A8
__ptext28                      text28       001A2C
__ptext29                      text29       001A5A
__ptext3                       text3        001314
__ptext30                      text30       001A64
__ptext31                      text31       00195C
__ptext32                      text32       001932
__ptext33                      text33       001904
__ptext34                      text34       001984
__ptext35                      text35       001A38
__ptext36                      text36       001A44
__ptext4                       text4        0015F6
__ptext5                       text5        001864
__ptext6                       text6        00178A
__ptext7                       text7        00154A
__ptext8                       text8        00164A
__ptext9                       text9        00169A
__ramtop                       ramtop       000E00
__smallconst                   smallconst   000E00
_abs                           text20       00189C
_buggy_lights_init             text33       001904
_color_click_init              text26       0018D0
_color_read_Blue               text11       00173A
_color_read_Clear              text10       0016EA
_color_read_Green              text9        00169A
_color_read_Red                text8        00164A
_color_writetoaddr             text27       0019A8
_dbuf                          bssBANK0     0000A3
_flags                         bssBANK0     0000DD
_forward_navigation            text4        0015F6
_fputc                         text18       0011AA
_getRGBCval                    text7        00154A
_headbuttDelay                 dataBANK0    0000E6
_initDCmotorsPWM               text3        001314
_initUSART4                    text2        0019C8
_main                          text0        00100A
_manoeuvre_count               bssBANK0     0000DE
_manoeuvre_pointer             dataBANK0    0000E0
_nout                          bssBANK0     0000D7
_prec                          bssBANK0     0000DB
_putch                         text19       001A70
_rampDelay                     dataBANK0    0000F7
_read_timer                    text25       001A16
_reset_timer                   text35       001A38
_return_flag                   bssBANK0     0000DF
_returning                     bssCOMRAM    000040
_sendArrayCharSerial4          text14       0013A4
_sendCharSerial4               text24       0019FE
_sendRGBCvalSerial4            text1        0014EC
_sendStringSerial4             text23       00148A
_sprintf                       text15       0017D6
_squareDelay                   dataBANK0    0000E4
_timer_high_pointer            dataCOMRAM   000045
_timer_low_pointer             dataBANK0    0000E2
_topGearLeft                   dataBANK0    0000F6
_topGearRight                  dataBANK0    0000F5
_trail_manoeuvre               bssBANK1     0001A4
_trail_timer_high              bssBANK1     0001CC
_trail_timer_low               bssBANK1     0001B8
_turn180Delay                  dataBANK0    0000E8
_turnLeft135Delay              dataBANK0    0000EC
_turnLeft90Delay               dataBANK0    0000F0
_turnRight135Delay             dataBANK0    0000EA
_turnRight90Delay              dataBANK0    0000EE
_turningGear                   dataBANK0    0000F4
_vfpfcnvrt                     text17       000E14
_vfprintf                      text16       0015A0
_wait_for_wall                 text6        00178A
_wall_threshold                dataBANK0    0000F2
_width                         bssBANK0     0000D9
_write_timer                   text36       001A44
_write_trail                   text5        001864
abs@a                          cstackCOMRAM 000007
btemp                          temp         000047
color_read_Blue@tmp            cstackCOMRAM 00000A
color_read_Clear@tmp           cstackCOMRAM 00000A
color_read_Green@tmp           cstackCOMRAM 00000A
color_read_Red@tmp             cstackCOMRAM 00000A
color_writetoaddr@address      cstackCOMRAM 000004
color_writetoaddr@value        cstackCOMRAM 000003
end_of_initialization          cinit        001480
forward_navigation@col         cstackCOMRAM 00003B
forward_navigation@mL          cstackCOMRAM 000039
forward_navigation@mR          cstackCOMRAM 00003A
forward_navigation@timerH      cstackCOMRAM 00003C
forward_navigation@timerL      cstackCOMRAM 00003D
fputc@c                        cstackCOMRAM 000001
fputc@fp                       cstackCOMRAM 000003
getRGBCval@p                   cstackCOMRAM 00000C
initDCmotorsPWM@PWMperiod      cstackCOMRAM 000001
int$flags                      temp         000047
intlevel0                      text         000000
intlevel1                      text         000000
intlevel2                      text         000000
intlevel3                      text         000000
isa$std                        (abs)        000001
isa$xinst                      (abs)        000000
main@measured_colour           cstackBANK0  000089
main@motorL                    cstackBANK0  000091
main@motorR                    cstackBANK0  00009A
read_timer@tH                  cstackCOMRAM 000001
read_timer@tL                  cstackCOMRAM 000002
sendArrayCharSerial4@arr       cstackCOMRAM 000036
sendArrayCharSerial4@i         cstackBANK1  0001A2
sendArrayCharSerial4@index     cstackBANK1  0001A1
sendArrayCharSerial4@tempStr   cstackBANK1  000100
sendCharSerial4@charToSend     cstackCOMRAM 000001
sendRGBCvalSerial4@col_val     cstackCOMRAM 000036
sendRGBCvalSerial4@tempStr     cstackBANK0  000060
sendStringSerial4@string       cstackCOMRAM 000002
sprintf@ap                     cstackCOMRAM 000029
sprintf@f                      cstackCOMRAM 00002A
sprintf@fmt                    cstackCOMRAM 00001E
sprintf@ret                    cstackCOMRAM 000027
sprintf@s                      cstackCOMRAM 00001C
stackhi                        (abs)        000000
stacklo                        (abs)        000000
start                          init         000038
start_initialization           cinit        00141A
ttemp5                         temp         000048
ttemp6                         temp         00004B
ttemp7                         temp         00004F
vfpfcnvrt@ap                   cstackCOMRAM 00000D
vfpfcnvrt@c                    cstackCOMRAM 000017
vfpfcnvrt@cnt                  cstackCOMRAM 000010
vfpfcnvrt@convarg              cstackCOMRAM 000013
vfpfcnvrt@cp                   cstackCOMRAM 000012
vfpfcnvrt@done                 cstackCOMRAM 00000F
vfpfcnvrt@fmt                  cstackCOMRAM 00000C
vfpfcnvrt@fp                   cstackCOMRAM 00000B
vfprintf@ap                    cstackCOMRAM 00001A
vfprintf@cfmt                  cstackCOMRAM 00001B
vfprintf@fmt                   cstackCOMRAM 000019
vfprintf@fp                    cstackCOMRAM 000018
wait_for_wall@p                cstackCOMRAM 00000D
write_timer@tH                 cstackCOMRAM 000002
write_timer@tL                 cstackCOMRAM 000001
write_trail@man                cstackCOMRAM 000002
write_trail@tH                 cstackCOMRAM 000003
write_trail@tL                 cstackCOMRAM 000001
wtemp8                         temp         000048


MODULE INFORMATION

Module		Function		Class		Link	Load	Size
serial.c
		_sendArrayCharSerial4		CODE           	13A4	0000	118
		_sendStringSerial4		CODE           	148A	0000	98
		_sendRGBCvalSerial4		CODE           	14EC	0000	94
		_sendCharSerial4		CODE           	19FE	0000	24
		_initUSART4    		CODE           	19C8	0000	30

serial.c estimated size: 364

timers.c
		_forward_navigation		CODE           	15F6	0000	84
		_Timer0_init   		CODE           	1984	0000	36
		_ISR           		CODE           	0008	0000	48
		_write_trail   		CODE           	1864	0000	56
		_write_timer   		CODE           	1A44	0000	12
		_reset_timer   		CODE           	1A38	0000	12
		_read_timer    		CODE           	1A16	0000	22

timers.c estimated size: 270

color.c
		_color_writetoaddr		CODE           	19A8	0000	32
		_color_click_init		CODE           	18D0	0000	52
		_getRGBCval    		CODE           	154A	0000	86
		_color_read_Green		CODE           	169A	0000	80
		_color_read_Clear		CODE           	16EA	0000	80
		_color_read_Red		CODE           	164A	0000	80
		_wait_for_wall 		CODE           	178A	0000	76
		_color_read_Blue		CODE           	173A	0000	80

color.c estimated size: 566

dc_motor.c
		_initDCmotorsPWM		CODE           	1314	0000	144

dc_motor.c estimated size: 144

buggy_lights.c
		_buggy_lights_init		CODE           	1904	0000	46

buggy_lights.c estimated size: 46

i2c.c
		_I2C_2_Master_Start		CODE           	1A64	0000	10
		_I2C_2_Master_Read		CODE           	1822	0000	66
		_I2C_2_Master_Idle		CODE           	195C	0000	40
		_I2C_2_Master_Init		CODE           	1932	0000	42
		_I2C_2_Master_Stop		CODE           	1A5A	0000	10
		_I2C_2_Master_RepStart		CODE           	1A50	0000	10
		_I2C_2_Master_Write		CODE           	1A2C	0000	12

i2c.c estimated size: 190

C:\Program Files\Microchip\xc8\v2.45\pic\sources\c99\common\nf_sprintf.c
		_sprintf       		CODE           	17D6	0000	76

C:\Program Files\Microchip\xc8\v2.45\pic\sources\c99\common\nf_sprintf.c estimated size: 76

C:\Program Files\Microchip\xc8\v2.45\pic\sources\c99\common\awmod.c
		___awmod       		CODE           	1264	0000	176

C:\Program Files\Microchip\xc8\v2.45\pic\sources\c99\common\awmod.c estimated size: 176

C:\Program Files\Microchip\xc8\v2.45\pic\sources\c99\common\putch.c
		_putch         		CODE           	1A70	0000	2

C:\Program Files\Microchip\xc8\v2.45\pic\sources\c99\common\putch.c estimated size: 2

shared
		__initialization		CODE           	141A	0000	102

shared estimated size: 102

C:\Program Files\Microchip\xc8\v2.45\pic\sources\c99\common\abs.c
		_abs           		CODE           	189C	0000	52

C:\Program Files\Microchip\xc8\v2.45\pic\sources\c99\common\abs.c estimated size: 52

main.c
		_main          		CODE           	100A	0000	220

main.c estimated size: 220

C:\Program Files\Microchip\xc8\v2.45\pic\sources\c99\common\nf_fputc.c
		_fputc         		CODE           	11AA	0000	186

C:\Program Files\Microchip\xc8\v2.45\pic\sources\c99\common\nf_fputc.c estimated size: 186

C:\Program Files\Microchip\xc8\v2.45\pic\sources\c99\common\doprnt.c
		_vfpfcnvrt     		CODE           	0E14	0000	502
		_vfprintf      		CODE           	15A0	0000	86

C:\Program Files\Microchip\xc8\v2.45\pic\sources\c99\common\doprnt.c estimated size: 588

C:\Program Files\Microchip\xc8\v2.45\pic\sources\c99\common\awdiv.c
		___awdiv       		CODE           	10E6	0000	196

C:\Program Files\Microchip\xc8\v2.45\pic\sources\c99\common\awdiv.c estimated size: 196

