Microchip MPLAB XC8 Compiler V2.45

Linker command line:

-W-3 \
  --edf=C:\Program Files\Microchip\xc8\v2.45\pic\dat\20230818022343_en.msgs \
  -cn \
  -h+dist/default/production\final-project-gorakh-boris.X.production.sym \
  --cmf=dist/default/production\final-project-gorakh-boris.X.production.cmf \
  -z -Q18F67K40 -oC:\Users\boris\AppData\Local\Temp\xcAscbo.\driver_tmp_3.o \
  --defsym=__MPLAB_BUILD=1 --fixupoverflow=error \
  -Mdist/default/production/final-project-gorakh-boris.X.production.map \
  --md=C:\Users\boris\AppData\Local\Temp\xcAscbo.\driver_tmp_0.dat -E1 \
  -ver=XC8 Compiler --acfsm=1493 -ACODE=00h-01FFFFh -ACONST=00h-01FFFFh \
  -ASMALLCONST=0E00h-0EFFhx498 -AMEDIUMCONST=0E00h-0FFFFh,010E00h-01FFFFh \
  -ACOMRAM=01h-05Fh -AABS1=00h-0DE9h -ABIGRAM=01h-0DE9h \
  -ARAM=060h-0FFh,0100h-01FFhx12,0D00h-0DE9h -ABANK0=060h-0FFh \
  -ABANK1=0100h-01FFh -ABANK2=0200h-02FFh -ABANK3=0300h-03FFh \
  -ABANK4=0400h-04FFh -ABANK5=0500h-05FFh -ABANK6=0600h-06FFh \
  -ABANK7=0700h-07FFh -ABANK8=0800h-08FFh -ABANK9=0900h-09FFh \
  -ABANK10=0A00h-0AFFh -ABANK11=0B00h-0BFFh -ABANK12=0C00h-0CFFh \
  -ABANK13=0D00h-0DE9h \
  -ASFR=0DEFh-0DFFh,0E00h-0EFFh,0F00h-0F5Fh,0F60h-0FFFh \
  -ABIGSFR=0DEFh-0FFFh -ACONFIG=0300000h-030000Bh -AIDLOC=0200000h-020000Fh \
  -AEEDATA=0310000h-03103FFh -peeprom_data=EEDATA \
  -preset_vec=00h,intcode=08h,intcodelo,powerup,init -pramtop=0E00h \
  -psmallconst=SMALLCONST -pmediumconst=MEDIUMCONST -pconst=CONST \
  -AFARRAM=00h-00h \
  -prdata=COMRAM,nvrram=COMRAM,nvbit=COMRAM,rbss=COMRAM,rbit=COMRAM \
  -pfarbss=FARRAM,fardata=FARRAM,nvFARRAM=FARRAM \
  -pintsave_regs=BIGRAM,bigbss=BIGRAM,bigdata=BIGRAM -pbss=RAM \
  -pidata=CODE,irdata=CODE,ibigdata=CODE,ifardata=CODE -prparam=COMRAM \
  C:\Users\boris\AppData\Local\Temp\xcAscbo.\driver_tmp_14.o \
  dist/default/production\final-project-gorakh-boris.X.production.o 

Object code version is 3.11

Machine type is 18F67K40



                Name                               Link     Load   Length Selector   Space Scale
C:\Users\boris\AppData\Local\Temp\xcAscbo.\driver_tmp_14.o
                idloc                            200000   200000       10        0       5
                config                           300000   300000        C        0       4
                init                                 34       34        4        4       0
                reset_vec                             0        0        4        0       0
dist/default/production\final-project-gorakh-boris.X.production.o
                intcode                               8        8       2C        4       0
                idloc                            200000   200000       10        0       5
                config                           300000   300000        C        0       4
                temp                                 5F       5F        1        1       1
                smallconst                          E00      E00       14      700       0
                text37                             1A48     1A48        C      70A       0
                text36                             1A3C     1A3C        C      70A       0
                text35                             1970     1970       24      70A       0
                text34                             18F0     18F0       2E      70A       0
                text33                             191E     191E       2A      70A       0
                text32                             1948     1948       28      70A       0
                text31                             1A72     1A72        A      70A       0
                text30                             1A68     1A68        A      70A       0
                text29                             1A30     1A30        C      70A       0
                text28                             19B6     19B6       20      70A       0
                text27                             18BC     18BC       34      70A       0
                text26                             1316     1316       90      70A       0
                text25                             19D6     19D6       1E      70A       0
                text24                             1A0C     1A0C       16      70A       0
                text23                             19F4     19F4       18      70A       0
                text22                             1496     1496       62      70A       0
                text21                             10E8     10E8       C4      70A       0
                text20                             1266     1266       B0      70A       0
                text19                             1888     1888       34      70A       0
                text18                             1A7C     1A7C        2      70A       0
                text17                             11AC     11AC       BA      70A       0
                text16                              E14      E14      1F6      70A       0
                text15                             15AC     15AC       52      70A       0
                text14                             178A     178A       4C      70A       0
                text13                             14F8     14F8       5E      70A       0
                text12                             1420     1420       76      70A       0
                text11                             1994     1994       22      70A       0
                text10                             1818     1818       3A      70A       0
                text9                              17D6     17D6       42      70A       0
                text8                              1A5E     1A5E        A      70A       0
                text7                              16EE     16EE       50      70A       0
                text6                              169E     169E       50      70A       0
                text5                              164E     164E       50      70A       0
                text4                              15FE     15FE       50      70A       0
                text3                              1556     1556       56      70A       0
                text2                              173E     173E       4C      70A       0
                text1                              1852     1852       36      70A       0
                text0                              100A     100A       DE      70A       0
                cstackCOMRAM                          1        1       4A        1       1
                cstackBANK0                          60       60       45       60       1
                cstackBANK1                         100      100       A4      100       1
                bssBANK2                            200      200       3C      200       1
                bssBANK1                            1A4      1A4       3C      100       1
                dataBANK0                            DD       DD        E       60       1
                bssBANK0                             A5       A5       38       60       1
                dataCOMRAM                           55       55        A        1       1
                bssCOMRAM                            4B       4B        A        1       1
                cinit                              13A6     13A6       7A      70A       0
                idataBANK0                         1A22     1A22        E      70A       0
                idataCOMRAM                        1A54     1A54        A      70A       0

TOTAL           Name                               Link     Load   Length     Space
        CLASS   CODE           
                intcode                               8        8       2C         0
                init                                 34       34        4         0
                reset_vec                             0        0        4         0
                text37                             1A48     1A48        C         0
                text36                             1A3C     1A3C        C         0
                text35                             1970     1970       24         0
                text34                             18F0     18F0       2E         0
                text33                             191E     191E       2A         0
                text32                             1948     1948       28         0
                text31                             1A72     1A72        A         0
                text30                             1A68     1A68        A         0
                text29                             1A30     1A30        C         0
                text28                             19B6     19B6       20         0
                text27                             18BC     18BC       34         0
                text26                             1316     1316       90         0
                text25                             19D6     19D6       1E         0
                text24                             1A0C     1A0C       16         0
                text23                             19F4     19F4       18         0
                text22                             1496     1496       62         0
                text21                             10E8     10E8       C4         0
                text20                             1266     1266       B0         0
                text19                             1888     1888       34         0
                text18                             1A7C     1A7C        2         0
                text17                             11AC     11AC       BA         0
                text16                              E14      E14      1F6         0
                text15                             15AC     15AC       52         0
                text14                             178A     178A       4C         0
                text13                             14F8     14F8       5E         0
                text12                             1420     1420       76         0
                text11                             1994     1994       22         0
                text10                             1818     1818       3A         0
                text9                              17D6     17D6       42         0
                text8                              1A5E     1A5E        A         0
                text7                              16EE     16EE       50         0
                text6                              169E     169E       50         0
                text5                              164E     164E       50         0
                text4                              15FE     15FE       50         0
                text3                              1556     1556       56         0
                text2                              173E     173E       4C         0
                text1                              1852     1852       36         0
                text0                              100A     100A       DE         0
                cinit                              13A6     13A6       7A         0
                idataBANK0                         1A22     1A22        E         0
                idataCOMRAM                        1A54     1A54        A         0

        CLASS   CONST          

        CLASS   SMALLCONST     
                smallconst                          E00      E00       14         0

        CLASS   MEDIUMCONST    

        CLASS   COMRAM         
                temp                                 5F       5F        1         1
                cstackCOMRAM                          1        1       4A         1
                dataCOMRAM                           55       55        A         1
                bssCOMRAM                            4B       4B        A         1

        CLASS   ABS1           

        CLASS   BIGRAM         

        CLASS   RAM            

        CLASS   BANK0          
                cstackBANK0                          60       60       45         1
                dataBANK0                            DD       DD        E         1
                bssBANK0                             A5       A5       38         1

        CLASS   BANK1          
                cstackBANK1                         100      100       A4         1
                bssBANK1                            1A4      1A4       3C         1

        CLASS   BANK2          
                bssBANK2                            200      200       3C         1

        CLASS   BANK3          

        CLASS   BANK4          

        CLASS   BANK5          

        CLASS   BANK6          

        CLASS   BANK7          

        CLASS   BANK8          

        CLASS   BANK9          

        CLASS   BANK10         

        CLASS   BANK11         

        CLASS   BANK12         

        CLASS   BANK13         

        CLASS   SFR            

        CLASS   BIGSFR         

        CLASS   CONFIG         
                config                           300000   300000        C         4

        CLASS   IDLOC          
                idloc                            200000   200000       10         5

        CLASS   EEDATA         

        CLASS   FARRAM         

        CLASS   HEAP           

        CLASS   STACK          



SEGMENTS        Name                           Load    Length   Top    Selector   Space  Class

                reset_vec                      000000  000004  000004         0       0  CODE    
                cstackCOMRAM                   000001  00005F  000060         1       1  COMRAM  
                intcode                        000008  000030  000038         4       0  CODE    
                cstackBANK0                    000060  00008B  0000EB        60       1  BANK0   
                cstackBANK1                    000100  0000E0  0001E0       100       1  BANK1   
                bssBANK2                       000200  00003C  00023C       200       1  BANK2   
                smallconst                     000E00  000014  000E14       700       0  SMALLCON
                text16                         000E14  000C6A  001A7E       70A       0  CODE    


UNUSED ADDRESS RANGES

        Name                Unused          Largest block    Delta
        BANK0            0000EB-0000FF               15
        BANK1            0001E0-0001FF               20
        BANK10           000A00-000AFF              100
        BANK11           000B00-000BFF              100
        BANK12           000C00-000CFF              100
        BANK13           000D00-000DE9               EA
        BANK2            00023C-0002FF               C4
        BANK3            000300-0003FF              100
        BANK4            000400-0004FF              100
        BANK5            000500-0005FF              100
        BANK6            000600-0006FF              100
        BANK7            000700-0007FF              100
        BANK8            000800-0008FF              100
        BANK9            000900-0009FF              100
        BIGRAM           0000EB-0000FF               15
                         0001E0-0001FF               20
                         00023C-000DE9              BAE
        BIGSFR           000DEF-000FFF              211
        CODE             000004-000007                4
                         000038-000DFF              DC8
                         001A7E-01FFFF            1E582
        CONST            000004-000007                4
                         000038-000DFF              DC8
                         001A7E-01FFFF            1E582
        EEDATA           310000-3103FF              400
        MEDIUMCONST      001A7E-00FFFF             E582
                         010E00-01FFFF             F200
        RAM              0000EB-0000FF               15
                         0001E0-0001FF               20
                         00023C-000DE9              100
        SFR              000DEF-000FFF              100
        SMALLCONST       001A7E-01FFFF              100

                                  Symbol Table

?___awdiv                      cstackCOMRAM 000001
?___awmod                      cstackCOMRAM 000001
?_abs                          cstackCOMRAM 000007
?_color_read_Blue              cstackCOMRAM 000005
?_color_read_Clear             cstackCOMRAM 000005
?_color_read_Green             cstackCOMRAM 000005
?_color_read_Red               cstackCOMRAM 000005
?_sprintf                      cstackCOMRAM 00001C
?_vfpfcnvrt                    cstackCOMRAM 00000B
?_vfprintf                     cstackCOMRAM 000018
I2C_2_Master_Read@ack          cstackCOMRAM 000003
I2C_2_Master_Read@tmp          cstackCOMRAM 000004
I2C_2_Master_Write@data_byte   cstackCOMRAM 000002
_ANSELDbits                    (abs)        000EA7
_ANSELFbits                    (abs)        000EB4
_BAUD4CONbits                  (abs)        000EE9
_CCP1CONbits                   (abs)        000FAB
_CCP2CONbits                   (abs)        000FA7
_CCP3CONbits                   (abs)        000F26
_CCP4CONbits                   (abs)        000F22
_CCPR1H                        (abs)        000FAA
_CCPR2H                        (abs)        000FA6
_CCPR3H                        (abs)        000F25
_CCPR4H                        (abs)        000F21
_CCPTMRS0bits                  (abs)        000FAD
_EUSART4RXbuf                  bssBANK0     0000C5
_EUSART4TXbuf                  bssBANK2     000200
_I2C_2_Master_Idle             text32       001948
_I2C_2_Master_Init             text33       00191E
_I2C_2_Master_Read             text9        0017D6
_I2C_2_Master_RepStart         text8        001A5E
_I2C_2_Master_Start            text31       001A72
_I2C_2_Master_Stop             text30       001A68
_I2C_2_Master_Write            text29       001A30
_INTCONbits                    (abs)        000FF2
_ISR                           intcode      000008
_LATAbits                      (abs)        000F79
_LATCbits                      (abs)        000F7B
_LATDbits                      (abs)        000F7C
_LATEbits                      (abs)        000F7D
_LATFbits                      (abs)        000F7E
_LATGbits                      (abs)        000F7F
_LATHbits                      (abs)        000F80
_PIE0bits                      (abs)        000E29
_PIE4bits                      (abs)        000E2D
_PIR0bits                      (abs)        000E33
_PIR4bits                      (abs)        000E37
_RC0PPS                        (abs)        000E62
_RC4REG                        (abs)        000EE3
_RC4STAbits                    (abs)        000EE7
_RC7PPS                        (abs)        000E69
_RD5PPS                        (abs)        000E6F
_RD6PPS                        (abs)        000E70
_RE2PPS                        (abs)        000E74
_RE4PPS                        (abs)        000E76
_RG6PPS                        (abs)        000E88
_RX4PPS                        (abs)        000E15
_RxBufReadCnt                  bssCOMRAM    000053
_RxBufWriteCnt                 bssCOMRAM    000054
_SP4BRGH                       (abs)        000EE6
_SP4BRGL                       (abs)        000EE5
_SSP2ADD                       (abs)        000ED6
_SSP2BUF                       (abs)        000ED5
_SSP2CLKPPS                    (abs)        000E1C
_SSP2CON1bits                  (abs)        000ED9
_SSP2CON2                      (abs)        000EDA
_SSP2CON2bits                  (abs)        000EDA
_SSP2DATPPS                    (abs)        000E1D
_SSP2STAT                      (abs)        000ED8
_T0CON0bits                    (abs)        000FD5
_T0CON1bits                    (abs)        000FD6
_T2CLKCONbits                  (abs)        000FBF
_T2CONbits                     (abs)        000FBD
_T2HLTbits                     (abs)        000FBE
_T2PR                          (abs)        000FBC
_TMR0H                         (abs)        000FD4
_TMR0L                         (abs)        000FD3
_TRISAbits                     (abs)        000F81
_TRISCbits                     (abs)        000F83
_TRISDbits                     (abs)        000F84
_TRISEbits                     (abs)        000F85
_TRISFbits                     (abs)        000F86
_TRISGbits                     (abs)        000F87
_TRISHbits                     (abs)        000F88
_TX4REG                        (abs)        000EE4
_TX4STAbits                    (abs)        000EE8
_Timer0_init                   text35       001970
_TxBufReadCnt                  bssCOMRAM    000051
_TxBufWriteCnt                 bssCOMRAM    000052
__HRAM                         (abs)        000000
__H__absolute__                __absolute__ 000000
__Habs1                        abs1         000000
__Hbank0                       bank0        000000
__Hbank1                       bank1        000000
__Hbank10                      bank10       000000
__Hbank11                      bank11       000000
__Hbank12                      bank12       000000
__Hbank13                      bank13       000000
__Hbank2                       bank2        000000
__Hbank3                       bank3        000000
__Hbank4                       bank4        000000
__Hbank5                       bank5        000000
__Hbank6                       bank6        000000
__Hbank7                       bank7        000000
__Hbank8                       bank8        000000
__Hbank9                       bank9        000000
__Hbigbss                      bigbss       000000
__Hbigdata                     bigdata      000000
__Hbigram                      bigram       000000
__Hbigsfr                      bigsfr       000000
__Hbss                         bss          000000
__HbssBANK0                    bssBANK0     000000
__HbssBANK1                    bssBANK1     000000
__HbssBANK2                    bssBANK2     000000
__HbssCOMRAM                   bssCOMRAM    000000
__Hcinit                       cinit        000000
__Hclrtext                     clrtext      000000
__Hcomram                      comram       000000
__Hconfig                      config       30000C
__Hconst                       const        000000
__HcstackBANK0                 cstackBANK0  000000
__HcstackBANK1                 cstackBANK1  000000
__HcstackCOMRAM                cstackCOMRAM 000000
__Hdata                        data         000000
__HdataBANK0                   dataBANK0    000000
__HdataCOMRAM                  dataCOMRAM   000000
__Heeprom_data                 eeprom_data  000000
__Hfarbss                      farbss       000000
__Hfardata                     fardata      000000
__Hheap                        heap         000000
__Hibigdata                    ibigdata     000000
__Hidata                       idata        000000
__HidataBANK0                  idataBANK0   000000
__HidataCOMRAM                 idataCOMRAM  000000
__Hidloc                       idloc        200010
__Hifardata                    ifardata     000000
__Hinit                        init         000038
__Hintcode                     intcode      000034
__Hintcode_body                intcode_body 000000
__Hintcodelo                   intcodelo    000034
__Hintentry                    intentry     000000
__Hintret                      intret       000000
__Hintsave_regs                intsave_regs 000000
__Hirdata                      irdata       000000
__Hmediumconst                 mediumconst  000000
__HnvFARRAM                    nvFARRAM     000000
__Hnvbit                       nvbit        000000
__Hnvrram                      nvrram       000000
__Hparam                       rparam       000000
__Hpowerup                     powerup      000034
__Hram                         ram          000000
__Hramtop                      ramtop       000E00
__Hrbit                        rbit         000000
__Hrbss                        rbss         000000
__Hrdata                       rdata        000000
__Hreset_vec                   reset_vec    000004
__Hrparam                      rparam       000000
__Hsfr                         sfr          000000
__Hsmallconst                  smallconst   000E14
__Hspace_0                     (abs)        001A7E
__Hspace_1                     (abs)        00023C
__Hspace_2                     (abs)        000000
__Hspace_4                     (abs)        60000C
__Hstack                       stack        000000
__Hstruct                      struct       000000
__Htemp                        temp         000060
__Htext                        text         000000
__Htext0                       text0        000000
__Htext1                       text1        000000
__Htext10                      text10       000000
__Htext11                      text11       000000
__Htext12                      text12       000000
__Htext13                      text13       000000
__Htext14                      text14       000000
__Htext15                      text15       000000
__Htext16                      text16       000000
__Htext17                      text17       000000
__Htext18                      text18       000000
__Htext19                      text19       000000
__Htext2                       text2        000000
__Htext20                      text20       000000
__Htext21                      text21       000000
__Htext22                      text22       000000
__Htext23                      text23       000000
__Htext24                      text24       000000
__Htext25                      text25       000000
__Htext26                      text26       000000
__Htext27                      text27       000000
__Htext28                      text28       000000
__Htext29                      text29       000000
__Htext3                       text3        000000
__Htext30                      text30       000000
__Htext31                      text31       000000
__Htext32                      text32       000000
__Htext33                      text33       000000
__Htext34                      text34       000000
__Htext35                      text35       000000
__Htext36                      text36       000000
__Htext37                      text37       000000
__Htext4                       text4        000000
__Htext5                       text5        000000
__Htext6                       text6        000000
__Htext7                       text7        000000
__Htext8                       text8        000000
__Htext9                       text9        000000
__LRAM                         (abs)        000001
__L__absolute__                __absolute__ 000000
__Labs1                        abs1         000000
__Lbank0                       bank0        000000
__Lbank1                       bank1        000000
__Lbank10                      bank10       000000
__Lbank11                      bank11       000000
__Lbank12                      bank12       000000
__Lbank13                      bank13       000000
__Lbank2                       bank2        000000
__Lbank3                       bank3        000000
__Lbank4                       bank4        000000
__Lbank5                       bank5        000000
__Lbank6                       bank6        000000
__Lbank7                       bank7        000000
__Lbank8                       bank8        000000
__Lbank9                       bank9        000000
__Lbigbss                      bigbss       000000
__Lbigdata                     bigdata      000000
__Lbigram                      bigram       000000
__Lbigsfr                      bigsfr       000000
__Lbss                         bss          000000
__LbssBANK0                    bssBANK0     000000
__LbssBANK1                    bssBANK1     000000
__LbssBANK2                    bssBANK2     000000
__LbssCOMRAM                   bssCOMRAM    000000
__Lcinit                       cinit        000000
__Lclrtext                     clrtext      000000
__Lcomram                      comram       000000
__Lconfig                      config       000000
__Lconst                       const        000000
__LcstackBANK0                 cstackBANK0  000000
__LcstackBANK1                 cstackBANK1  000000
__LcstackCOMRAM                cstackCOMRAM 000000
__Ldata                        data         000000
__LdataBANK0                   dataBANK0    000000
__LdataCOMRAM                  dataCOMRAM   000000
__Leeprom_data                 eeprom_data  000000
__Lfarbss                      farbss       000000
__Lfardata                     fardata      000000
__Lheap                        heap         000000
__Libigdata                    ibigdata     000000
__Lidata                       idata        000000
__LidataBANK0                  idataBANK0   000000
__LidataCOMRAM                 idataCOMRAM  000000
__Lidloc                       idloc        000000
__Lifardata                    ifardata     000000
__Linit                        init         000034
__Lintcode                     intcode      000008
__Lintcode_body                intcode_body 000000
__Lintcodelo                   intcodelo    000034
__Lintentry                    intentry     000000
__Lintret                      intret       000000
__Lintsave_regs                intsave_regs 000000
__Lirdata                      irdata       000000
__Lmediumconst                 mediumconst  000000
__LnvFARRAM                    nvFARRAM     000000
__Lnvbit                       nvbit        000000
__Lnvrram                      nvrram       000000
__Lparam                       rparam       000000
__Lpowerup                     powerup      000034
__Lram                         ram          000000
__Lramtop                      ramtop       000E00
__Lrbit                        rbit         000000
__Lrbss                        rbss         000000
__Lrdata                       rdata        000000
__Lreset_vec                   reset_vec    000000
__Lrparam                      rparam       000000
__Lsfr                         sfr          000000
__Lsmallconst                  smallconst   000E00
__Lspace_0                     (abs)        000000
__Lspace_1                     (abs)        000000
__Lspace_2                     (abs)        000000
__Lspace_4                     (abs)        000000
__Lstack                       stack        000000
__Lstruct                      struct       000000
__Ltemp                        temp         00005F
__Ltext                        text         000000
__Ltext0                       text0        000000
__Ltext1                       text1        000000
__Ltext10                      text10       000000
__Ltext11                      text11       000000
__Ltext12                      text12       000000
__Ltext13                      text13       000000
__Ltext14                      text14       000000
__Ltext15                      text15       000000
__Ltext16                      text16       000000
__Ltext17                      text17       000000
__Ltext18                      text18       000000
__Ltext19                      text19       000000
__Ltext2                       text2        000000
__Ltext20                      text20       000000
__Ltext21                      text21       000000
__Ltext22                      text22       000000
__Ltext23                      text23       000000
__Ltext24                      text24       000000
__Ltext25                      text25       000000
__Ltext26                      text26       000000
__Ltext27                      text27       000000
__Ltext28                      text28       000000
__Ltext29                      text29       000000
__Ltext3                       text3        000000
__Ltext30                      text30       000000
__Ltext31                      text31       000000
__Ltext32                      text32       000000
__Ltext33                      text33       000000
__Ltext34                      text34       000000
__Ltext35                      text35       000000
__Ltext36                      text36       000000
__Ltext37                      text37       000000
__Ltext4                       text4        000000
__Ltext5                       text5        000000
__Ltext6                       text6        000000
__Ltext7                       text7        000000
__Ltext8                       text8        000000
__Ltext9                       text9        000000
__S0                           (abs)        001A7E
__S1                           (abs)        00023C
__S4                           (abs)        000000
__S5                           (abs)        000000
___awdiv                       text21       0010E8
___awdiv@counter               cstackCOMRAM 000005
___awdiv@dividend              cstackCOMRAM 000001
___awdiv@divisor               cstackCOMRAM 000003
___awdiv@quotient              cstackCOMRAM 000007
___awdiv@sign                  cstackCOMRAM 000006
___awmod                       text20       001266
___awmod@counter               cstackCOMRAM 000005
___awmod@dividend              cstackCOMRAM 000001
___awmod@divisor               cstackCOMRAM 000003
___awmod@sign                  cstackCOMRAM 000006
___heap_hi                     (abs)        000000
___heap_lo                     (abs)        000000
___inthi_sp                    stack        000000
___inthi_stack_hi              stack        000000
___inthi_stack_lo              stack        000000
___intlo_sp                    stack        000000
___intlo_stack_hi              stack        000000
___intlo_stack_lo              stack        000000
___param_bank                  (abs)        000000
___rparam_used                 (abs)        000001
___sp                          stack        000000
___stack_hi                    stack        000000
___stack_lo                    stack        000000
__accesstop                    (abs)        000060
__activetblptr                 (abs)        000003
__end_of_I2C_2_Master_Idle     text32       001970
__end_of_I2C_2_Master_Init     text33       001948
__end_of_I2C_2_Master_Read     text9        001818
__end_of_I2C_2_Master_RepStart text8        001A68
__end_of_I2C_2_Master_Start    text31       001A7C
__end_of_I2C_2_Master_Stop     text30       001A72
__end_of_I2C_2_Master_Write    text29       001A3C
__end_of_ISR                   intcode      000034
__end_of_Timer0_init           text35       001994
__end_of___awdiv               text21       0011AC
__end_of___awmod               text20       001316
__end_of__initialization       cinit        001416
__end_of_abs                   text19       0018BC
__end_of_buggy_lights_init     text34       00191E
__end_of_color_click_init      text27       0018F0
__end_of_color_read_Blue       text7        00173E
__end_of_color_read_Clear      text6        0016EE
__end_of_color_read_Green      text5        00169E
__end_of_color_read_Red        text4        00164E
__end_of_color_writetoaddr     text28       0019D6
__end_of_fputc                 text17       001266
__end_of_getRGBCval            text3        0015AC
__end_of_initDCmotorsPWM       text26       0013A6
__end_of_initUSART4            text25       0019F4
__end_of_main                  text0        0010E8
__end_of_putch                 text18       001A7E
__end_of_read_timer            text24       001A22
__end_of_reset_timer           text36       001A48
__end_of_sendArrayCharSerial4  text12       001496
__end_of_sendCharSerial4       text23       001A0C
__end_of_sendIntSerial4        text11       0019B6
__end_of_sendRGBCvalSerial4    text13       001556
__end_of_sendStringSerial4     text22       0014F8
__end_of_sprintf               text14       0017D6
__end_of_test_serial           text10       001852
__end_of_vfpfcnvrt             text16       00100A
__end_of_vfprintf              text15       0015FE
__end_of_wait_for_wall         text2        00178A
__end_of_write_timer           text37       001A54
__end_of_write_trail           text1        001888
__initialization               cinit        0013A6
__mediumconst                  mediumconst  000000
__pbssBANK0                    bssBANK0     0000A5
__pbssBANK1                    bssBANK1     0001A4
__pbssBANK2                    bssBANK2     000200
__pbssCOMRAM                   bssCOMRAM    00004B
__pcinit                       cinit        0013A6
__pcstackBANK0                 cstackBANK0  000060
__pcstackBANK1                 cstackBANK1  000100
__pcstackCOMRAM                cstackCOMRAM 000001
__pdataBANK0                   dataBANK0    0000DD
__pdataCOMRAM                  dataCOMRAM   000055
__pidataBANK0                  idataBANK0   001A22
__pidataCOMRAM                 idataCOMRAM  001A54
__pintcode                     intcode      000008
__psmallconst                  smallconst   000E00
__ptext0                       text0        00100A
__ptext1                       text1        001852
__ptext10                      text10       001818
__ptext11                      text11       001994
__ptext12                      text12       001420
__ptext13                      text13       0014F8
__ptext14                      text14       00178A
__ptext15                      text15       0015AC
__ptext16                      text16       000E14
__ptext17                      text17       0011AC
__ptext18                      text18       001A7C
__ptext19                      text19       001888
__ptext2                       text2        00173E
__ptext20                      text20       001266
__ptext21                      text21       0010E8
__ptext22                      text22       001496
__ptext23                      text23       0019F4
__ptext24                      text24       001A0C
__ptext25                      text25       0019D6
__ptext26                      text26       001316
__ptext27                      text27       0018BC
__ptext28                      text28       0019B6
__ptext29                      text29       001A30
__ptext3                       text3        001556
__ptext30                      text30       001A68
__ptext31                      text31       001A72
__ptext32                      text32       001948
__ptext33                      text33       00191E
__ptext34                      text34       0018F0
__ptext35                      text35       001970
__ptext36                      text36       001A3C
__ptext37                      text37       001A48
__ptext4                       text4        0015FE
__ptext5                       text5        00164E
__ptext6                       text6        00169E
__ptext7                       text7        0016EE
__ptext8                       text8        001A5E
__ptext9                       text9        0017D6
__ramtop                       ramtop       000E00
__smallconst                   smallconst   000E00
_abs                           text19       001888
_buggy_lights_init             text34       0018F0
_color_click_init              text27       0018BC
_color_read_Blue               text7        0016EE
_color_read_Clear              text6        00169E
_color_read_Green              text5        00164E
_color_read_Red                text4        0015FE
_color_writetoaddr             text28       0019B6
_dbuf                          bssBANK0     0000A5
_flags                         bssCOMRAM    00004D
_fputc                         text17       0011AC
_getRGBCval                    text3        001556
_headbuttDelay                 dataBANK0    0000DF
_initDCmotorsPWM               text26       001316
_initUSART4                    text25       0019D6
_main                          text0        00100A
_manoeuvre_count               bssCOMRAM    00004E
_manoeuvre_pointer             dataCOMRAM   000055
_nout                          bssCOMRAM    00004B
_prec                          bssBANK0     0000DB
_putch                         text18       001A7C
_rampDelay                     dataCOMRAM   00005E
_read_timer                    text24       001A0C
_reset_timer                   text36       001A3C
_return_flag                   bssCOMRAM    00004F
_returning                     bssCOMRAM    000050
_sendArrayCharSerial4          text12       001420
_sendCharSerial4               text23       0019F4
_sendIntSerial4                text11       001994
_sendRGBCvalSerial4            text13       0014F8
_sendStringSerial4             text22       001496
_sprintf                       text14       00178A
_squareDelay                   dataBANK0    0000DD
_test_serial                   text10       001818
_timer_high_pointer            dataCOMRAM   000059
_timer_low_pointer             dataCOMRAM   000057
_topGearLeft                   dataCOMRAM   00005D
_topGearRight                  dataCOMRAM   00005C
_trail_manoeuvre               bssBANK1     0001A4
_trail_timer_high              bssBANK1     0001CC
_trail_timer_low               bssBANK1     0001B8
_turn180Delay                  dataBANK0    0000E1
_turnLeft135Delay              dataBANK0    0000E5
_turnLeft90Delay               dataBANK0    0000E9
_turnRight135Delay             dataBANK0    0000E3
_turnRight90Delay              dataBANK0    0000E7
_turningGear                   dataCOMRAM   00005B
_vfpfcnvrt                     text16       000E14
_vfprintf                      text15       0015AC
_wait_for_wall                 text2        00173E
_width                         bssBANK0     0000D9
_write_timer                   text37       001A48
_write_trail                   text1        001852
abs@a                          cstackCOMRAM 000007
btemp                          temp         00005F
color_read_Blue@tmp            cstackCOMRAM 00000A
color_read_Clear@tmp           cstackCOMRAM 00000A
color_read_Green@tmp           cstackCOMRAM 00000A
color_read_Red@tmp             cstackCOMRAM 00000A
color_writetoaddr@address      cstackCOMRAM 000004
color_writetoaddr@value        cstackCOMRAM 000003
end_of_initialization          cinit        001416
fputc@c                        cstackCOMRAM 000001
fputc@fp                       cstackCOMRAM 000003
getRGBCval@p                   cstackCOMRAM 00000C
initDCmotorsPWM@PWMperiod      cstackCOMRAM 000001
int$flags                      temp         00005F
intlevel0                      text         000000
intlevel1                      text         000000
intlevel2                      text         000000
intlevel3                      text         000000
isa$std                        (abs)        000001
isa$xinst                      (abs)        000000
main@measured_colour           cstackBANK0  00008B
main@motorL                    cstackBANK0  000093
main@motorR                    cstackBANK0  00009C
main@timerH                    cstackBANK0  000089
main@timerL                    cstackBANK0  00008A
read_timer@tH                  cstackCOMRAM 000001
read_timer@tL                  cstackCOMRAM 000002
sendArrayCharSerial4@arr       cstackCOMRAM 000036
sendArrayCharSerial4@i         cstackBANK1  0001A2
sendArrayCharSerial4@index     cstackBANK1  0001A1
sendArrayCharSerial4@tempStr   cstackBANK1  000100
sendCharSerial4@charToSend     cstackCOMRAM 000001
sendIntSerial4@integer         cstackCOMRAM 000036
sendIntSerial4@string          cstackCOMRAM 000038
sendRGBCvalSerial4@col_val     cstackCOMRAM 000036
sendRGBCvalSerial4@tempStr     cstackBANK0  000060
sendStringSerial4@string       cstackCOMRAM 000002
sprintf@ap                     cstackCOMRAM 000029
sprintf@f                      cstackCOMRAM 00002A
sprintf@fmt                    cstackCOMRAM 00001E
sprintf@ret                    cstackCOMRAM 000027
sprintf@s                      cstackCOMRAM 00001C
stackhi                        (abs)        000000
stacklo                        (abs)        000000
start                          init         000034
start_initialization           cinit        0013A6
ttemp5                         temp         000060
ttemp6                         temp         000063
ttemp7                         temp         000067
vfpfcnvrt@ap                   cstackCOMRAM 00000D
vfpfcnvrt@c                    cstackCOMRAM 000017
vfpfcnvrt@cnt                  cstackCOMRAM 000010
vfpfcnvrt@convarg              cstackCOMRAM 000013
vfpfcnvrt@cp                   cstackCOMRAM 000012
vfpfcnvrt@done                 cstackCOMRAM 00000F
vfpfcnvrt@fmt                  cstackCOMRAM 00000C
vfpfcnvrt@fp                   cstackCOMRAM 00000B
vfprintf@ap                    cstackCOMRAM 00001A
vfprintf@cfmt                  cstackCOMRAM 00001B
vfprintf@fmt                   cstackCOMRAM 000019
vfprintf@fp                    cstackCOMRAM 000018
wait_for_wall@p                cstackCOMRAM 00000D
write_timer@tH                 cstackCOMRAM 000002
write_timer@tL                 cstackCOMRAM 000001
write_trail@man                cstackCOMRAM 000002
write_trail@tH                 cstackCOMRAM 000003
write_trail@tL                 cstackCOMRAM 000001
wtemp8                         temp         000060


MODULE INFORMATION

Module		Function		Class		Link	Load	Size
serial.c
		_sendArrayCharSerial4		CODE           	1420	0000	118
		_sendStringSerial4		CODE           	1496	0000	98
		_sendRGBCvalSerial4		CODE           	14F8	0000	94
		_sendIntSerial4		CODE           	1994	0000	34
		_sendCharSerial4		CODE           	19F4	0000	24
		_initUSART4    		CODE           	19D6	0000	30

serial.c estimated size: 398

timers.c
		_Timer0_init   		CODE           	1970	0000	36
		_ISR           		CODE           	0008	0000	44
		_write_trail   		CODE           	1852	0000	54
		_write_timer   		CODE           	1A48	0000	12
		_reset_timer   		CODE           	1A3C	0000	12
		_read_timer    		CODE           	1A0C	0000	22

timers.c estimated size: 180

color.c
		_color_writetoaddr		CODE           	19B6	0000	32
		_color_click_init		CODE           	18BC	0000	52
		_getRGBCval    		CODE           	1556	0000	86
		_color_read_Green		CODE           	164E	0000	80
		_color_read_Clear		CODE           	169E	0000	80
		_color_read_Red		CODE           	15FE	0000	80
		_wait_for_wall 		CODE           	173E	0000	76
		_color_read_Blue		CODE           	16EE	0000	80

color.c estimated size: 566

dc_motor.c
		_initDCmotorsPWM		CODE           	1316	0000	144

dc_motor.c estimated size: 144

buggy_lights.c
		_buggy_lights_init		CODE           	18F0	0000	46

buggy_lights.c estimated size: 46

i2c.c
		_I2C_2_Master_Start		CODE           	1A72	0000	10
		_I2C_2_Master_Read		CODE           	17D6	0000	66
		_I2C_2_Master_Idle		CODE           	1948	0000	40
		_I2C_2_Master_Init		CODE           	191E	0000	42
		_I2C_2_Master_Stop		CODE           	1A68	0000	10
		_I2C_2_Master_RepStart		CODE           	1A5E	0000	10
		_I2C_2_Master_Write		CODE           	1A30	0000	12

i2c.c estimated size: 190

calibration.c
		_test_serial   		CODE           	1818	0000	58

calibration.c estimated size: 58

C:\Program Files\Microchip\xc8\v2.45\pic\sources\c99\common\nf_sprintf.c
		_sprintf       		CODE           	178A	0000	76

C:\Program Files\Microchip\xc8\v2.45\pic\sources\c99\common\nf_sprintf.c estimated size: 76

C:\Program Files\Microchip\xc8\v2.45\pic\sources\c99\common\awmod.c
		___awmod       		CODE           	1266	0000	176

C:\Program Files\Microchip\xc8\v2.45\pic\sources\c99\common\awmod.c estimated size: 176

C:\Program Files\Microchip\xc8\v2.45\pic\sources\c99\common\putch.c
		_putch         		CODE           	1A7C	0000	2

C:\Program Files\Microchip\xc8\v2.45\pic\sources\c99\common\putch.c estimated size: 2

shared
		__initialization		CODE           	13A6	0000	112

shared estimated size: 112

C:\Program Files\Microchip\xc8\v2.45\pic\sources\c99\common\abs.c
		_abs           		CODE           	1888	0000	52

C:\Program Files\Microchip\xc8\v2.45\pic\sources\c99\common\abs.c estimated size: 52

main.c
		_main          		CODE           	100A	0000	222

main.c estimated size: 222

C:\Program Files\Microchip\xc8\v2.45\pic\sources\c99\common\nf_fputc.c
		_fputc         		CODE           	11AC	0000	186

C:\Program Files\Microchip\xc8\v2.45\pic\sources\c99\common\nf_fputc.c estimated size: 186

C:\Program Files\Microchip\xc8\v2.45\pic\sources\c99\common\doprnt.c
		_vfpfcnvrt     		CODE           	0E14	0000	502
		_vfprintf      		CODE           	15AC	0000	82

C:\Program Files\Microchip\xc8\v2.45\pic\sources\c99\common\doprnt.c estimated size: 584

C:\Program Files\Microchip\xc8\v2.45\pic\sources\c99\common\awdiv.c
		___awdiv       		CODE           	10E8	0000	196

C:\Program Files\Microchip\xc8\v2.45\pic\sources\c99\common\awdiv.c estimated size: 196

