Microchip MPLAB XC8 Compiler V2.45

Linker command line:

-W-3 \
  --edf=C:\Program Files\Microchip\xc8\v2.45\pic\dat\20230818022343_en.msgs \
  -cn \
  -h+dist/default/production\final-project-gorakh-boris.X.production.sym \
  --cmf=dist/default/production\final-project-gorakh-boris.X.production.cmf \
  -z -Q18F67K40 -oC:\Users\boris\AppData\Local\Temp\xcAs780.\driver_tmp_3.o \
  --defsym=__MPLAB_BUILD=1 --fixupoverflow=error \
  -Mdist/default/production/final-project-gorakh-boris.X.production.map \
  --md=C:\Users\boris\AppData\Local\Temp\xcAs780.\driver_tmp_0.dat -E1 \
  -ver=XC8 Compiler --acfsm=1493 -ACODE=00h-01FFFFh -ACONST=00h-01FFFFh \
  -ASMALLCONST=0E00h-0EFFhx498 -AMEDIUMCONST=0E00h-0FFFFh,010E00h-01FFFFh \
  -ACOMRAM=01h-05Fh -AABS1=00h-0DE9h -ABIGRAM=01h-0DE9h \
  -ARAM=060h-0FFh,0100h-01FFhx12,0D00h-0DE9h -ABANK0=060h-0FFh \
  -ABANK1=0100h-01FFh -ABANK2=0200h-02FFh -ABANK3=0300h-03FFh \
  -ABANK4=0400h-04FFh -ABANK5=0500h-05FFh -ABANK6=0600h-06FFh \
  -ABANK7=0700h-07FFh -ABANK8=0800h-08FFh -ABANK9=0900h-09FFh \
  -ABANK10=0A00h-0AFFh -ABANK11=0B00h-0BFFh -ABANK12=0C00h-0CFFh \
  -ABANK13=0D00h-0DE9h \
  -ASFR=0DEFh-0DFFh,0E00h-0EFFh,0F00h-0F5Fh,0F60h-0FFFh \
  -ABIGSFR=0DEFh-0FFFh -ACONFIG=0300000h-030000Bh -AIDLOC=0200000h-020000Fh \
  -AEEDATA=0310000h-03103FFh -peeprom_data=EEDATA \
  -preset_vec=00h,intcode=08h,intcodelo,powerup,init -pramtop=0E00h \
  -psmallconst=SMALLCONST -pmediumconst=MEDIUMCONST -pconst=CONST \
  -AFARRAM=00h-00h \
  -prdata=COMRAM,nvrram=COMRAM,nvbit=COMRAM,rbss=COMRAM,rbit=COMRAM \
  -pfarbss=FARRAM,fardata=FARRAM,nvFARRAM=FARRAM \
  -pintsave_regs=BIGRAM,bigbss=BIGRAM,bigdata=BIGRAM -pbss=RAM \
  -pidata=CODE,irdata=CODE,ibigdata=CODE,ifardata=CODE -prparam=COMRAM \
  C:\Users\boris\AppData\Local\Temp\xcAs780.\driver_tmp_14.o \
  dist/default/production\final-project-gorakh-boris.X.production.o 

Object code version is 3.11

Machine type is 18F67K40



                Name                               Link     Load   Length Selector   Space Scale
C:\Users\boris\AppData\Local\Temp\xcAs780.\driver_tmp_14.o
                idloc                            200000   200000       10        0       5
                config                           300000   300000        C        0       4
                init                                 40       40        4        4       0
                reset_vec                             0        0        4        0       0
dist/default/production\final-project-gorakh-boris.X.production.o
                intcode                               8        8       38        4       0
                idloc                            200000   200000       10        0       5
                config                           300000   300000        C        0       4
                temp                                 5F       5F        1        1       1
                smallconst                          E00      E00       1A      700       0
                text35                             1D74     1D74        C      70D       0
                text34                             1D68     1D68        C      70D       0
                text33                             1D98     1D98        4      70D       0
                text32                             1C62     1C62       28      70D       0
                text31                             1BE2     1BE2       2E      70D       0
                text30                             1C10     1C10       2A      70D       0
                text29                             1C3A     1C3A       28      70D       0
                text28                             1D8A     1D8A        A      70D       0
                text27                             1D80     1D80        A      70D       0
                text26                             1D5C     1D5C        C      70D       0
                text25                             1CD2     1CD2       20      70D       0
                text24                             1BAE     1BAE       34      70D       0
                text23                             18AE     18AE       74      70D       0
                text22                             1C8A     1C8A       26      70D       0
                text21                             1354     1354      154      70D       0
                text20                             1626     1626       BA      70D       0
                text19                             1790     1790       90      70D       0
                text18                             1CF2     1CF2       1E      70D       0
                text17                             1D28     1D28       16      70D       0
                text16                             1AA8     1AA8       4E      70D       0
                text15                             1D10     1D10       18      70D       0
                text14                             19F0     19F0       62      70D       0
                text13                             14A8     14A8       C4      70D       0
                text12                             16E0     16E0       B0      70D       0
                text11                             198C     198C       64      70D       0
                text10                             1B7A     1B7A       34      70D       0
                text9                              1D9C     1D9C        2      70D       0
                text8                              156C     156C       BA      70D       0
                text7                               E1A      E1A      30C      70D       0
                text6                              1A52     1A52       56      70D       0
                text5                              1AF6     1AF6       4C      70D       0
                text4                              1CB0     1CB0       22      70D       0
                text3                              1820     1820       8E      70D       0
                text2                              1D94     1D94        4      70D       0
                text1                              1B42     1B42       38      70D       0
                text0                              1126     1126      22E      70D       0
                cstackCOMRAM                          1        1       4E        1       1
                cstackBANK0                          87       87       23       60       1
                bssBANK1                            100      100       3C      100       1
                dataBANK0                            AA       AA       12       60       1
                bssBANK0                             60       60       27       60       1
                dataCOMRAM                           4F       4F        C        1       1
                bssCOMRAM                            5B       5B        4        1       1
                cinit                              1922     1922       6A      70D       0
                idataBANK0                         1D3E     1D3E       12      70D       0
                idataCOMRAM                        1D50     1D50        C      70D       0

TOTAL           Name                               Link     Load   Length     Space
        CLASS   CODE           
                intcode                               8        8       38         0
                init                                 40       40        4         0
                reset_vec                             0        0        4         0
                text35                             1D74     1D74        C         0
                text34                             1D68     1D68        C         0
                text33                             1D98     1D98        4         0
                text32                             1C62     1C62       28         0
                text31                             1BE2     1BE2       2E         0
                text30                             1C10     1C10       2A         0
                text29                             1C3A     1C3A       28         0
                text28                             1D8A     1D8A        A         0
                text27                             1D80     1D80        A         0
                text26                             1D5C     1D5C        C         0
                text25                             1CD2     1CD2       20         0
                text24                             1BAE     1BAE       34         0
                text23                             18AE     18AE       74         0
                text22                             1C8A     1C8A       26         0
                text21                             1354     1354      154         0
                text20                             1626     1626       BA         0
                text19                             1790     1790       90         0
                text18                             1CF2     1CF2       1E         0
                text17                             1D28     1D28       16         0
                text16                             1AA8     1AA8       4E         0
                text15                             1D10     1D10       18         0
                text14                             19F0     19F0       62         0
                text13                             14A8     14A8       C4         0
                text12                             16E0     16E0       B0         0
                text11                             198C     198C       64         0
                text10                             1B7A     1B7A       34         0
                text9                              1D9C     1D9C        2         0
                text8                              156C     156C       BA         0
                text7                               E1A      E1A      30C         0
                text6                              1A52     1A52       56         0
                text5                              1AF6     1AF6       4C         0
                text4                              1CB0     1CB0       22         0
                text3                              1820     1820       8E         0
                text2                              1D94     1D94        4         0
                text1                              1B42     1B42       38         0
                text0                              1126     1126      22E         0
                cinit                              1922     1922       6A         0
                idataBANK0                         1D3E     1D3E       12         0
                idataCOMRAM                        1D50     1D50        C         0

        CLASS   CONST          

        CLASS   SMALLCONST     
                smallconst                          E00      E00       1A         0

        CLASS   MEDIUMCONST    

        CLASS   COMRAM         
                temp                                 5F       5F        1         1
                cstackCOMRAM                          1        1       4E         1
                dataCOMRAM                           4F       4F        C         1
                bssCOMRAM                            5B       5B        4         1

        CLASS   ABS1           

        CLASS   BIGRAM         

        CLASS   RAM            

        CLASS   BANK0          
                cstackBANK0                          87       87       23         1
                dataBANK0                            AA       AA       12         1
                bssBANK0                             60       60       27         1

        CLASS   BANK1          
                bssBANK1                            100      100       3C         1

        CLASS   BANK2          

        CLASS   BANK3          

        CLASS   BANK4          

        CLASS   BANK5          

        CLASS   BANK6          

        CLASS   BANK7          

        CLASS   BANK8          

        CLASS   BANK9          

        CLASS   BANK10         

        CLASS   BANK11         

        CLASS   BANK12         

        CLASS   BANK13         

        CLASS   SFR            

        CLASS   BIGSFR         

        CLASS   CONFIG         
                config                           300000   300000        C         4

        CLASS   IDLOC          
                idloc                            200000   200000       10         5

        CLASS   EEDATA         

        CLASS   FARRAM         

        CLASS   HEAP           

        CLASS   STACK          



SEGMENTS        Name                           Load    Length   Top    Selector   Space  Class

                reset_vec                      000000  000004  000004         0       0  CODE    
                cstackCOMRAM                   000001  00005F  000060         1       1  COMRAM  
                intcode                        000008  00003C  000044         4       0  CODE    
                bssBANK0                       000060  00005C  0000BC        60       1  BANK0   
                bssBANK1                       000100  00003C  00013C       100       1  BANK1   
                smallconst                     000E00  00001A  000E1A       700       0  SMALLCON
                text7                          000E1A  000F84  001D9E       70D       0  CODE    


UNUSED ADDRESS RANGES

        Name                Unused          Largest block    Delta
        BANK0            0000BC-0000FF               44
        BANK1            00013C-0001FF               C4
        BANK10           000A00-000AFF              100
        BANK11           000B00-000BFF              100
        BANK12           000C00-000CFF              100
        BANK13           000D00-000DE9               EA
        BANK2            000200-0002FF              100
        BANK3            000300-0003FF              100
        BANK4            000400-0004FF              100
        BANK5            000500-0005FF              100
        BANK6            000600-0006FF              100
        BANK7            000700-0007FF              100
        BANK8            000800-0008FF              100
        BANK9            000900-0009FF              100
        BIGRAM           0000BC-0000FF               44
                         00013C-000DE9              CAE
        BIGSFR           000DEF-000FFF              211
        CODE             000004-000007                4
                         000044-000DFF              DBC
                         001D9E-01FFFF            1E262
        CONST            000004-000007                4
                         000044-000DFF              DBC
                         001D9E-01FFFF            1E262
        EEDATA           310000-3103FF              400
        MEDIUMCONST      001D9E-00FFFF             E262
                         010E00-01FFFF             F200
        RAM              0000BC-0000FF               44
                         00013C-000DE9              100
        SFR              000DEF-000FFF              100
        SMALLCONST       001D9E-01FFFF              100

                                  Symbol Table

?___awdiv                    cstackCOMRAM 000001
?___awmod                    cstackCOMRAM 000001
?___lwdiv                    cstackCOMRAM 000007
?___lwmod                    cstackCOMRAM 000001
?___wmul                     cstackCOMRAM 000001
?_abs                        cstackCOMRAM 000007
?_sprintf                    cstackCOMRAM 000020
?_vfpfcnvrt                  cstackCOMRAM 00000E
?_vfprintf                   cstackCOMRAM 00001C
I2C_2_Master_Write@data_byte cstackCOMRAM 000002
_ANSELDbits                  (abs)        000EA7
_ANSELFbits                  (abs)        000EB4
_BAUD4CONbits                (abs)        000EE9
_CCP1CONbits                 (abs)        000FAB
_CCP2CONbits                 (abs)        000FA7
_CCP3CONbits                 (abs)        000F26
_CCP4CONbits                 (abs)        000F22
_CCPR1H                      (abs)        000FAA
_CCPR2H                      (abs)        000FA6
_CCPR3H                      (abs)        000F25
_CCPR4H                      (abs)        000F21
_CCPTMRS0bits                (abs)        000FAD
_I2C_2_Master_Idle           text29       001C3A
_I2C_2_Master_Init           text30       001C10
_I2C_2_Master_Start          text28       001D8A
_I2C_2_Master_Stop           text27       001D80
_I2C_2_Master_Write          text26       001D5C
_INTCONbits                  (abs)        000FF2
_ISR                         intcode      000008
_LATAbits                    (abs)        000F79
_LATCbits                    (abs)        000F7B
_LATDbits                    (abs)        000F7C
_LATEbits                    (abs)        000F7D
_LATFbits                    (abs)        000F7E
_LATGbits                    (abs)        000F7F
_LATHbits                    (abs)        000F80
_PIE0bits                    (abs)        000E29
_PIR0bits                    (abs)        000E33
_PIR4bits                    (abs)        000E37
_PORTFbits                   (abs)        000F8E
_RC0PPS                      (abs)        000E62
_RC4STAbits                  (abs)        000EE7
_RC7PPS                      (abs)        000E69
_RD5PPS                      (abs)        000E6F
_RD6PPS                      (abs)        000E70
_RE2PPS                      (abs)        000E74
_RE4PPS                      (abs)        000E76
_RG6PPS                      (abs)        000E88
_RX4PPS                      (abs)        000E15
_SP4BRGH                     (abs)        000EE6
_SP4BRGL                     (abs)        000EE5
_SSP2ADD                     (abs)        000ED6
_SSP2BUF                     (abs)        000ED5
_SSP2CLKPPS                  (abs)        000E1C
_SSP2CON1bits                (abs)        000ED9
_SSP2CON2                    (abs)        000EDA
_SSP2CON2bits                (abs)        000EDA
_SSP2DATPPS                  (abs)        000E1D
_SSP2STAT                    (abs)        000ED8
_T0CON0bits                  (abs)        000FD5
_T0CON1bits                  (abs)        000FD6
_T2CLKCONbits                (abs)        000FBF
_T2CONbits                   (abs)        000FBD
_T2HLTbits                   (abs)        000FBE
_T2PR                        (abs)        000FBC
_TMR0H                       (abs)        000FD4
_TMR0L                       (abs)        000FD3
_TRISAbits                   (abs)        000F81
_TRISCbits                   (abs)        000F83
_TRISDbits                   (abs)        000F84
_TRISEbits                   (abs)        000F85
_TRISFbits                   (abs)        000F86
_TRISGbits                   (abs)        000F87
_TRISHbits                   (abs)        000F88
_TX4REG                      (abs)        000EE4
_TX4STAbits                  (abs)        000EE8
_Timer0_init                 text32       001C62
__HRAM                       (abs)        000000
__H__absolute__              __absolute__ 000000
__Habs1                      abs1         000000
__Hbank0                     bank0        000000
__Hbank1                     bank1        000000
__Hbank10                    bank10       000000
__Hbank11                    bank11       000000
__Hbank12                    bank12       000000
__Hbank13                    bank13       000000
__Hbank2                     bank2        000000
__Hbank3                     bank3        000000
__Hbank4                     bank4        000000
__Hbank5                     bank5        000000
__Hbank6                     bank6        000000
__Hbank7                     bank7        000000
__Hbank8                     bank8        000000
__Hbank9                     bank9        000000
__Hbigbss                    bigbss       000000
__Hbigdata                   bigdata      000000
__Hbigram                    bigram       000000
__Hbigsfr                    bigsfr       000000
__Hbss                       bss          000000
__HbssBANK0                  bssBANK0     000000
__HbssBANK1                  bssBANK1     000000
__HbssCOMRAM                 bssCOMRAM    000000
__Hcinit                     cinit        000000
__Hclrtext                   clrtext      000000
__Hcomram                    comram       000000
__Hconfig                    config       30000C
__Hconst                     const        000000
__HcstackBANK0               cstackBANK0  000000
__HcstackCOMRAM              cstackCOMRAM 000000
__Hdata                      data         000000
__HdataBANK0                 dataBANK0    000000
__HdataCOMRAM                dataCOMRAM   000000
__Heeprom_data               eeprom_data  000000
__Hfarbss                    farbss       000000
__Hfardata                   fardata      000000
__Hheap                      heap         000000
__Hibigdata                  ibigdata     000000
__Hidata                     idata        000000
__HidataBANK0                idataBANK0   000000
__HidataCOMRAM               idataCOMRAM  000000
__Hidloc                     idloc        200010
__Hifardata                  ifardata     000000
__Hinit                      init         000044
__Hintcode                   intcode      000040
__Hintcode_body              intcode_body 000000
__Hintcodelo                 intcodelo    000040
__Hintentry                  intentry     000000
__Hintret                    intret       000000
__Hintsave_regs              intsave_regs 000000
__Hirdata                    irdata       000000
__Hmediumconst               mediumconst  000000
__HnvFARRAM                  nvFARRAM     000000
__Hnvbit                     nvbit        000000
__Hnvrram                    nvrram       000000
__Hparam                     rparam       000000
__Hpowerup                   powerup      000040
__Hram                       ram          000000
__Hramtop                    ramtop       000E00
__Hrbit                      rbit         000000
__Hrbss                      rbss         000000
__Hrdata                     rdata        000000
__Hreset_vec                 reset_vec    000004
__Hrparam                    rparam       000000
__Hsfr                       sfr          000000
__Hsmallconst                smallconst   000E1A
__Hspace_0                   (abs)        001D9E
__Hspace_1                   (abs)        00013C
__Hspace_2                   (abs)        000000
__Hspace_4                   (abs)        60000C
__Hstack                     stack        000000
__Hstruct                    struct       000000
__Htemp                      temp         000060
__Htext                      text         000000
__Htext0                     text0        000000
__Htext1                     text1        000000
__Htext10                    text10       000000
__Htext11                    text11       000000
__Htext12                    text12       000000
__Htext13                    text13       000000
__Htext14                    text14       000000
__Htext15                    text15       000000
__Htext16                    text16       000000
__Htext17                    text17       000000
__Htext18                    text18       000000
__Htext19                    text19       000000
__Htext2                     text2        000000
__Htext20                    text20       000000
__Htext21                    text21       000000
__Htext22                    text22       000000
__Htext23                    text23       000000
__Htext24                    text24       000000
__Htext25                    text25       000000
__Htext26                    text26       000000
__Htext27                    text27       000000
__Htext28                    text28       000000
__Htext29                    text29       000000
__Htext3                     text3        000000
__Htext30                    text30       000000
__Htext31                    text31       000000
__Htext32                    text32       000000
__Htext33                    text33       000000
__Htext34                    text34       000000
__Htext35                    text35       000000
__Htext4                     text4        000000
__Htext5                     text5        000000
__Htext6                     text6        000000
__Htext7                     text7        000000
__Htext8                     text8        000000
__Htext9                     text9        000000
__LRAM                       (abs)        000001
__L__absolute__              __absolute__ 000000
__Labs1                      abs1         000000
__Lbank0                     bank0        000000
__Lbank1                     bank1        000000
__Lbank10                    bank10       000000
__Lbank11                    bank11       000000
__Lbank12                    bank12       000000
__Lbank13                    bank13       000000
__Lbank2                     bank2        000000
__Lbank3                     bank3        000000
__Lbank4                     bank4        000000
__Lbank5                     bank5        000000
__Lbank6                     bank6        000000
__Lbank7                     bank7        000000
__Lbank8                     bank8        000000
__Lbank9                     bank9        000000
__Lbigbss                    bigbss       000000
__Lbigdata                   bigdata      000000
__Lbigram                    bigram       000000
__Lbigsfr                    bigsfr       000000
__Lbss                       bss          000000
__LbssBANK0                  bssBANK0     000000
__LbssBANK1                  bssBANK1     000000
__LbssCOMRAM                 bssCOMRAM    000000
__Lcinit                     cinit        000000
__Lclrtext                   clrtext      000000
__Lcomram                    comram       000000
__Lconfig                    config       000000
__Lconst                     const        000000
__LcstackBANK0               cstackBANK0  000000
__LcstackCOMRAM              cstackCOMRAM 000000
__Ldata                      data         000000
__LdataBANK0                 dataBANK0    000000
__LdataCOMRAM                dataCOMRAM   000000
__Leeprom_data               eeprom_data  000000
__Lfarbss                    farbss       000000
__Lfardata                   fardata      000000
__Lheap                      heap         000000
__Libigdata                  ibigdata     000000
__Lidata                     idata        000000
__LidataBANK0                idataBANK0   000000
__LidataCOMRAM               idataCOMRAM  000000
__Lidloc                     idloc        000000
__Lifardata                  ifardata     000000
__Linit                      init         000040
__Lintcode                   intcode      000008
__Lintcode_body              intcode_body 000000
__Lintcodelo                 intcodelo    000040
__Lintentry                  intentry     000000
__Lintret                    intret       000000
__Lintsave_regs              intsave_regs 000000
__Lirdata                    irdata       000000
__Lmediumconst               mediumconst  000000
__LnvFARRAM                  nvFARRAM     000000
__Lnvbit                     nvbit        000000
__Lnvrram                    nvrram       000000
__Lparam                     rparam       000000
__Lpowerup                   powerup      000040
__Lram                       ram          000000
__Lramtop                    ramtop       000E00
__Lrbit                      rbit         000000
__Lrbss                      rbss         000000
__Lrdata                     rdata        000000
__Lreset_vec                 reset_vec    000000
__Lrparam                    rparam       000000
__Lsfr                       sfr          000000
__Lsmallconst                smallconst   000E00
__Lspace_0                   (abs)        000000
__Lspace_1                   (abs)        000000
__Lspace_2                   (abs)        000000
__Lspace_4                   (abs)        000000
__Lstack                     stack        000000
__Lstruct                    struct       000000
__Ltemp                      temp         00005F
__Ltext                      text         000000
__Ltext0                     text0        000000
__Ltext1                     text1        000000
__Ltext10                    text10       000000
__Ltext11                    text11       000000
__Ltext12                    text12       000000
__Ltext13                    text13       000000
__Ltext14                    text14       000000
__Ltext15                    text15       000000
__Ltext16                    text16       000000
__Ltext17                    text17       000000
__Ltext18                    text18       000000
__Ltext19                    text19       000000
__Ltext2                     text2        000000
__Ltext20                    text20       000000
__Ltext21                    text21       000000
__Ltext22                    text22       000000
__Ltext23                    text23       000000
__Ltext24                    text24       000000
__Ltext25                    text25       000000
__Ltext26                    text26       000000
__Ltext27                    text27       000000
__Ltext28                    text28       000000
__Ltext29                    text29       000000
__Ltext3                     text3        000000
__Ltext30                    text30       000000
__Ltext31                    text31       000000
__Ltext32                    text32       000000
__Ltext33                    text33       000000
__Ltext34                    text34       000000
__Ltext35                    text35       000000
__Ltext4                     text4        000000
__Ltext5                     text5        000000
__Ltext6                     text6        000000
__Ltext7                     text7        000000
__Ltext8                     text8        000000
__Ltext9                     text9        000000
__S0                         (abs)        001D9E
__S1                         (abs)        00013C
__S4                         (abs)        000000
__S5                         (abs)        000000
___awdiv                     text13       0014A8
___awdiv@counter             cstackCOMRAM 000005
___awdiv@dividend            cstackCOMRAM 000001
___awdiv@divisor             cstackCOMRAM 000003
___awdiv@quotient            cstackCOMRAM 000007
___awdiv@sign                cstackCOMRAM 000006
___awmod                     text12       0016E0
___awmod@counter             cstackCOMRAM 000005
___awmod@dividend            cstackCOMRAM 000001
___awmod@divisor             cstackCOMRAM 000003
___awmod@sign                cstackCOMRAM 000006
___heap_hi                   (abs)        000000
___heap_lo                   (abs)        000000
___inthi_sp                  stack        000000
___inthi_stack_hi            stack        000000
___inthi_stack_lo            stack        000000
___intlo_sp                  stack        000000
___intlo_stack_hi            stack        000000
___intlo_stack_lo            stack        000000
___lwdiv                     text23       0018AE
___lwdiv@counter             cstackCOMRAM 00000D
___lwdiv@dividend            cstackCOMRAM 000007
___lwdiv@divisor             cstackCOMRAM 000009
___lwdiv@quotient            cstackCOMRAM 00000B
___lwmod                     text11       00198C
___lwmod@counter             cstackCOMRAM 000005
___lwmod@dividend            cstackCOMRAM 000001
___lwmod@divisor             cstackCOMRAM 000003
___param_bank                (abs)        000000
___rparam_used               (abs)        000001
___sp                        stack        000000
___stack_hi                  stack        000000
___stack_lo                  stack        000000
___wmul                      text22       001C8A
___wmul@multiplicand         cstackCOMRAM 000003
___wmul@multiplier           cstackCOMRAM 000001
___wmul@product              cstackCOMRAM 000005
__accesstop                  (abs)        000060
__activetblptr               (abs)        000003
__end_of_I2C_2_Master_Idle   text29       001C62
__end_of_I2C_2_Master_Init   text30       001C3A
__end_of_I2C_2_Master_Start  text28       001D94
__end_of_I2C_2_Master_Stop   text27       001D8A
__end_of_I2C_2_Master_Write  text26       001D68
__end_of_ISR                 intcode      000040
__end_of_Timer0_init         text32       001C8A
__end_of___awdiv             text13       00156C
__end_of___awmod             text12       001790
__end_of___lwdiv             text23       001922
__end_of___lwmod             text11       0019F0
__end_of___wmul              text22       001CB0
__end_of__initialization     cinit        001982
__end_of_abs                 text10       001BAE
__end_of_buggy_lights_init   text31       001C10
__end_of_color_click_init    text24       001BE2
__end_of_color_writetoaddr   text25       001CF2
__end_of_fputc               text8        001626
__end_of_fullSpeedAhead      text20       0016E0
__end_of_initDCmotorsPWM     text19       001820
__end_of_initUSART4          text18       001D10
__end_of_main                text0        001354
__end_of_putch               text9        001D9E
__end_of_read_timer          text17       001D3E
__end_of_read_trail          text16       001AF6
__end_of_reset_timer         text34       001D74
__end_of_sendCharSerial4     text15       001D28
__end_of_sendIntSerial4      text4        001CD2
__end_of_sendStringSerial4   text14       001A52
__end_of_setMotorPWM         text21       0014A8
__end_of_sprintf             text5        001B42
__end_of_start_timer         text33       001D9C
__end_of_stop                text3        0018AE
__end_of_stop_timer          text2        001D98
__end_of_vfpfcnvrt           text7        001126
__end_of_vfprintf            text6        001AA8
__end_of_write_timer         text35       001D80
__end_of_write_trail         text1        001B7A
__initialization             cinit        001922
__mediumconst                mediumconst  000000
__pbssBANK0                  bssBANK0     000060
__pbssBANK1                  bssBANK1     000100
__pbssCOMRAM                 bssCOMRAM    00005B
__pcinit                     cinit        001922
__pcstackBANK0               cstackBANK0  000087
__pcstackCOMRAM              cstackCOMRAM 000001
__pdataBANK0                 dataBANK0    0000AA
__pdataCOMRAM                dataCOMRAM   00004F
__pidataBANK0                idataBANK0   001D3E
__pidataCOMRAM               idataCOMRAM  001D50
__pintcode                   intcode      000008
__psmallconst                smallconst   000E00
__ptext0                     text0        001126
__ptext1                     text1        001B42
__ptext10                    text10       001B7A
__ptext11                    text11       00198C
__ptext12                    text12       0016E0
__ptext13                    text13       0014A8
__ptext14                    text14       0019F0
__ptext15                    text15       001D10
__ptext16                    text16       001AA8
__ptext17                    text17       001D28
__ptext18                    text18       001CF2
__ptext19                    text19       001790
__ptext2                     text2        001D94
__ptext20                    text20       001626
__ptext21                    text21       001354
__ptext22                    text22       001C8A
__ptext23                    text23       0018AE
__ptext24                    text24       001BAE
__ptext25                    text25       001CD2
__ptext26                    text26       001D5C
__ptext27                    text27       001D80
__ptext28                    text28       001D8A
__ptext29                    text29       001C3A
__ptext3                     text3        001820
__ptext30                    text30       001C10
__ptext31                    text31       001BE2
__ptext32                    text32       001C62
__ptext33                    text33       001D98
__ptext34                    text34       001D68
__ptext35                    text35       001D74
__ptext4                     text4        001CB0
__ptext5                     text5        001AF6
__ptext6                     text6        001A52
__ptext7                     text7        000E1A
__ptext8                     text8        00156C
__ptext9                     text9        001D9C
__ramtop                     ramtop       000E00
__smallconst                 smallconst   000E00
_abs                         text10       001B7A
_bottomGearLeft              dataCOMRAM   000056
_bottomGearRight             dataCOMRAM   000055
_buggy_lights_init           text31       001BE2
_color_click_init            text24       001BAE
_color_writetoaddr           text25       001CD2
_dbuf                        bssBANK0     000060
_flags                       bssCOMRAM    00005B
_fputc                       text8        00156C
_fullSpeedAhead              text20       001626
_headbuttDelay               dataBANK0    0000AE
_initDCmotorsPWM             text19       001790
_initUSART4                  text18       001CF2
_lost_flag                   bssCOMRAM    00005D
_main                        text0        001126
_manoeuvre_count             bssCOMRAM    00005C
_manoeuvre_pointer           dataBANK0    0000AA
_nout                        bssBANK0     000080
_prec                        bssBANK0     000084
_putch                       text9        001D9C
_rampDelay                   dataCOMRAM   000059
_read_timer                  text17       001D28
_read_trail                  text16       001AA8
_reset_timer                 text34       001D68
_return_flag                 bssBANK0     000086
_returning                   bssCOMRAM    00005E
_sample_count                dataCOMRAM   00005A
_sendCharSerial4             text15       001D10
_sendIntSerial4              text4        001CB0
_sendStringSerial4           text14       0019F0
_setMotorPWM                 text21       001354
_sprintf                     text5        001AF6
_squareDelay                 dataBANK0    0000AC
_start_timer                 text33       001D98
_stop                        text3        001820
_stop_timer                  text2        001D94
_timer_high_pointer          dataCOMRAM   000051
_timer_low_pointer           dataCOMRAM   00004F
_topGearLeft                 dataCOMRAM   000058
_topGearRight                dataCOMRAM   000057
_trail_manoeuvre             bssBANK1     000100
_trail_timer_high            bssBANK1     000128
_trail_timer_low             bssBANK1     000114
_turn180Delay                dataBANK0    0000B0
_turnLeft135Delay            dataBANK0    0000B4
_turnLeft90Delay             dataBANK0    0000B8
_turnRight135Delay           dataBANK0    0000B2
_turnRight90Delay            dataBANK0    0000B6
_turningLeftGear             dataCOMRAM   000054
_turningRightGear            dataCOMRAM   000053
_vfpfcnvrt                   text7        000E1A
_vfprintf                    text6        001A52
_wall_threshold_clear        dataBANK0    0000BA
_width                       bssBANK0     000082
_write_timer                 text35       001D74
_write_trail                 text1        001B42
abs@a                        cstackCOMRAM 000007
btemp                        temp         00005F
color_writetoaddr@address    cstackCOMRAM 000004
color_writetoaddr@value      cstackCOMRAM 000003
end_of_initialization        cinit        001982
fputc@c                      cstackCOMRAM 000001
fputc@fp                     cstackCOMRAM 000003
fullSpeedAhead@leftGear      cstackCOMRAM 000016
fullSpeedAhead@mL            cstackCOMRAM 000013
fullSpeedAhead@mR            cstackCOMRAM 000014
fullSpeedAhead@rightGear     cstackCOMRAM 000017
initDCmotorsPWM@PWMperiod    cstackCOMRAM 000001
int$flags                    temp         00005F
intlevel0                    text         000000
intlevel1                    text         000000
intlevel2                    text         000000
intlevel3                    text         000000
isa$std                      (abs)        000001
isa$xinst                    (abs)        000000
main@HSV_colour              cstackBANK0  000088
main@RGBC_colour             cstackBANK0  00008E
main@mann                    cstackBANK0  000087
main@motorL                  cstackBANK0  000098
main@motorR                  cstackBANK0  0000A1
main@timerH                  cstackBANK0  000096
main@timerL                  cstackBANK0  000097
read_timer@tH                cstackCOMRAM 000001
read_timer@tL                cstackCOMRAM 000002
read_trail@man               cstackCOMRAM 000003
read_trail@tH                cstackCOMRAM 000001
read_trail@tL                cstackCOMRAM 000002
sendCharSerial4@charToSend   cstackCOMRAM 000001
sendIntSerial4@integer       cstackCOMRAM 00003A
sendIntSerial4@string        cstackCOMRAM 00003C
sendStringSerial4@string     cstackCOMRAM 000002
setMotorPWM@m                cstackCOMRAM 00000E
setMotorPWM@negDuty          cstackCOMRAM 000012
setMotorPWM@posDuty          cstackCOMRAM 000011
sprintf@ap                   cstackCOMRAM 00002D
sprintf@f                    cstackCOMRAM 00002E
sprintf@fmt                  cstackCOMRAM 000022
sprintf@ret                  cstackCOMRAM 00002B
sprintf@s                    cstackCOMRAM 000020
stackhi                      (abs)        000000
stacklo                      (abs)        000000
start                        init         000040
start_initialization         cinit        001922
stop@mL                      cstackCOMRAM 000013
stop@mR                      cstackCOMRAM 000014
ttemp5                       temp         000060
ttemp6                       temp         000063
ttemp7                       temp         000067
vfpfcnvrt@ap                 cstackCOMRAM 000010
vfpfcnvrt@c                  cstackCOMRAM 00001B
vfpfcnvrt@cnt                cstackCOMRAM 000014
vfpfcnvrt@convarg            cstackCOMRAM 000017
vfpfcnvrt@cp                 cstackCOMRAM 000016
vfpfcnvrt@done               cstackCOMRAM 000013
vfpfcnvrt@fmt                cstackCOMRAM 00000F
vfpfcnvrt@fp                 cstackCOMRAM 00000E
vfprintf@ap                  cstackCOMRAM 00001E
vfprintf@cfmt                cstackCOMRAM 00001F
vfprintf@fmt                 cstackCOMRAM 00001D
vfprintf@fp                  cstackCOMRAM 00001C
write_timer@tH               cstackCOMRAM 000002
write_timer@tL               cstackCOMRAM 000001
write_trail@man              cstackCOMRAM 000002
write_trail@tH               cstackCOMRAM 000003
write_trail@tL               cstackCOMRAM 000001
wtemp8                       temp         000060


MODULE INFORMATION

Module		Function		Class		Link	Load	Size
C:\Program Files\Microchip\xc8\v2.45\pic\sources\c99\common\Umul16.c
		___wmul        		CODE           	1C8A	0000	38

C:\Program Files\Microchip\xc8\v2.45\pic\sources\c99\common\Umul16.c estimated size: 38

serial.c
		_sendStringSerial4		CODE           	19F0	0000	98
		_sendIntSerial4		CODE           	1CB0	0000	34
		_sendCharSerial4		CODE           	1D10	0000	24
		_initUSART4    		CODE           	1CF2	0000	30

serial.c estimated size: 186

timers.c
		_Timer0_init   		CODE           	1C62	0000	40
		_ISR           		CODE           	0008	0000	56
		_write_trail   		CODE           	1B42	0000	56
		_write_timer   		CODE           	1D74	0000	12
		_start_timer   		CODE           	1D98	0000	4
		_reset_timer   		CODE           	1D68	0000	12
		_stop_timer    		CODE           	1D94	0000	4
		_read_timer    		CODE           	1D28	0000	22
		_read_trail    		CODE           	1AA8	0000	78

timers.c estimated size: 284

color.c
		_color_writetoaddr		CODE           	1CD2	0000	32
		_color_click_init		CODE           	1BAE	0000	52

color.c estimated size: 84

dc_motor.c
		_fullSpeedAhead		CODE           	1626	0000	186
		_stop          		CODE           	1820	0000	142
		_initDCmotorsPWM		CODE           	1790	0000	144
		_setMotorPWM   		CODE           	1354	0000	340

dc_motor.c estimated size: 812

buggy_lights.c
		_buggy_lights_init		CODE           	1BE2	0000	46

buggy_lights.c estimated size: 46

i2c.c
		_I2C_2_Master_Start		CODE           	1D8A	0000	10
		_I2C_2_Master_Idle		CODE           	1C3A	0000	40
		_I2C_2_Master_Init		CODE           	1C10	0000	42
		_I2C_2_Master_Stop		CODE           	1D80	0000	10
		_I2C_2_Master_Write		CODE           	1D5C	0000	12

i2c.c estimated size: 114

C:\Program Files\Microchip\xc8\v2.45\pic\sources\c99\common\nf_sprintf.c
		_sprintf       		CODE           	1AF6	0000	76

C:\Program Files\Microchip\xc8\v2.45\pic\sources\c99\common\nf_sprintf.c estimated size: 76

C:\Program Files\Microchip\xc8\v2.45\pic\sources\c99\common\lwmod.c
		___lwmod       		CODE           	198C	0000	100

C:\Program Files\Microchip\xc8\v2.45\pic\sources\c99\common\lwmod.c estimated size: 100

C:\Program Files\Microchip\xc8\v2.45\pic\sources\c99\common\awmod.c
		___awmod       		CODE           	16E0	0000	176

C:\Program Files\Microchip\xc8\v2.45\pic\sources\c99\common\awmod.c estimated size: 176

C:\Program Files\Microchip\xc8\v2.45\pic\sources\c99\common\putch.c
		_putch         		CODE           	1D9C	0000	2

C:\Program Files\Microchip\xc8\v2.45\pic\sources\c99\common\putch.c estimated size: 2

shared
		__initialization		CODE           	1922	0000	96

shared estimated size: 96

C:\Program Files\Microchip\xc8\v2.45\pic\sources\c99\common\abs.c
		_abs           		CODE           	1B7A	0000	52

C:\Program Files\Microchip\xc8\v2.45\pic\sources\c99\common\abs.c estimated size: 52

main.c
		_main          		CODE           	1126	0000	558

main.c estimated size: 558

C:\Program Files\Microchip\xc8\v2.45\pic\sources\c99\common\nf_fputc.c
		_fputc         		CODE           	156C	0000	186

C:\Program Files\Microchip\xc8\v2.45\pic\sources\c99\common\nf_fputc.c estimated size: 186

C:\Program Files\Microchip\xc8\v2.45\pic\sources\c99\common\doprnt.c
		_vfpfcnvrt     		CODE           	0E1A	0000	780
		_vfprintf      		CODE           	1A52	0000	86

C:\Program Files\Microchip\xc8\v2.45\pic\sources\c99\common\doprnt.c estimated size: 866

C:\Program Files\Microchip\xc8\v2.45\pic\sources\c99\common\lwdiv.c
		___lwdiv       		CODE           	18AE	0000	116

C:\Program Files\Microchip\xc8\v2.45\pic\sources\c99\common\lwdiv.c estimated size: 116

C:\Program Files\Microchip\xc8\v2.45\pic\sources\c99\common\awdiv.c
		___awdiv       		CODE           	14A8	0000	196

C:\Program Files\Microchip\xc8\v2.45\pic\sources\c99\common\awdiv.c estimated size: 196

