Microchip MPLAB XC8 Compiler V2.45

Linker command line:

-W-3 \
  --edf=C:\Program Files\Microchip\xc8\v2.45\pic\dat\20230818022343_en.msgs \
  -cn \
  -h+dist/default/production\final-project-gorakh-boris.X.production.sym \
  --cmf=dist/default/production\final-project-gorakh-boris.X.production.cmf \
  -z -Q18F67K40 -oC:\Users\boris\AppData\Local\Temp\xcAsbj4.\driver_tmp_3.o \
  --defsym=__MPLAB_BUILD=1 --fixupoverflow=error \
  -Mdist/default/production/final-project-gorakh-boris.X.production.map \
  --md=C:\Users\boris\AppData\Local\Temp\xcAsbj4.\driver_tmp_0.dat -E1 \
  -ver=XC8 Compiler --acfsm=1493 -ACODE=00h-01FFFFh -ACONST=00h-01FFFFh \
  -ASMALLCONST=0E00h-0EFFhx498 -AMEDIUMCONST=0E00h-0FFFFh,010E00h-01FFFFh \
  -ACOMRAM=01h-05Fh -AABS1=00h-0DE9h -ABIGRAM=01h-0DE9h \
  -ARAM=060h-0FFh,0100h-01FFhx12,0D00h-0DE9h -ABANK0=060h-0FFh \
  -ABANK1=0100h-01FFh -ABANK2=0200h-02FFh -ABANK3=0300h-03FFh \
  -ABANK4=0400h-04FFh -ABANK5=0500h-05FFh -ABANK6=0600h-06FFh \
  -ABANK7=0700h-07FFh -ABANK8=0800h-08FFh -ABANK9=0900h-09FFh \
  -ABANK10=0A00h-0AFFh -ABANK11=0B00h-0BFFh -ABANK12=0C00h-0CFFh \
  -ABANK13=0D00h-0DE9h \
  -ASFR=0DEFh-0DFFh,0E00h-0EFFh,0F00h-0F5Fh,0F60h-0FFFh \
  -ABIGSFR=0DEFh-0FFFh -ACONFIG=0300000h-030000Bh -AIDLOC=0200000h-020000Fh \
  -AEEDATA=0310000h-03103FFh -peeprom_data=EEDATA \
  -preset_vec=00h,intcode=08h,intcodelo,powerup,init -pramtop=0E00h \
  -psmallconst=SMALLCONST -pmediumconst=MEDIUMCONST -pconst=CONST \
  -AFARRAM=00h-00h \
  -prdata=COMRAM,nvrram=COMRAM,nvbit=COMRAM,rbss=COMRAM,rbit=COMRAM \
  -pfarbss=FARRAM,fardata=FARRAM,nvFARRAM=FARRAM \
  -pintsave_regs=BIGRAM,bigbss=BIGRAM,bigdata=BIGRAM -pbss=RAM \
  -pidata=CODE,irdata=CODE,ibigdata=CODE,ifardata=CODE -prparam=COMRAM \
  C:\Users\boris\AppData\Local\Temp\xcAsbj4.\driver_tmp_14.o \
  dist/default/production\final-project-gorakh-boris.X.production.o 

Object code version is 3.11

Machine type is 18F67K40



                Name                               Link     Load   Length Selector   Space Scale
C:\Users\boris\AppData\Local\Temp\xcAsbj4.\driver_tmp_14.o
                idloc                            200000   200000       10        0       5
                config                           300000   300000        C        0       4
                init                                 34       34        4        4       0
                reset_vec                             0        0        4        0       0
dist/default/production\final-project-gorakh-boris.X.production.o
                intcode                               8        8       2C        4       0
                idloc                            200000   200000       10        0       5
                config                           300000   300000        C        0       4
                temp                                 5E       5E        1        1       1
                smallconst                          E00      E00       1A      700       0
                text41                             217A     217A        C      70D       0
                text40                             216E     216E        C      70D       0
                text39                             20D2     20D2       24      70D       0
                text38                             202C     202C       2E      70D       0
                text37                             205A     205A       2A      70D       0
                text36                             2084     2084       28      70D       0
                text35                             219A     219A        A      70D       0
                text34                             2190     2190        A      70D       0
                text33                             2162     2162        C      70D       0
                text32                             20F6     20F6       20      70D       0
                text31                             1F98     1F98       34      70D       0
                text30                             19F6     19F6       74      70D       0
                text29                             20AC     20AC       26      70D       0
                text28                             1FFC     1FFC       30      70D       0
                text27                             1CF6     1CF6       54      70D       0
                text26                             1FCC     1FCC       30      70D       0
                text25                             1CA2     1CA2       54      70D       0
                text24                              E1A      E1A      414      70D       0
                text23                             1F22     1F22       42      70D       0
                text22                             2186     2186        A      70D       0
                text21                             1E3A     1E3A       50      70D       0
                text20                             1DEA     1DEA       50      70D       0
                text19                             1D9A     1D9A       50      70D       0
                text18                             1D4A     1D4A       50      70D       0
                text17                             1C4C     1C4C       56      70D       0
                text16                             1966     1966       90      70D       0
                text15                             2116     2116       1E      70D       0
                text14                             2134     2134       18      70D       0
                text13                             1B36     1B36       62      70D       0
                text12                             1738     1738       C4      70D       0
                text11                             18B6     18B6       B0      70D       0
                text10                             1AD2     1AD2       64      70D       0
                text9                              1F64     1F64       34      70D       0
                text8                              21A8     21A8        2      70D       0
                text7                              17FC     17FC       BA      70D       0
                text6                              122E     122E      30C      70D       0
                text5                              1BF6     1BF6       56      70D       0
                text4                              1ED6     1ED6       4C      70D       0
                text3                              1E8A     1E8A       4C      70D       0
                text2                              1B98     1B98       5E      70D       0
                text1                              1670     1670       C8      70D       0
                text0                              153A     153A      136      70D       0
                cstackCOMRAM                          1        1       56        1       1
                cstackBANK0                          87       87       20       60       1
                bssBANK1                            100      100       3C      100       1
                dataBANK0                            A7       A7       16       60       1
                bssBANK0                             60       60       27       60       1
                dataCOMRAM                           57       57        4        1       1
                bssCOMRAM                            5B       5B        3        1       1
                cinit                              1A6A     1A6A       68      70D       0
                idataBANK0                         214C     214C       16      70D       0
                idataCOMRAM                        21A4     21A4        4      70D       0

TOTAL           Name                               Link     Load   Length     Space
        CLASS   CODE           
                intcode                               8        8       2C         0
                init                                 34       34        4         0
                reset_vec                             0        0        4         0
                text41                             217A     217A        C         0
                text40                             216E     216E        C         0
                text39                             20D2     20D2       24         0
                text38                             202C     202C       2E         0
                text37                             205A     205A       2A         0
                text36                             2084     2084       28         0
                text35                             219A     219A        A         0
                text34                             2190     2190        A         0
                text33                             2162     2162        C         0
                text32                             20F6     20F6       20         0
                text31                             1F98     1F98       34         0
                text30                             19F6     19F6       74         0
                text29                             20AC     20AC       26         0
                text28                             1FFC     1FFC       30         0
                text27                             1CF6     1CF6       54         0
                text26                             1FCC     1FCC       30         0
                text25                             1CA2     1CA2       54         0
                text24                              E1A      E1A      414         0
                text23                             1F22     1F22       42         0
                text22                             2186     2186        A         0
                text21                             1E3A     1E3A       50         0
                text20                             1DEA     1DEA       50         0
                text19                             1D9A     1D9A       50         0
                text18                             1D4A     1D4A       50         0
                text17                             1C4C     1C4C       56         0
                text16                             1966     1966       90         0
                text15                             2116     2116       1E         0
                text14                             2134     2134       18         0
                text13                             1B36     1B36       62         0
                text12                             1738     1738       C4         0
                text11                             18B6     18B6       B0         0
                text10                             1AD2     1AD2       64         0
                text9                              1F64     1F64       34         0
                text8                              21A8     21A8        2         0
                text7                              17FC     17FC       BA         0
                text6                              122E     122E      30C         0
                text5                              1BF6     1BF6       56         0
                text4                              1ED6     1ED6       4C         0
                text3                              1E8A     1E8A       4C         0
                text2                              1B98     1B98       5E         0
                text1                              1670     1670       C8         0
                text0                              153A     153A      136         0
                cinit                              1A6A     1A6A       68         0
                idataBANK0                         214C     214C       16         0
                idataCOMRAM                        21A4     21A4        4         0

        CLASS   CONST          

        CLASS   SMALLCONST     
                smallconst                          E00      E00       1A         0

        CLASS   MEDIUMCONST    

        CLASS   COMRAM         
                temp                                 5E       5E        1         1
                cstackCOMRAM                          1        1       56         1
                dataCOMRAM                           57       57        4         1
                bssCOMRAM                            5B       5B        3         1

        CLASS   ABS1           

        CLASS   BIGRAM         

        CLASS   RAM            

        CLASS   BANK0          
                cstackBANK0                          87       87       20         1
                dataBANK0                            A7       A7       16         1
                bssBANK0                             60       60       27         1

        CLASS   BANK1          
                bssBANK1                            100      100       3C         1

        CLASS   BANK2          

        CLASS   BANK3          

        CLASS   BANK4          

        CLASS   BANK5          

        CLASS   BANK6          

        CLASS   BANK7          

        CLASS   BANK8          

        CLASS   BANK9          

        CLASS   BANK10         

        CLASS   BANK11         

        CLASS   BANK12         

        CLASS   BANK13         

        CLASS   SFR            

        CLASS   BIGSFR         

        CLASS   CONFIG         
                config                           300000   300000        C         4

        CLASS   IDLOC          
                idloc                            200000   200000       10         5

        CLASS   EEDATA         

        CLASS   FARRAM         

        CLASS   HEAP           

        CLASS   STACK          



SEGMENTS        Name                           Load    Length   Top    Selector   Space  Class

                reset_vec                      000000  000004  000004         0       0  CODE    
                cstackCOMRAM                   000001  00005E  00005F         1       1  COMRAM  
                intcode                        000008  000030  000038         4       0  CODE    
                bssBANK0                       000060  00005D  0000BD        60       1  BANK0   
                bssBANK1                       000100  00003C  00013C       100       1  BANK1   
                smallconst                     000E00  00001A  000E1A       700       0  SMALLCON
                text24                         000E1A  001390  0021AA       70D       0  CODE    


UNUSED ADDRESS RANGES

        Name                Unused          Largest block    Delta
        BANK0            0000BD-0000FF               43
        BANK1            00013C-0001FF               C4
        BANK10           000A00-000AFF              100
        BANK11           000B00-000BFF              100
        BANK12           000C00-000CFF              100
        BANK13           000D00-000DE9               EA
        BANK2            000200-0002FF              100
        BANK3            000300-0003FF              100
        BANK4            000400-0004FF              100
        BANK5            000500-0005FF              100
        BANK6            000600-0006FF              100
        BANK7            000700-0007FF              100
        BANK8            000800-0008FF              100
        BANK9            000900-0009FF              100
        BIGRAM           00005F-00005F                1
                         0000BD-0000FF               43
                         00013C-000DE9              CAE
        BIGSFR           000DEF-000FFF              211
        CODE             000004-000007                4
                         000038-000DFF              DC8
                         0021AA-01FFFF            1DE56
        COMRAM           00005F-00005F                1
        CONST            000004-000007                4
                         000038-000DFF              DC8
                         0021AA-01FFFF            1DE56
        EEDATA           310000-3103FF              400
        MEDIUMCONST      0021AA-00FFFF             DE56
                         010E00-01FFFF             F200
        RAM              0000BD-0000FF               43
                         00013C-000DE9              100
        SFR              000DEF-000FFF              100
        SMALLCONST       0021AA-01FFFF              100

                                  Symbol Table

?___awdiv                      cstackCOMRAM 000001
?___awmod                      cstackCOMRAM 000001
?___lwdiv                      cstackCOMRAM 000007
?___lwmod                      cstackCOMRAM 000001
?___wmul                       cstackCOMRAM 000001
?_abs                          cstackCOMRAM 000007
?_color_read_Blue              cstackCOMRAM 000005
?_color_read_Clear             cstackCOMRAM 000005
?_color_read_Green             cstackCOMRAM 000005
?_color_read_Red               cstackCOMRAM 000005
?_max                          cstackCOMRAM 000001
?_maxRGB                       cstackCOMRAM 000007
?_min                          cstackCOMRAM 000001
?_minRGB                       cstackCOMRAM 000007
?_sprintf                      cstackCOMRAM 000020
?_vfpfcnvrt                    cstackCOMRAM 00000E
?_vfprintf                     cstackCOMRAM 00001C
I2C_2_Master_Read@ack          cstackCOMRAM 000003
I2C_2_Master_Read@tmp          cstackCOMRAM 000004
I2C_2_Master_Write@data_byte   cstackCOMRAM 000002
_ANSELDbits                    (abs)        000EA7
_ANSELFbits                    (abs)        000EB4
_BAUD4CONbits                  (abs)        000EE9
_CCP1CONbits                   (abs)        000FAB
_CCP2CONbits                   (abs)        000FA7
_CCP3CONbits                   (abs)        000F26
_CCP4CONbits                   (abs)        000F22
_CCPR1H                        (abs)        000FAA
_CCPR2H                        (abs)        000FA6
_CCPR3H                        (abs)        000F25
_CCPR4H                        (abs)        000F21
_CCPTMRS0bits                  (abs)        000FAD
_I2C_2_Master_Idle             text36       002084
_I2C_2_Master_Init             text37       00205A
_I2C_2_Master_Read             text23       001F22
_I2C_2_Master_RepStart         text22       002186
_I2C_2_Master_Start            text35       00219A
_I2C_2_Master_Stop             text34       002190
_I2C_2_Master_Write            text33       002162
_INTCONbits                    (abs)        000FF2
_ISR                           intcode      000008
_LATAbits                      (abs)        000F79
_LATCbits                      (abs)        000F7B
_LATDbits                      (abs)        000F7C
_LATEbits                      (abs)        000F7D
_LATFbits                      (abs)        000F7E
_LATGbits                      (abs)        000F7F
_LATHbits                      (abs)        000F80
_PIE0bits                      (abs)        000E29
_PIR0bits                      (abs)        000E33
_PIR4bits                      (abs)        000E37
_RC0PPS                        (abs)        000E62
_RC4REG                        (abs)        000EE3
_RC4STAbits                    (abs)        000EE7
_RC7PPS                        (abs)        000E69
_RD5PPS                        (abs)        000E6F
_RD6PPS                        (abs)        000E70
_RE2PPS                        (abs)        000E74
_RE4PPS                        (abs)        000E76
_RG6PPS                        (abs)        000E88
_RX4PPS                        (abs)        000E15
_SP4BRGH                       (abs)        000EE6
_SP4BRGL                       (abs)        000EE5
_SSP2ADD                       (abs)        000ED6
_SSP2BUF                       (abs)        000ED5
_SSP2CLKPPS                    (abs)        000E1C
_SSP2CON1bits                  (abs)        000ED9
_SSP2CON2                      (abs)        000EDA
_SSP2CON2bits                  (abs)        000EDA
_SSP2DATPPS                    (abs)        000E1D
_SSP2STAT                      (abs)        000ED8
_T0CON0bits                    (abs)        000FD5
_T0CON1bits                    (abs)        000FD6
_T2CLKCONbits                  (abs)        000FBF
_T2CONbits                     (abs)        000FBD
_T2HLTbits                     (abs)        000FBE
_T2PR                          (abs)        000FBC
_TMR0H                         (abs)        000FD4
_TMR0L                         (abs)        000FD3
_TRISAbits                     (abs)        000F81
_TRISCbits                     (abs)        000F83
_TRISDbits                     (abs)        000F84
_TRISEbits                     (abs)        000F85
_TRISFbits                     (abs)        000F86
_TRISGbits                     (abs)        000F87
_TRISHbits                     (abs)        000F88
_TX4REG                        (abs)        000EE4
_TX4STAbits                    (abs)        000EE8
_Timer0_init                   text39       0020D2
__HRAM                         (abs)        000000
__H__absolute__                __absolute__ 000000
__Habs1                        abs1         000000
__Hbank0                       bank0        000000
__Hbank1                       bank1        000000
__Hbank10                      bank10       000000
__Hbank11                      bank11       000000
__Hbank12                      bank12       000000
__Hbank13                      bank13       000000
__Hbank2                       bank2        000000
__Hbank3                       bank3        000000
__Hbank4                       bank4        000000
__Hbank5                       bank5        000000
__Hbank6                       bank6        000000
__Hbank7                       bank7        000000
__Hbank8                       bank8        000000
__Hbank9                       bank9        000000
__Hbigbss                      bigbss       000000
__Hbigdata                     bigdata      000000
__Hbigram                      bigram       000000
__Hbigsfr                      bigsfr       000000
__Hbss                         bss          000000
__HbssBANK0                    bssBANK0     000000
__HbssBANK1                    bssBANK1     000000
__HbssCOMRAM                   bssCOMRAM    000000
__Hcinit                       cinit        000000
__Hclrtext                     clrtext      000000
__Hcomram                      comram       000000
__Hconfig                      config       30000C
__Hconst                       const        000000
__HcstackBANK0                 cstackBANK0  000000
__HcstackCOMRAM                cstackCOMRAM 000000
__Hdata                        data         000000
__HdataBANK0                   dataBANK0    000000
__HdataCOMRAM                  dataCOMRAM   000000
__Heeprom_data                 eeprom_data  000000
__Hfarbss                      farbss       000000
__Hfardata                     fardata      000000
__Hheap                        heap         000000
__Hibigdata                    ibigdata     000000
__Hidata                       idata        000000
__HidataBANK0                  idataBANK0   000000
__HidataCOMRAM                 idataCOMRAM  000000
__Hidloc                       idloc        200010
__Hifardata                    ifardata     000000
__Hinit                        init         000038
__Hintcode                     intcode      000034
__Hintcode_body                intcode_body 000000
__Hintcodelo                   intcodelo    000034
__Hintentry                    intentry     000000
__Hintret                      intret       000000
__Hintsave_regs                intsave_regs 000000
__Hirdata                      irdata       000000
__Hmediumconst                 mediumconst  000000
__HnvFARRAM                    nvFARRAM     000000
__Hnvbit                       nvbit        000000
__Hnvrram                      nvrram       000000
__Hparam                       rparam       000000
__Hpowerup                     powerup      000034
__Hram                         ram          000000
__Hramtop                      ramtop       000E00
__Hrbit                        rbit         000000
__Hrbss                        rbss         000000
__Hrdata                       rdata        000000
__Hreset_vec                   reset_vec    000004
__Hrparam                      rparam       000000
__Hsfr                         sfr          000000
__Hsmallconst                  smallconst   000E1A
__Hspace_0                     (abs)        0021AA
__Hspace_1                     (abs)        00013C
__Hspace_2                     (abs)        000000
__Hspace_4                     (abs)        60000C
__Hstack                       stack        000000
__Hstruct                      struct       000000
__Htemp                        temp         00005F
__Htext                        text         000000
__Htext0                       text0        000000
__Htext1                       text1        000000
__Htext10                      text10       000000
__Htext11                      text11       000000
__Htext12                      text12       000000
__Htext13                      text13       000000
__Htext14                      text14       000000
__Htext15                      text15       000000
__Htext16                      text16       000000
__Htext17                      text17       000000
__Htext18                      text18       000000
__Htext19                      text19       000000
__Htext2                       text2        000000
__Htext20                      text20       000000
__Htext21                      text21       000000
__Htext22                      text22       000000
__Htext23                      text23       000000
__Htext24                      text24       000000
__Htext25                      text25       000000
__Htext26                      text26       000000
__Htext27                      text27       000000
__Htext28                      text28       000000
__Htext29                      text29       000000
__Htext3                       text3        000000
__Htext30                      text30       000000
__Htext31                      text31       000000
__Htext32                      text32       000000
__Htext33                      text33       000000
__Htext34                      text34       000000
__Htext35                      text35       000000
__Htext36                      text36       000000
__Htext37                      text37       000000
__Htext38                      text38       000000
__Htext39                      text39       000000
__Htext4                       text4        000000
__Htext40                      text40       000000
__Htext41                      text41       000000
__Htext5                       text5        000000
__Htext6                       text6        000000
__Htext7                       text7        000000
__Htext8                       text8        000000
__Htext9                       text9        000000
__LRAM                         (abs)        000001
__L__absolute__                __absolute__ 000000
__Labs1                        abs1         000000
__Lbank0                       bank0        000000
__Lbank1                       bank1        000000
__Lbank10                      bank10       000000
__Lbank11                      bank11       000000
__Lbank12                      bank12       000000
__Lbank13                      bank13       000000
__Lbank2                       bank2        000000
__Lbank3                       bank3        000000
__Lbank4                       bank4        000000
__Lbank5                       bank5        000000
__Lbank6                       bank6        000000
__Lbank7                       bank7        000000
__Lbank8                       bank8        000000
__Lbank9                       bank9        000000
__Lbigbss                      bigbss       000000
__Lbigdata                     bigdata      000000
__Lbigram                      bigram       000000
__Lbigsfr                      bigsfr       000000
__Lbss                         bss          000000
__LbssBANK0                    bssBANK0     000000
__LbssBANK1                    bssBANK1     000000
__LbssCOMRAM                   bssCOMRAM    000000
__Lcinit                       cinit        000000
__Lclrtext                     clrtext      000000
__Lcomram                      comram       000000
__Lconfig                      config       000000
__Lconst                       const        000000
__LcstackBANK0                 cstackBANK0  000000
__LcstackCOMRAM                cstackCOMRAM 000000
__Ldata                        data         000000
__LdataBANK0                   dataBANK0    000000
__LdataCOMRAM                  dataCOMRAM   000000
__Leeprom_data                 eeprom_data  000000
__Lfarbss                      farbss       000000
__Lfardata                     fardata      000000
__Lheap                        heap         000000
__Libigdata                    ibigdata     000000
__Lidata                       idata        000000
__LidataBANK0                  idataBANK0   000000
__LidataCOMRAM                 idataCOMRAM  000000
__Lidloc                       idloc        000000
__Lifardata                    ifardata     000000
__Linit                        init         000034
__Lintcode                     intcode      000008
__Lintcode_body                intcode_body 000000
__Lintcodelo                   intcodelo    000034
__Lintentry                    intentry     000000
__Lintret                      intret       000000
__Lintsave_regs                intsave_regs 000000
__Lirdata                      irdata       000000
__Lmediumconst                 mediumconst  000000
__LnvFARRAM                    nvFARRAM     000000
__Lnvbit                       nvbit        000000
__Lnvrram                      nvrram       000000
__Lparam                       rparam       000000
__Lpowerup                     powerup      000034
__Lram                         ram          000000
__Lramtop                      ramtop       000E00
__Lrbit                        rbit         000000
__Lrbss                        rbss         000000
__Lrdata                       rdata        000000
__Lreset_vec                   reset_vec    000000
__Lrparam                      rparam       000000
__Lsfr                         sfr          000000
__Lsmallconst                  smallconst   000E00
__Lspace_0                     (abs)        000000
__Lspace_1                     (abs)        000000
__Lspace_2                     (abs)        000000
__Lspace_4                     (abs)        000000
__Lstack                       stack        000000
__Lstruct                      struct       000000
__Ltemp                        temp         00005E
__Ltext                        text         000000
__Ltext0                       text0        000000
__Ltext1                       text1        000000
__Ltext10                      text10       000000
__Ltext11                      text11       000000
__Ltext12                      text12       000000
__Ltext13                      text13       000000
__Ltext14                      text14       000000
__Ltext15                      text15       000000
__Ltext16                      text16       000000
__Ltext17                      text17       000000
__Ltext18                      text18       000000
__Ltext19                      text19       000000
__Ltext2                       text2        000000
__Ltext20                      text20       000000
__Ltext21                      text21       000000
__Ltext22                      text22       000000
__Ltext23                      text23       000000
__Ltext24                      text24       000000
__Ltext25                      text25       000000
__Ltext26                      text26       000000
__Ltext27                      text27       000000
__Ltext28                      text28       000000
__Ltext29                      text29       000000
__Ltext3                       text3        000000
__Ltext30                      text30       000000
__Ltext31                      text31       000000
__Ltext32                      text32       000000
__Ltext33                      text33       000000
__Ltext34                      text34       000000
__Ltext35                      text35       000000
__Ltext36                      text36       000000
__Ltext37                      text37       000000
__Ltext38                      text38       000000
__Ltext39                      text39       000000
__Ltext4                       text4        000000
__Ltext40                      text40       000000
__Ltext41                      text41       000000
__Ltext5                       text5        000000
__Ltext6                       text6        000000
__Ltext7                       text7        000000
__Ltext8                       text8        000000
__Ltext9                       text9        000000
__S0                           (abs)        0021AA
__S1                           (abs)        00013C
__S4                           (abs)        000000
__S5                           (abs)        000000
___awdiv                       text12       001738
___awdiv@counter               cstackCOMRAM 000005
___awdiv@dividend              cstackCOMRAM 000001
___awdiv@divisor               cstackCOMRAM 000003
___awdiv@quotient              cstackCOMRAM 000007
___awdiv@sign                  cstackCOMRAM 000006
___awmod                       text11       0018B6
___awmod@counter               cstackCOMRAM 000005
___awmod@dividend              cstackCOMRAM 000001
___awmod@divisor               cstackCOMRAM 000003
___awmod@sign                  cstackCOMRAM 000006
___heap_hi                     (abs)        000000
___heap_lo                     (abs)        000000
___inthi_sp                    stack        000000
___inthi_stack_hi              stack        000000
___inthi_stack_lo              stack        000000
___intlo_sp                    stack        000000
___intlo_stack_hi              stack        000000
___intlo_stack_lo              stack        000000
___lwdiv                       text30       0019F6
___lwdiv@counter               cstackCOMRAM 00000D
___lwdiv@dividend              cstackCOMRAM 000007
___lwdiv@divisor               cstackCOMRAM 000009
___lwdiv@quotient              cstackCOMRAM 00000B
___lwmod                       text10       001AD2
___lwmod@counter               cstackCOMRAM 000005
___lwmod@dividend              cstackCOMRAM 000001
___lwmod@divisor               cstackCOMRAM 000003
___param_bank                  (abs)        000000
___rparam_used                 (abs)        000001
___sp                          stack        000000
___stack_hi                    stack        000000
___stack_lo                    stack        000000
___wmul                        text29       0020AC
___wmul@multiplicand           cstackCOMRAM 000003
___wmul@multiplier             cstackCOMRAM 000001
___wmul@product                cstackCOMRAM 000005
__accesstop                    (abs)        000060
__activetblptr                 (abs)        000003
__end_of_I2C_2_Master_Idle     text36       0020AC
__end_of_I2C_2_Master_Init     text37       002084
__end_of_I2C_2_Master_Read     text23       001F64
__end_of_I2C_2_Master_RepStart text22       002190
__end_of_I2C_2_Master_Start    text35       0021A4
__end_of_I2C_2_Master_Stop     text34       00219A
__end_of_I2C_2_Master_Write    text33       00216E
__end_of_ISR                   intcode      000034
__end_of_Timer0_init           text39       0020F6
__end_of___awdiv               text12       0017FC
__end_of___awmod               text11       001966
__end_of___lwdiv               text30       001A6A
__end_of___lwmod               text10       001B36
__end_of___wmul                text29       0020D2
__end_of__initialization       cinit        001AC8
__end_of_abs                   text9        001F98
__end_of_buggy_lights_init     text38       00205A
__end_of_color_click_init      text31       001FCC
__end_of_color_read_Blue       text21       001E8A
__end_of_color_read_Clear      text20       001E3A
__end_of_color_read_Green      text19       001DEA
__end_of_color_read_Red        text18       001D9A
__end_of_color_writetoaddr     text32       002116
__end_of_fputc                 text7        0018B6
__end_of_getHSVval             text24       00122E
__end_of_getRGBCval            text17       001CA2
__end_of_initDCmotorsPWM       text16       0019F6
__end_of_initUSART4            text15       002134
__end_of_main                  text0        001670
__end_of_max                   text28       00202C
__end_of_maxRGB                text27       001D4A
__end_of_min                   text26       001FFC
__end_of_minRGB                text25       001CF6
__end_of_putch                 text8        0021AA
__end_of_reset_timer           text40       00217A
__end_of_sendCharSerial4       text14       00214C
__end_of_sendHSVvalSerial4     text3        001ED6
__end_of_sendRGBCvalSerial4    text2        001BF6
__end_of_sendStringSerial4     text13       001B98
__end_of_sprintf               text4        001F22
__end_of_toggle_tricolour_LED  text1        001738
__end_of_vfpfcnvrt             text6        00153A
__end_of_vfprintf              text5        001C4C
__end_of_write_timer           text41       002186
__initialization               cinit        001A6A
__mediumconst                  mediumconst  000000
__pbssBANK0                    bssBANK0     000060
__pbssBANK1                    bssBANK1     000100
__pbssCOMRAM                   bssCOMRAM    00005B
__pcinit                       cinit        001A6A
__pcstackBANK0                 cstackBANK0  000087
__pcstackCOMRAM                cstackCOMRAM 000001
__pdataBANK0                   dataBANK0    0000A7
__pdataCOMRAM                  dataCOMRAM   000057
__pidataBANK0                  idataBANK0   00214C
__pidataCOMRAM                 idataCOMRAM  0021A4
__pintcode                     intcode      000008
__psmallconst                  smallconst   000E00
__ptext0                       text0        00153A
__ptext1                       text1        001670
__ptext10                      text10       001AD2
__ptext11                      text11       0018B6
__ptext12                      text12       001738
__ptext13                      text13       001B36
__ptext14                      text14       002134
__ptext15                      text15       002116
__ptext16                      text16       001966
__ptext17                      text17       001C4C
__ptext18                      text18       001D4A
__ptext19                      text19       001D9A
__ptext2                       text2        001B98
__ptext20                      text20       001DEA
__ptext21                      text21       001E3A
__ptext22                      text22       002186
__ptext23                      text23       001F22
__ptext24                      text24       000E1A
__ptext25                      text25       001CA2
__ptext26                      text26       001FCC
__ptext27                      text27       001CF6
__ptext28                      text28       001FFC
__ptext29                      text29       0020AC
__ptext3                       text3        001E8A
__ptext30                      text30       0019F6
__ptext31                      text31       001F98
__ptext32                      text32       0020F6
__ptext33                      text33       002162
__ptext34                      text34       002190
__ptext35                      text35       00219A
__ptext36                      text36       002084
__ptext37                      text37       00205A
__ptext38                      text38       00202C
__ptext39                      text39       0020D2
__ptext4                       text4        001ED6
__ptext40                      text40       00216E
__ptext41                      text41       00217A
__ptext5                       text5        001BF6
__ptext6                       text6        00122E
__ptext7                       text7        0017FC
__ptext8                       text8        0021A8
__ptext9                       text9        001F64
__ramtop                       ramtop       000E00
__smallconst                   smallconst   000E00
_abs                           text9        001F64
_buggy_lights_init             text38       00202C
_color_click_init              text31       001F98
_color_read_Blue               text21       001E3A
_color_read_Clear              text20       001DEA
_color_read_Green              text19       001D9A
_color_read_Red                text18       001D4A
_color_writetoaddr             text32       0020F6
_dbuf                          bssBANK0     000060
_flags                         bssBANK0     000086
_fputc                         text7        0017FC
_getHSVval                     text24       000E1A
_getRGBCval                    text17       001C4C
_headbuttDelay                 dataBANK0    0000AD
_initDCmotorsPWM               text16       001966
_initUSART4                    text15       002116
_main                          text0        00153A
_manoeuvre_count               bssCOMRAM    00005B
_manoeuvre_pointer             dataBANK0    0000A7
_max                           text28       001FFC
_maxRGB                        text27       001CF6
_maxRGB$3149                   cstackCOMRAM 000009
_min                           text26       001FCC
_minRGB                        text25       001CA2
_minRGB$3150                   cstackCOMRAM 000009
_nout                          bssBANK0     000080
_prec                          bssBANK0     000084
_putch                         text8        0021A8
_rampDelay                     dataCOMRAM   00005A
_reset_timer                   text40       00216E
_return_flag                   bssCOMRAM    00005C
_returning                     bssCOMRAM    00005D
_sendCharSerial4               text14       002134
_sendHSVvalSerial4             text3        001E8A
_sendRGBCvalSerial4            text2        001B98
_sendStringSerial4             text13       001B36
_sprintf                       text4        001ED6
_squareDelay                   dataBANK0    0000AB
_timer_high_pointer            dataCOMRAM   000057
_timer_low_pointer             dataBANK0    0000A9
_toggle_tricolour_LED          text1        001670
_topGearLeft                   dataCOMRAM   000059
_topGearRight                  dataBANK0    0000BC
_trail_manoeuvre               bssBANK1     000100
_trail_timer_high              bssBANK1     000128
_trail_timer_low               bssBANK1     000114
_turn180Delay                  dataBANK0    0000AF
_turnLeft135Delay              dataBANK0    0000B3
_turnLeft90Delay               dataBANK0    0000B7
_turnRight135Delay             dataBANK0    0000B1
_turnRight90Delay              dataBANK0    0000B5
_turningGear                   dataBANK0    0000BB
_vfpfcnvrt                     text6        00122E
_vfprintf                      text5        001BF6
_wall_threshold                dataBANK0    0000B9
_width                         bssBANK0     000082
_write_timer                   text41       00217A
abs@a                          cstackCOMRAM 000007
btemp                          temp         00005E
color_read_Blue@tmp            cstackCOMRAM 00000A
color_read_Clear@tmp           cstackCOMRAM 00000A
color_read_Green@tmp           cstackCOMRAM 00000A
color_read_Red@tmp             cstackCOMRAM 00000A
color_writetoaddr@address      cstackCOMRAM 000004
color_writetoaddr@value        cstackCOMRAM 000003
end_of_initialization          cinit        001AC8
fputc@c                        cstackCOMRAM 000001
fputc@fp                       cstackCOMRAM 000003
getHSVval@BB                   cstackCOMRAM 000020
getHSVval@C                    cstackCOMRAM 000026
getHSVval@GG                   cstackCOMRAM 00001E
getHSVval@H                    cstackCOMRAM 000022
getHSVval@M                    cstackCOMRAM 000024
getHSVval@RR                   cstackCOMRAM 000018
getHSVval@S                    cstackCOMRAM 00001C
getHSVval@m                    cstackCOMRAM 00001A
getHSVval@p1                   cstackCOMRAM 00000E
getHSVval@p2                   cstackCOMRAM 00000F
getRGBCval@p                   cstackCOMRAM 00000C
initDCmotorsPWM@PWMperiod      cstackCOMRAM 000001
int$flags                      temp         00005E
intlevel0                      text         000000
intlevel1                      text         000000
intlevel2                      text         000000
intlevel3                      text         000000
isa$std                        (abs)        000001
isa$xinst                      (abs)        000000
main@HSV_colour                cstackBANK0  000087
main@measured_colour           cstackBANK0  00009F
main@motorL                    cstackBANK0  00008D
main@motorR                    cstackBANK0  000096
max@a                          cstackCOMRAM 000001
max@b                          cstackCOMRAM 000003
max@max_val                    cstackCOMRAM 000005
maxRGB@p                       cstackCOMRAM 000007
min@a                          cstackCOMRAM 000001
min@b                          cstackCOMRAM 000003
min@min_val                    cstackCOMRAM 000005
minRGB@p                       cstackCOMRAM 000007
sendCharSerial4@charToSend     cstackCOMRAM 000001
sendHSVvalSerial4@col_val      cstackCOMRAM 00003A
sendHSVvalSerial4@tempStr      cstackCOMRAM 00003B
sendRGBCvalSerial4@col_val     cstackCOMRAM 00003A
sendRGBCvalSerial4@tempStr     cstackCOMRAM 00003B
sendStringSerial4@string       cstackCOMRAM 000002
sprintf@ap                     cstackCOMRAM 00002D
sprintf@f                      cstackCOMRAM 00002E
sprintf@fmt                    cstackCOMRAM 000022
sprintf@ret                    cstackCOMRAM 00002B
sprintf@s                      cstackCOMRAM 000020
stackhi                        (abs)        000000
stacklo                        (abs)        000000
start                          init         000034
start_initialization           cinit        001A6A
ttemp5                         temp         00005F
ttemp6                         temp         000062
ttemp7                         temp         000066
vfpfcnvrt@ap                   cstackCOMRAM 000010
vfpfcnvrt@c                    cstackCOMRAM 00001B
vfpfcnvrt@cnt                  cstackCOMRAM 000014
vfpfcnvrt@convarg              cstackCOMRAM 000017
vfpfcnvrt@cp                   cstackCOMRAM 000016
vfpfcnvrt@done                 cstackCOMRAM 000013
vfpfcnvrt@fmt                  cstackCOMRAM 00000F
vfpfcnvrt@fp                   cstackCOMRAM 00000E
vfprintf@ap                    cstackCOMRAM 00001E
vfprintf@cfmt                  cstackCOMRAM 00001F
vfprintf@fmt                   cstackCOMRAM 00001D
vfprintf@fp                    cstackCOMRAM 00001C
write_timer@tH                 cstackCOMRAM 000002
write_timer@tL                 cstackCOMRAM 000001
wtemp8                         temp         00005F


MODULE INFORMATION

Module		Function		Class		Link	Load	Size
C:\Program Files\Microchip\xc8\v2.45\pic\sources\c99\common\Umul16.c
		___wmul        		CODE           	20AC	0000	38

C:\Program Files\Microchip\xc8\v2.45\pic\sources\c99\common\Umul16.c estimated size: 38

serial.c
		_sendStringSerial4		CODE           	1B36	0000	98
		_sendRGBCvalSerial4		CODE           	1B98	0000	94
		_sendCharSerial4		CODE           	2134	0000	24
		_sendHSVvalSerial4		CODE           	1E8A	0000	76
		_initUSART4    		CODE           	2116	0000	30

serial.c estimated size: 322

timers.c
		_Timer0_init   		CODE           	20D2	0000	36
		_ISR           		CODE           	0008	0000	44
		_write_timer   		CODE           	217A	0000	12
		_reset_timer   		CODE           	216E	0000	12

timers.c estimated size: 104

color.c
		_color_writetoaddr		CODE           	20F6	0000	32
		_minRGB        		CODE           	1CA2	0000	84
		_min           		CODE           	1FCC	0000	48
		_color_click_init		CODE           	1F98	0000	52
		_getRGBCval    		CODE           	1C4C	0000	86
		_maxRGB        		CODE           	1CF6	0000	84
		_max           		CODE           	1FFC	0000	48
		_color_read_Green		CODE           	1D9A	0000	80
		_color_read_Clear		CODE           	1DEA	0000	80
		_getHSVval     		CODE           	0E1A	0000	1044
		_color_read_Red		CODE           	1D4A	0000	80
		_color_read_Blue		CODE           	1E3A	0000	80

color.c estimated size: 1798

dc_motor.c
		_initDCmotorsPWM		CODE           	1966	0000	144

dc_motor.c estimated size: 144

buggy_lights.c
		_buggy_lights_init		CODE           	202C	0000	46
		_toggle_tricolour_LED		CODE           	1670	0000	200

buggy_lights.c estimated size: 246

i2c.c
		_I2C_2_Master_Start		CODE           	219A	0000	10
		_I2C_2_Master_Read		CODE           	1F22	0000	66
		_I2C_2_Master_Idle		CODE           	2084	0000	40
		_I2C_2_Master_Init		CODE           	205A	0000	42
		_I2C_2_Master_Stop		CODE           	2190	0000	10
		_I2C_2_Master_RepStart		CODE           	2186	0000	10
		_I2C_2_Master_Write		CODE           	2162	0000	12

i2c.c estimated size: 190

C:\Program Files\Microchip\xc8\v2.45\pic\sources\c99\common\nf_sprintf.c
		_sprintf       		CODE           	1ED6	0000	76

C:\Program Files\Microchip\xc8\v2.45\pic\sources\c99\common\nf_sprintf.c estimated size: 76

C:\Program Files\Microchip\xc8\v2.45\pic\sources\c99\common\lwmod.c
		___lwmod       		CODE           	1AD2	0000	100

C:\Program Files\Microchip\xc8\v2.45\pic\sources\c99\common\lwmod.c estimated size: 100

C:\Program Files\Microchip\xc8\v2.45\pic\sources\c99\common\awmod.c
		___awmod       		CODE           	18B6	0000	176

C:\Program Files\Microchip\xc8\v2.45\pic\sources\c99\common\awmod.c estimated size: 176

C:\Program Files\Microchip\xc8\v2.45\pic\sources\c99\common\putch.c
		_putch         		CODE           	21A8	0000	2

C:\Program Files\Microchip\xc8\v2.45\pic\sources\c99\common\putch.c estimated size: 2

shared
		__initialization		CODE           	1A6A	0000	94

shared estimated size: 94

C:\Program Files\Microchip\xc8\v2.45\pic\sources\c99\common\abs.c
		_abs           		CODE           	1F64	0000	52

C:\Program Files\Microchip\xc8\v2.45\pic\sources\c99\common\abs.c estimated size: 52

main.c
		_main          		CODE           	153A	0000	310

main.c estimated size: 310

C:\Program Files\Microchip\xc8\v2.45\pic\sources\c99\common\nf_fputc.c
		_fputc         		CODE           	17FC	0000	186

C:\Program Files\Microchip\xc8\v2.45\pic\sources\c99\common\nf_fputc.c estimated size: 186

C:\Program Files\Microchip\xc8\v2.45\pic\sources\c99\common\doprnt.c
		_vfpfcnvrt     		CODE           	122E	0000	780
		_vfprintf      		CODE           	1BF6	0000	86

C:\Program Files\Microchip\xc8\v2.45\pic\sources\c99\common\doprnt.c estimated size: 866

C:\Program Files\Microchip\xc8\v2.45\pic\sources\c99\common\lwdiv.c
		___lwdiv       		CODE           	19F6	0000	116

C:\Program Files\Microchip\xc8\v2.45\pic\sources\c99\common\lwdiv.c estimated size: 116

C:\Program Files\Microchip\xc8\v2.45\pic\sources\c99\common\awdiv.c
		___awdiv       		CODE           	1738	0000	196

C:\Program Files\Microchip\xc8\v2.45\pic\sources\c99\common\awdiv.c estimated size: 196

