Microchip MPLAB XC8 Compiler V2.45

Linker command line:

-W-3 \
  --edf=C:\Program Files\Microchip\xc8\v2.45\pic\dat\20230818022343_en.msgs \
  -cn \
  -h+dist/default/production\final-project-gorakh-boris.X.production.sym \
  --cmf=dist/default/production\final-project-gorakh-boris.X.production.cmf \
  -z -Q18F67K40 -oC:\Users\boris\AppData\Local\Temp\xcAsa6k.\driver_tmp_3.o \
  --defsym=__MPLAB_BUILD=1 --fixupoverflow=error \
  -Mdist/default/production/final-project-gorakh-boris.X.production.map \
  --md=C:\Users\boris\AppData\Local\Temp\xcAsa6k.\driver_tmp_0.dat -E1 \
  -ver=XC8 Compiler --acfsm=1493 -ACODE=00h-01FFFFh -ACONST=00h-01FFFFh \
  -ASMALLCONST=0E00h-0EFFhx498 -AMEDIUMCONST=0E00h-0FFFFh,010E00h-01FFFFh \
  -ACOMRAM=01h-05Fh -AABS1=00h-0DE9h -ABIGRAM=01h-0DE9h \
  -ARAM=060h-0FFh,0100h-01FFhx12,0D00h-0DE9h -ABANK0=060h-0FFh \
  -ABANK1=0100h-01FFh -ABANK2=0200h-02FFh -ABANK3=0300h-03FFh \
  -ABANK4=0400h-04FFh -ABANK5=0500h-05FFh -ABANK6=0600h-06FFh \
  -ABANK7=0700h-07FFh -ABANK8=0800h-08FFh -ABANK9=0900h-09FFh \
  -ABANK10=0A00h-0AFFh -ABANK11=0B00h-0BFFh -ABANK12=0C00h-0CFFh \
  -ABANK13=0D00h-0DE9h \
  -ASFR=0DEFh-0DFFh,0E00h-0EFFh,0F00h-0F5Fh,0F60h-0FFFh \
  -ABIGSFR=0DEFh-0FFFh -ACONFIG=0300000h-030000Bh -AIDLOC=0200000h-020000Fh \
  -AEEDATA=0310000h-03103FFh -peeprom_data=EEDATA \
  -preset_vec=00h,intcode=08h,intcodelo,powerup,init -pramtop=0E00h \
  -psmallconst=SMALLCONST -pmediumconst=MEDIUMCONST -pconst=CONST \
  -AFARRAM=00h-00h \
  -prdata=COMRAM,nvrram=COMRAM,nvbit=COMRAM,rbss=COMRAM,rbit=COMRAM \
  -pfarbss=FARRAM,fardata=FARRAM,nvFARRAM=FARRAM \
  -pintsave_regs=BIGRAM,bigbss=BIGRAM,bigdata=BIGRAM -pbss=RAM \
  -pidata=CODE,irdata=CODE,ibigdata=CODE,ifardata=CODE -prparam=COMRAM \
  C:\Users\boris\AppData\Local\Temp\xcAsa6k.\driver_tmp_14.o \
  dist/default/production\final-project-gorakh-boris.X.production.o 

Object code version is 3.11

Machine type is 18F67K40



                Name                               Link     Load   Length Selector   Space Scale
C:\Users\boris\AppData\Local\Temp\xcAsa6k.\driver_tmp_14.o
                idloc                            200000   200000       10        0       5
                config                           300000   300000        C        0       4
                init                                 38       38        4        4       0
                reset_vec                             0        0        4        0       0
dist/default/production\final-project-gorakh-boris.X.production.o
                intcode                               8        8       30        4       0
                idloc                            200000   200000       10        0       5
                config                           300000   300000        C        0       4
                temp                                 5F       5F        1        1       1
                smallconst                          E00      E00        C      700       0
                text29                             17E2     17E2       28      BDD       0
                text28                             1738     1738       2E      706       0
                text27                             1766     1766       2A      706       0
                text26                             17BA     17BA       28      BDD       0
                text25                             18A2     18A2        A      BDD       0
                text24                             1898     1898        A      BDD       0
                text23                             1882     1882        C      BDD       0
                text22                             182C     182C       20      BDD       0
                text21                             1704     1704       34      706       0
                text20                             168E     168E       42      706       0
                text19                             188E     188E        A      BDD       0
                text18                             15B0     15B0       50      706       0
                text17                             1560     1560       50      706       0
                text16                             1510     1510       50      706       0
                text15                             14C0     14C0       50      706       0
                text14                             146A     146A       56      706       0
                text13                             1322     1322       90      706       0
                text12                             184C     184C       1E      BDD       0
                text11                             186A     186A       18      BDD       0
                text10                             13B2     13B2       62      706       0
                text9                              10F4     10F4       C4      706       0
                text8                              1272     1272       B0      706       0
                text7                              16D0     16D0       34      706       0
                text6                              18AC     18AC        2      BDD       0
                text5                              11B8     11B8       BA      706       0
                text4                               E0C      E0C      1F6      706       0
                text3                              1414     1414       56      706       0
                text2                              1600     1600       4C      706       0
                text1                              180A     180A       22      BDD       0
                text0                              1002     1002       F2      706       0
                cstackCOMRAM                          1        1       5E        1       1
                bssBANK1                            100      100       3C      100       1
                dataBANK0                            CA       CA       29       60       1
                bssBANK0                             60       60       6A       60       1
                cinit                              164C     164C       42      706       0
                idataBANK0                         1790     1790       29      706       0

TOTAL           Name                               Link     Load   Length     Space
        CLASS   CODE           
                intcode                               8        8       30         0
                init                                 38       38        4         0
                reset_vec                             0        0        4         0
                text29                             17E2     17E2       28         0
                text28                             1738     1738       2E         0
                text27                             1766     1766       2A         0
                text26                             17BA     17BA       28         0
                text25                             18A2     18A2        A         0
                text24                             1898     1898        A         0
                text23                             1882     1882        C         0
                text22                             182C     182C       20         0
                text21                             1704     1704       34         0
                text20                             168E     168E       42         0
                text19                             188E     188E        A         0
                text18                             15B0     15B0       50         0
                text17                             1560     1560       50         0
                text16                             1510     1510       50         0
                text15                             14C0     14C0       50         0
                text14                             146A     146A       56         0
                text13                             1322     1322       90         0
                text12                             184C     184C       1E         0
                text11                             186A     186A       18         0
                text10                             13B2     13B2       62         0
                text9                              10F4     10F4       C4         0
                text8                              1272     1272       B0         0
                text7                              16D0     16D0       34         0
                text6                              18AC     18AC        2         0
                text5                              11B8     11B8       BA         0
                text4                               E0C      E0C      1F6         0
                text3                              1414     1414       56         0
                text2                              1600     1600       4C         0
                text1                              180A     180A       22         0
                text0                              1002     1002       F2         0
                cinit                              164C     164C       42         0
                idataBANK0                         1790     1790       29         0

        CLASS   CONST          

        CLASS   SMALLCONST     
                smallconst                          E00      E00        C         0

        CLASS   MEDIUMCONST    

        CLASS   COMRAM         
                temp                                 5F       5F        1         1
                cstackCOMRAM                          1        1       5E         1

        CLASS   ABS1           

        CLASS   BIGRAM         

        CLASS   RAM            

        CLASS   BANK0          
                dataBANK0                            CA       CA       29         1
                bssBANK0                             60       60       6A         1

        CLASS   BANK1          
                bssBANK1                            100      100       3C         1

        CLASS   BANK2          

        CLASS   BANK3          

        CLASS   BANK4          

        CLASS   BANK5          

        CLASS   BANK6          

        CLASS   BANK7          

        CLASS   BANK8          

        CLASS   BANK9          

        CLASS   BANK10         

        CLASS   BANK11         

        CLASS   BANK12         

        CLASS   BANK13         

        CLASS   SFR            

        CLASS   BIGSFR         

        CLASS   CONFIG         
                config                           300000   300000        C         4

        CLASS   IDLOC          
                idloc                            200000   200000       10         5

        CLASS   EEDATA         

        CLASS   FARRAM         

        CLASS   HEAP           

        CLASS   STACK          



SEGMENTS        Name                           Load    Length   Top    Selector   Space  Class

                reset_vec                      000000  000004  000004         0       0  CODE    
                cstackCOMRAM                   000001  00005F  000060         1       1  COMRAM  
                intcode                        000008  000034  00003C         4       0  CODE    
                bssBANK0                       000060  000093  0000F3        60       1  BANK0   
                bssBANK1                       000100  00003C  00013C       100       1  BANK1   
                smallconst                     000E00  00000C  000E0C       700       0  SMALLCON
                text4                          000E0C  0009AD  0017B9       706       0  CODE    
                text26                         0017BA  0000F4  0018AE       BDD       0  CODE    


UNUSED ADDRESS RANGES

        Name                Unused          Largest block    Delta
        BANK0            0000F3-0000FF                D
        BANK1            00013C-0001FF               C4
        BANK10           000A00-000AFF              100
        BANK11           000B00-000BFF              100
        BANK12           000C00-000CFF              100
        BANK13           000D00-000DE9               EA
        BANK2            000200-0002FF              100
        BANK3            000300-0003FF              100
        BANK4            000400-0004FF              100
        BANK5            000500-0005FF              100
        BANK6            000600-0006FF              100
        BANK7            000700-0007FF              100
        BANK8            000800-0008FF              100
        BANK9            000900-0009FF              100
        BIGRAM           0000F3-0000FF                D
                         00013C-000DE9              CAE
        BIGSFR           000DEF-000FFF              211
        CODE             000004-000007                4
                         00003C-000DFF              DC4
                         0017B9-0017B9                1
                         0018AE-01FFFF            1E752
        CONST            000004-000007                4
                         00003C-000DFF              DC4
                         0017B9-0017B9                1
                         0018AE-01FFFF            1E752
        EEDATA           310000-3103FF              400
        MEDIUMCONST      0017B9-0017B9                1
                         0018AE-00FFFF             E752
                         010E00-01FFFF             F200
        RAM              0000F3-0000FF                D
                         00013C-000DE9              100
        SFR              000DEF-000FFF              100
        SMALLCONST       0017B9-0017B9                1
                         0018AE-01FFFF              100

                                  Symbol Table

?___awdiv                      cstackCOMRAM 000001
?___awmod                      cstackCOMRAM 000001
?_abs                          cstackCOMRAM 000007
?_color_read_Blue              cstackCOMRAM 000005
?_color_read_Clear             cstackCOMRAM 000005
?_color_read_Green             cstackCOMRAM 000005
?_color_read_Red               cstackCOMRAM 000005
?_sprintf                      cstackCOMRAM 00001C
?_vfpfcnvrt                    cstackCOMRAM 00000B
?_vfprintf                     cstackCOMRAM 000018
I2C_2_Master_Read@ack          cstackCOMRAM 000003
I2C_2_Master_Read@tmp          cstackCOMRAM 000004
I2C_2_Master_Write@data_byte   cstackCOMRAM 000002
_ANSELDbits                    (abs)        000EA7
_ANSELFbits                    (abs)        000EB4
_BAUD4CONbits                  (abs)        000EE9
_CCP1CONbits                   (abs)        000FAB
_CCP2CONbits                   (abs)        000FA7
_CCP3CONbits                   (abs)        000F26
_CCP4CONbits                   (abs)        000F22
_CCPR1H                        (abs)        000FAA
_CCPR2H                        (abs)        000FA6
_CCPR3H                        (abs)        000F25
_CCPR4H                        (abs)        000F21
_CCPTMRS0bits                  (abs)        000FAD
_EUSART4RXbuf                  bssBANK0     000080
_EUSART4TXbuf                  bssBANK1     000100
_I2C_2_Master_Idle             text26       0017BA
_I2C_2_Master_Init             text27       001766
_I2C_2_Master_Read             text20       00168E
_I2C_2_Master_RepStart         text19       00188E
_I2C_2_Master_Start            text25       0018A2
_I2C_2_Master_Stop             text24       001898
_I2C_2_Master_Write            text23       001882
_INTCONbits                    (abs)        000FF2
_ISR                           intcode      000008
_LATAbits                      (abs)        000F79
_LATCbits                      (abs)        000F7B
_LATDbits                      (abs)        000F7C
_LATEbits                      (abs)        000F7D
_LATFbits                      (abs)        000F7E
_LATGbits                      (abs)        000F7F
_LATHbits                      (abs)        000F80
_PIE0bits                      (abs)        000E29
_PIE4bits                      (abs)        000E2D
_PIR0bits                      (abs)        000E33
_PIR4bits                      (abs)        000E37
_PORTFbits                     (abs)        000F8E
_RC0PPS                        (abs)        000E62
_RC4REG                        (abs)        000EE3
_RC4STAbits                    (abs)        000EE7
_RC7PPS                        (abs)        000E69
_RD5PPS                        (abs)        000E6F
_RD6PPS                        (abs)        000E70
_RE2PPS                        (abs)        000E74
_RE4PPS                        (abs)        000E76
_RG6PPS                        (abs)        000E88
_RX4PPS                        (abs)        000E15
_RxBufReadCnt                  bssBANK0     0000A0
_RxBufWriteCnt                 bssBANK0     0000A1
_SP4BRGH                       (abs)        000EE6
_SP4BRGL                       (abs)        000EE5
_SSP2ADD                       (abs)        000ED6
_SSP2BUF                       (abs)        000ED5
_SSP2CLKPPS                    (abs)        000E1C
_SSP2CON1bits                  (abs)        000ED9
_SSP2CON2                      (abs)        000EDA
_SSP2CON2bits                  (abs)        000EDA
_SSP2DATPPS                    (abs)        000E1D
_SSP2STAT                      (abs)        000ED8
_T0CON0bits                    (abs)        000FD5
_T0CON1bits                    (abs)        000FD6
_T2CLKCONbits                  (abs)        000FBF
_T2CONbits                     (abs)        000FBD
_T2HLTbits                     (abs)        000FBE
_T2PR                          (abs)        000FBC
_TMR0H                         (abs)        000FD4
_TMR0L                         (abs)        000FD3
_TRISAbits                     (abs)        000F81
_TRISCbits                     (abs)        000F83
_TRISDbits                     (abs)        000F84
_TRISEbits                     (abs)        000F85
_TRISFbits                     (abs)        000F86
_TRISGbits                     (abs)        000F87
_TRISHbits                     (abs)        000F88
_TX4REG                        (abs)        000EE4
_TX4STAbits                    (abs)        000EE8
_Timer0_init                   text29       0017E2
_TxBufReadCnt                  bssBANK0     00009E
_TxBufWriteCnt                 bssBANK0     00009F
__HRAM                         (abs)        000000
__H__absolute__                __absolute__ 000000
__Habs1                        abs1         000000
__Hbank0                       bank0        000000
__Hbank1                       bank1        000000
__Hbank10                      bank10       000000
__Hbank11                      bank11       000000
__Hbank12                      bank12       000000
__Hbank13                      bank13       000000
__Hbank2                       bank2        000000
__Hbank3                       bank3        000000
__Hbank4                       bank4        000000
__Hbank5                       bank5        000000
__Hbank6                       bank6        000000
__Hbank7                       bank7        000000
__Hbank8                       bank8        000000
__Hbank9                       bank9        000000
__Hbigbss                      bigbss       000000
__Hbigdata                     bigdata      000000
__Hbigram                      bigram       000000
__Hbigsfr                      bigsfr       000000
__Hbss                         bss          000000
__HbssBANK0                    bssBANK0     000000
__HbssBANK1                    bssBANK1     000000
__Hcinit                       cinit        000000
__Hclrtext                     clrtext      000000
__Hcomram                      comram       000000
__Hconfig                      config       30000C
__Hconst                       const        000000
__HcstackCOMRAM                cstackCOMRAM 000000
__Hdata                        data         000000
__HdataBANK0                   dataBANK0    000000
__Heeprom_data                 eeprom_data  000000
__Hfarbss                      farbss       000000
__Hfardata                     fardata      000000
__Hheap                        heap         000000
__Hibigdata                    ibigdata     000000
__Hidata                       idata        000000
__HidataBANK0                  idataBANK0   000000
__Hidloc                       idloc        200010
__Hifardata                    ifardata     000000
__Hinit                        init         00003C
__Hintcode                     intcode      000038
__Hintcode_body                intcode_body 000000
__Hintcodelo                   intcodelo    000038
__Hintentry                    intentry     000000
__Hintret                      intret       000000
__Hintsave_regs                intsave_regs 000000
__Hirdata                      irdata       000000
__Hmediumconst                 mediumconst  000000
__HnvFARRAM                    nvFARRAM     000000
__Hnvbit                       nvbit        000000
__Hnvrram                      nvrram       000000
__Hparam                       rparam       000000
__Hpowerup                     powerup      000038
__Hram                         ram          000000
__Hramtop                      ramtop       000E00
__Hrbit                        rbit         000000
__Hrbss                        rbss         000000
__Hrdata                       rdata        000000
__Hreset_vec                   reset_vec    000004
__Hrparam                      rparam       000000
__Hsfr                         sfr          000000
__Hsmallconst                  smallconst   000E0C
__Hspace_0                     (abs)        0018AE
__Hspace_1                     (abs)        00013C
__Hspace_2                     (abs)        000000
__Hspace_4                     (abs)        60000C
__Hstack                       stack        000000
__Hstruct                      struct       000000
__Htemp                        temp         000060
__Htext                        text         000000
__Htext0                       text0        000000
__Htext1                       text1        000000
__Htext10                      text10       000000
__Htext11                      text11       000000
__Htext12                      text12       000000
__Htext13                      text13       000000
__Htext14                      text14       000000
__Htext15                      text15       000000
__Htext16                      text16       000000
__Htext17                      text17       000000
__Htext18                      text18       000000
__Htext19                      text19       000000
__Htext2                       text2        000000
__Htext20                      text20       000000
__Htext21                      text21       000000
__Htext22                      text22       000000
__Htext23                      text23       000000
__Htext24                      text24       000000
__Htext25                      text25       000000
__Htext26                      text26       000000
__Htext27                      text27       000000
__Htext28                      text28       000000
__Htext29                      text29       000000
__Htext3                       text3        000000
__Htext4                       text4        000000
__Htext5                       text5        000000
__Htext6                       text6        000000
__Htext7                       text7        000000
__Htext8                       text8        000000
__Htext9                       text9        000000
__LRAM                         (abs)        000001
__L__absolute__                __absolute__ 000000
__Labs1                        abs1         000000
__Lbank0                       bank0        000000
__Lbank1                       bank1        000000
__Lbank10                      bank10       000000
__Lbank11                      bank11       000000
__Lbank12                      bank12       000000
__Lbank13                      bank13       000000
__Lbank2                       bank2        000000
__Lbank3                       bank3        000000
__Lbank4                       bank4        000000
__Lbank5                       bank5        000000
__Lbank6                       bank6        000000
__Lbank7                       bank7        000000
__Lbank8                       bank8        000000
__Lbank9                       bank9        000000
__Lbigbss                      bigbss       000000
__Lbigdata                     bigdata      000000
__Lbigram                      bigram       000000
__Lbigsfr                      bigsfr       000000
__Lbss                         bss          000000
__LbssBANK0                    bssBANK0     000000
__LbssBANK1                    bssBANK1     000000
__Lcinit                       cinit        000000
__Lclrtext                     clrtext      000000
__Lcomram                      comram       000000
__Lconfig                      config       000000
__Lconst                       const        000000
__LcstackCOMRAM                cstackCOMRAM 000000
__Ldata                        data         000000
__LdataBANK0                   dataBANK0    000000
__Leeprom_data                 eeprom_data  000000
__Lfarbss                      farbss       000000
__Lfardata                     fardata      000000
__Lheap                        heap         000000
__Libigdata                    ibigdata     000000
__Lidata                       idata        000000
__LidataBANK0                  idataBANK0   000000
__Lidloc                       idloc        000000
__Lifardata                    ifardata     000000
__Linit                        init         000038
__Lintcode                     intcode      000008
__Lintcode_body                intcode_body 000000
__Lintcodelo                   intcodelo    000038
__Lintentry                    intentry     000000
__Lintret                      intret       000000
__Lintsave_regs                intsave_regs 000000
__Lirdata                      irdata       000000
__Lmediumconst                 mediumconst  000000
__LnvFARRAM                    nvFARRAM     000000
__Lnvbit                       nvbit        000000
__Lnvrram                      nvrram       000000
__Lparam                       rparam       000000
__Lpowerup                     powerup      000038
__Lram                         ram          000000
__Lramtop                      ramtop       000E00
__Lrbit                        rbit         000000
__Lrbss                        rbss         000000
__Lrdata                       rdata        000000
__Lreset_vec                   reset_vec    000000
__Lrparam                      rparam       000000
__Lsfr                         sfr          000000
__Lsmallconst                  smallconst   000E00
__Lspace_0                     (abs)        000000
__Lspace_1                     (abs)        000000
__Lspace_2                     (abs)        000000
__Lspace_4                     (abs)        000000
__Lstack                       stack        000000
__Lstruct                      struct       000000
__Ltemp                        temp         00005F
__Ltext                        text         000000
__Ltext0                       text0        000000
__Ltext1                       text1        000000
__Ltext10                      text10       000000
__Ltext11                      text11       000000
__Ltext12                      text12       000000
__Ltext13                      text13       000000
__Ltext14                      text14       000000
__Ltext15                      text15       000000
__Ltext16                      text16       000000
__Ltext17                      text17       000000
__Ltext18                      text18       000000
__Ltext19                      text19       000000
__Ltext2                       text2        000000
__Ltext20                      text20       000000
__Ltext21                      text21       000000
__Ltext22                      text22       000000
__Ltext23                      text23       000000
__Ltext24                      text24       000000
__Ltext25                      text25       000000
__Ltext26                      text26       000000
__Ltext27                      text27       000000
__Ltext28                      text28       000000
__Ltext29                      text29       000000
__Ltext3                       text3        000000
__Ltext4                       text4        000000
__Ltext5                       text5        000000
__Ltext6                       text6        000000
__Ltext7                       text7        000000
__Ltext8                       text8        000000
__Ltext9                       text9        000000
__S0                           (abs)        0018AE
__S1                           (abs)        00013C
__S4                           (abs)        000000
__S5                           (abs)        000000
___awdiv                       text9        0010F4
___awdiv@counter               cstackCOMRAM 000005
___awdiv@dividend              cstackCOMRAM 000001
___awdiv@divisor               cstackCOMRAM 000003
___awdiv@quotient              cstackCOMRAM 000007
___awdiv@sign                  cstackCOMRAM 000006
___awmod                       text8        001272
___awmod@counter               cstackCOMRAM 000005
___awmod@dividend              cstackCOMRAM 000001
___awmod@divisor               cstackCOMRAM 000003
___awmod@sign                  cstackCOMRAM 000006
___heap_hi                     (abs)        000000
___heap_lo                     (abs)        000000
___inthi_sp                    stack        000000
___inthi_stack_hi              stack        000000
___inthi_stack_lo              stack        000000
___intlo_sp                    stack        000000
___intlo_stack_hi              stack        000000
___intlo_stack_lo              stack        000000
___param_bank                  (abs)        000000
___rparam_used                 (abs)        000001
___sp                          stack        000000
___stack_hi                    stack        000000
___stack_lo                    stack        000000
__accesstop                    (abs)        000060
__activetblptr                 (abs)        000003
__end_of_I2C_2_Master_Idle     text26       0017E2
__end_of_I2C_2_Master_Init     text27       001790
__end_of_I2C_2_Master_Read     text20       0016D0
__end_of_I2C_2_Master_RepStart text19       001898
__end_of_I2C_2_Master_Start    text25       0018AC
__end_of_I2C_2_Master_Stop     text24       0018A2
__end_of_I2C_2_Master_Write    text23       00188E
__end_of_ISR                   intcode      000038
__end_of_Timer0_init           text29       00180A
__end_of___awdiv               text9        0011B8
__end_of___awmod               text8        001322
__end_of__initialization       cinit        001684
__end_of_abs                   text7        001704
__end_of_buggy_lights_init     text28       001766
__end_of_color_click_init      text21       001738
__end_of_color_read_Blue       text18       001600
__end_of_color_read_Clear      text17       0015B0
__end_of_color_read_Green      text16       001560
__end_of_color_read_Red        text15       001510
__end_of_color_writetoaddr     text22       00184C
__end_of_fputc                 text5        001272
__end_of_getRGBCval            text14       0014C0
__end_of_initDCmotorsPWM       text13       0013B2
__end_of_initUSART4            text12       00186A
__end_of_main                  text0        0010F4
__end_of_putch                 text6        0018AE
__end_of_sendCharSerial4       text11       001882
__end_of_sendIntSerial4        text1        00182C
__end_of_sendStringSerial4     text10       001414
__end_of_sprintf               text2        00164C
__end_of_vfpfcnvrt             text4        001002
__end_of_vfprintf              text3        00146A
__initialization               cinit        00164C
__mediumconst                  mediumconst  000000
__pbssBANK0                    bssBANK0     000060
__pbssBANK1                    bssBANK1     000100
__pcinit                       cinit        00164C
__pcstackCOMRAM                cstackCOMRAM 000001
__pdataBANK0                   dataBANK0    0000CA
__pidataBANK0                  idataBANK0   001790
__pintcode                     intcode      000008
__psmallconst                  smallconst   000E00
__ptext0                       text0        001002
__ptext1                       text1        00180A
__ptext10                      text10       0013B2
__ptext11                      text11       00186A
__ptext12                      text12       00184C
__ptext13                      text13       001322
__ptext14                      text14       00146A
__ptext15                      text15       0014C0
__ptext16                      text16       001510
__ptext17                      text17       001560
__ptext18                      text18       0015B0
__ptext19                      text19       00188E
__ptext2                       text2        001600
__ptext20                      text20       00168E
__ptext21                      text21       001704
__ptext22                      text22       00182C
__ptext23                      text23       001882
__ptext24                      text24       001898
__ptext25                      text25       0018A2
__ptext26                      text26       0017BA
__ptext27                      text27       001766
__ptext28                      text28       001738
__ptext29                      text29       0017E2
__ptext3                       text3        001414
__ptext4                       text4        000E0C
__ptext5                       text5        0011B8
__ptext6                       text6        0018AC
__ptext7                       text7        0016D0
__ptext8                       text8        001272
__ptext9                       text9        0010F4
__ramtop                       ramtop       000E00
__smallconst                   smallconst   000E00
_abs                           text7        0016D0
_buggy_lights_init             text28       001738
_color_click_init              text21       001704
_color_read_Blue               text18       0015B0
_color_read_Clear              text17       001560
_color_read_Green              text16       001510
_color_read_Red                text15       0014C0
_color_writetoaddr             text22       00182C
_dbuf                          bssBANK0     000060
_flags                         bssBANK0     00009A
_fputc                         text5        0011B8
_getRGBCval                    text14       00146A
_headbuttDelay                 dataBANK0    0000CC
_initDCmotorsPWM               text13       001322
_initUSART4                    text12       00184C
_main                          text0        001002
_manoeuvre_count               bssBANK0     00009B
_manoeuvre_pointer             dataBANK0    0000D8
_nout                          bssBANK0     000094
_prec                          bssBANK0     000098
_putch                         text6        0018AC
_rampDelay                     dataBANK0    0000DE
_returnFlag                    bssBANK0     00009C
_returning                     bssBANK0     00009D
_sendCharSerial4               text11       00186A
_sendIntSerial4                text1        00180A
_sendStringSerial4             text10       0013B2
_sprintf                       text2        001600
_squareDelay                   dataBANK0    0000CA
_timer_high_pointer            dataBANK0    0000DA
_timer_low_pointer             dataBANK0    0000D9
_topGearLeft                   dataBANK0    0000DD
_topGearRight                  dataBANK0    0000DC
_trail_manoeuvre               bssBANK0     0000A2
_trail_timer_high              dataBANK0    0000DF
_trail_timer_low               bssBANK0     0000B6
_turn180Delay                  dataBANK0    0000CE
_turnLeft135Delay              dataBANK0    0000D2
_turnLeft90Delay               dataBANK0    0000D6
_turnRight135Delay             dataBANK0    0000D0
_turnRight90Delay              dataBANK0    0000D4
_turningGear                   dataBANK0    0000DB
_vfpfcnvrt                     text4        000E0C
_vfprintf                      text3        001414
_width                         bssBANK0     000096
abs@a                          cstackCOMRAM 000007
btemp                          temp         00005F
color_read_Blue@tmp            cstackCOMRAM 00000A
color_read_Clear@tmp           cstackCOMRAM 00000A
color_read_Green@tmp           cstackCOMRAM 00000A
color_read_Red@tmp             cstackCOMRAM 00000A
color_writetoaddr@address      cstackCOMRAM 000004
color_writetoaddr@value        cstackCOMRAM 000003
end_of_initialization          cinit        001684
fputc@c                        cstackCOMRAM 000001
fputc@fp                       cstackCOMRAM 000003
getRGBCval@p                   cstackCOMRAM 00000C
initDCmotorsPWM@PWMperiod      cstackCOMRAM 000001
int$flags                      temp         00005F
intlevel0                      text         000000
intlevel1                      text         000000
intlevel2                      text         000000
intlevel3                      text         000000
isa$std                        (abs)        000001
isa$xinst                      (abs)        000000
main@measured_colour           cstackCOMRAM 000045
main@motorL                    cstackCOMRAM 00004D
main@motorR                    cstackCOMRAM 000056
sendCharSerial4@charToSend     cstackCOMRAM 000001
sendIntSerial4@integer         cstackCOMRAM 000030
sendIntSerial4@string          cstackCOMRAM 000032
sendStringSerial4@string       cstackCOMRAM 000002
sprintf@ap                     cstackCOMRAM 000023
sprintf@f                      cstackCOMRAM 000024
sprintf@fmt                    cstackCOMRAM 00001E
sprintf@ret                    cstackCOMRAM 000021
sprintf@s                      cstackCOMRAM 00001C
stackhi                        (abs)        000000
stacklo                        (abs)        000000
start                          init         000038
start_initialization           cinit        00164C
ttemp5                         temp         000060
ttemp6                         temp         000063
ttemp7                         temp         000067
vfpfcnvrt@ap                   cstackCOMRAM 00000D
vfpfcnvrt@c                    cstackCOMRAM 000017
vfpfcnvrt@cnt                  cstackCOMRAM 000010
vfpfcnvrt@convarg              cstackCOMRAM 000013
vfpfcnvrt@cp                   cstackCOMRAM 000012
vfpfcnvrt@done                 cstackCOMRAM 00000F
vfpfcnvrt@fmt                  cstackCOMRAM 00000C
vfpfcnvrt@fp                   cstackCOMRAM 00000B
vfprintf@ap                    cstackCOMRAM 00001A
vfprintf@cfmt                  cstackCOMRAM 00001B
vfprintf@fmt                   cstackCOMRAM 000019
vfprintf@fp                    cstackCOMRAM 000018
wtemp8                         temp         000060


MODULE INFORMATION

Module		Function		Class		Link	Load	Size
serial.c
		_sendStringSerial4		CODE           	13B2	0000	98
		_sendIntSerial4		CODE           	180A	0000	34
		_sendCharSerial4		CODE           	186A	0000	24
		_initUSART4    		CODE           	184C	0000	30

serial.c estimated size: 186

timers.c
		_Timer0_init   		CODE           	17E2	0000	40
		_ISR           		CODE           	0008	0000	48

timers.c estimated size: 88

color.c
		_color_writetoaddr		CODE           	182C	0000	32
		_color_click_init		CODE           	1704	0000	52
		_getRGBCval    		CODE           	146A	0000	86
		_color_read_Green		CODE           	1510	0000	80
		_color_read_Clear		CODE           	1560	0000	80
		_color_read_Red		CODE           	14C0	0000	80
		_color_read_Blue		CODE           	15B0	0000	80

color.c estimated size: 490

dc_motor.c
		_initDCmotorsPWM		CODE           	1322	0000	144

dc_motor.c estimated size: 144

buggy_lights.c
		_buggy_lights_init		CODE           	1738	0000	46

buggy_lights.c estimated size: 46

i2c.c
		_I2C_2_Master_Start		CODE           	18A2	0000	10
		_I2C_2_Master_Read		CODE           	168E	0000	66
		_I2C_2_Master_Idle		CODE           	17BA	0000	40
		_I2C_2_Master_Init		CODE           	1766	0000	42
		_I2C_2_Master_Stop		CODE           	1898	0000	10
		_I2C_2_Master_RepStart		CODE           	188E	0000	10
		_I2C_2_Master_Write		CODE           	1882	0000	12

i2c.c estimated size: 190

C:\Program Files\Microchip\xc8\v2.45\pic\sources\c99\common\nf_sprintf.c
		_sprintf       		CODE           	1600	0000	76

C:\Program Files\Microchip\xc8\v2.45\pic\sources\c99\common\nf_sprintf.c estimated size: 76

C:\Program Files\Microchip\xc8\v2.45\pic\sources\c99\common\awmod.c
		___awmod       		CODE           	1272	0000	176

C:\Program Files\Microchip\xc8\v2.45\pic\sources\c99\common\awmod.c estimated size: 176

C:\Program Files\Microchip\xc8\v2.45\pic\sources\c99\common\putch.c
		_putch         		CODE           	18AC	0000	2

C:\Program Files\Microchip\xc8\v2.45\pic\sources\c99\common\putch.c estimated size: 2

shared
		__initialization		CODE           	164C	0000	56

shared estimated size: 56

C:\Program Files\Microchip\xc8\v2.45\pic\sources\c99\common\abs.c
		_abs           		CODE           	16D0	0000	52

C:\Program Files\Microchip\xc8\v2.45\pic\sources\c99\common\abs.c estimated size: 52

main.c
		_main          		CODE           	1002	0000	242

main.c estimated size: 242

C:\Program Files\Microchip\xc8\v2.45\pic\sources\c99\common\nf_fputc.c
		_fputc         		CODE           	11B8	0000	186

C:\Program Files\Microchip\xc8\v2.45\pic\sources\c99\common\nf_fputc.c estimated size: 186

C:\Program Files\Microchip\xc8\v2.45\pic\sources\c99\common\doprnt.c
		_vfpfcnvrt     		CODE           	0E0C	0000	502
		_vfprintf      		CODE           	1414	0000	86

C:\Program Files\Microchip\xc8\v2.45\pic\sources\c99\common\doprnt.c estimated size: 588

C:\Program Files\Microchip\xc8\v2.45\pic\sources\c99\common\awdiv.c
		___awdiv       		CODE           	10F4	0000	196

C:\Program Files\Microchip\xc8\v2.45\pic\sources\c99\common\awdiv.c estimated size: 196

