Microchip MPLAB XC8 Compiler V2.45

Linker command line:

-W-3 \
  --edf=C:\Program Files\Microchip\xc8\v2.45\pic\dat\20230818022343_en.msgs \
  -cn \
  -h+dist/default/production\final-project-gorakh-boris.X.production.sym \
  --cmf=dist/default/production\final-project-gorakh-boris.X.production.cmf \
  -z -Q18F67K40 \
  -oC:\Users\boris\AppData\Local\Temp\xcBsggg.1\driver_tmp_3.o \
  --defsym=__MPLAB_BUILD=1 --fixupoverflow=error \
  -Mdist/default/production/final-project-gorakh-boris.X.production.map \
  --md=C:\Users\boris\AppData\Local\Temp\xcBsggg.1\driver_tmp_0.dat -E1 \
  -ver=XC8 Compiler --acfsm=1493 -ACODE=00h-01FFFFh -ACONST=00h-01FFFFh \
  -ASMALLCONST=0E00h-0EFFhx498 -AMEDIUMCONST=0E00h-0FFFFh,010E00h-01FFFFh \
  -ACOMRAM=01h-05Fh -AABS1=00h-0DE9h -ABIGRAM=01h-0DE9h \
  -ARAM=060h-0FFh,0100h-01FFhx12,0D00h-0DE9h -ABANK0=060h-0FFh \
  -ABANK1=0100h-01FFh -ABANK2=0200h-02FFh -ABANK3=0300h-03FFh \
  -ABANK4=0400h-04FFh -ABANK5=0500h-05FFh -ABANK6=0600h-06FFh \
  -ABANK7=0700h-07FFh -ABANK8=0800h-08FFh -ABANK9=0900h-09FFh \
  -ABANK10=0A00h-0AFFh -ABANK11=0B00h-0BFFh -ABANK12=0C00h-0CFFh \
  -ABANK13=0D00h-0DE9h \
  -ASFR=0DEFh-0DFFh,0E00h-0EFFh,0F00h-0F5Fh,0F60h-0FFFh \
  -ABIGSFR=0DEFh-0FFFh -ACONFIG=0300000h-030000Bh -AIDLOC=0200000h-020000Fh \
  -AEEDATA=0310000h-03103FFh -peeprom_data=EEDATA \
  -preset_vec=00h,intcode=08h,intcodelo,powerup,init -pramtop=0E00h \
  -psmallconst=SMALLCONST -pmediumconst=MEDIUMCONST -pconst=CONST \
  -AFARRAM=00h-00h \
  -prdata=COMRAM,nvrram=COMRAM,nvbit=COMRAM,rbss=COMRAM,rbit=COMRAM \
  -pfarbss=FARRAM,fardata=FARRAM,nvFARRAM=FARRAM \
  -pintsave_regs=BIGRAM,bigbss=BIGRAM,bigdata=BIGRAM -pbss=RAM \
  -pidata=CODE,irdata=CODE,ibigdata=CODE,ifardata=CODE -prparam=COMRAM \
  C:\Users\boris\AppData\Local\Temp\xcBsggg.1\driver_tmp_9.o \
  dist/default/production\final-project-gorakh-boris.X.production.o 

Object code version is 3.11

Machine type is 18F67K40



                Name                               Link     Load   Length Selector   Space Scale
C:\Users\boris\AppData\Local\Temp\xcBsggg.1\driver_tmp_9.o
                idloc                            200000   200000       10        0       5
                config                           300000   300000        C        0       4
                init                                 3C       3C        4        4       0
                reset_vec                             0        0        4        0       0
dist/default/production\final-project-gorakh-boris.X.production.o
                intcode                               8        8       34        4       0
                idloc                            200000   200000       10        0       5
                config                           300000   300000        C        0       4
                temp                                 5E       5E        1        1       1
                smallconst                          E00      E00       1A      700       0
                text68                             39BE     39BE        C     1CD3       0
                text67                             39B2     39B2        C     1CD3       0
                text66                             38D4     38D4       22      70D       0
                text65                             3796     3796       2E      70D       0
                text64                             37EE     37EE       2A      70D       0
                text63                             3818     3818       28      70D       0
                text62                             39DE     39DE        A     1CD3       0
                text61                             39D4     39D4        A     1CD3       0
                text60                             39A6     39A6        C     1CD3       0
                text59                             3936     3936       20      70D       0
                text58                             3762     3762       34      70D       0
                text57                             2BD4     2BD4       A4      70D       0
                text56                             3590     3590       42      70D       0
                text55                             39CA     39CA        A     1CD3       0
                text54                             34BA     34BA       50      70D       0
                text53                             346A     346A       50      70D       0
                text52                             341A     341A       50      70D       0
                text51                             33CA     33CA       50      70D       0
                text50                             3374     3374       56      70D       0
                text49                             1D74     1D74      1FC      70D       0
                text48                             14E6     14E6      464      70D       0
                text47                             30A4     30A4       6A      70D       0
                text46                             2FB4     2FB4       7C      70D       0
                text45                             2F38     2F38       7C      70D       0
                text44                              E1A      E1A      6CC      70D       0
                text43                             3030     3030       74      70D       0
                text42                             388C     388C       26      70D       0
                text41                             22C0     22C0      154      70D       0
                text40                             28F4     28F4       BA      70D       0
                text39                             2DAA     2DAA       8E      70D       0
                text38                             3916     3916       20      70D       0
                text37                             38F6     38F6       20      70D       0
                text36                             2A66     2A66       B8      70D       0
                text35                             354E     354E       42      70D       0
                text34                             2B1E     2B1E       B6      70D       0
                text33                             38B2     38B2       22      70D       0
                text32                             372A     372A       38      70D       0
                text31                             32AE     32AE       68      70D       0
                text30                             3680     3680       3A      70D       0
                text29                             29AE     29AE       B8      70D       0
                text28                             3646     3646       3A      70D       0
                text27                             3246     3246       68      70D       0
                text26                             36F2     36F2       38      70D       0
                text25                             36BA     36BA       38      70D       0
                text24                             31DE     31DE       68      70D       0
                text23                             3176     3176       68      70D       0
                text22                             360C     360C       3A      70D       0
                text21                             2EB8     2EB8       80      70D       0
                text20                             310E     310E       68      70D       0
                text19                             3866     3866       26      70D       0
                text18                             2E38     2E38       80      70D       0
                text17                             265A     265A       FC      70D       0
                text16                             3974     3974       16      70D       0
                text15                             194A     194A      42A      70D       0
                text14                             2554     2554      106      70D       0
                text13                             1F70     1F70      1B4      70D       0
                text12                             2756     2756       D6      70D       0
                text11                             39EC     39EC        4     1CD3       0
                text10                             39E8     39E8        4     1CD3       0
                text9                              282C     282C       C8      70D       0
                text8                              350A     350A       44      70D       0
                text7                              37C4     37C4       2A      70D       0
                text6                              2124     2124      19C      70D       0
                text5                              2D1A     2D1A       90      70D       0
                text4                              3956     3956       1E      70D       0
                text3                              35D2     35D2       3A      70D       0
                text2                              3840     3840       26      70D       0
                text1                              2C78     2C78       A2      70D       0
                text0                              2414     2414      140      70D       0
                cstackCOMRAM                          1        1       4C        1       1
                cstackBANK0                          9C       9C       20       60       1
                dataBANK0                            BC       BC        E       60       1
                bssBANK0                             60       60       3C       60       1
                dataCOMRAM                           4D       4D        D        1       1
                bssCOMRAM                            5A       5A        4        1       1
                cinit                              3316     3316       5E      70D       0
                idataBANK0                         398A     398A        E      70D       0
                idataCOMRAM                        3998     3998        D      70D       0

TOTAL           Name                               Link     Load   Length     Space
        CLASS   CODE           
                intcode                               8        8       34         0
                init                                 3C       3C        4         0
                reset_vec                             0        0        4         0
                text68                             39BE     39BE        C         0
                text67                             39B2     39B2        C         0
                text66                             38D4     38D4       22         0
                text65                             3796     3796       2E         0
                text64                             37EE     37EE       2A         0
                text63                             3818     3818       28         0
                text62                             39DE     39DE        A         0
                text61                             39D4     39D4        A         0
                text60                             39A6     39A6        C         0
                text59                             3936     3936       20         0
                text58                             3762     3762       34         0
                text57                             2BD4     2BD4       A4         0
                text56                             3590     3590       42         0
                text55                             39CA     39CA        A         0
                text54                             34BA     34BA       50         0
                text53                             346A     346A       50         0
                text52                             341A     341A       50         0
                text51                             33CA     33CA       50         0
                text50                             3374     3374       56         0
                text49                             1D74     1D74      1FC         0
                text48                             14E6     14E6      464         0
                text47                             30A4     30A4       6A         0
                text46                             2FB4     2FB4       7C         0
                text45                             2F38     2F38       7C         0
                text44                              E1A      E1A      6CC         0
                text43                             3030     3030       74         0
                text42                             388C     388C       26         0
                text41                             22C0     22C0      154         0
                text40                             28F4     28F4       BA         0
                text39                             2DAA     2DAA       8E         0
                text38                             3916     3916       20         0
                text37                             38F6     38F6       20         0
                text36                             2A66     2A66       B8         0
                text35                             354E     354E       42         0
                text34                             2B1E     2B1E       B6         0
                text33                             38B2     38B2       22         0
                text32                             372A     372A       38         0
                text31                             32AE     32AE       68         0
                text30                             3680     3680       3A         0
                text29                             29AE     29AE       B8         0
                text28                             3646     3646       3A         0
                text27                             3246     3246       68         0
                text26                             36F2     36F2       38         0
                text25                             36BA     36BA       38         0
                text24                             31DE     31DE       68         0
                text23                             3176     3176       68         0
                text22                             360C     360C       3A         0
                text21                             2EB8     2EB8       80         0
                text20                             310E     310E       68         0
                text19                             3866     3866       26         0
                text18                             2E38     2E38       80         0
                text17                             265A     265A       FC         0
                text16                             3974     3974       16         0
                text15                             194A     194A      42A         0
                text14                             2554     2554      106         0
                text13                             1F70     1F70      1B4         0
                text12                             2756     2756       D6         0
                text11                             39EC     39EC        4         0
                text10                             39E8     39E8        4         0
                text9                              282C     282C       C8         0
                text8                              350A     350A       44         0
                text7                              37C4     37C4       2A         0
                text6                              2124     2124      19C         0
                text5                              2D1A     2D1A       90         0
                text4                              3956     3956       1E         0
                text3                              35D2     35D2       3A         0
                text2                              3840     3840       26         0
                text1                              2C78     2C78       A2         0
                text0                              2414     2414      140         0
                cinit                              3316     3316       5E         0
                idataBANK0                         398A     398A        E         0
                idataCOMRAM                        3998     3998        D         0

        CLASS   CONST          

        CLASS   SMALLCONST     
                smallconst                          E00      E00       1A         0

        CLASS   MEDIUMCONST    

        CLASS   COMRAM         
                temp                                 5E       5E        1         1
                cstackCOMRAM                          1        1       4C         1
                dataCOMRAM                           4D       4D        D         1
                bssCOMRAM                            5A       5A        4         1

        CLASS   ABS1           

        CLASS   BIGRAM         

        CLASS   RAM            

        CLASS   BANK0          
                cstackBANK0                          9C       9C       20         1
                dataBANK0                            BC       BC        E         1
                bssBANK0                             60       60       3C         1

        CLASS   BANK1          

        CLASS   BANK2          

        CLASS   BANK3          

        CLASS   BANK4          

        CLASS   BANK5          

        CLASS   BANK6          

        CLASS   BANK7          

        CLASS   BANK8          

        CLASS   BANK9          

        CLASS   BANK10         

        CLASS   BANK11         

        CLASS   BANK12         

        CLASS   BANK13         

        CLASS   SFR            

        CLASS   BIGSFR         

        CLASS   CONFIG         
                config                           300000   300000        C         4

        CLASS   IDLOC          
                idloc                            200000   200000       10         5

        CLASS   EEDATA         

        CLASS   FARRAM         

        CLASS   HEAP           

        CLASS   STACK          



SEGMENTS        Name                           Load    Length   Top    Selector   Space  Class

                reset_vec                      000000  000004  000004         0       0  CODE    
                cstackCOMRAM                   000001  00005E  00005F         1       1  COMRAM  
                intcode                        000008  000038  000040         4       0  CODE    
                bssBANK0                       000060  00006A  0000CA        60       1  BANK0   
                smallconst                     000E00  00001A  000E1A       700       0  SMALLCON
                text44                         000E1A  002B8B  0039A5       70D       0  CODE    
                text60                         0039A6  00004A  0039F0      1CD3       0  CODE    


UNUSED ADDRESS RANGES

        Name                Unused          Largest block    Delta
        BANK0            0000CA-0000FF               36
        BANK1            000100-0001FF              100
        BANK10           000A00-000AFF              100
        BANK11           000B00-000BFF              100
        BANK12           000C00-000CFF              100
        BANK13           000D00-000DE9               EA
        BANK2            000200-0002FF              100
        BANK3            000300-0003FF              100
        BANK4            000400-0004FF              100
        BANK5            000500-0005FF              100
        BANK6            000600-0006FF              100
        BANK7            000700-0007FF              100
        BANK8            000800-0008FF              100
        BANK9            000900-0009FF              100
        BIGRAM           00005F-00005F                1
                         0000CA-000DE9              D20
        BIGSFR           000DEF-000FFF              211
        CODE             000004-000007                4
                         000040-000DFF              DC0
                         0039A5-0039A5                1
                         0039F0-01FFFF            1C610
        COMRAM           00005F-00005F                1
        CONST            000004-000007                4
                         000040-000DFF              DC0
                         0039A5-0039A5                1
                         0039F0-01FFFF            1C610
        EEDATA           310000-3103FF              400
        MEDIUMCONST      0039A5-0039A5                1
                         0039F0-00FFFF             C610
                         010E00-01FFFF             F200
        RAM              0000CA-000DE9              100
        SFR              000DEF-000FFF              100
        SMALLCONST       0039A5-0039A5                1
                         0039F0-01FFFF              100

                                  Symbol Table

?___flmul                        cstackCOMRAM 00000F
?___fltol                        cstackCOMRAM 000028
?___lldiv                        cstackCOMRAM 000001
?___lmul                         cstackCOMRAM 000001
?___lwdiv                        cstackCOMRAM 000007
?___wmul                         cstackCOMRAM 000001
?___xxtofl                       cstackCOMRAM 000001
?_color_read_Blue                cstackCOMRAM 000005
?_color_read_Clear               cstackCOMRAM 000005
?_color_read_Green               cstackCOMRAM 000005
?_color_read_Red                 cstackCOMRAM 000005
?_max_RGB                        cstackCOMRAM 000001
?_min_RGB                        cstackCOMRAM 000001
I2C_2_Master_Read@ack            cstackCOMRAM 000003
I2C_2_Master_Read@tmp            cstackCOMRAM 000004
I2C_2_Master_Write@data_byte     cstackCOMRAM 000002
UTurn@mL                         cstackCOMRAM 000018
UTurn@mR                         cstackCOMRAM 000019
_ANSELDbits                      (abs)        000EA7
_ANSELFbits                      (abs)        000EB4
_BAUD4CONbits                    (abs)        000EE9
_CCP1CONbits                     (abs)        000FAB
_CCP2CONbits                     (abs)        000FA7
_CCP3CONbits                     (abs)        000F26
_CCP4CONbits                     (abs)        000F22
_CCPR1H                          (abs)        000FAA
_CCPR2H                          (abs)        000FA6
_CCPR3H                          (abs)        000F25
_CCPR4H                          (abs)        000F21
_CCPTMRS0bits                    (abs)        000FAD
_I2C_2_Master_Idle               text63       003818
_I2C_2_Master_Init               text64       0037EE
_I2C_2_Master_Read               text56       003590
_I2C_2_Master_RepStart           text55       0039CA
_I2C_2_Master_Start              text62       0039DE
_I2C_2_Master_Stop               text61       0039D4
_I2C_2_Master_Write              text60       0039A6
_INTCONbits                      (abs)        000FF2
_ISR                             intcode      000008
_LATAbits                        (abs)        000F79
_LATCbits                        (abs)        000F7B
_LATDbits                        (abs)        000F7C
_LATEbits                        (abs)        000F7D
_LATFbits                        (abs)        000F7E
_LATGbits                        (abs)        000F7F
_LATHbits                        (abs)        000F80
_PIE0bits                        (abs)        000E29
_PIR0bits                        (abs)        000E33
_PIR4bits                        (abs)        000E37
_PORTFbits                       (abs)        000F8E
_RC0PPS                          (abs)        000E62
_RC4STAbits                      (abs)        000EE7
_RC7PPS                          (abs)        000E69
_RD5PPS                          (abs)        000E6F
_RD6PPS                          (abs)        000E70
_RE2PPS                          (abs)        000E74
_RE4PPS                          (abs)        000E76
_RG6PPS                          (abs)        000E88
_RX4PPS                          (abs)        000E15
_SP4BRGH                         (abs)        000EE6
_SP4BRGL                         (abs)        000EE5
_SSP2ADD                         (abs)        000ED6
_SSP2BUF                         (abs)        000ED5
_SSP2CLKPPS                      (abs)        000E1C
_SSP2CON1bits                    (abs)        000ED9
_SSP2CON2                        (abs)        000EDA
_SSP2CON2bits                    (abs)        000EDA
_SSP2DATPPS                      (abs)        000E1D
_SSP2STAT                        (abs)        000ED8
_T0CON0bits                      (abs)        000FD5
_T0CON1bits                      (abs)        000FD6
_T2CLKCONbits                    (abs)        000FBF
_T2CONbits                       (abs)        000FBD
_T2HLTbits                       (abs)        000FBE
_T2PR                            (abs)        000FBC
_TMR0H                           (abs)        000FD4
_TMR0L                           (abs)        000FD3
_TRISAbits                       (abs)        000F81
_TRISCbits                       (abs)        000F83
_TRISDbits                       (abs)        000F84
_TRISEbits                       (abs)        000F85
_TRISFbits                       (abs)        000F86
_TRISGbits                       (abs)        000F87
_TRISHbits                       (abs)        000F88
_TX4REG                          (abs)        000EE4
_TX4STAbits                      (abs)        000EE8
_Timer0_init                     text66       0038D4
_UTurn                           text35       00354E
__HRAM                           (abs)        000000
__H__absolute__                  __absolute__ 000000
__Habs1                          abs1         000000
__Hbank0                         bank0        000000
__Hbank1                         bank1        000000
__Hbank10                        bank10       000000
__Hbank11                        bank11       000000
__Hbank12                        bank12       000000
__Hbank13                        bank13       000000
__Hbank2                         bank2        000000
__Hbank3                         bank3        000000
__Hbank4                         bank4        000000
__Hbank5                         bank5        000000
__Hbank6                         bank6        000000
__Hbank7                         bank7        000000
__Hbank8                         bank8        000000
__Hbank9                         bank9        000000
__Hbigbss                        bigbss       000000
__Hbigdata                       bigdata      000000
__Hbigram                        bigram       000000
__Hbigsfr                        bigsfr       000000
__Hbss                           bss          000000
__HbssBANK0                      bssBANK0     000000
__HbssCOMRAM                     bssCOMRAM    000000
__Hcinit                         cinit        000000
__Hclrtext                       clrtext      000000
__Hcomram                        comram       000000
__Hconfig                        config       30000C
__Hconst                         const        000000
__HcstackBANK0                   cstackBANK0  000000
__HcstackCOMRAM                  cstackCOMRAM 000000
__Hdata                          data         000000
__HdataBANK0                     dataBANK0    000000
__HdataCOMRAM                    dataCOMRAM   000000
__Heeprom_data                   eeprom_data  000000
__Hfarbss                        farbss       000000
__Hfardata                       fardata      000000
__Hheap                          heap         000000
__Hibigdata                      ibigdata     000000
__Hidata                         idata        000000
__HidataBANK0                    idataBANK0   000000
__HidataCOMRAM                   idataCOMRAM  000000
__Hidloc                         idloc        200010
__Hifardata                      ifardata     000000
__Hinit                          init         000040
__Hintcode                       intcode      00003C
__Hintcode_body                  intcode_body 000000
__Hintcodelo                     intcodelo    00003C
__Hintentry                      intentry     000000
__Hintret                        intret       000000
__Hintsave_regs                  intsave_regs 000000
__Hirdata                        irdata       000000
__Hmediumconst                   mediumconst  000000
__HnvFARRAM                      nvFARRAM     000000
__Hnvbit                         nvbit        000000
__Hnvrram                        nvrram       000000
__Hparam                         rparam       000000
__Hpowerup                       powerup      00003C
__Hram                           ram          000000
__Hramtop                        ramtop       000E00
__Hrbit                          rbit         000000
__Hrbss                          rbss         000000
__Hrdata                         rdata        000000
__Hreset_vec                     reset_vec    000004
__Hrparam                        rparam       000000
__Hsfr                           sfr          000000
__Hsmallconst                    smallconst   000E1A
__Hspace_0                       (abs)        0039F0
__Hspace_1                       (abs)        0000CA
__Hspace_2                       (abs)        000000
__Hspace_4                       (abs)        60000C
__Hstack                         stack        000000
__Hstruct                        struct       000000
__Htemp                          temp         00005F
__Htext                          text         000000
__Htext0                         text0        000000
__Htext1                         text1        000000
__Htext10                        text10       000000
__Htext11                        text11       000000
__Htext12                        text12       000000
__Htext13                        text13       000000
__Htext14                        text14       000000
__Htext15                        text15       000000
__Htext16                        text16       000000
__Htext17                        text17       000000
__Htext18                        text18       000000
__Htext19                        text19       000000
__Htext2                         text2        000000
__Htext20                        text20       000000
__Htext21                        text21       000000
__Htext22                        text22       000000
__Htext23                        text23       000000
__Htext24                        text24       000000
__Htext25                        text25       000000
__Htext26                        text26       000000
__Htext27                        text27       000000
__Htext28                        text28       000000
__Htext29                        text29       000000
__Htext3                         text3        000000
__Htext30                        text30       000000
__Htext31                        text31       000000
__Htext32                        text32       000000
__Htext33                        text33       000000
__Htext34                        text34       000000
__Htext35                        text35       000000
__Htext36                        text36       000000
__Htext37                        text37       000000
__Htext38                        text38       000000
__Htext39                        text39       000000
__Htext4                         text4        000000
__Htext40                        text40       000000
__Htext41                        text41       000000
__Htext42                        text42       000000
__Htext43                        text43       000000
__Htext44                        text44       000000
__Htext45                        text45       000000
__Htext46                        text46       000000
__Htext47                        text47       000000
__Htext48                        text48       000000
__Htext49                        text49       000000
__Htext5                         text5        000000
__Htext50                        text50       000000
__Htext51                        text51       000000
__Htext52                        text52       000000
__Htext53                        text53       000000
__Htext54                        text54       000000
__Htext55                        text55       000000
__Htext56                        text56       000000
__Htext57                        text57       000000
__Htext58                        text58       000000
__Htext59                        text59       000000
__Htext6                         text6        000000
__Htext60                        text60       000000
__Htext61                        text61       000000
__Htext62                        text62       000000
__Htext63                        text63       000000
__Htext64                        text64       000000
__Htext65                        text65       000000
__Htext66                        text66       000000
__Htext67                        text67       000000
__Htext68                        text68       000000
__Htext7                         text7        000000
__Htext8                         text8        000000
__Htext9                         text9        000000
__LRAM                           (abs)        000001
__L__absolute__                  __absolute__ 000000
__Labs1                          abs1         000000
__Lbank0                         bank0        000000
__Lbank1                         bank1        000000
__Lbank10                        bank10       000000
__Lbank11                        bank11       000000
__Lbank12                        bank12       000000
__Lbank13                        bank13       000000
__Lbank2                         bank2        000000
__Lbank3                         bank3        000000
__Lbank4                         bank4        000000
__Lbank5                         bank5        000000
__Lbank6                         bank6        000000
__Lbank7                         bank7        000000
__Lbank8                         bank8        000000
__Lbank9                         bank9        000000
__Lbigbss                        bigbss       000000
__Lbigdata                       bigdata      000000
__Lbigram                        bigram       000000
__Lbigsfr                        bigsfr       000000
__Lbss                           bss          000000
__LbssBANK0                      bssBANK0     000000
__LbssCOMRAM                     bssCOMRAM    000000
__Lcinit                         cinit        000000
__Lclrtext                       clrtext      000000
__Lcomram                        comram       000000
__Lconfig                        config       000000
__Lconst                         const        000000
__LcstackBANK0                   cstackBANK0  000000
__LcstackCOMRAM                  cstackCOMRAM 000000
__Ldata                          data         000000
__LdataBANK0                     dataBANK0    000000
__LdataCOMRAM                    dataCOMRAM   000000
__Leeprom_data                   eeprom_data  000000
__Lfarbss                        farbss       000000
__Lfardata                       fardata      000000
__Lheap                          heap         000000
__Libigdata                      ibigdata     000000
__Lidata                         idata        000000
__LidataBANK0                    idataBANK0   000000
__LidataCOMRAM                   idataCOMRAM  000000
__Lidloc                         idloc        000000
__Lifardata                      ifardata     000000
__Linit                          init         00003C
__Lintcode                       intcode      000008
__Lintcode_body                  intcode_body 000000
__Lintcodelo                     intcodelo    00003C
__Lintentry                      intentry     000000
__Lintret                        intret       000000
__Lintsave_regs                  intsave_regs 000000
__Lirdata                        irdata       000000
__Lmediumconst                   mediumconst  000000
__LnvFARRAM                      nvFARRAM     000000
__Lnvbit                         nvbit        000000
__Lnvrram                        nvrram       000000
__Lparam                         rparam       000000
__Lpowerup                       powerup      00003C
__Lram                           ram          000000
__Lramtop                        ramtop       000E00
__Lrbit                          rbit         000000
__Lrbss                          rbss         000000
__Lrdata                         rdata        000000
__Lreset_vec                     reset_vec    000000
__Lrparam                        rparam       000000
__Lsfr                           sfr          000000
__Lsmallconst                    smallconst   000E00
__Lspace_0                       (abs)        000000
__Lspace_1                       (abs)        000000
__Lspace_2                       (abs)        000000
__Lspace_4                       (abs)        000000
__Lstack                         stack        000000
__Lstruct                        struct       000000
__Ltemp                          temp         00005E
__Ltext                          text         000000
__Ltext0                         text0        000000
__Ltext1                         text1        000000
__Ltext10                        text10       000000
__Ltext11                        text11       000000
__Ltext12                        text12       000000
__Ltext13                        text13       000000
__Ltext14                        text14       000000
__Ltext15                        text15       000000
__Ltext16                        text16       000000
__Ltext17                        text17       000000
__Ltext18                        text18       000000
__Ltext19                        text19       000000
__Ltext2                         text2        000000
__Ltext20                        text20       000000
__Ltext21                        text21       000000
__Ltext22                        text22       000000
__Ltext23                        text23       000000
__Ltext24                        text24       000000
__Ltext25                        text25       000000
__Ltext26                        text26       000000
__Ltext27                        text27       000000
__Ltext28                        text28       000000
__Ltext29                        text29       000000
__Ltext3                         text3        000000
__Ltext30                        text30       000000
__Ltext31                        text31       000000
__Ltext32                        text32       000000
__Ltext33                        text33       000000
__Ltext34                        text34       000000
__Ltext35                        text35       000000
__Ltext36                        text36       000000
__Ltext37                        text37       000000
__Ltext38                        text38       000000
__Ltext39                        text39       000000
__Ltext4                         text4        000000
__Ltext40                        text40       000000
__Ltext41                        text41       000000
__Ltext42                        text42       000000
__Ltext43                        text43       000000
__Ltext44                        text44       000000
__Ltext45                        text45       000000
__Ltext46                        text46       000000
__Ltext47                        text47       000000
__Ltext48                        text48       000000
__Ltext49                        text49       000000
__Ltext5                         text5        000000
__Ltext50                        text50       000000
__Ltext51                        text51       000000
__Ltext52                        text52       000000
__Ltext53                        text53       000000
__Ltext54                        text54       000000
__Ltext55                        text55       000000
__Ltext56                        text56       000000
__Ltext57                        text57       000000
__Ltext58                        text58       000000
__Ltext59                        text59       000000
__Ltext6                         text6        000000
__Ltext60                        text60       000000
__Ltext61                        text61       000000
__Ltext62                        text62       000000
__Ltext63                        text63       000000
__Ltext64                        text64       000000
__Ltext65                        text65       000000
__Ltext66                        text66       000000
__Ltext67                        text67       000000
__Ltext68                        text68       000000
__Ltext7                         text7        000000
__Ltext8                         text8        000000
__Ltext9                         text9        000000
__S0                             (abs)        0039F0
__S1                             (abs)        0000CA
__S4                             (abs)        000000
__S5                             (abs)        000000
___flmul                         text15       00194A
___flmul@a                       cstackCOMRAM 000013
___flmul@aexp                    cstackCOMRAM 000020
___flmul@b                       cstackCOMRAM 00000F
___flmul@bexp                    cstackCOMRAM 000021
___flmul@grs                     cstackCOMRAM 00001C
___flmul@prod                    cstackCOMRAM 000022
___flmul@sign                    cstackCOMRAM 00001B
___flmul@temp                    cstackCOMRAM 000026
___fltol                         text14       002554
___fltol@exp1                    cstackCOMRAM 000031
___fltol@f1                      cstackCOMRAM 000028
___fltol@sign1                   cstackCOMRAM 000030
___heap_hi                       (abs)        000000
___heap_lo                       (abs)        000000
___inthi_sp                      stack        000000
___inthi_stack_hi                stack        000000
___inthi_stack_lo                stack        000000
___intlo_sp                      stack        000000
___intlo_stack_hi                stack        000000
___intlo_stack_lo                stack        000000
___lldiv                         text57       002BD4
___lldiv@counter                 cstackCOMRAM 00000D
___lldiv@dividend                cstackCOMRAM 000001
___lldiv@divisor                 cstackCOMRAM 000005
___lldiv@quotient                cstackCOMRAM 000009
___lmul                          text47       0030A4
___lmul@multiplicand             cstackCOMRAM 000005
___lmul@multiplier               cstackCOMRAM 000001
___lmul@product                  cstackCOMRAM 000009
___lwdiv                         text43       003030
___lwdiv@counter                 cstackCOMRAM 00000D
___lwdiv@dividend                cstackCOMRAM 000007
___lwdiv@divisor                 cstackCOMRAM 000009
___lwdiv@quotient                cstackCOMRAM 00000B
___param_bank                    (abs)        000000
___rparam_used                   (abs)        000001
___sp                            stack        000000
___stack_hi                      stack        000000
___stack_lo                      stack        000000
___wmul                          text42       00388C
___wmul@multiplicand             cstackCOMRAM 000003
___wmul@multiplier               cstackCOMRAM 000001
___wmul@product                  cstackCOMRAM 000005
___xxtofl                        text13       001F70
___xxtofl@arg                    cstackCOMRAM 00000B
___xxtofl@exp                    cstackCOMRAM 00000A
___xxtofl@sign                   cstackCOMRAM 000009
___xxtofl@val                    cstackCOMRAM 000001
__accesstop                      (abs)        000060
__activetblptr                   (abs)        000003
__end_of_I2C_2_Master_Idle       text63       003840
__end_of_I2C_2_Master_Init       text64       003818
__end_of_I2C_2_Master_Read       text56       0035D2
__end_of_I2C_2_Master_RepStart   text55       0039D4
__end_of_I2C_2_Master_Start      text62       0039E8
__end_of_I2C_2_Master_Stop       text61       0039DE
__end_of_I2C_2_Master_Write      text60       0039B2
__end_of_ISR                     intcode      00003C
__end_of_Timer0_init             text66       0038F6
__end_of_UTurn                   text35       003590
__end_of___flmul                 text15       001D74
__end_of___fltol                 text14       00265A
__end_of___lldiv                 text57       002C78
__end_of___lmul                  text47       00310E
__end_of___lwdiv                 text43       0030A4
__end_of___wmul                  text42       0038B2
__end_of___xxtofl                text13       002124
__end_of__initialization         cinit        00336A
__end_of_average_RGBC            text49       001F70
__end_of_buggy_lights_init       text65       0037C4
__end_of_card_blue               text31       003316
__end_of_card_cyan               text27       0032AE
__end_of_card_green              text24       003246
__end_of_card_orange             text23       0031DE
__end_of_card_pink               text21       002F38
__end_of_card_red                text20       003176
__end_of_card_white              text19       00388C
__end_of_card_yellow             text18       002EB8
__end_of_color_click_init        text58       003796
__end_of_color_read_Blue         text54       00350A
__end_of_color_read_Clear        text53       0034BA
__end_of_color_read_Green        text52       00346A
__end_of_color_read_Red          text51       00341A
__end_of_color_writetoaddr       text59       003956
__end_of_colour_to_key           text48       00194A
__end_of_convert_HSV             text44       0014E6
__end_of_forward_navigation      text6        0022C0
__end_of_fullSpeedAhead          text40       0029AE
__end_of_fullSpeedReverse        text34       002BD4
__end_of_headbuttReverse         text32       003762
__end_of_initDCmotorsPWM         text5        002DAA
__end_of_initUSART4              text4        003974
__end_of_main                    text0        002554
__end_of_max_RGB                 text46       003030
__end_of_min_RGB                 text45       002FB4
__end_of_pick_card               text17       002756
__end_of_read_RGBC               text50       0033CA
__end_of_read_timer              text16       00398A
__end_of_read_trail              text3        00360C
__end_of_reset_timer             text67       0039BE
__end_of_return_to_sender        text1        002D1A
__end_of_scale_RGB               text12       00282C
__end_of_setMotorPWM             text41       002414
__end_of_squareReverse           text22       003646
__end_of_start_timer             text11       0039F0
__end_of_stop                    text39       002E38
__end_of_stop_timer              text10       0039EC
__end_of_toggle_brake_lights     text33       0038D4
__end_of_toggle_left_indicators  text38       003936
__end_of_toggle_main_beam        text2        003866
__end_of_toggle_right_indicators text37       003916
__end_of_toggle_tricolour_LED    text9        0028F4
__end_of_turnLeft                text36       002B1E
__end_of_turnLeft135             text30       0036BA
__end_of_turnLeft90              text26       00372A
__end_of_turnRight               text29       002A66
__end_of_turnRight135            text28       003680
__end_of_turnRight90             text25       0036F2
__end_of_wait_for_wall           text8        00354E
__end_of_write_timer             text68       0039CA
__end_of_write_trail             text7        0037EE
__initialization                 cinit        003316
__mediumconst                    mediumconst  000000
__pbssBANK0                      bssBANK0     000060
__pbssCOMRAM                     bssCOMRAM    00005A
__pcinit                         cinit        003316
__pcstackBANK0                   cstackBANK0  00009C
__pcstackCOMRAM                  cstackCOMRAM 000001
__pdataBANK0                     dataBANK0    0000BC
__pdataCOMRAM                    dataCOMRAM   00004D
__pidataBANK0                    idataBANK0   00398A
__pidataCOMRAM                   idataCOMRAM  003998
__pintcode                       intcode      000008
__psmallconst                    smallconst   000E00
__ptext0                         text0        002414
__ptext1                         text1        002C78
__ptext10                        text10       0039E8
__ptext11                        text11       0039EC
__ptext12                        text12       002756
__ptext13                        text13       001F70
__ptext14                        text14       002554
__ptext15                        text15       00194A
__ptext16                        text16       003974
__ptext17                        text17       00265A
__ptext18                        text18       002E38
__ptext19                        text19       003866
__ptext2                         text2        003840
__ptext20                        text20       00310E
__ptext21                        text21       002EB8
__ptext22                        text22       00360C
__ptext23                        text23       003176
__ptext24                        text24       0031DE
__ptext25                        text25       0036BA
__ptext26                        text26       0036F2
__ptext27                        text27       003246
__ptext28                        text28       003646
__ptext29                        text29       0029AE
__ptext3                         text3        0035D2
__ptext30                        text30       003680
__ptext31                        text31       0032AE
__ptext32                        text32       00372A
__ptext33                        text33       0038B2
__ptext34                        text34       002B1E
__ptext35                        text35       00354E
__ptext36                        text36       002A66
__ptext37                        text37       0038F6
__ptext38                        text38       003916
__ptext39                        text39       002DAA
__ptext4                         text4        003956
__ptext40                        text40       0028F4
__ptext41                        text41       0022C0
__ptext42                        text42       00388C
__ptext43                        text43       003030
__ptext44                        text44       000E1A
__ptext45                        text45       002F38
__ptext46                        text46       002FB4
__ptext47                        text47       0030A4
__ptext48                        text48       0014E6
__ptext49                        text49       001D74
__ptext5                         text5        002D1A
__ptext50                        text50       003374
__ptext51                        text51       0033CA
__ptext52                        text52       00341A
__ptext53                        text53       00346A
__ptext54                        text54       0034BA
__ptext55                        text55       0039CA
__ptext56                        text56       003590
__ptext57                        text57       002BD4
__ptext58                        text58       003762
__ptext59                        text59       003936
__ptext6                         text6        002124
__ptext60                        text60       0039A6
__ptext61                        text61       0039D4
__ptext62                        text62       0039DE
__ptext63                        text63       003818
__ptext64                        text64       0037EE
__ptext65                        text65       003796
__ptext66                        text66       0038D4
__ptext67                        text67       0039B2
__ptext68                        text68       0039BE
__ptext7                         text7        0037C4
__ptext8                         text8        00350A
__ptext9                         text9        00282C
__ramtop                         ramtop       000E00
__smallconst                     smallconst   000E00
_average_RGBC                    text49       001D74
_bottomGearLeft                  dataCOMRAM   000056
_bottomGearRight                 dataCOMRAM   000055
_buggy_lights_init               text65       003796
_card_blue                       text31       0032AE
_card_cyan                       text27       003246
_card_green                      text24       0031DE
_card_orange                     text23       003176
_card_pink                       text21       002EB8
_card_red                        text20       00310E
_card_white                      text19       003866
_card_yellow                     text18       002E38
_color_click_init                text58       003762
_color_read_Blue                 text54       0034BA
_color_read_Clear                text53       00346A
_color_read_Green                text52       00341A
_color_read_Red                  text51       0033CA
_color_writetoaddr               text59       003936
_colour_to_key                   text48       0014E6
_convert_HSV                     text44       000E1A
_forward_navigation              text6        002124
_fullSpeedAhead                  text40       0028F4
_fullSpeedReverse                text34       002B1E
_headbuttDelay                   dataBANK0    0000BE
_headbuttReverse                 text32       00372A
_initDCmotorsPWM                 text5        002D1A
_initUSART4                      text4        003956
_lost_flag                       bssCOMRAM    00005B
_main                            text0        002414
_manoeuvre_count                 bssCOMRAM    00005A
_manoeuvre_pointer               dataCOMRAM   00004F
_max_RGB                         text46       002FB4
_min_RGB                         text45       002F38
_pick_card                       text17       00265A
_rampDelay                       dataCOMRAM   000052
_read_RGBC                       text50       003374
_read_timer                      text16       003974
_read_trail                      text3        0035D2
_reset_timer                     text67       0039B2
_return_flag                     bssCOMRAM    00005C
_return_to_sender                text1        002C78
_returning                       bssCOMRAM    00005D
_sample_count                    dataCOMRAM   000059
_scale_RGB                       text12       002756
_setMotorPWM                     text41       0022C0
_squareDelay                     dataBANK0    0000BC
_squareReverse                   text22       00360C
_start_timer                     text11       0039EC
_stop                            text39       002DAA
_stop_timer                      text10       0039E8
_timer_high_pointer              dataCOMRAM   000051
_timer_low_pointer               dataCOMRAM   000050
_toggle_brake_lights             text33       0038B2
_toggle_left_indicators          text38       003916
_toggle_main_beam                text2        003840
_toggle_right_indicators         text37       0038F6
_toggle_tricolour_LED            text9        00282C
_topGearLeft                     dataCOMRAM   000058
_topGearRight                    dataCOMRAM   000057
_trail_manoeuvre                 bssBANK0     000060
_trail_timer_high                bssBANK0     000088
_trail_timer_low                 bssBANK0     000074
_turn180Delay                    dataBANK0    0000C0
_turnLeft                        text36       002A66
_turnLeft135                     text30       003680
_turnLeft135Delay                dataBANK0    0000C4
_turnLeft90                      text26       0036F2
_turnLeft90Delay                 dataBANK0    0000C8
_turnRight                       text29       0029AE
_turnRight135                    text28       003646
_turnRight135Delay               dataBANK0    0000C2
_turnRight90                     text25       0036BA
_turnRight90Delay                dataBANK0    0000C6
_turningLeftGear                 dataCOMRAM   000054
_turningRightGear                dataCOMRAM   000053
_wait_for_wall                   text8        00350A
_wall_threshold_clear            dataCOMRAM   00004D
_write_timer                     text68       0039BE
_write_trail                     text7        0037C4
average_RGBC@i                   cstackCOMRAM 000011
average_RGBC@p                   cstackCOMRAM 00000E
average_RGBC@temp_B              cstackCOMRAM 00001A
average_RGBC@temp_C              cstackCOMRAM 00001E
average_RGBC@temp_G              cstackCOMRAM 000016
average_RGBC@temp_R              cstackCOMRAM 000012
btemp                            temp         00005E
card_blue@backtrack              cstackCOMRAM 00001E
card_blue@mL                     cstackCOMRAM 00001C
card_blue@mR                     cstackCOMRAM 00001D
card_cyan@backtrack              cstackCOMRAM 00001E
card_cyan@mL                     cstackCOMRAM 00001C
card_cyan@mR                     cstackCOMRAM 00001D
card_green@backtrack             cstackCOMRAM 00001E
card_green@mL                    cstackCOMRAM 00001C
card_green@mR                    cstackCOMRAM 00001D
card_orange@backtrack            cstackCOMRAM 00001E
card_orange@mL                   cstackCOMRAM 00001C
card_orange@mR                   cstackCOMRAM 00001D
card_pink@backtrack              cstackCOMRAM 00001E
card_pink@mL                     cstackCOMRAM 00001C
card_pink@mR                     cstackCOMRAM 00001D
card_red@backtrack               cstackCOMRAM 00001E
card_red@mL                      cstackCOMRAM 00001C
card_red@mR                      cstackCOMRAM 00001D
card_white@mL                    cstackCOMRAM 00001C
card_white@mR                    cstackCOMRAM 00001D
card_yellow@backtrack            cstackCOMRAM 00001E
card_yellow@mL                   cstackCOMRAM 00001C
card_yellow@mR                   cstackCOMRAM 00001D
color_read_Blue@tmp              cstackCOMRAM 00000A
color_read_Clear@tmp             cstackCOMRAM 00000A
color_read_Green@tmp             cstackCOMRAM 00000A
color_read_Red@tmp               cstackCOMRAM 00000A
color_writetoaddr@address        cstackCOMRAM 000004
color_writetoaddr@value          cstackCOMRAM 000003
colour_to_key@key                cstackCOMRAM 000005
colour_to_key@p1                 cstackCOMRAM 000001
colour_to_key@p2                 cstackCOMRAM 000002
convert_HSV@C                    cstackCOMRAM 000040
convert_HSV@M                    cstackCOMRAM 00003E
convert_HSV@hue                  cstackCOMRAM 00001E
convert_HSV@hue_scale            cstackCOMRAM 00003C
convert_HSV@m                    cstackCOMRAM 00001A
convert_HSV@p1                   cstackCOMRAM 00000E
convert_HSV@p2                   cstackCOMRAM 00000F
convert_HSV@sat                  cstackCOMRAM 00001C
convert_HSV@sat_scale            cstackCOMRAM 000018
convert_HSV@temp                 cstackCOMRAM 000024
convert_HSV@temp_610             cstackCOMRAM 000038
convert_HSV@temp_611             cstackCOMRAM 000028
convert_HSV@temp_612             cstackCOMRAM 00002C
convert_HSV@temp_613             cstackCOMRAM 000030
convert_HSV@temp_614             cstackCOMRAM 000034
convert_HSV@temp_615             cstackCOMRAM 000020
end_of_initialization            cinit        00336A
forward_navigation@mL            cstackCOMRAM 000042
forward_navigation@mR            cstackCOMRAM 000043
forward_navigation@mann          cstackCOMRAM 00004A
forward_navigation@p1            cstackCOMRAM 000044
forward_navigation@p2            cstackCOMRAM 000045
forward_navigation@timerH        cstackCOMRAM 000048
forward_navigation@timerL        cstackCOMRAM 000049
fullSpeedAhead@leftGear          cstackCOMRAM 000016
fullSpeedAhead@mL                cstackCOMRAM 000013
fullSpeedAhead@mR                cstackCOMRAM 000014
fullSpeedAhead@rightGear         cstackCOMRAM 000017
fullSpeedReverse@leftGear        cstackCOMRAM 000016
fullSpeedReverse@mL              cstackCOMRAM 000013
fullSpeedReverse@mR              cstackCOMRAM 000014
fullSpeedReverse@rightGear       cstackCOMRAM 000017
headbuttReverse@mL               cstackCOMRAM 000018
headbuttReverse@mR               cstackCOMRAM 000019
initDCmotorsPWM@PWMperiod        cstackCOMRAM 000001
int$flags                        temp         00005E
intlevel0                        text         000000
intlevel1                        text         000000
intlevel2                        text         000000
intlevel3                        text         000000
isa$std                          (abs)        000001
isa$xinst                        (abs)        000000
main@HSV_colour                  cstackBANK0  00009C
main@RGBC_colour                 cstackBANK0  0000B4
main@motorL                      cstackBANK0  0000A2
main@motorR                      cstackBANK0  0000AB
max_RGB@max_val                  cstackCOMRAM 000005
max_RGB@p                        cstackCOMRAM 000001
min_RGB@min_val                  cstackCOMRAM 000005
min_RGB@p                        cstackCOMRAM 000001
pick_card@backtrack              cstackCOMRAM 000023
pick_card@key                    cstackCOMRAM 000024
pick_card@mL                     cstackCOMRAM 000021
pick_card@mR                     cstackCOMRAM 000022
read_RGBC@p                      cstackCOMRAM 00000C
read_timer@tH                    cstackCOMRAM 000001
read_timer@tL                    cstackCOMRAM 000002
read_trail@man                   cstackCOMRAM 000003
read_trail@tH                    cstackCOMRAM 000001
read_trail@tL                    cstackCOMRAM 000002
return_to_sender@mL              cstackCOMRAM 000027
return_to_sender@mR              cstackCOMRAM 000028
return_to_sender@mann            cstackCOMRAM 00002B
return_to_sender@timerH          cstackCOMRAM 000029
return_to_sender@timerL          cstackCOMRAM 00002A
scale_RGB@p                      cstackCOMRAM 000032
setMotorPWM@m                    cstackCOMRAM 00000E
setMotorPWM@negDuty              cstackCOMRAM 000012
setMotorPWM@posDuty              cstackCOMRAM 000011
squareReverse@mL                 cstackCOMRAM 000018
squareReverse@mR                 cstackCOMRAM 000019
stackhi                          (abs)        000000
stacklo                          (abs)        000000
start                            init         00003C
start_initialization             cinit        003316
stop@mL                          cstackCOMRAM 000013
stop@mR                          cstackCOMRAM 000014
ttemp5                           temp         00005F
ttemp6                           temp         000062
ttemp7                           temp         000066
turnLeft135@mL                   cstackCOMRAM 000018
turnLeft135@mR                   cstackCOMRAM 000019
turnLeft90@mL                    cstackCOMRAM 000018
turnLeft90@mR                    cstackCOMRAM 000019
turnLeft@leftGear                cstackCOMRAM 000016
turnLeft@mL                      cstackCOMRAM 000013
turnLeft@mR                      cstackCOMRAM 000014
turnLeft@rightGear               cstackCOMRAM 000017
turnRight135@mL                  cstackCOMRAM 000018
turnRight135@mR                  cstackCOMRAM 000019
turnRight90@mL                   cstackCOMRAM 000018
turnRight90@mR                   cstackCOMRAM 000019
turnRight@leftGear               cstackCOMRAM 000016
turnRight@mL                     cstackCOMRAM 000013
turnRight@mR                     cstackCOMRAM 000014
turnRight@rightGear              cstackCOMRAM 000017
wait_for_wall@loss               cstackCOMRAM 00000E
wait_for_wall@p                  cstackCOMRAM 00000D
write_timer@tH                   cstackCOMRAM 000002
write_timer@tL                   cstackCOMRAM 000001
write_trail@man                  cstackCOMRAM 000002
write_trail@tH                   cstackCOMRAM 000003
write_trail@tL                   cstackCOMRAM 000001
wtemp8                           temp         00005F


MODULE INFORMATION

Module		Function		Class		Link	Load	Size
C:\Program Files\Microchip\xc8\v2.45\pic\sources\c99\common\Umul16.c
		___wmul        		CODE           	388C	0000	38

C:\Program Files\Microchip\xc8\v2.45\pic\sources\c99\common\Umul16.c estimated size: 38

serial.c
		_initUSART4    		CODE           	3956	0000	30

serial.c estimated size: 30

timers.c
		_forward_navigation		CODE           	2124	0000	412
		_Timer0_init   		CODE           	38D4	0000	34
		_ISR           		CODE           	0008	0000	52
		_write_trail   		CODE           	37C4	0000	42
		_write_timer   		CODE           	39BE	0000	12
		_start_timer   		CODE           	39EC	0000	4
		_return_to_sender		CODE           	2C78	0000	162
		_reset_timer   		CODE           	39B2	0000	12
		_stop_timer    		CODE           	39E8	0000	4
		_read_timer    		CODE           	3974	0000	22
		_read_trail    		CODE           	35D2	0000	58

timers.c estimated size: 814

color.c
		_color_writetoaddr		CODE           	3936	0000	32
		_color_click_init		CODE           	3762	0000	52
		_min_RGB       		CODE           	2F38	0000	124
		_scale_RGB     		CODE           	2756	0000	214
		_average_RGBC  		CODE           	1D74	0000	508
		_colour_to_key 		CODE           	14E6	0000	1124
		_color_read_Green		CODE           	341A	0000	80
		_color_read_Clear		CODE           	346A	0000	80
		_max_RGB       		CODE           	2FB4	0000	124
		_read_RGBC     		CODE           	3374	0000	86
		_color_read_Red		CODE           	33CA	0000	80
		_convert_HSV   		CODE           	0E1A	0000	1740
		_wait_for_wall 		CODE           	350A	0000	68
		_color_read_Blue		CODE           	34BA	0000	80

color.c estimated size: 4392

dc_motor.c
		_squareReverse 		CODE           	360C	0000	58
		_fullSpeedReverse		CODE           	2B1E	0000	182
		_fullSpeedAhead		CODE           	28F4	0000	186
		_turnLeft      		CODE           	2A66	0000	184
		_turnLeft90    		CODE           	36F2	0000	56
		_turnLeft135   		CODE           	3680	0000	58
		_stop          		CODE           	2DAA	0000	142
		_initDCmotorsPWM		CODE           	2D1A	0000	144
		_turnRight     		CODE           	29AE	0000	184
		_turnRight90   		CODE           	36BA	0000	56
		_turnRight135  		CODE           	3646	0000	58
		_setMotorPWM   		CODE           	22C0	0000	340
		_UTurn         		CODE           	354E	0000	66
		_headbuttReverse		CODE           	372A	0000	56

dc_motor.c estimated size: 1770

buggy_lights.c
		_buggy_lights_init		CODE           	3796	0000	46
		_toggle_brake_lights		CODE           	38B2	0000	34
		_toggle_tricolour_LED		CODE           	282C	0000	200
		_toggle_right_indicators		CODE           	38F6	0000	32
		_toggle_left_indicators		CODE           	3916	0000	32
		_toggle_main_beam		CODE           	3840	0000	38

buggy_lights.c estimated size: 382

i2c.c
		_I2C_2_Master_Start		CODE           	39DE	0000	10
		_I2C_2_Master_Read		CODE           	3590	0000	66
		_I2C_2_Master_Idle		CODE           	3818	0000	40
		_I2C_2_Master_Init		CODE           	37EE	0000	42
		_I2C_2_Master_Stop		CODE           	39D4	0000	10
		_I2C_2_Master_RepStart		CODE           	39CA	0000	10
		_I2C_2_Master_Write		CODE           	39A6	0000	12

i2c.c estimated size: 190

C:\Program Files\Microchip\xc8\v2.45\pic\sources\c99\common\Umul32.c
		___lmul        		CODE           	30A4	0000	106

C:\Program Files\Microchip\xc8\v2.45\pic\sources\c99\common\Umul32.c estimated size: 106

C:\Program Files\Microchip\xc8\v2.45\pic\sources\c99\common\sprcmul.c
		___flmul       		CODE           	194A	0000	1066

C:\Program Files\Microchip\xc8\v2.45\pic\sources\c99\common\sprcmul.c estimated size: 1066

shared
		__initialization		CODE           	3316	0000	84

shared estimated size: 84

manoeuvres.c
		_card_blue     		CODE           	32AE	0000	104
		_pick_card     		CODE           	265A	0000	252
		_card_yellow   		CODE           	2E38	0000	128
		_card_cyan     		CODE           	3246	0000	104
		_card_white    		CODE           	3866	0000	38
		_card_orange   		CODE           	3176	0000	104
		_card_red      		CODE           	310E	0000	104
		_card_pink     		CODE           	2EB8	0000	128
		_card_green    		CODE           	31DE	0000	104

manoeuvres.c estimated size: 1066

C:\Program Files\Microchip\xc8\v2.45\pic\sources\c99\common\xxtofl.c
		___xxtofl      		CODE           	1F70	0000	436

C:\Program Files\Microchip\xc8\v2.45\pic\sources\c99\common\xxtofl.c estimated size: 436

C:\Program Files\Microchip\xc8\v2.45\pic\sources\c99\common\__lldiv.c
		___lldiv       		CODE           	2BD4	0000	164

C:\Program Files\Microchip\xc8\v2.45\pic\sources\c99\common\__lldiv.c estimated size: 164

main.c
		_main          		CODE           	2414	0000	320

main.c estimated size: 320

C:\Program Files\Microchip\xc8\v2.45\pic\sources\c99\common\lwdiv.c
		___lwdiv       		CODE           	3030	0000	116

C:\Program Files\Microchip\xc8\v2.45\pic\sources\c99\common\lwdiv.c estimated size: 116

C:\Program Files\Microchip\xc8\v2.45\pic\sources\c99\common\fltol.c
		___fltol       		CODE           	2554	0000	262

C:\Program Files\Microchip\xc8\v2.45\pic\sources\c99\common\fltol.c estimated size: 262

