Microchip MPLAB XC8 Compiler V2.45

Linker command line:

-W-3 \
  --edf=C:\Program Files\Microchip\xc8\v2.45\pic\dat\20230818022343_en.msgs \
  -cn \
  -h+dist/default/production\final-project-gorakh-boris.X.production.sym \
  --cmf=dist/default/production\final-project-gorakh-boris.X.production.cmf \
  -z -Q18F67K40 \
  -oC:\Users\boris\AppData\Local\Temp\xcBsiag.1\driver_tmp_3.o \
  --defsym=__MPLAB_BUILD=1 --fixupoverflow=error \
  -Mdist/default/production/final-project-gorakh-boris.X.production.map \
  --md=C:\Users\boris\AppData\Local\Temp\xcBsiag.1\driver_tmp_0.dat -E1 \
  -ver=XC8 Compiler --acfsm=1493 -ACODE=00h-01FFFFh -ACONST=00h-01FFFFh \
  -ASMALLCONST=0E00h-0EFFhx498 -AMEDIUMCONST=0E00h-0FFFFh,010E00h-01FFFFh \
  -ACOMRAM=01h-05Fh -AABS1=00h-0DE9h -ABIGRAM=01h-0DE9h \
  -ARAM=060h-0FFh,0100h-01FFhx12,0D00h-0DE9h -ABANK0=060h-0FFh \
  -ABANK1=0100h-01FFh -ABANK2=0200h-02FFh -ABANK3=0300h-03FFh \
  -ABANK4=0400h-04FFh -ABANK5=0500h-05FFh -ABANK6=0600h-06FFh \
  -ABANK7=0700h-07FFh -ABANK8=0800h-08FFh -ABANK9=0900h-09FFh \
  -ABANK10=0A00h-0AFFh -ABANK11=0B00h-0BFFh -ABANK12=0C00h-0CFFh \
  -ABANK13=0D00h-0DE9h \
  -ASFR=0DEFh-0DFFh,0E00h-0EFFh,0F00h-0F5Fh,0F60h-0FFFh \
  -ABIGSFR=0DEFh-0FFFh -ACONFIG=0300000h-030000Bh -AIDLOC=0200000h-020000Fh \
  -AEEDATA=0310000h-03103FFh -peeprom_data=EEDATA \
  -preset_vec=00h,intcode=08h,intcodelo,powerup,init -pramtop=0E00h \
  -psmallconst=SMALLCONST -pmediumconst=MEDIUMCONST -pconst=CONST \
  -AFARRAM=00h-00h \
  -prdata=COMRAM,nvrram=COMRAM,nvbit=COMRAM,rbss=COMRAM,rbit=COMRAM \
  -pfarbss=FARRAM,fardata=FARRAM,nvFARRAM=FARRAM \
  -pintsave_regs=BIGRAM,bigbss=BIGRAM,bigdata=BIGRAM -pbss=RAM \
  -pidata=CODE,irdata=CODE,ibigdata=CODE,ifardata=CODE -prparam=COMRAM \
  C:\Users\boris\AppData\Local\Temp\xcBsiag.1\driver_tmp_14.o \
  dist/default/production\final-project-gorakh-boris.X.production.o 

Object code version is 3.11

Machine type is 18F67K40



                Name                               Link     Load   Length Selector   Space Scale
C:\Users\boris\AppData\Local\Temp\xcBsiag.1\driver_tmp_14.o
                idloc                            200000   200000       10        0       5
                config                           300000   300000        C        0       4
                init                                 42       42        4        4       0
                reset_vec                             0        0        4        0       0
dist/default/production\final-project-gorakh-boris.X.production.o
                intcode                               8        8       3A        4       0
                idloc                            200000   200000       10        0       5
                config                           300000   300000        C        0       4
                temp                                 5F       5F        1        1       1
                smallconst                          E00      E00       1A      700       0
                text57                             37B6     37B6        C     1BB8       0
                text56                             37AA     37AA        C     1BB8       0
                text55                             37E4     37E4        4     1BB8       0
                text54                             36A6     36A6       28      70D       0
                text53                             3626     3626       2E      70D       0
                text52                             3654     3654       2A      70D       0
                text51                             367E     367E       28      70D       0
                text50                             37D6     37D6        A     1BB8       0
                text49                             37CC     37CC        A     1BB8       0
                text48                             379E     379E        C     1BB8       0
                text47                             3716     3716       20      70D       0
                text46                             35F2     35F2       34      70D       0
                text45                             2D04     2D04       A4      70D       0
                text44                             3542     3542       42      70D       0
                text43                             37C2     37C2        A     1BB8       0
                text42                             33D2     33D2       50      70D       0
                text41                             3382     3382       50      70D       0
                text40                             3332     3332       50      70D       0
                text39                             32E2     32E2       50      70D       0
                text38                             328C     328C       56      70D       0
                text37                             2080     2080      1FC      70D       0
                text36                             14E6     14E6      464      70D       0
                text35                             30A8     30A8       6A      70D       0
                text34                             2F42     2F42       7C      70D       0
                text33                             2EC6     2EC6       7C      70D       0
                text32                              E1A      E1A      6CC      70D       0
                text31                             3788     3788       16     1BB8       0
                text30                             194A     194A      42A      70D       0
                text29                             2832     2832      106      70D       0
                text28                             227C     227C      1B4      70D       0
                text27                             2938     2938       D6      70D       0
                text26                             3770     3770       18     1BB8       0
                text25                             3176     3176       62      70D       0
                text24                             2AD6     2AD6       C4      70D       0
                text23                             2C54     2C54       B0      70D       0
                text22                             3034     3034       74      70D       0
                text21                             3112     3112       64      70D       0
                text20                             35BE     35BE       34      70D       0
                text19                             37E8     37E8        2     1BB8       0
                text18                             2B9A     2B9A       BA      70D       0
                text17                             1D74     1D74      30C      70D       0
                text16                             3236     3236       56      70D       0
                text15                             346E     346E       4C      70D       0
                text14                             2FBE     2FBE       76      70D       0
                text13                             3422     3422       4C      70D       0
                text12                             31D8     31D8       5E      70D       0
                text11                             36CE     36CE       26      70D       0
                text10                             25A6     25A6      154      70D       0
                text9                              2E38     2E38       8E      70D       0
                text8                              37E0     37E0        4     1BB8       0
                text7                              2A0E     2A0E       C8      70D       0
                text6                              34FE     34FE       44      70D       0
                text5                              3584     3584       3A      70D       0
                text4                              26FA     26FA      138      70D       0
                text3                              2DA8     2DA8       90      70D       0
                text2                              3736     3736       1E      70D       0
                text1                              36F4     36F4       22      70D       0
                text0                              2430     2430      176      70D       0
                cstackCOMRAM                          1        1       5D        1       1
                cstackBANK0                          88       88       23       60       1
                cstackBANK1                         100      100       A4      100       1
                bssBANK1                            1A4      1A4       3E      100       1
                dataBANK0                            AB       AB       1B       60       1
                bssBANK0                             60       60       28       60       1
                bssCOMRAM                            5E       5E        1        1       1
                cinit                              34BA     34BA       44      70D       0
                idataBANK0                         3754     3754       1B      70D       0

TOTAL           Name                               Link     Load   Length     Space
        CLASS   CODE           
                intcode                               8        8       3A         0
                init                                 42       42        4         0
                reset_vec                             0        0        4         0
                text57                             37B6     37B6        C         0
                text56                             37AA     37AA        C         0
                text55                             37E4     37E4        4         0
                text54                             36A6     36A6       28         0
                text53                             3626     3626       2E         0
                text52                             3654     3654       2A         0
                text51                             367E     367E       28         0
                text50                             37D6     37D6        A         0
                text49                             37CC     37CC        A         0
                text48                             379E     379E        C         0
                text47                             3716     3716       20         0
                text46                             35F2     35F2       34         0
                text45                             2D04     2D04       A4         0
                text44                             3542     3542       42         0
                text43                             37C2     37C2        A         0
                text42                             33D2     33D2       50         0
                text41                             3382     3382       50         0
                text40                             3332     3332       50         0
                text39                             32E2     32E2       50         0
                text38                             328C     328C       56         0
                text37                             2080     2080      1FC         0
                text36                             14E6     14E6      464         0
                text35                             30A8     30A8       6A         0
                text34                             2F42     2F42       7C         0
                text33                             2EC6     2EC6       7C         0
                text32                              E1A      E1A      6CC         0
                text31                             3788     3788       16         0
                text30                             194A     194A      42A         0
                text29                             2832     2832      106         0
                text28                             227C     227C      1B4         0
                text27                             2938     2938       D6         0
                text26                             3770     3770       18         0
                text25                             3176     3176       62         0
                text24                             2AD6     2AD6       C4         0
                text23                             2C54     2C54       B0         0
                text22                             3034     3034       74         0
                text21                             3112     3112       64         0
                text20                             35BE     35BE       34         0
                text19                             37E8     37E8        2         0
                text18                             2B9A     2B9A       BA         0
                text17                             1D74     1D74      30C         0
                text16                             3236     3236       56         0
                text15                             346E     346E       4C         0
                text14                             2FBE     2FBE       76         0
                text13                             3422     3422       4C         0
                text12                             31D8     31D8       5E         0
                text11                             36CE     36CE       26         0
                text10                             25A6     25A6      154         0
                text9                              2E38     2E38       8E         0
                text8                              37E0     37E0        4         0
                text7                              2A0E     2A0E       C8         0
                text6                              34FE     34FE       44         0
                text5                              3584     3584       3A         0
                text4                              26FA     26FA      138         0
                text3                              2DA8     2DA8       90         0
                text2                              3736     3736       1E         0
                text1                              36F4     36F4       22         0
                text0                              2430     2430      176         0
                cinit                              34BA     34BA       44         0
                idataBANK0                         3754     3754       1B         0

        CLASS   CONST          

        CLASS   SMALLCONST     
                smallconst                          E00      E00       1A         0

        CLASS   MEDIUMCONST    

        CLASS   COMRAM         
                temp                                 5F       5F        1         1
                cstackCOMRAM                          1        1       5D         1
                bssCOMRAM                            5E       5E        1         1

        CLASS   ABS1           

        CLASS   BIGRAM         

        CLASS   RAM            

        CLASS   BANK0          
                cstackBANK0                          88       88       23         1
                dataBANK0                            AB       AB       1B         1
                bssBANK0                             60       60       28         1

        CLASS   BANK1          
                cstackBANK1                         100      100       A4         1
                bssBANK1                            1A4      1A4       3E         1

        CLASS   BANK2          

        CLASS   BANK3          

        CLASS   BANK4          

        CLASS   BANK5          

        CLASS   BANK6          

        CLASS   BANK7          

        CLASS   BANK8          

        CLASS   BANK9          

        CLASS   BANK10         

        CLASS   BANK11         

        CLASS   BANK12         

        CLASS   BANK13         

        CLASS   SFR            

        CLASS   BIGSFR         

        CLASS   CONFIG         
                config                           300000   300000        C         4

        CLASS   IDLOC          
                idloc                            200000   200000       10         5

        CLASS   EEDATA         

        CLASS   FARRAM         

        CLASS   HEAP           

        CLASS   STACK          



SEGMENTS        Name                           Load    Length   Top    Selector   Space  Class

                reset_vec                      000000  000004  000004         0       0  CODE    
                cstackCOMRAM                   000001  00005F  000060         1       1  COMRAM  
                intcode                        000008  00003E  000046         4       0  CODE    
                bssBANK0                       000060  000066  0000C6        60       1  BANK0   
                cstackBANK1                    000100  0000E2  0001E2       100       1  BANK1   
                smallconst                     000E00  00001A  000E1A       700       0  SMALLCON
                text32                         000E1A  002955  00376F       70D       0  CODE    
                text26                         003770  00007A  0037EA      1BB8       0  CODE    


UNUSED ADDRESS RANGES

        Name                Unused          Largest block    Delta
        BANK0            0000C6-0000FF               3A
        BANK1            0001E2-0001FF               1E
        BANK10           000A00-000AFF              100
        BANK11           000B00-000BFF              100
        BANK12           000C00-000CFF              100
        BANK13           000D00-000DE9               EA
        BANK2            000200-0002FF              100
        BANK3            000300-0003FF              100
        BANK4            000400-0004FF              100
        BANK5            000500-0005FF              100
        BANK6            000600-0006FF              100
        BANK7            000700-0007FF              100
        BANK8            000800-0008FF              100
        BANK9            000900-0009FF              100
        BIGRAM           0000C6-0000FF               3A
                         0001E2-000DE9              C08
        BIGSFR           000DEF-000FFF              211
        CODE             000004-000007                4
                         000046-000DFF              DBA
                         00376F-00376F                1
                         0037EA-01FFFF            1C816
        CONST            000004-000007                4
                         000046-000DFF              DBA
                         00376F-00376F                1
                         0037EA-01FFFF            1C816
        EEDATA           310000-3103FF              400
        MEDIUMCONST      00376F-00376F                1
                         0037EA-00FFFF             C816
                         010E00-01FFFF             F200
        RAM              0000C6-0000FF               3A
                         0001E2-000DE9              100
        SFR              000DEF-000FFF              100
        SMALLCONST       00376F-00376F                1
                         0037EA-01FFFF              100

                                  Symbol Table

?___awdiv                      cstackCOMRAM 000001
?___awmod                      cstackCOMRAM 000001
?___flmul                      cstackCOMRAM 00000F
?___fltol                      cstackCOMRAM 000028
?___lldiv                      cstackCOMRAM 000001
?___lmul                       cstackCOMRAM 000001
?___lwdiv                      cstackCOMRAM 000007
?___lwmod                      cstackCOMRAM 000001
?___wmul                       cstackCOMRAM 000001
?___xxtofl                     cstackCOMRAM 000001
?_abs                          cstackCOMRAM 000007
?_color_read_Blue              cstackCOMRAM 000005
?_color_read_Clear             cstackCOMRAM 000005
?_color_read_Green             cstackCOMRAM 000005
?_color_read_Red               cstackCOMRAM 000005
?_max_RGB                      cstackCOMRAM 000001
?_min_RGB                      cstackCOMRAM 000001
?_sprintf                      cstackCOMRAM 000020
?_vfpfcnvrt                    cstackCOMRAM 00000E
?_vfprintf                     cstackCOMRAM 00001C
I2C_2_Master_Read@ack          cstackCOMRAM 000003
I2C_2_Master_Read@tmp          cstackCOMRAM 000004
I2C_2_Master_Write@data_byte   cstackCOMRAM 000002
_ANSELDbits                    (abs)        000EA7
_ANSELFbits                    (abs)        000EB4
_BAUD4CONbits                  (abs)        000EE9
_CCP1CONbits                   (abs)        000FAB
_CCP2CONbits                   (abs)        000FA7
_CCP3CONbits                   (abs)        000F26
_CCP4CONbits                   (abs)        000F22
_CCPR1H                        (abs)        000FAA
_CCPR2H                        (abs)        000FA6
_CCPR3H                        (abs)        000F25
_CCPR4H                        (abs)        000F21
_CCPTMRS0bits                  (abs)        000FAD
_I2C_2_Master_Idle             text51       00367E
_I2C_2_Master_Init             text52       003654
_I2C_2_Master_Read             text44       003542
_I2C_2_Master_RepStart         text43       0037C2
_I2C_2_Master_Start            text50       0037D6
_I2C_2_Master_Stop             text49       0037CC
_I2C_2_Master_Write            text48       00379E
_INTCONbits                    (abs)        000FF2
_ISR                           intcode      000008
_LATAbits                      (abs)        000F79
_LATCbits                      (abs)        000F7B
_LATDbits                      (abs)        000F7C
_LATEbits                      (abs)        000F7D
_LATFbits                      (abs)        000F7E
_LATGbits                      (abs)        000F7F
_LATHbits                      (abs)        000F80
_PIE0bits                      (abs)        000E29
_PIR0bits                      (abs)        000E33
_PIR4bits                      (abs)        000E37
_RC0PPS                        (abs)        000E62
_RC4REG                        (abs)        000EE3
_RC4STAbits                    (abs)        000EE7
_RC7PPS                        (abs)        000E69
_RD5PPS                        (abs)        000E6F
_RD6PPS                        (abs)        000E70
_RE2PPS                        (abs)        000E74
_RE4PPS                        (abs)        000E76
_RG6PPS                        (abs)        000E88
_RX4PPS                        (abs)        000E15
_SP4BRGH                       (abs)        000EE6
_SP4BRGL                       (abs)        000EE5
_SSP2ADD                       (abs)        000ED6
_SSP2BUF                       (abs)        000ED5
_SSP2CLKPPS                    (abs)        000E1C
_SSP2CON1bits                  (abs)        000ED9
_SSP2CON2                      (abs)        000EDA
_SSP2CON2bits                  (abs)        000EDA
_SSP2DATPPS                    (abs)        000E1D
_SSP2STAT                      (abs)        000ED8
_T0CON0bits                    (abs)        000FD5
_T0CON1bits                    (abs)        000FD6
_T2CLKCONbits                  (abs)        000FBF
_T2CONbits                     (abs)        000FBD
_T2HLTbits                     (abs)        000FBE
_T2PR                          (abs)        000FBC
_TMR0H                         (abs)        000FD4
_TMR0L                         (abs)        000FD3
_TRISAbits                     (abs)        000F81
_TRISCbits                     (abs)        000F83
_TRISDbits                     (abs)        000F84
_TRISEbits                     (abs)        000F85
_TRISFbits                     (abs)        000F86
_TRISGbits                     (abs)        000F87
_TRISHbits                     (abs)        000F88
_TX4REG                        (abs)        000EE4
_TX4STAbits                    (abs)        000EE8
_Timer0_init                   text54       0036A6
__HRAM                         (abs)        000000
__H__absolute__                __absolute__ 000000
__Habs1                        abs1         000000
__Hbank0                       bank0        000000
__Hbank1                       bank1        000000
__Hbank10                      bank10       000000
__Hbank11                      bank11       000000
__Hbank12                      bank12       000000
__Hbank13                      bank13       000000
__Hbank2                       bank2        000000
__Hbank3                       bank3        000000
__Hbank4                       bank4        000000
__Hbank5                       bank5        000000
__Hbank6                       bank6        000000
__Hbank7                       bank7        000000
__Hbank8                       bank8        000000
__Hbank9                       bank9        000000
__Hbigbss                      bigbss       000000
__Hbigdata                     bigdata      000000
__Hbigram                      bigram       000000
__Hbigsfr                      bigsfr       000000
__Hbss                         bss          000000
__HbssBANK0                    bssBANK0     000000
__HbssBANK1                    bssBANK1     000000
__HbssCOMRAM                   bssCOMRAM    000000
__Hcinit                       cinit        000000
__Hclrtext                     clrtext      000000
__Hcomram                      comram       000000
__Hconfig                      config       30000C
__Hconst                       const        000000
__HcstackBANK0                 cstackBANK0  000000
__HcstackBANK1                 cstackBANK1  000000
__HcstackCOMRAM                cstackCOMRAM 000000
__Hdata                        data         000000
__HdataBANK0                   dataBANK0    000000
__Heeprom_data                 eeprom_data  000000
__Hfarbss                      farbss       000000
__Hfardata                     fardata      000000
__Hheap                        heap         000000
__Hibigdata                    ibigdata     000000
__Hidata                       idata        000000
__HidataBANK0                  idataBANK0   000000
__Hidloc                       idloc        200010
__Hifardata                    ifardata     000000
__Hinit                        init         000046
__Hintcode                     intcode      000042
__Hintcode_body                intcode_body 000000
__Hintcodelo                   intcodelo    000042
__Hintentry                    intentry     000000
__Hintret                      intret       000000
__Hintsave_regs                intsave_regs 000000
__Hirdata                      irdata       000000
__Hmediumconst                 mediumconst  000000
__HnvFARRAM                    nvFARRAM     000000
__Hnvbit                       nvbit        000000
__Hnvrram                      nvrram       000000
__Hparam                       rparam       000000
__Hpowerup                     powerup      000042
__Hram                         ram          000000
__Hramtop                      ramtop       000E00
__Hrbit                        rbit         000000
__Hrbss                        rbss         000000
__Hrdata                       rdata        000000
__Hreset_vec                   reset_vec    000004
__Hrparam                      rparam       000000
__Hsfr                         sfr          000000
__Hsmallconst                  smallconst   000E1A
__Hspace_0                     (abs)        0037EA
__Hspace_1                     (abs)        0001E2
__Hspace_2                     (abs)        000000
__Hspace_4                     (abs)        60000C
__Hstack                       stack        000000
__Hstruct                      struct       000000
__Htemp                        temp         000060
__Htext                        text         000000
__Htext0                       text0        000000
__Htext1                       text1        000000
__Htext10                      text10       000000
__Htext11                      text11       000000
__Htext12                      text12       000000
__Htext13                      text13       000000
__Htext14                      text14       000000
__Htext15                      text15       000000
__Htext16                      text16       000000
__Htext17                      text17       000000
__Htext18                      text18       000000
__Htext19                      text19       000000
__Htext2                       text2        000000
__Htext20                      text20       000000
__Htext21                      text21       000000
__Htext22                      text22       000000
__Htext23                      text23       000000
__Htext24                      text24       000000
__Htext25                      text25       000000
__Htext26                      text26       000000
__Htext27                      text27       000000
__Htext28                      text28       000000
__Htext29                      text29       000000
__Htext3                       text3        000000
__Htext30                      text30       000000
__Htext31                      text31       000000
__Htext32                      text32       000000
__Htext33                      text33       000000
__Htext34                      text34       000000
__Htext35                      text35       000000
__Htext36                      text36       000000
__Htext37                      text37       000000
__Htext38                      text38       000000
__Htext39                      text39       000000
__Htext4                       text4        000000
__Htext40                      text40       000000
__Htext41                      text41       000000
__Htext42                      text42       000000
__Htext43                      text43       000000
__Htext44                      text44       000000
__Htext45                      text45       000000
__Htext46                      text46       000000
__Htext47                      text47       000000
__Htext48                      text48       000000
__Htext49                      text49       000000
__Htext5                       text5        000000
__Htext50                      text50       000000
__Htext51                      text51       000000
__Htext52                      text52       000000
__Htext53                      text53       000000
__Htext54                      text54       000000
__Htext55                      text55       000000
__Htext56                      text56       000000
__Htext57                      text57       000000
__Htext6                       text6        000000
__Htext7                       text7        000000
__Htext8                       text8        000000
__Htext9                       text9        000000
__LRAM                         (abs)        000001
__L__absolute__                __absolute__ 000000
__Labs1                        abs1         000000
__Lbank0                       bank0        000000
__Lbank1                       bank1        000000
__Lbank10                      bank10       000000
__Lbank11                      bank11       000000
__Lbank12                      bank12       000000
__Lbank13                      bank13       000000
__Lbank2                       bank2        000000
__Lbank3                       bank3        000000
__Lbank4                       bank4        000000
__Lbank5                       bank5        000000
__Lbank6                       bank6        000000
__Lbank7                       bank7        000000
__Lbank8                       bank8        000000
__Lbank9                       bank9        000000
__Lbigbss                      bigbss       000000
__Lbigdata                     bigdata      000000
__Lbigram                      bigram       000000
__Lbigsfr                      bigsfr       000000
__Lbss                         bss          000000
__LbssBANK0                    bssBANK0     000000
__LbssBANK1                    bssBANK1     000000
__LbssCOMRAM                   bssCOMRAM    000000
__Lcinit                       cinit        000000
__Lclrtext                     clrtext      000000
__Lcomram                      comram       000000
__Lconfig                      config       000000
__Lconst                       const        000000
__LcstackBANK0                 cstackBANK0  000000
__LcstackBANK1                 cstackBANK1  000000
__LcstackCOMRAM                cstackCOMRAM 000000
__Ldata                        data         000000
__LdataBANK0                   dataBANK0    000000
__Leeprom_data                 eeprom_data  000000
__Lfarbss                      farbss       000000
__Lfardata                     fardata      000000
__Lheap                        heap         000000
__Libigdata                    ibigdata     000000
__Lidata                       idata        000000
__LidataBANK0                  idataBANK0   000000
__Lidloc                       idloc        000000
__Lifardata                    ifardata     000000
__Linit                        init         000042
__Lintcode                     intcode      000008
__Lintcode_body                intcode_body 000000
__Lintcodelo                   intcodelo    000042
__Lintentry                    intentry     000000
__Lintret                      intret       000000
__Lintsave_regs                intsave_regs 000000
__Lirdata                      irdata       000000
__Lmediumconst                 mediumconst  000000
__LnvFARRAM                    nvFARRAM     000000
__Lnvbit                       nvbit        000000
__Lnvrram                      nvrram       000000
__Lparam                       rparam       000000
__Lpowerup                     powerup      000042
__Lram                         ram          000000
__Lramtop                      ramtop       000E00
__Lrbit                        rbit         000000
__Lrbss                        rbss         000000
__Lrdata                       rdata        000000
__Lreset_vec                   reset_vec    000000
__Lrparam                      rparam       000000
__Lsfr                         sfr          000000
__Lsmallconst                  smallconst   000E00
__Lspace_0                     (abs)        000000
__Lspace_1                     (abs)        000000
__Lspace_2                     (abs)        000000
__Lspace_4                     (abs)        000000
__Lstack                       stack        000000
__Lstruct                      struct       000000
__Ltemp                        temp         00005F
__Ltext                        text         000000
__Ltext0                       text0        000000
__Ltext1                       text1        000000
__Ltext10                      text10       000000
__Ltext11                      text11       000000
__Ltext12                      text12       000000
__Ltext13                      text13       000000
__Ltext14                      text14       000000
__Ltext15                      text15       000000
__Ltext16                      text16       000000
__Ltext17                      text17       000000
__Ltext18                      text18       000000
__Ltext19                      text19       000000
__Ltext2                       text2        000000
__Ltext20                      text20       000000
__Ltext21                      text21       000000
__Ltext22                      text22       000000
__Ltext23                      text23       000000
__Ltext24                      text24       000000
__Ltext25                      text25       000000
__Ltext26                      text26       000000
__Ltext27                      text27       000000
__Ltext28                      text28       000000
__Ltext29                      text29       000000
__Ltext3                       text3        000000
__Ltext30                      text30       000000
__Ltext31                      text31       000000
__Ltext32                      text32       000000
__Ltext33                      text33       000000
__Ltext34                      text34       000000
__Ltext35                      text35       000000
__Ltext36                      text36       000000
__Ltext37                      text37       000000
__Ltext38                      text38       000000
__Ltext39                      text39       000000
__Ltext4                       text4        000000
__Ltext40                      text40       000000
__Ltext41                      text41       000000
__Ltext42                      text42       000000
__Ltext43                      text43       000000
__Ltext44                      text44       000000
__Ltext45                      text45       000000
__Ltext46                      text46       000000
__Ltext47                      text47       000000
__Ltext48                      text48       000000
__Ltext49                      text49       000000
__Ltext5                       text5        000000
__Ltext50                      text50       000000
__Ltext51                      text51       000000
__Ltext52                      text52       000000
__Ltext53                      text53       000000
__Ltext54                      text54       000000
__Ltext55                      text55       000000
__Ltext56                      text56       000000
__Ltext57                      text57       000000
__Ltext6                       text6        000000
__Ltext7                       text7        000000
__Ltext8                       text8        000000
__Ltext9                       text9        000000
__S0                           (abs)        0037EA
__S1                           (abs)        0001E2
__S4                           (abs)        000000
__S5                           (abs)        000000
___awdiv                       text24       002AD6
___awdiv@counter               cstackCOMRAM 000005
___awdiv@dividend              cstackCOMRAM 000001
___awdiv@divisor               cstackCOMRAM 000003
___awdiv@quotient              cstackCOMRAM 000007
___awdiv@sign                  cstackCOMRAM 000006
___awmod                       text23       002C54
___awmod@counter               cstackCOMRAM 000005
___awmod@dividend              cstackCOMRAM 000001
___awmod@divisor               cstackCOMRAM 000003
___awmod@sign                  cstackCOMRAM 000006
___flmul                       text30       00194A
___flmul@a                     cstackCOMRAM 000013
___flmul@aexp                  cstackCOMRAM 000020
___flmul@b                     cstackCOMRAM 00000F
___flmul@bexp                  cstackCOMRAM 000021
___flmul@grs                   cstackCOMRAM 00001C
___flmul@prod                  cstackCOMRAM 000022
___flmul@sign                  cstackCOMRAM 00001B
___flmul@temp                  cstackCOMRAM 000026
___fltol                       text29       002832
___fltol@exp1                  cstackCOMRAM 000031
___fltol@f1                    cstackCOMRAM 000028
___fltol@sign1                 cstackCOMRAM 000030
___heap_hi                     (abs)        000000
___heap_lo                     (abs)        000000
___inthi_sp                    stack        000000
___inthi_stack_hi              stack        000000
___inthi_stack_lo              stack        000000
___intlo_sp                    stack        000000
___intlo_stack_hi              stack        000000
___intlo_stack_lo              stack        000000
___lldiv                       text45       002D04
___lldiv@counter               cstackCOMRAM 00000D
___lldiv@dividend              cstackCOMRAM 000001
___lldiv@divisor               cstackCOMRAM 000005
___lldiv@quotient              cstackCOMRAM 000009
___lmul                        text35       0030A8
___lmul@multiplicand           cstackCOMRAM 000005
___lmul@multiplier             cstackCOMRAM 000001
___lmul@product                cstackCOMRAM 000009
___lwdiv                       text22       003034
___lwdiv@counter               cstackCOMRAM 00000D
___lwdiv@dividend              cstackCOMRAM 000007
___lwdiv@divisor               cstackCOMRAM 000009
___lwdiv@quotient              cstackCOMRAM 00000B
___lwmod                       text21       003112
___lwmod@counter               cstackCOMRAM 000005
___lwmod@dividend              cstackCOMRAM 000001
___lwmod@divisor               cstackCOMRAM 000003
___param_bank                  (abs)        000000
___rparam_used                 (abs)        000001
___sp                          stack        000000
___stack_hi                    stack        000000
___stack_lo                    stack        000000
___wmul                        text11       0036CE
___wmul@multiplicand           cstackCOMRAM 000003
___wmul@multiplier             cstackCOMRAM 000001
___wmul@product                cstackCOMRAM 000005
___xxtofl                      text28       00227C
___xxtofl@arg                  cstackCOMRAM 00000B
___xxtofl@exp                  cstackCOMRAM 00000A
___xxtofl@sign                 cstackCOMRAM 000009
___xxtofl@val                  cstackCOMRAM 000001
__accesstop                    (abs)        000060
__activetblptr                 (abs)        000003
__end_of_I2C_2_Master_Idle     text51       0036A6
__end_of_I2C_2_Master_Init     text52       00367E
__end_of_I2C_2_Master_Read     text44       003584
__end_of_I2C_2_Master_RepStart text43       0037CC
__end_of_I2C_2_Master_Start    text50       0037E0
__end_of_I2C_2_Master_Stop     text49       0037D6
__end_of_I2C_2_Master_Write    text48       0037AA
__end_of_ISR                   intcode      000042
__end_of_Timer0_init           text54       0036CE
__end_of___awdiv               text24       002B9A
__end_of___awmod               text23       002D04
__end_of___flmul               text30       001D74
__end_of___fltol               text29       002938
__end_of___lldiv               text45       002DA8
__end_of___lmul                text35       003112
__end_of___lwdiv               text22       0030A8
__end_of___lwmod               text21       003176
__end_of___wmul                text11       0036F4
__end_of___xxtofl              text28       002430
__end_of__initialization       cinit        0034F4
__end_of_abs                   text20       0035F2
__end_of_average_RGBC          text37       00227C
__end_of_buggy_lights_init     text53       003654
__end_of_color_click_init      text46       003626
__end_of_color_read_Blue       text42       003422
__end_of_color_read_Clear      text41       0033D2
__end_of_color_read_Green      text40       003382
__end_of_color_read_Red        text39       003332
__end_of_color_writetoaddr     text47       003736
__end_of_colour_to_key         text36       00194A
__end_of_convert_HSV           text32       0014E6
__end_of_forward_navigation    text4        002832
__end_of_fputc                 text18       002C54
__end_of_getRGBCval            text38       0032E2
__end_of_initDCmotorsPWM       text3        002E38
__end_of_initUSART4            text2        003754
__end_of_main                  text0        0025A6
__end_of_max_RGB               text34       002FBE
__end_of_min_RGB               text33       002F42
__end_of_putch                 text19       0037EA
__end_of_read_timer            text31       00379E
__end_of_reset_timer           text56       0037B6
__end_of_scale_RGB             text27       002A0E
__end_of_sendArrayCharSerial4  text14       003034
__end_of_sendCharSerial4       text26       003788
__end_of_sendHSVvalSerial4     text13       00346E
__end_of_sendIntSerial4        text1        003716
__end_of_sendRGBCvalSerial4    text12       003236
__end_of_sendStringSerial4     text25       0031D8
__end_of_setMotorPWM           text10       0026FA
__end_of_sprintf               text15       0034BA
__end_of_start_timer           text55       0037E8
__end_of_stop                  text9        002EC6
__end_of_stop_timer            text8        0037E4
__end_of_toggle_tricolour_LED  text7        002AD6
__end_of_vfpfcnvrt             text17       002080
__end_of_vfprintf              text16       00328C
__end_of_wait_for_wall         text6        003542
__end_of_write_timer           text57       0037C2
__end_of_write_trail           text5        0035BE
__initialization               cinit        0034BA
__mediumconst                  mediumconst  000000
__pbssBANK0                    bssBANK0     000060
__pbssBANK1                    bssBANK1     0001A4
__pbssCOMRAM                   bssCOMRAM    00005E
__pcinit                       cinit        0034BA
__pcstackBANK0                 cstackBANK0  000088
__pcstackBANK1                 cstackBANK1  000100
__pcstackCOMRAM                cstackCOMRAM 000001
__pdataBANK0                   dataBANK0    0000AB
__pidataBANK0                  idataBANK0   003754
__pintcode                     intcode      000008
__psmallconst                  smallconst   000E00
__ptext0                       text0        002430
__ptext1                       text1        0036F4
__ptext10                      text10       0025A6
__ptext11                      text11       0036CE
__ptext12                      text12       0031D8
__ptext13                      text13       003422
__ptext14                      text14       002FBE
__ptext15                      text15       00346E
__ptext16                      text16       003236
__ptext17                      text17       001D74
__ptext18                      text18       002B9A
__ptext19                      text19       0037E8
__ptext2                       text2        003736
__ptext20                      text20       0035BE
__ptext21                      text21       003112
__ptext22                      text22       003034
__ptext23                      text23       002C54
__ptext24                      text24       002AD6
__ptext25                      text25       003176
__ptext26                      text26       003770
__ptext27                      text27       002938
__ptext28                      text28       00227C
__ptext29                      text29       002832
__ptext3                       text3        002DA8
__ptext30                      text30       00194A
__ptext31                      text31       003788
__ptext32                      text32       000E1A
__ptext33                      text33       002EC6
__ptext34                      text34       002F42
__ptext35                      text35       0030A8
__ptext36                      text36       0014E6
__ptext37                      text37       002080
__ptext38                      text38       00328C
__ptext39                      text39       0032E2
__ptext4                       text4        0026FA
__ptext40                      text40       003332
__ptext41                      text41       003382
__ptext42                      text42       0033D2
__ptext43                      text43       0037C2
__ptext44                      text44       003542
__ptext45                      text45       002D04
__ptext46                      text46       0035F2
__ptext47                      text47       003716
__ptext48                      text48       00379E
__ptext49                      text49       0037CC
__ptext5                       text5        003584
__ptext50                      text50       0037D6
__ptext51                      text51       00367E
__ptext52                      text52       003654
__ptext53                      text53       003626
__ptext54                      text54       0036A6
__ptext55                      text55       0037E4
__ptext56                      text56       0037AA
__ptext57                      text57       0037B6
__ptext6                       text6        0034FE
__ptext7                       text7        002A0E
__ptext8                       text8        0037E0
__ptext9                       text9        002E38
__ramtop                       ramtop       000E00
__smallconst                   smallconst   000E00
_abs                           text20       0035BE
_average_RGBC                  text37       002080
_buggy_lights_init             text53       003626
_color_click_init              text46       0035F2
_color_read_Blue               text42       0033D2
_color_read_Clear              text41       003382
_color_read_Green              text40       003332
_color_read_Red                text39       0032E2
_color_writetoaddr             text47       003716
_colour_to_key                 text36       0014E6
_convert_HSV                   text32       000E1A
_dbuf                          bssBANK0     000060
_flags                         bssBANK0     000086
_forward_navigation            text4        0026FA
_fputc                         text18       002B9A
_getRGBCval                    text38       00328C
_headbuttDelay                 dataBANK0    0000B3
_initDCmotorsPWM               text3        002DA8
_initUSART4                    text2        003736
_lost_flag                     bssBANK1     0001A5
_main                          text0        002430
_manoeuvre_count               bssBANK1     0001A4
_manoeuvre_pointer             dataBANK0    0000AB
_max_RGB                       text34       002F42
_min_RGB                       text33       002EC6
_nout                          bssBANK0     000080
_prec                          bssBANK0     000084
_putch                         text19       0037E8
_rampDelay                     dataBANK0    0000C4
_read_timer                    text31       003788
_reset_timer                   text56       0037AA
_return_flag                   bssBANK0     000087
_returning                     bssCOMRAM    00005E
_sample_count                  dataBANK0    0000C5
_scale_RGB                     text27       002938
_sendArrayCharSerial4          text14       002FBE
_sendCharSerial4               text26       003770
_sendHSVvalSerial4             text13       003422
_sendIntSerial4                text1        0036F4
_sendRGBCvalSerial4            text12       0031D8
_sendStringSerial4             text25       003176
_setMotorPWM                   text10       0025A6
_sprintf                       text15       00346E
_squareDelay                   dataBANK0    0000B1
_start_timer                   text55       0037E4
_stop                          text9        002E38
_stop_timer                    text8        0037E0
_timer_high_pointer            dataBANK0    0000AF
_timer_low_pointer             dataBANK0    0000AD
_toggle_tricolour_LED          text7        002A0E
_topGearLeft                   dataBANK0    0000C3
_topGearRight                  dataBANK0    0000C2
_trail_manoeuvre               bssBANK1     0001A6
_trail_timer_high              bssBANK1     0001CE
_trail_timer_low               bssBANK1     0001BA
_turn180Delay                  dataBANK0    0000B5
_turnLeft135Delay              dataBANK0    0000B9
_turnLeft90Delay               dataBANK0    0000BD
_turnRight135Delay             dataBANK0    0000B7
_turnRight90Delay              dataBANK0    0000BB
_turningGear                   dataBANK0    0000C1
_vfpfcnvrt                     text17       001D74
_vfprintf                      text16       003236
_wait_for_wall                 text6        0034FE
_wall_threshold_blue           dataBANK0    0000BF
_width                         bssBANK0     000082
_write_timer                   text57       0037B6
_write_trail                   text5        003584
abs@a                          cstackCOMRAM 000007
average_RGBC@i                 cstackCOMRAM 000011
average_RGBC@p                 cstackCOMRAM 00000E
average_RGBC@temp_B            cstackCOMRAM 00001A
average_RGBC@temp_C            cstackCOMRAM 00001E
average_RGBC@temp_G            cstackCOMRAM 000016
average_RGBC@temp_R            cstackCOMRAM 000012
btemp                          temp         00005F
color_read_Blue@tmp            cstackCOMRAM 00000A
color_read_Clear@tmp           cstackCOMRAM 00000A
color_read_Green@tmp           cstackCOMRAM 00000A
color_read_Red@tmp             cstackCOMRAM 00000A
color_writetoaddr@address      cstackCOMRAM 000004
color_writetoaddr@value        cstackCOMRAM 000003
colour_to_key@key              cstackCOMRAM 000005
colour_to_key@p1               cstackCOMRAM 000001
colour_to_key@p2               cstackCOMRAM 000002
convert_HSV@C                  cstackCOMRAM 000040
convert_HSV@M                  cstackCOMRAM 00003E
convert_HSV@hue                cstackCOMRAM 00001E
convert_HSV@hue_scale          cstackCOMRAM 00003C
convert_HSV@m                  cstackCOMRAM 00001A
convert_HSV@p1                 cstackCOMRAM 00000E
convert_HSV@p2                 cstackCOMRAM 00000F
convert_HSV@sat                cstackCOMRAM 00001C
convert_HSV@sat_scale          cstackCOMRAM 000018
convert_HSV@temp               cstackCOMRAM 000024
convert_HSV@temp_609           cstackCOMRAM 000038
convert_HSV@temp_610           cstackCOMRAM 000028
convert_HSV@temp_611           cstackCOMRAM 00002C
convert_HSV@temp_612           cstackCOMRAM 000030
convert_HSV@temp_613           cstackCOMRAM 000034
convert_HSV@temp_614           cstackCOMRAM 000020
end_of_initialization          cinit        0034F4
forward_navigation@mL          cstackCOMRAM 000055
forward_navigation@mR          cstackCOMRAM 000056
forward_navigation@mann        cstackCOMRAM 00005D
forward_navigation@p1          cstackCOMRAM 000057
forward_navigation@p2          cstackCOMRAM 000058
forward_navigation@timerH      cstackCOMRAM 00005B
forward_navigation@timerL      cstackCOMRAM 00005C
fputc@c                        cstackCOMRAM 000001
fputc@fp                       cstackCOMRAM 000003
getRGBCval@p                   cstackCOMRAM 00000C
initDCmotorsPWM@PWMperiod      cstackCOMRAM 000001
int$flags                      temp         00005F
intlevel0                      text         000000
intlevel1                      text         000000
intlevel2                      text         000000
intlevel3                      text         000000
isa$std                        (abs)        000001
isa$xinst                      (abs)        000000
main@HSV_colour                cstackBANK0  00009D
main@RGBC_colour               cstackBANK0  0000A3
main@k                         cstackBANK0  00008A
main@motorL                    cstackBANK0  00008B
main@motorR                    cstackBANK0  000094
max_RGB@max_val                cstackCOMRAM 000005
max_RGB@p                      cstackCOMRAM 000001
min_RGB@min_val                cstackCOMRAM 000005
min_RGB@p                      cstackCOMRAM 000001
read_timer@tH                  cstackCOMRAM 000001
read_timer@tL                  cstackCOMRAM 000002
scale_RGB@p                    cstackCOMRAM 000032
sendArrayCharSerial4@arr       cstackCOMRAM 00003A
sendArrayCharSerial4@i         cstackBANK1  0001A2
sendArrayCharSerial4@index     cstackBANK1  0001A1
sendArrayCharSerial4@tempStr   cstackBANK1  000100
sendCharSerial4@charToSend     cstackCOMRAM 000001
sendHSVvalSerial4@col_val      cstackCOMRAM 00003A
sendHSVvalSerial4@tempStr      cstackCOMRAM 00003B
sendIntSerial4@integer         cstackCOMRAM 00003A
sendIntSerial4@string          cstackCOMRAM 00003C
sendRGBCvalSerial4@col_val     cstackCOMRAM 00003A
sendRGBCvalSerial4@tempStr     cstackCOMRAM 00003B
sendStringSerial4@string       cstackCOMRAM 000002
setMotorPWM@m                  cstackCOMRAM 00000E
setMotorPWM@negDuty            cstackCOMRAM 000012
setMotorPWM@posDuty            cstackCOMRAM 000011
sprintf@ap                     cstackCOMRAM 00002D
sprintf@f                      cstackCOMRAM 00002E
sprintf@fmt                    cstackCOMRAM 000022
sprintf@ret                    cstackCOMRAM 00002B
sprintf@s                      cstackCOMRAM 000020
stackhi                        (abs)        000000
stacklo                        (abs)        000000
start                          init         000042
start_initialization           cinit        0034BA
stop@mL                        cstackCOMRAM 000013
stop@mR                        cstackCOMRAM 000014
ttemp5                         temp         000060
ttemp6                         temp         000063
ttemp7                         temp         000067
vfpfcnvrt@ap                   cstackCOMRAM 000010
vfpfcnvrt@c                    cstackCOMRAM 00001B
vfpfcnvrt@cnt                  cstackCOMRAM 000014
vfpfcnvrt@convarg              cstackCOMRAM 000017
vfpfcnvrt@cp                   cstackCOMRAM 000016
vfpfcnvrt@done                 cstackCOMRAM 000013
vfpfcnvrt@fmt                  cstackCOMRAM 00000F
vfpfcnvrt@fp                   cstackCOMRAM 00000E
vfprintf@ap                    cstackCOMRAM 00001E
vfprintf@cfmt                  cstackCOMRAM 00001F
vfprintf@fmt                   cstackCOMRAM 00001D
vfprintf@fp                    cstackCOMRAM 00001C
wait_for_wall@loss             cstackCOMRAM 00000E
wait_for_wall@p                cstackCOMRAM 00000D
write_timer@tH                 cstackCOMRAM 000002
write_timer@tL                 cstackCOMRAM 000001
write_trail@man                cstackCOMRAM 000002
write_trail@tH                 cstackCOMRAM 000003
write_trail@tL                 cstackCOMRAM 000001
wtemp8                         temp         000060


MODULE INFORMATION

Module		Function		Class		Link	Load	Size
C:\Program Files\Microchip\xc8\v2.45\pic\sources\c99\common\Umul16.c
		___wmul        		CODE           	36CE	0000	38

C:\Program Files\Microchip\xc8\v2.45\pic\sources\c99\common\Umul16.c estimated size: 38

serial.c
		_sendArrayCharSerial4		CODE           	2FBE	0000	118
		_sendStringSerial4		CODE           	3176	0000	98
		_sendRGBCvalSerial4		CODE           	31D8	0000	94
		_sendIntSerial4		CODE           	36F4	0000	34
		_sendCharSerial4		CODE           	3770	0000	24
		_sendHSVvalSerial4		CODE           	3422	0000	76
		_initUSART4    		CODE           	3736	0000	30

serial.c estimated size: 474

timers.c
		_forward_navigation		CODE           	26FA	0000	312
		_Timer0_init   		CODE           	36A6	0000	40
		_ISR           		CODE           	0008	0000	58
		_write_trail   		CODE           	3584	0000	58
		_write_timer   		CODE           	37B6	0000	12
		_start_timer   		CODE           	37E4	0000	4
		_reset_timer   		CODE           	37AA	0000	12
		_stop_timer    		CODE           	37E0	0000	4
		_read_timer    		CODE           	3788	0000	22

timers.c estimated size: 522

color.c
		_color_writetoaddr		CODE           	3716	0000	32
		_color_click_init		CODE           	35F2	0000	52
		_min_RGB       		CODE           	2EC6	0000	124
		_scale_RGB     		CODE           	2938	0000	214
		_getRGBCval    		CODE           	328C	0000	86
		_average_RGBC  		CODE           	2080	0000	508
		_colour_to_key 		CODE           	14E6	0000	1124
		_color_read_Green		CODE           	3332	0000	80
		_color_read_Clear		CODE           	3382	0000	80
		_max_RGB       		CODE           	2F42	0000	124
		_color_read_Red		CODE           	32E2	0000	80
		_convert_HSV   		CODE           	0E1A	0000	1740
		_wait_for_wall 		CODE           	34FE	0000	68
		_color_read_Blue		CODE           	33D2	0000	80

color.c estimated size: 4392

dc_motor.c
		_stop          		CODE           	2E38	0000	142
		_initDCmotorsPWM		CODE           	2DA8	0000	144
		_setMotorPWM   		CODE           	25A6	0000	340

dc_motor.c estimated size: 626

buggy_lights.c
		_buggy_lights_init		CODE           	3626	0000	46
		_toggle_tricolour_LED		CODE           	2A0E	0000	200

buggy_lights.c estimated size: 246

i2c.c
		_I2C_2_Master_Start		CODE           	37D6	0000	10
		_I2C_2_Master_Read		CODE           	3542	0000	66
		_I2C_2_Master_Idle		CODE           	367E	0000	40
		_I2C_2_Master_Init		CODE           	3654	0000	42
		_I2C_2_Master_Stop		CODE           	37CC	0000	10
		_I2C_2_Master_RepStart		CODE           	37C2	0000	10
		_I2C_2_Master_Write		CODE           	379E	0000	12

i2c.c estimated size: 190

C:\Program Files\Microchip\xc8\v2.45\pic\sources\c99\common\Umul32.c
		___lmul        		CODE           	30A8	0000	106

C:\Program Files\Microchip\xc8\v2.45\pic\sources\c99\common\Umul32.c estimated size: 106

C:\Program Files\Microchip\xc8\v2.45\pic\sources\c99\common\sprcmul.c
		___flmul       		CODE           	194A	0000	1066

C:\Program Files\Microchip\xc8\v2.45\pic\sources\c99\common\sprcmul.c estimated size: 1066

C:\Program Files\Microchip\xc8\v2.45\pic\sources\c99\common\nf_sprintf.c
		_sprintf       		CODE           	346E	0000	76

C:\Program Files\Microchip\xc8\v2.45\pic\sources\c99\common\nf_sprintf.c estimated size: 76

C:\Program Files\Microchip\xc8\v2.45\pic\sources\c99\common\lwmod.c
		___lwmod       		CODE           	3112	0000	100

C:\Program Files\Microchip\xc8\v2.45\pic\sources\c99\common\lwmod.c estimated size: 100

C:\Program Files\Microchip\xc8\v2.45\pic\sources\c99\common\awmod.c
		___awmod       		CODE           	2C54	0000	176

C:\Program Files\Microchip\xc8\v2.45\pic\sources\c99\common\awmod.c estimated size: 176

C:\Program Files\Microchip\xc8\v2.45\pic\sources\c99\common\putch.c
		_putch         		CODE           	37E8	0000	2

C:\Program Files\Microchip\xc8\v2.45\pic\sources\c99\common\putch.c estimated size: 2

shared
		__initialization		CODE           	34BA	0000	58

shared estimated size: 58

C:\Program Files\Microchip\xc8\v2.45\pic\sources\c99\common\xxtofl.c
		___xxtofl      		CODE           	227C	0000	436

C:\Program Files\Microchip\xc8\v2.45\pic\sources\c99\common\xxtofl.c estimated size: 436

C:\Program Files\Microchip\xc8\v2.45\pic\sources\c99\common\abs.c
		_abs           		CODE           	35BE	0000	52

C:\Program Files\Microchip\xc8\v2.45\pic\sources\c99\common\abs.c estimated size: 52

C:\Program Files\Microchip\xc8\v2.45\pic\sources\c99\common\__lldiv.c
		___lldiv       		CODE           	2D04	0000	164

C:\Program Files\Microchip\xc8\v2.45\pic\sources\c99\common\__lldiv.c estimated size: 164

main.c
		_main          		CODE           	2430	0000	374

main.c estimated size: 374

C:\Program Files\Microchip\xc8\v2.45\pic\sources\c99\common\nf_fputc.c
		_fputc         		CODE           	2B9A	0000	186

C:\Program Files\Microchip\xc8\v2.45\pic\sources\c99\common\nf_fputc.c estimated size: 186

C:\Program Files\Microchip\xc8\v2.45\pic\sources\c99\common\doprnt.c
		_vfpfcnvrt     		CODE           	1D74	0000	780
		_vfprintf      		CODE           	3236	0000	86

C:\Program Files\Microchip\xc8\v2.45\pic\sources\c99\common\doprnt.c estimated size: 866

C:\Program Files\Microchip\xc8\v2.45\pic\sources\c99\common\lwdiv.c
		___lwdiv       		CODE           	3034	0000	116

C:\Program Files\Microchip\xc8\v2.45\pic\sources\c99\common\lwdiv.c estimated size: 116

C:\Program Files\Microchip\xc8\v2.45\pic\sources\c99\common\awdiv.c
		___awdiv       		CODE           	2AD6	0000	196

C:\Program Files\Microchip\xc8\v2.45\pic\sources\c99\common\awdiv.c estimated size: 196

C:\Program Files\Microchip\xc8\v2.45\pic\sources\c99\common\fltol.c
		___fltol       		CODE           	2832	0000	262

C:\Program Files\Microchip\xc8\v2.45\pic\sources\c99\common\fltol.c estimated size: 262

