Microchip MPLAB XC8 Compiler V2.45

Linker command line:

-W-3 \
  --edf=C:\Program Files\Microchip\xc8\v2.45\pic\dat\20230818022343_en.msgs \
  -cn \
  -h+dist/default/production\final-project-gorakh-boris.X.production.sym \
  --cmf=dist/default/production\final-project-gorakh-boris.X.production.cmf \
  -z -Q18F67K40 \
  -oC:\Users\Gorak\AppData\Local\Temp\xcBs23c.1\driver_tmp_3.o \
  --defsym=__MPLAB_BUILD=1 --fixupoverflow=error \
  -Mdist/default/production/final-project-gorakh-boris.X.production.map \
  --md=C:\Users\Gorak\AppData\Local\Temp\xcBs23c.1\driver_tmp_0.dat -E1 \
  -ver=XC8 Compiler --acfsm=1493 -ACODE=00h-01FFFFh -ACONST=00h-01FFFFh \
  -ASMALLCONST=0E00h-0EFFhx498 -AMEDIUMCONST=0E00h-0FFFFh,010E00h-01FFFFh \
  -ACOMRAM=01h-05Fh -AABS1=00h-0DE9h -ABIGRAM=01h-0DE9h \
  -ARAM=060h-0FFh,0100h-01FFhx12,0D00h-0DE9h -ABANK0=060h-0FFh \
  -ABANK1=0100h-01FFh -ABANK2=0200h-02FFh -ABANK3=0300h-03FFh \
  -ABANK4=0400h-04FFh -ABANK5=0500h-05FFh -ABANK6=0600h-06FFh \
  -ABANK7=0700h-07FFh -ABANK8=0800h-08FFh -ABANK9=0900h-09FFh \
  -ABANK10=0A00h-0AFFh -ABANK11=0B00h-0BFFh -ABANK12=0C00h-0CFFh \
  -ABANK13=0D00h-0DE9h \
  -ASFR=0DEFh-0DFFh,0E00h-0EFFh,0F00h-0F5Fh,0F60h-0FFFh \
  -ABIGSFR=0DEFh-0FFFh -ACONFIG=0300000h-030000Bh -AIDLOC=0200000h-020000Fh \
  -AEEDATA=0310000h-03103FFh -peeprom_data=EEDATA \
  -preset_vec=00h,intcode=08h,intcodelo,powerup,init -pramtop=0E00h \
  -psmallconst=SMALLCONST -pmediumconst=MEDIUMCONST -pconst=CONST \
  -AFARRAM=00h-00h \
  -prdata=COMRAM,nvrram=COMRAM,nvbit=COMRAM,rbss=COMRAM,rbit=COMRAM \
  -pfarbss=FARRAM,fardata=FARRAM,nvFARRAM=FARRAM \
  -pintsave_regs=BIGRAM,bigbss=BIGRAM,bigdata=BIGRAM -pbss=RAM \
  -pidata=CODE,irdata=CODE,ibigdata=CODE,ifardata=CODE -prparam=COMRAM \
  C:\Users\Gorak\AppData\Local\Temp\xcBs23c.1\driver_tmp_14.o \
  dist/default/production\final-project-gorakh-boris.X.production.o 

Object code version is 3.11

Machine type is 18F67K40



                Name                               Link     Load   Length Selector   Space Scale
C:\Users\Gorak\AppData\Local\Temp\xcBs23c.1\driver_tmp_14.o
                idloc                            200000   200000       10        0       5
                config                           300000   300000        C        0       4
                init                                 34       34        4        4       0
                reset_vec                             0        0        4        0       0
dist/default/production\final-project-gorakh-boris.X.production.o
                intcode                               8        8       2C        4       0
                idloc                            200000   200000       10        0       5
                config                           300000   300000        C        0       4
                temp                                 5E       5E        1        1       1
                smallconst                          E00      E00       24      700       0
                text46                             2CCC     2CCC        C      712       0
                text45                             2CC0     2CC0        C      712       0
                text44                             2C26     2C26       24      712       0
                text43                             2BA6     2BA6       2E      712       0
                text42                             2BD4     2BD4       2A      712       0
                text41                             2BFE     2BFE       28      712       0
                text40                             2CEC     2CEC        A      712       0
                text39                             2CE2     2CE2        A      712       0
                text38                             2CB4     2CB4        C      712       0
                text37                             2C4A     2C4A       20      712       0
                text36                             2B12     2B12       34      712       0
                text35                             23D0     23D0       A4      712       0
                text34                             25E2     25E2       6A      712       0
                text33                             2B76     2B76       30      712       0
                text32                             2870     2870       54      712       0
                text31                             2B46     2B46       30      712       0
                text30                             281C     281C       54      712       0
                text29                              E24      E24      6CC      712       0
                text28                             2A9C     2A9C       42      712       0
                text27                             2CD8     2CD8        A      712       0
                text26                             29B4     29B4       50      712       0
                text25                             2964     2964       50      712       0
                text24                             2914     2914       50      712       0
                text23                             28C4     28C4       50      712       0
                text22                             27C6     27C6       56      712       0
                text21                             2474     2474       90      712       0
                text20                             2C6A     2C6A       1E      712       0
                text19                             14F0     14F0      42A      712       0
                text18                             1EFE     1EFE      106      712       0
                text17                             1C26     1C26      1B4      712       0
                text16                             2004     2004       D6      712       0
                text15                             2C88     2C88       18      712       0
                text14                             26B0     26B0       62      712       0
                text13                             21A2     21A2       C4      712       0
                text12                             2320     2320       B0      712       0
                text11                             2504     2504       74      712       0
                text10                             264C     264C       64      712       0
                text9                              2ADE     2ADE       34      712       0
                text8                              2CFC     2CFC        2      712       0
                text7                              2266     2266       BA      712       0
                text6                              191A     191A      30C      712       0
                text5                              2770     2770       56      712       0
                text4                              2A50     2A50       4C      712       0
                text3                              2A04     2A04       4C      712       0
                text2                              2712     2712       5E      712       0
                text1                              20DA     20DA       C8      712       0
                text0                              1DDA     1DDA      124      712       0
                cstackCOMRAM                          1        1       53        1       1
                cstackBANK0                          86       86       20       60       1
                bssBANK1                            100      100       3C      100       1
                dataBANK0                            A6       A6       14       60       1
                bssBANK0                             60       60       26       60       1
                dataCOMRAM                           54       54        6        1       1
                bssCOMRAM                            5A       5A        4        1       1
                cinit                              2578     2578       6A      712       0
                idataBANK0                         2CA0     2CA0       14      712       0
                idataCOMRAM                        2CF6     2CF6        6      712       0

TOTAL           Name                               Link     Load   Length     Space
        CLASS   CODE           
                intcode                               8        8       2C         0
                init                                 34       34        4         0
                reset_vec                             0        0        4         0
                text46                             2CCC     2CCC        C         0
                text45                             2CC0     2CC0        C         0
                text44                             2C26     2C26       24         0
                text43                             2BA6     2BA6       2E         0
                text42                             2BD4     2BD4       2A         0
                text41                             2BFE     2BFE       28         0
                text40                             2CEC     2CEC        A         0
                text39                             2CE2     2CE2        A         0
                text38                             2CB4     2CB4        C         0
                text37                             2C4A     2C4A       20         0
                text36                             2B12     2B12       34         0
                text35                             23D0     23D0       A4         0
                text34                             25E2     25E2       6A         0
                text33                             2B76     2B76       30         0
                text32                             2870     2870       54         0
                text31                             2B46     2B46       30         0
                text30                             281C     281C       54         0
                text29                              E24      E24      6CC         0
                text28                             2A9C     2A9C       42         0
                text27                             2CD8     2CD8        A         0
                text26                             29B4     29B4       50         0
                text25                             2964     2964       50         0
                text24                             2914     2914       50         0
                text23                             28C4     28C4       50         0
                text22                             27C6     27C6       56         0
                text21                             2474     2474       90         0
                text20                             2C6A     2C6A       1E         0
                text19                             14F0     14F0      42A         0
                text18                             1EFE     1EFE      106         0
                text17                             1C26     1C26      1B4         0
                text16                             2004     2004       D6         0
                text15                             2C88     2C88       18         0
                text14                             26B0     26B0       62         0
                text13                             21A2     21A2       C4         0
                text12                             2320     2320       B0         0
                text11                             2504     2504       74         0
                text10                             264C     264C       64         0
                text9                              2ADE     2ADE       34         0
                text8                              2CFC     2CFC        2         0
                text7                              2266     2266       BA         0
                text6                              191A     191A      30C         0
                text5                              2770     2770       56         0
                text4                              2A50     2A50       4C         0
                text3                              2A04     2A04       4C         0
                text2                              2712     2712       5E         0
                text1                              20DA     20DA       C8         0
                text0                              1DDA     1DDA      124         0
                cinit                              2578     2578       6A         0
                idataBANK0                         2CA0     2CA0       14         0
                idataCOMRAM                        2CF6     2CF6        6         0

        CLASS   CONST          

        CLASS   SMALLCONST     
                smallconst                          E00      E00       24         0

        CLASS   MEDIUMCONST    

        CLASS   COMRAM         
                temp                                 5E       5E        1         1
                cstackCOMRAM                          1        1       53         1
                dataCOMRAM                           54       54        6         1
                bssCOMRAM                            5A       5A        4         1

        CLASS   ABS1           

        CLASS   BIGRAM         

        CLASS   RAM            

        CLASS   BANK0          
                cstackBANK0                          86       86       20         1
                dataBANK0                            A6       A6       14         1
                bssBANK0                             60       60       26         1

        CLASS   BANK1          
                bssBANK1                            100      100       3C         1

        CLASS   BANK2          

        CLASS   BANK3          

        CLASS   BANK4          

        CLASS   BANK5          

        CLASS   BANK6          

        CLASS   BANK7          

        CLASS   BANK8          

        CLASS   BANK9          

        CLASS   BANK10         

        CLASS   BANK11         

        CLASS   BANK12         

        CLASS   BANK13         

        CLASS   SFR            

        CLASS   BIGSFR         

        CLASS   CONFIG         
                config                           300000   300000        C         4

        CLASS   IDLOC          
                idloc                            200000   200000       10         5

        CLASS   EEDATA         

        CLASS   FARRAM         

        CLASS   HEAP           

        CLASS   STACK          



SEGMENTS        Name                           Load    Length   Top    Selector   Space  Class

                reset_vec                      000000  000004  000004         0       0  CODE    
                cstackCOMRAM                   000001  00005E  00005F         1       1  COMRAM  
                intcode                        000008  000030  000038         4       0  CODE    
                bssBANK0                       000060  00005A  0000BA        60       1  BANK0   
                bssBANK1                       000100  00003C  00013C       100       1  BANK1   
                smallconst                     000E00  000024  000E24       700       0  SMALLCON
                text29                         000E24  001EDA  002CFE       712       0  CODE    


UNUSED ADDRESS RANGES

        Name                Unused          Largest block    Delta
        BANK0            0000BA-0000FF               46
        BANK1            00013C-0001FF               C4
        BANK10           000A00-000AFF              100
        BANK11           000B00-000BFF              100
        BANK12           000C00-000CFF              100
        BANK13           000D00-000DE9               EA
        BANK2            000200-0002FF              100
        BANK3            000300-0003FF              100
        BANK4            000400-0004FF              100
        BANK5            000500-0005FF              100
        BANK6            000600-0006FF              100
        BANK7            000700-0007FF              100
        BANK8            000800-0008FF              100
        BANK9            000900-0009FF              100
        BIGRAM           00005F-00005F                1
                         0000BA-0000FF               46
                         00013C-000DE9              CAE
        BIGSFR           000DEF-000FFF              211
        CODE             000004-000007                4
                         000038-000DFF              DC8
                         002CFE-01FFFF            1D302
        COMRAM           00005F-00005F                1
        CONST            000004-000007                4
                         000038-000DFF              DC8
                         002CFE-01FFFF            1D302
        EEDATA           310000-3103FF              400
        MEDIUMCONST      002CFE-00FFFF             D302
                         010E00-01FFFF             F200
        RAM              0000BA-0000FF               46
                         00013C-000DE9              100
        SFR              000DEF-000FFF              100
        SMALLCONST       002CFE-01FFFF              100

                                  Symbol Table

?___awdiv                      cstackCOMRAM 000001
?___awmod                      cstackCOMRAM 000001
?___flmul                      cstackCOMRAM 00000F
?___fltol                      cstackCOMRAM 000028
?___lldiv                      cstackCOMRAM 000001
?___lmul                       cstackCOMRAM 000001
?___lwdiv                      cstackCOMRAM 000001
?___lwmod                      cstackCOMRAM 000001
?___xxtofl                     cstackCOMRAM 000001
?_abs                          cstackCOMRAM 000007
?_color_read_Blue              cstackCOMRAM 000005
?_color_read_Clear             cstackCOMRAM 000005
?_color_read_Green             cstackCOMRAM 000005
?_color_read_Red               cstackCOMRAM 000005
?_max                          cstackCOMRAM 000001
?_maxRGB                       cstackCOMRAM 000007
?_min                          cstackCOMRAM 000001
?_minRGB                       cstackCOMRAM 000007
?_sprintf                      cstackCOMRAM 00001D
?_vfpfcnvrt                    cstackCOMRAM 00000B
?_vfprintf                     cstackCOMRAM 000019
I2C_2_Master_Read@ack          cstackCOMRAM 000003
I2C_2_Master_Read@tmp          cstackCOMRAM 000004
I2C_2_Master_Write@data_byte   cstackCOMRAM 000002
_ANSELDbits                    (abs)        000EA7
_ANSELFbits                    (abs)        000EB4
_BAUD4CONbits                  (abs)        000EE9
_CCP1CONbits                   (abs)        000FAB
_CCP2CONbits                   (abs)        000FA7
_CCP3CONbits                   (abs)        000F26
_CCP4CONbits                   (abs)        000F22
_CCPR1H                        (abs)        000FAA
_CCPR2H                        (abs)        000FA6
_CCPR3H                        (abs)        000F25
_CCPR4H                        (abs)        000F21
_CCPTMRS0bits                  (abs)        000FAD
_I2C_2_Master_Idle             text41       002BFE
_I2C_2_Master_Init             text42       002BD4
_I2C_2_Master_Read             text28       002A9C
_I2C_2_Master_RepStart         text27       002CD8
_I2C_2_Master_Start            text40       002CEC
_I2C_2_Master_Stop             text39       002CE2
_I2C_2_Master_Write            text38       002CB4
_INTCONbits                    (abs)        000FF2
_ISR                           intcode      000008
_LATAbits                      (abs)        000F79
_LATCbits                      (abs)        000F7B
_LATDbits                      (abs)        000F7C
_LATEbits                      (abs)        000F7D
_LATFbits                      (abs)        000F7E
_LATGbits                      (abs)        000F7F
_LATHbits                      (abs)        000F80
_PIE0bits                      (abs)        000E29
_PIR0bits                      (abs)        000E33
_PIR4bits                      (abs)        000E37
_RC0PPS                        (abs)        000E62
_RC4REG                        (abs)        000EE3
_RC4STAbits                    (abs)        000EE7
_RC7PPS                        (abs)        000E69
_RD5PPS                        (abs)        000E6F
_RD6PPS                        (abs)        000E70
_RE2PPS                        (abs)        000E74
_RE4PPS                        (abs)        000E76
_RG6PPS                        (abs)        000E88
_RX4PPS                        (abs)        000E15
_SP4BRGH                       (abs)        000EE6
_SP4BRGL                       (abs)        000EE5
_SSP2ADD                       (abs)        000ED6
_SSP2BUF                       (abs)        000ED5
_SSP2CLKPPS                    (abs)        000E1C
_SSP2CON1bits                  (abs)        000ED9
_SSP2CON2                      (abs)        000EDA
_SSP2CON2bits                  (abs)        000EDA
_SSP2DATPPS                    (abs)        000E1D
_SSP2STAT                      (abs)        000ED8
_T0CON0bits                    (abs)        000FD5
_T0CON1bits                    (abs)        000FD6
_T2CLKCONbits                  (abs)        000FBF
_T2CONbits                     (abs)        000FBD
_T2HLTbits                     (abs)        000FBE
_T2PR                          (abs)        000FBC
_TMR0H                         (abs)        000FD4
_TMR0L                         (abs)        000FD3
_TRISAbits                     (abs)        000F81
_TRISCbits                     (abs)        000F83
_TRISDbits                     (abs)        000F84
_TRISEbits                     (abs)        000F85
_TRISFbits                     (abs)        000F86
_TRISGbits                     (abs)        000F87
_TRISHbits                     (abs)        000F88
_TX4REG                        (abs)        000EE4
_TX4STAbits                    (abs)        000EE8
_Timer0_init                   text44       002C26
__HRAM                         (abs)        000000
__H__absolute__                __absolute__ 000000
__Habs1                        abs1         000000
__Hbank0                       bank0        000000
__Hbank1                       bank1        000000
__Hbank10                      bank10       000000
__Hbank11                      bank11       000000
__Hbank12                      bank12       000000
__Hbank13                      bank13       000000
__Hbank2                       bank2        000000
__Hbank3                       bank3        000000
__Hbank4                       bank4        000000
__Hbank5                       bank5        000000
__Hbank6                       bank6        000000
__Hbank7                       bank7        000000
__Hbank8                       bank8        000000
__Hbank9                       bank9        000000
__Hbigbss                      bigbss       000000
__Hbigdata                     bigdata      000000
__Hbigram                      bigram       000000
__Hbigsfr                      bigsfr       000000
__Hbss                         bss          000000
__HbssBANK0                    bssBANK0     000000
__HbssBANK1                    bssBANK1     000000
__HbssCOMRAM                   bssCOMRAM    000000
__Hcinit                       cinit        000000
__Hclrtext                     clrtext      000000
__Hcomram                      comram       000000
__Hconfig                      config       30000C
__Hconst                       const        000000
__HcstackBANK0                 cstackBANK0  000000
__HcstackCOMRAM                cstackCOMRAM 000000
__Hdata                        data         000000
__HdataBANK0                   dataBANK0    000000
__HdataCOMRAM                  dataCOMRAM   000000
__Heeprom_data                 eeprom_data  000000
__Hfarbss                      farbss       000000
__Hfardata                     fardata      000000
__Hheap                        heap         000000
__Hibigdata                    ibigdata     000000
__Hidata                       idata        000000
__HidataBANK0                  idataBANK0   000000
__HidataCOMRAM                 idataCOMRAM  000000
__Hidloc                       idloc        200010
__Hifardata                    ifardata     000000
__Hinit                        init         000038
__Hintcode                     intcode      000034
__Hintcode_body                intcode_body 000000
__Hintcodelo                   intcodelo    000034
__Hintentry                    intentry     000000
__Hintret                      intret       000000
__Hintsave_regs                intsave_regs 000000
__Hirdata                      irdata       000000
__Hmediumconst                 mediumconst  000000
__HnvFARRAM                    nvFARRAM     000000
__Hnvbit                       nvbit        000000
__Hnvrram                      nvrram       000000
__Hparam                       rparam       000000
__Hpowerup                     powerup      000034
__Hram                         ram          000000
__Hramtop                      ramtop       000E00
__Hrbit                        rbit         000000
__Hrbss                        rbss         000000
__Hrdata                       rdata        000000
__Hreset_vec                   reset_vec    000004
__Hrparam                      rparam       000000
__Hsfr                         sfr          000000
__Hsmallconst                  smallconst   000E24
__Hspace_0                     (abs)        002CFE
__Hspace_1                     (abs)        00013C
__Hspace_2                     (abs)        000000
__Hspace_4                     (abs)        60000C
__Hstack                       stack        000000
__Hstruct                      struct       000000
__Htemp                        temp         00005F
__Htext                        text         000000
__Htext0                       text0        000000
__Htext1                       text1        000000
__Htext10                      text10       000000
__Htext11                      text11       000000
__Htext12                      text12       000000
__Htext13                      text13       000000
__Htext14                      text14       000000
__Htext15                      text15       000000
__Htext16                      text16       000000
__Htext17                      text17       000000
__Htext18                      text18       000000
__Htext19                      text19       000000
__Htext2                       text2        000000
__Htext20                      text20       000000
__Htext21                      text21       000000
__Htext22                      text22       000000
__Htext23                      text23       000000
__Htext24                      text24       000000
__Htext25                      text25       000000
__Htext26                      text26       000000
__Htext27                      text27       000000
__Htext28                      text28       000000
__Htext29                      text29       000000
__Htext3                       text3        000000
__Htext30                      text30       000000
__Htext31                      text31       000000
__Htext32                      text32       000000
__Htext33                      text33       000000
__Htext34                      text34       000000
__Htext35                      text35       000000
__Htext36                      text36       000000
__Htext37                      text37       000000
__Htext38                      text38       000000
__Htext39                      text39       000000
__Htext4                       text4        000000
__Htext40                      text40       000000
__Htext41                      text41       000000
__Htext42                      text42       000000
__Htext43                      text43       000000
__Htext44                      text44       000000
__Htext45                      text45       000000
__Htext46                      text46       000000
__Htext5                       text5        000000
__Htext6                       text6        000000
__Htext7                       text7        000000
__Htext8                       text8        000000
__Htext9                       text9        000000
__LRAM                         (abs)        000001
__L__absolute__                __absolute__ 000000
__Labs1                        abs1         000000
__Lbank0                       bank0        000000
__Lbank1                       bank1        000000
__Lbank10                      bank10       000000
__Lbank11                      bank11       000000
__Lbank12                      bank12       000000
__Lbank13                      bank13       000000
__Lbank2                       bank2        000000
__Lbank3                       bank3        000000
__Lbank4                       bank4        000000
__Lbank5                       bank5        000000
__Lbank6                       bank6        000000
__Lbank7                       bank7        000000
__Lbank8                       bank8        000000
__Lbank9                       bank9        000000
__Lbigbss                      bigbss       000000
__Lbigdata                     bigdata      000000
__Lbigram                      bigram       000000
__Lbigsfr                      bigsfr       000000
__Lbss                         bss          000000
__LbssBANK0                    bssBANK0     000000
__LbssBANK1                    bssBANK1     000000
__LbssCOMRAM                   bssCOMRAM    000000
__Lcinit                       cinit        000000
__Lclrtext                     clrtext      000000
__Lcomram                      comram       000000
__Lconfig                      config       000000
__Lconst                       const        000000
__LcstackBANK0                 cstackBANK0  000000
__LcstackCOMRAM                cstackCOMRAM 000000
__Ldata                        data         000000
__LdataBANK0                   dataBANK0    000000
__LdataCOMRAM                  dataCOMRAM   000000
__Leeprom_data                 eeprom_data  000000
__Lfarbss                      farbss       000000
__Lfardata                     fardata      000000
__Lheap                        heap         000000
__Libigdata                    ibigdata     000000
__Lidata                       idata        000000
__LidataBANK0                  idataBANK0   000000
__LidataCOMRAM                 idataCOMRAM  000000
__Lidloc                       idloc        000000
__Lifardata                    ifardata     000000
__Linit                        init         000034
__Lintcode                     intcode      000008
__Lintcode_body                intcode_body 000000
__Lintcodelo                   intcodelo    000034
__Lintentry                    intentry     000000
__Lintret                      intret       000000
__Lintsave_regs                intsave_regs 000000
__Lirdata                      irdata       000000
__Lmediumconst                 mediumconst  000000
__LnvFARRAM                    nvFARRAM     000000
__Lnvbit                       nvbit        000000
__Lnvrram                      nvrram       000000
__Lparam                       rparam       000000
__Lpowerup                     powerup      000034
__Lram                         ram          000000
__Lramtop                      ramtop       000E00
__Lrbit                        rbit         000000
__Lrbss                        rbss         000000
__Lrdata                       rdata        000000
__Lreset_vec                   reset_vec    000000
__Lrparam                      rparam       000000
__Lsfr                         sfr          000000
__Lsmallconst                  smallconst   000E00
__Lspace_0                     (abs)        000000
__Lspace_1                     (abs)        000000
__Lspace_2                     (abs)        000000
__Lspace_4                     (abs)        000000
__Lstack                       stack        000000
__Lstruct                      struct       000000
__Ltemp                        temp         00005E
__Ltext                        text         000000
__Ltext0                       text0        000000
__Ltext1                       text1        000000
__Ltext10                      text10       000000
__Ltext11                      text11       000000
__Ltext12                      text12       000000
__Ltext13                      text13       000000
__Ltext14                      text14       000000
__Ltext15                      text15       000000
__Ltext16                      text16       000000
__Ltext17                      text17       000000
__Ltext18                      text18       000000
__Ltext19                      text19       000000
__Ltext2                       text2        000000
__Ltext20                      text20       000000
__Ltext21                      text21       000000
__Ltext22                      text22       000000
__Ltext23                      text23       000000
__Ltext24                      text24       000000
__Ltext25                      text25       000000
__Ltext26                      text26       000000
__Ltext27                      text27       000000
__Ltext28                      text28       000000
__Ltext29                      text29       000000
__Ltext3                       text3        000000
__Ltext30                      text30       000000
__Ltext31                      text31       000000
__Ltext32                      text32       000000
__Ltext33                      text33       000000
__Ltext34                      text34       000000
__Ltext35                      text35       000000
__Ltext36                      text36       000000
__Ltext37                      text37       000000
__Ltext38                      text38       000000
__Ltext39                      text39       000000
__Ltext4                       text4        000000
__Ltext40                      text40       000000
__Ltext41                      text41       000000
__Ltext42                      text42       000000
__Ltext43                      text43       000000
__Ltext44                      text44       000000
__Ltext45                      text45       000000
__Ltext46                      text46       000000
__Ltext5                       text5        000000
__Ltext6                       text6        000000
__Ltext7                       text7        000000
__Ltext8                       text8        000000
__Ltext9                       text9        000000
__S0                           (abs)        002CFE
__S1                           (abs)        00013C
__S4                           (abs)        000000
__S5                           (abs)        000000
___awdiv                       text13       0021A2
___awdiv@counter               cstackCOMRAM 000005
___awdiv@dividend              cstackCOMRAM 000001
___awdiv@divisor               cstackCOMRAM 000003
___awdiv@quotient              cstackCOMRAM 000007
___awdiv@sign                  cstackCOMRAM 000006
___awmod                       text12       002320
___awmod@counter               cstackCOMRAM 000005
___awmod@dividend              cstackCOMRAM 000001
___awmod@divisor               cstackCOMRAM 000003
___awmod@sign                  cstackCOMRAM 000006
___flmul                       text19       0014F0
___flmul@a                     cstackCOMRAM 000013
___flmul@aexp                  cstackCOMRAM 000020
___flmul@b                     cstackCOMRAM 00000F
___flmul@bexp                  cstackCOMRAM 000021
___flmul@grs                   cstackCOMRAM 00001C
___flmul@prod                  cstackCOMRAM 000022
___flmul@sign                  cstackCOMRAM 00001B
___flmul@temp                  cstackCOMRAM 000026
___fltol                       text18       001EFE
___fltol@exp1                  cstackCOMRAM 000031
___fltol@f1                    cstackCOMRAM 000028
___fltol@sign1                 cstackCOMRAM 000030
___heap_hi                     (abs)        000000
___heap_lo                     (abs)        000000
___inthi_sp                    stack        000000
___inthi_stack_hi              stack        000000
___inthi_stack_lo              stack        000000
___intlo_sp                    stack        000000
___intlo_stack_hi              stack        000000
___intlo_stack_lo              stack        000000
___lldiv                       text35       0023D0
___lldiv@counter               cstackCOMRAM 00000D
___lldiv@dividend              cstackCOMRAM 000001
___lldiv@divisor               cstackCOMRAM 000005
___lldiv@quotient              cstackCOMRAM 000009
___lmul                        text34       0025E2
___lmul@multiplicand           cstackCOMRAM 000005
___lmul@multiplier             cstackCOMRAM 000001
___lmul@product                cstackCOMRAM 000009
___lwdiv                       text11       002504
___lwdiv@counter               cstackCOMRAM 000007
___lwdiv@dividend              cstackCOMRAM 000001
___lwdiv@divisor               cstackCOMRAM 000003
___lwdiv@quotient              cstackCOMRAM 000005
___lwmod                       text10       00264C
___lwmod@counter               cstackCOMRAM 000005
___lwmod@dividend              cstackCOMRAM 000001
___lwmod@divisor               cstackCOMRAM 000003
___param_bank                  (abs)        000000
___rparam_used                 (abs)        000001
___sp                          stack        000000
___stack_hi                    stack        000000
___stack_lo                    stack        000000
___xxtofl                      text17       001C26
___xxtofl@arg                  cstackCOMRAM 00000B
___xxtofl@exp                  cstackCOMRAM 00000A
___xxtofl@sign                 cstackCOMRAM 000009
___xxtofl@val                  cstackCOMRAM 000001
__accesstop                    (abs)        000060
__activetblptr                 (abs)        000003
__end_of_I2C_2_Master_Idle     text41       002C26
__end_of_I2C_2_Master_Init     text42       002BFE
__end_of_I2C_2_Master_Read     text28       002ADE
__end_of_I2C_2_Master_RepStart text27       002CE2
__end_of_I2C_2_Master_Start    text40       002CF6
__end_of_I2C_2_Master_Stop     text39       002CEC
__end_of_I2C_2_Master_Write    text38       002CC0
__end_of_ISR                   intcode      000034
__end_of_Timer0_init           text44       002C4A
__end_of___awdiv               text13       002266
__end_of___awmod               text12       0023D0
__end_of___flmul               text19       00191A
__end_of___fltol               text18       002004
__end_of___lldiv               text35       002474
__end_of___lmul                text34       00264C
__end_of___lwdiv               text11       002578
__end_of___lwmod               text10       0026B0
__end_of___xxtofl              text17       001DDA
__end_of__initialization       cinit        0025D8
__end_of_abs                   text9        002B12
__end_of_buggy_lights_init     text43       002BD4
__end_of_color_click_init      text36       002B46
__end_of_color_read_Blue       text26       002A04
__end_of_color_read_Clear      text25       0029B4
__end_of_color_read_Green      text24       002964
__end_of_color_read_Red        text23       002914
__end_of_color_writetoaddr     text37       002C6A
__end_of_fputc                 text7        002320
__end_of_getHSVval             text29       0014F0
__end_of_getRGBCval            text22       00281C
__end_of_initDCmotorsPWM       text21       002504
__end_of_initUSART4            text20       002C88
__end_of_main                  text0        001EFE
__end_of_max                   text33       002BA6
__end_of_maxRGB                text32       0028C4
__end_of_min                   text31       002B76
__end_of_minRGB                text30       002870
__end_of_putch                 text8        002CFE
__end_of_reset_timer           text45       002CCC
__end_of_scaleRGB              text16       0020DA
__end_of_sendCharSerial4       text15       002CA0
__end_of_sendHSVvalSerial4     text3        002A50
__end_of_sendRGBCvalSerial4    text2        002770
__end_of_sendStringSerial4     text14       002712
__end_of_sprintf               text4        002A9C
__end_of_toggle_tricolour_LED  text1        0021A2
__end_of_vfpfcnvrt             text6        001C26
__end_of_vfprintf              text5        0027C6
__end_of_write_timer           text46       002CD8
__initialization               cinit        002578
__mediumconst                  mediumconst  000000
__pbssBANK0                    bssBANK0     000060
__pbssBANK1                    bssBANK1     000100
__pbssCOMRAM                   bssCOMRAM    00005A
__pcinit                       cinit        002578
__pcstackBANK0                 cstackBANK0  000086
__pcstackCOMRAM                cstackCOMRAM 000001
__pdataBANK0                   dataBANK0    0000A6
__pdataCOMRAM                  dataCOMRAM   000054
__pidataBANK0                  idataBANK0   002CA0
__pidataCOMRAM                 idataCOMRAM  002CF6
__pintcode                     intcode      000008
__psmallconst                  smallconst   000E00
__ptext0                       text0        001DDA
__ptext1                       text1        0020DA
__ptext10                      text10       00264C
__ptext11                      text11       002504
__ptext12                      text12       002320
__ptext13                      text13       0021A2
__ptext14                      text14       0026B0
__ptext15                      text15       002C88
__ptext16                      text16       002004
__ptext17                      text17       001C26
__ptext18                      text18       001EFE
__ptext19                      text19       0014F0
__ptext2                       text2        002712
__ptext20                      text20       002C6A
__ptext21                      text21       002474
__ptext22                      text22       0027C6
__ptext23                      text23       0028C4
__ptext24                      text24       002914
__ptext25                      text25       002964
__ptext26                      text26       0029B4
__ptext27                      text27       002CD8
__ptext28                      text28       002A9C
__ptext29                      text29       000E24
__ptext3                       text3        002A04
__ptext30                      text30       00281C
__ptext31                      text31       002B46
__ptext32                      text32       002870
__ptext33                      text33       002B76
__ptext34                      text34       0025E2
__ptext35                      text35       0023D0
__ptext36                      text36       002B12
__ptext37                      text37       002C4A
__ptext38                      text38       002CB4
__ptext39                      text39       002CE2
__ptext4                       text4        002A50
__ptext40                      text40       002CEC
__ptext41                      text41       002BFE
__ptext42                      text42       002BD4
__ptext43                      text43       002BA6
__ptext44                      text44       002C26
__ptext45                      text45       002CC0
__ptext46                      text46       002CCC
__ptext5                       text5        002770
__ptext6                       text6        00191A
__ptext7                       text7        002266
__ptext8                       text8        002CFC
__ptext9                       text9        002ADE
__ramtop                       ramtop       000E00
__smallconst                   smallconst   000E00
_abs                           text9        002ADE
_buggy_lights_init             text43       002BA6
_color_click_init              text36       002B12
_color_read_Blue               text26       0029B4
_color_read_Clear              text25       002964
_color_read_Green              text24       002914
_color_read_Red                text23       0028C4
_color_writetoaddr             text37       002C4A
_dbuf                          bssBANK0     000060
_flags                         bssCOMRAM    00005A
_fputc                         text7        002266
_getHSVval                     text29       000E24
_getRGBCval                    text22       0027C6
_headbuttDelay                 dataBANK0    0000AC
_initDCmotorsPWM               text21       002474
_initUSART4                    text20       002C6A
_main                          text0        001DDA
_manoeuvre_count               bssCOMRAM    00005B
_manoeuvre_pointer             dataBANK0    0000A6
_max                           text33       002B76
_maxRGB                        text32       002870
_maxRGB$3164                   cstackCOMRAM 000009
_min                           text31       002B46
_minRGB                        text30       00281C
_minRGB$3165                   cstackCOMRAM 000009
_nout                          bssBANK0     000080
_prec                          bssBANK0     000084
_putch                         text8        002CFC
_rampDelay                     dataCOMRAM   000059
_reset_timer                   text45       002CC0
_return_flag                   bssCOMRAM    00005C
_returning                     bssCOMRAM    00005D
_scaleRGB                      text16       002004
_sendCharSerial4               text15       002C88
_sendHSVvalSerial4             text3        002A04
_sendRGBCvalSerial4            text2        002712
_sendStringSerial4             text14       0026B0
_sprintf                       text4        002A50
_squareDelay                   dataBANK0    0000AA
_timer_high_pointer            dataCOMRAM   000054
_timer_low_pointer             dataBANK0    0000A8
_toggle_tricolour_LED          text1        0020DA
_topGearLeft                   dataCOMRAM   000058
_topGearRight                  dataCOMRAM   000057
_trail_manoeuvre               bssBANK1     000100
_trail_timer_high              bssBANK1     000128
_trail_timer_low               bssBANK1     000114
_turn180Delay                  dataBANK0    0000AE
_turnLeft135Delay              dataBANK0    0000B2
_turnLeft90Delay               dataBANK0    0000B6
_turnRight135Delay             dataBANK0    0000B0
_turnRight90Delay              dataBANK0    0000B4
_turningGear                   dataCOMRAM   000056
_vfpfcnvrt                     text6        00191A
_vfprintf                      text5        002770
_wall_threshold                dataBANK0    0000B8
_width                         bssBANK0     000082
_write_timer                   text46       002CCC
abs@a                          cstackCOMRAM 000007
btemp                          temp         00005E
color_read_Blue@tmp            cstackCOMRAM 00000A
color_read_Clear@tmp           cstackCOMRAM 00000A
color_read_Green@tmp           cstackCOMRAM 00000A
color_read_Red@tmp             cstackCOMRAM 00000A
color_writetoaddr@address      cstackCOMRAM 000004
color_writetoaddr@value        cstackCOMRAM 000003
end_of_initialization          cinit        0025D8
fputc@c                        cstackCOMRAM 000001
fputc@fp                       cstackCOMRAM 000003
getHSVval@C                    cstackCOMRAM 00003E
getHSVval@H                    cstackCOMRAM 00001E
getHSVval@M                    cstackCOMRAM 00003C
getHSVval@S                    cstackCOMRAM 00001C
getHSVval@Sz                   cstackCOMRAM 000018
getHSVval@m                    cstackCOMRAM 00001A
getHSVval@p1                   cstackCOMRAM 00000E
getHSVval@p2                   cstackCOMRAM 00000F
getHSVval@temp                 cstackCOMRAM 000024
getHSVval@temp_626             cstackCOMRAM 000038
getHSVval@temp_627             cstackCOMRAM 000028
getHSVval@temp_628             cstackCOMRAM 00002C
getHSVval@temp_629             cstackCOMRAM 000030
getHSVval@temp_630             cstackCOMRAM 000034
getHSVval@temp_631             cstackCOMRAM 000020
getRGBCval@p                   cstackCOMRAM 00000C
initDCmotorsPWM@PWMperiod      cstackCOMRAM 000001
int$flags                      temp         00005E
intlevel0                      text         000000
intlevel1                      text         000000
intlevel2                      text         000000
intlevel3                      text         000000
isa$std                        (abs)        000001
isa$xinst                      (abs)        000000
main@HSV_colour                cstackBANK0  000086
main@measured_colour           cstackBANK0  00009E
main@motorL                    cstackBANK0  00008C
main@motorR                    cstackBANK0  000095
max@a                          cstackCOMRAM 000001
max@b                          cstackCOMRAM 000003
max@max_val                    cstackCOMRAM 000005
maxRGB@p                       cstackCOMRAM 000007
min@a                          cstackCOMRAM 000001
min@b                          cstackCOMRAM 000003
min@min_val                    cstackCOMRAM 000005
minRGB@p                       cstackCOMRAM 000007
scaleRGB@p                     cstackCOMRAM 000032
sendCharSerial4@charToSend     cstackCOMRAM 000001
sendHSVvalSerial4@col_val      cstackCOMRAM 000037
sendHSVvalSerial4@tempStr      cstackCOMRAM 000038
sendRGBCvalSerial4@col_val     cstackCOMRAM 000037
sendRGBCvalSerial4@tempStr     cstackCOMRAM 000038
sendStringSerial4@string       cstackCOMRAM 000002
sprintf@ap                     cstackCOMRAM 00002A
sprintf@f                      cstackCOMRAM 00002B
sprintf@fmt                    cstackCOMRAM 00001F
sprintf@ret                    cstackCOMRAM 000028
sprintf@s                      cstackCOMRAM 00001D
stackhi                        (abs)        000000
stacklo                        (abs)        000000
start                          init         000034
start_initialization           cinit        002578
ttemp5                         temp         00005F
ttemp6                         temp         000062
ttemp7                         temp         000066
vfpfcnvrt@ap                   cstackCOMRAM 00000D
vfpfcnvrt@c                    cstackCOMRAM 000018
vfpfcnvrt@cnt                  cstackCOMRAM 000011
vfpfcnvrt@convarg              cstackCOMRAM 000014
vfpfcnvrt@cp                   cstackCOMRAM 000013
vfpfcnvrt@done                 cstackCOMRAM 000010
vfpfcnvrt@fmt                  cstackCOMRAM 00000C
vfpfcnvrt@fp                   cstackCOMRAM 00000B
vfprintf@ap                    cstackCOMRAM 00001B
vfprintf@cfmt                  cstackCOMRAM 00001C
vfprintf@fmt                   cstackCOMRAM 00001A
vfprintf@fp                    cstackCOMRAM 000019
write_timer@tH                 cstackCOMRAM 000002
write_timer@tL                 cstackCOMRAM 000001
wtemp8                         temp         00005F


MODULE INFORMATION

Module		Function		Class		Link	Load	Size
serial.c
		_sendStringSerial4		CODE           	26B0	0000	98
		_sendRGBCvalSerial4		CODE           	2712	0000	94
		_sendCharSerial4		CODE           	2C88	0000	24
		_sendHSVvalSerial4		CODE           	2A04	0000	76
		_initUSART4    		CODE           	2C6A	0000	30

serial.c estimated size: 322

timers.c
		_Timer0_init   		CODE           	2C26	0000	36
		_ISR           		CODE           	0008	0000	44
		_write_timer   		CODE           	2CCC	0000	12
		_reset_timer   		CODE           	2CC0	0000	12

timers.c estimated size: 104

color.c
		_color_writetoaddr		CODE           	2C4A	0000	32
		_minRGB        		CODE           	281C	0000	84
		_min           		CODE           	2B46	0000	48
		_color_click_init		CODE           	2B12	0000	52
		_scaleRGB      		CODE           	2004	0000	214
		_getRGBCval    		CODE           	27C6	0000	86
		_maxRGB        		CODE           	2870	0000	84
		_max           		CODE           	2B76	0000	48
		_color_read_Green		CODE           	2914	0000	80
		_color_read_Clear		CODE           	2964	0000	80
		_getHSVval     		CODE           	0E24	0000	1740
		_color_read_Red		CODE           	28C4	0000	80
		_color_read_Blue		CODE           	29B4	0000	80

color.c estimated size: 2708

dc_motor.c
		_initDCmotorsPWM		CODE           	2474	0000	144

dc_motor.c estimated size: 144

buggy_lights.c
		_buggy_lights_init		CODE           	2BA6	0000	46
		_toggle_tricolour_LED		CODE           	20DA	0000	200

buggy_lights.c estimated size: 246

i2c.c
		_I2C_2_Master_Start		CODE           	2CEC	0000	10
		_I2C_2_Master_Read		CODE           	2A9C	0000	66
		_I2C_2_Master_Idle		CODE           	2BFE	0000	40
		_I2C_2_Master_Init		CODE           	2BD4	0000	42
		_I2C_2_Master_Stop		CODE           	2CE2	0000	10
		_I2C_2_Master_RepStart		CODE           	2CD8	0000	10
		_I2C_2_Master_Write		CODE           	2CB4	0000	12

i2c.c estimated size: 190

C:\Program Files\Microchip\xc8\v2.45\pic\sources\c99\common\Umul32.c
		___lmul        		CODE           	25E2	0000	106

C:\Program Files\Microchip\xc8\v2.45\pic\sources\c99\common\Umul32.c estimated size: 106

C:\Program Files\Microchip\xc8\v2.45\pic\sources\c99\common\sprcmul.c
		___flmul       		CODE           	14F0	0000	1066

C:\Program Files\Microchip\xc8\v2.45\pic\sources\c99\common\sprcmul.c estimated size: 1066

C:\Program Files\Microchip\xc8\v2.45\pic\sources\c99\common\nf_sprintf.c
		_sprintf       		CODE           	2A50	0000	76

C:\Program Files\Microchip\xc8\v2.45\pic\sources\c99\common\nf_sprintf.c estimated size: 76

C:\Program Files\Microchip\xc8\v2.45\pic\sources\c99\common\lwmod.c
		___lwmod       		CODE           	264C	0000	100

C:\Program Files\Microchip\xc8\v2.45\pic\sources\c99\common\lwmod.c estimated size: 100

C:\Program Files\Microchip\xc8\v2.45\pic\sources\c99\common\awmod.c
		___awmod       		CODE           	2320	0000	176

C:\Program Files\Microchip\xc8\v2.45\pic\sources\c99\common\awmod.c estimated size: 176

C:\Program Files\Microchip\xc8\v2.45\pic\sources\c99\common\putch.c
		_putch         		CODE           	2CFC	0000	2

C:\Program Files\Microchip\xc8\v2.45\pic\sources\c99\common\putch.c estimated size: 2

shared
		__initialization		CODE           	2578	0000	96

shared estimated size: 96

C:\Program Files\Microchip\xc8\v2.45\pic\sources\c99\common\xxtofl.c
		___xxtofl      		CODE           	1C26	0000	436

C:\Program Files\Microchip\xc8\v2.45\pic\sources\c99\common\xxtofl.c estimated size: 436

C:\Program Files\Microchip\xc8\v2.45\pic\sources\c99\common\abs.c
		_abs           		CODE           	2ADE	0000	52

C:\Program Files\Microchip\xc8\v2.45\pic\sources\c99\common\abs.c estimated size: 52

C:\Program Files\Microchip\xc8\v2.45\pic\sources\c99\common\__lldiv.c
		___lldiv       		CODE           	23D0	0000	164

C:\Program Files\Microchip\xc8\v2.45\pic\sources\c99\common\__lldiv.c estimated size: 164

main.c
		_main          		CODE           	1DDA	0000	292

main.c estimated size: 292

C:\Program Files\Microchip\xc8\v2.45\pic\sources\c99\common\nf_fputc.c
		_fputc         		CODE           	2266	0000	186

C:\Program Files\Microchip\xc8\v2.45\pic\sources\c99\common\nf_fputc.c estimated size: 186

C:\Program Files\Microchip\xc8\v2.45\pic\sources\c99\common\doprnt.c
		_vfpfcnvrt     		CODE           	191A	0000	780
		_vfprintf      		CODE           	2770	0000	86

C:\Program Files\Microchip\xc8\v2.45\pic\sources\c99\common\doprnt.c estimated size: 866

C:\Program Files\Microchip\xc8\v2.45\pic\sources\c99\common\lwdiv.c
		___lwdiv       		CODE           	2504	0000	116

C:\Program Files\Microchip\xc8\v2.45\pic\sources\c99\common\lwdiv.c estimated size: 116

C:\Program Files\Microchip\xc8\v2.45\pic\sources\c99\common\awdiv.c
		___awdiv       		CODE           	21A2	0000	196

C:\Program Files\Microchip\xc8\v2.45\pic\sources\c99\common\awdiv.c estimated size: 196

C:\Program Files\Microchip\xc8\v2.45\pic\sources\c99\common\fltol.c
		___fltol       		CODE           	1EFE	0000	262

C:\Program Files\Microchip\xc8\v2.45\pic\sources\c99\common\fltol.c estimated size: 262

