Microchip MPLAB XC8 Compiler V2.45

Linker command line:

-W-3 \
  --edf=C:\Program Files\Microchip\xc8\v2.45\pic\dat\20230818022343_en.msgs \
  -cn \
  -h+dist/default/production\final-project-gorakh-boris.X.production.sym \
  --cmf=dist/default/production\final-project-gorakh-boris.X.production.cmf \
  -z -Q18F67K40 -oC:\Users\Gorak\AppData\Local\Temp\xcAs91c.\driver_tmp_3.o \
  --defsym=__MPLAB_BUILD=1 --fixupoverflow=error \
  -Mdist/default/production/final-project-gorakh-boris.X.production.map \
  --md=C:\Users\Gorak\AppData\Local\Temp\xcAs91c.\driver_tmp_0.dat -E1 \
  -ver=XC8 Compiler --acfsm=1493 -ACODE=00h-01FFFFh -ACONST=00h-01FFFFh \
  -ASMALLCONST=0E00h-0EFFhx498 -AMEDIUMCONST=0E00h-0FFFFh,010E00h-01FFFFh \
  -ACOMRAM=01h-05Fh -AABS1=00h-0DE9h -ABIGRAM=01h-0DE9h \
  -ARAM=060h-0FFh,0100h-01FFhx12,0D00h-0DE9h -ABANK0=060h-0FFh \
  -ABANK1=0100h-01FFh -ABANK2=0200h-02FFh -ABANK3=0300h-03FFh \
  -ABANK4=0400h-04FFh -ABANK5=0500h-05FFh -ABANK6=0600h-06FFh \
  -ABANK7=0700h-07FFh -ABANK8=0800h-08FFh -ABANK9=0900h-09FFh \
  -ABANK10=0A00h-0AFFh -ABANK11=0B00h-0BFFh -ABANK12=0C00h-0CFFh \
  -ABANK13=0D00h-0DE9h \
  -ASFR=0DEFh-0DFFh,0E00h-0EFFh,0F00h-0F5Fh,0F60h-0FFFh \
  -ABIGSFR=0DEFh-0FFFh -ACONFIG=0300000h-030000Bh -AIDLOC=0200000h-020000Fh \
  -AEEDATA=0310000h-03103FFh -peeprom_data=EEDATA \
  -preset_vec=00h,intcode=08h,intcodelo,powerup,init -pramtop=0E00h \
  -psmallconst=SMALLCONST -pmediumconst=MEDIUMCONST -pconst=CONST \
  -AFARRAM=00h-00h \
  -prdata=COMRAM,nvrram=COMRAM,nvbit=COMRAM,rbss=COMRAM,rbit=COMRAM \
  -pfarbss=FARRAM,fardata=FARRAM,nvFARRAM=FARRAM \
  -pintsave_regs=BIGRAM,bigbss=BIGRAM,bigdata=BIGRAM -pbss=RAM \
  -pidata=CODE,irdata=CODE,ibigdata=CODE,ifardata=CODE -prparam=COMRAM \
  C:\Users\Gorak\AppData\Local\Temp\xcAs91c.\driver_tmp_14.o \
  dist/default/production\final-project-gorakh-boris.X.production.o 

Object code version is 3.11

Machine type is 18F67K40



                Name                               Link     Load   Length Selector   Space Scale
C:\Users\Gorak\AppData\Local\Temp\xcAs91c.\driver_tmp_14.o
                idloc                            200000   200000       10        0       5
                config                           300000   300000        C        0       4
                init                                 74       74        4        4       0
                reset_vec                             0        0        4        0       0
dist/default/production\final-project-gorakh-boris.X.production.o
                intcode                               8        8       6C        4       0
                idloc                            200000   200000       10        0       5
                config                           300000   300000        C        0       4
                temp                                 51       51        1        1       1
                smallconst                          E00      E00       1C      700       0
                text41                             1D3A     1D3A       2C      70E       0
                text40                             1E08     1E08       26      70E       0
                text39                             1EBE     1EBE       18      70E       0
                text37                             1EFC     1EFC        E      70E       0
                text36                             1E4E     1E4E       20      70E       0
                text35                             1D90     1D90       2A      70E       0
                text34                             1CDE     1CDE       30      70E       0
                text33                             1B6E     1B6E       4E      70E       0
                text32                             1D66     1D66       2A      70E       0
                text31                             1DBA     1DBA       28      70E       0
                text30                             1F2A     1F2A        A      70E       0
                text29                             1F20     1F20        A      70E       0
                text28                             1F0A     1F0A        C      70E       0
                text27                             1E2E     1E2E       20      70E       0
                text26                             1CAA     1CAA       34      70E       0
                text25                             150A     150A       C4      70E       0
                text24                             1856     1856       74      70E       0
                text23                             18CA     18CA       64      70E       0
                text22                             1DE2     1DE2       26      70E       0
                text21                             1C3A     1C3A       3C      70E       0
                text20                             1BFE     1BFE       3C      70E       0
                text19                              E1C      E1C      350      70E       0
                text18                             1BBC     1BBC       42      70E       0
                text17                             1F16     1F16        A      70E       0
                text16                             1B1E     1B1E       50      70E       0
                text15                             1ACE     1ACE       50      70E       0
                text14                             1A7E     1A7E       50      70E       0
                text13                             1A2E     1A2E       50      70E       0
                text12                             192E     192E       5E      70E       0
                text11                             1738     1738       90      70E       0
                text10                             1E6E     1E6E       1E      70E       0
                text9                              1EA6     1EA6       18      70E       0
                text8                              1E8C     1E8C       1A      70E       0
                text7                              1688     1688       B0      70E       0
                text6                              1C76     1C76       34      70E       0
                text5                              1F34     1F34        2      70E       0
                text4                              15CE     15CE       BA      70E       0
                text3                              116C     116C      202      70E       0
                text2                              198C     198C       52      70E       0
                text1                              19DE     19DE       50      70E       0
                text0                              136E     136E      19C      70E       0
                cstackCOMRAM                          1        1       36        1       1
                cstackBANK0                          A4       A4        F       60       1
                cstackBANK1                         15C      15C       52      100       1
                dataBANK1                           1AE      1AE       14      100       1
                bssBANK1                            100      100       5C      100       1
                dataBANK0                            60       60       2C       60       1
                bssBANK0                             8C       8C       18       60       1
                dataCOMRAM                           37       37       12        1       1
                bssCOMRAM                            49       49        8        1       1
                cinit                              17C8     17C8       8E      70E       0
                idataBANK1                         1ED6     1ED6       14      70E       0
                idataBANK0                         1D0E     1D0E       2C      70E       0
                idataCOMRAM                        1EEA     1EEA       12      70E       0

TOTAL           Name                               Link     Load   Length     Space
        CLASS   CODE           
                intcode                               8        8       6C         0
                init                                 74       74        4         0
                reset_vec                             0        0        4         0
                text41                             1D3A     1D3A       2C         0
                text40                             1E08     1E08       26         0
                text39                             1EBE     1EBE       18         0
                text37                             1EFC     1EFC        E         0
                text36                             1E4E     1E4E       20         0
                text35                             1D90     1D90       2A         0
                text34                             1CDE     1CDE       30         0
                text33                             1B6E     1B6E       4E         0
                text32                             1D66     1D66       2A         0
                text31                             1DBA     1DBA       28         0
                text30                             1F2A     1F2A        A         0
                text29                             1F20     1F20        A         0
                text28                             1F0A     1F0A        C         0
                text27                             1E2E     1E2E       20         0
                text26                             1CAA     1CAA       34         0
                text25                             150A     150A       C4         0
                text24                             1856     1856       74         0
                text23                             18CA     18CA       64         0
                text22                             1DE2     1DE2       26         0
                text21                             1C3A     1C3A       3C         0
                text20                             1BFE     1BFE       3C         0
                text19                              E1C      E1C      350         0
                text18                             1BBC     1BBC       42         0
                text17                             1F16     1F16        A         0
                text16                             1B1E     1B1E       50         0
                text15                             1ACE     1ACE       50         0
                text14                             1A7E     1A7E       50         0
                text13                             1A2E     1A2E       50         0
                text12                             192E     192E       5E         0
                text11                             1738     1738       90         0
                text10                             1E6E     1E6E       1E         0
                text9                              1EA6     1EA6       18         0
                text8                              1E8C     1E8C       1A         0
                text7                              1688     1688       B0         0
                text6                              1C76     1C76       34         0
                text5                              1F34     1F34        2         0
                text4                              15CE     15CE       BA         0
                text3                              116C     116C      202         0
                text2                              198C     198C       52         0
                text1                              19DE     19DE       50         0
                text0                              136E     136E      19C         0
                cinit                              17C8     17C8       8E         0
                idataBANK1                         1ED6     1ED6       14         0
                idataBANK0                         1D0E     1D0E       2C         0
                idataCOMRAM                        1EEA     1EEA       12         0

        CLASS   CONST          

        CLASS   SMALLCONST     
                smallconst                          E00      E00       1C         0

        CLASS   MEDIUMCONST    

        CLASS   COMRAM         
                temp                                 51       51        1         1
                cstackCOMRAM                          1        1       36         1
                dataCOMRAM                           37       37       12         1
                bssCOMRAM                            49       49        8         1

        CLASS   ABS1           

        CLASS   BIGRAM         

        CLASS   RAM            

        CLASS   BANK0          
                cstackBANK0                          A4       A4        F         1
                dataBANK0                            60       60       2C         1
                bssBANK0                             8C       8C       18         1

        CLASS   BANK1          
                cstackBANK1                         15C      15C       52         1
                dataBANK1                           1AE      1AE       14         1
                bssBANK1                            100      100       5C         1

        CLASS   BANK2          

        CLASS   BANK3          

        CLASS   BANK4          

        CLASS   BANK5          

        CLASS   BANK6          

        CLASS   BANK7          

        CLASS   BANK8          

        CLASS   BANK9          

        CLASS   BANK10         

        CLASS   BANK11         

        CLASS   BANK12         

        CLASS   BANK13         

        CLASS   SFR            

        CLASS   BIGSFR         

        CLASS   CONFIG         
                config                           300000   300000        C         4

        CLASS   IDLOC          
                idloc                            200000   200000       10         5

        CLASS   EEDATA         

        CLASS   FARRAM         

        CLASS   HEAP           

        CLASS   STACK          



SEGMENTS        Name                           Load    Length   Top    Selector   Space  Class

                reset_vec                      000000  000004  000004         0       0  CODE    
                cstackCOMRAM                   000001  000051  000052         1       1  COMRAM  
                intcode                        000008  000070  000078         4       0  CODE    
                dataBANK0                      000060  000053  0000B3        60       1  BANK0   
                bssBANK1                       000100  0000C2  0001C2       100       1  BANK1   
                smallconst                     000E00  00001C  000E1C       700       0  SMALLCON
                text19                         000E1C  00111A  001F36       70E       0  CODE    


UNUSED ADDRESS RANGES

        Name                Unused          Largest block    Delta
        BANK0            0000B3-0000FF               4D
        BANK1            0001C2-0001FF               3E
        BANK10           000A00-000AFF              100
        BANK11           000B00-000BFF              100
        BANK12           000C00-000CFF              100
        BANK13           000D00-000DE9               EA
        BANK2            000200-0002FF              100
        BANK3            000300-0003FF              100
        BANK4            000400-0004FF              100
        BANK5            000500-0005FF              100
        BANK6            000600-0006FF              100
        BANK7            000700-0007FF              100
        BANK8            000800-0008FF              100
        BANK9            000900-0009FF              100
        BIGRAM           000052-00005F                E
                         0000B3-0000FF               4D
                         0001C2-000DE9              C28
        BIGSFR           000DEF-000FFF              211
        CODE             000004-000007                4
                         000078-000DFF              D88
                         001F36-01FFFF            1E0CA
        COMRAM           000052-00005F                E
        CONST            000004-000007                4
                         000078-000DFF              D88
                         001F36-01FFFF            1E0CA
        EEDATA           310000-3103FF              400
        MEDIUMCONST      001F36-00FFFF             E0CA
                         010E00-01FFFF             F200
        RAM              0000B3-0000FF               4D
                         0001C2-000DE9              100
        SFR              000DEF-000FFF              100
        SMALLCONST       001F36-01FFFF              100

                                  Symbol Table

?___awdiv                      cstackCOMRAM 00000B
?___awmod                      cstackCOMRAM 000005
?___lwdiv                      cstackCOMRAM 00000B
?___lwmod                      cstackCOMRAM 000012
?___wmul                       cstackCOMRAM 000005
?_abs                          cstackCOMRAM 00000B
?_color_read_Blue              cstackCOMRAM 000009
?_color_read_Clear             cstackCOMRAM 000009
?_color_read_Green             cstackCOMRAM 000009
?_color_read_Red               cstackCOMRAM 000009
?_max                          cstackCOMRAM 000005
?_min                          cstackCOMRAM 000005
?_sprintf                      cstackCOMRAM 000024
?_vfpfcnvrt                    cstackCOMRAM 000013
?_vfprintf                     cstackCOMRAM 000020
I2C_2_Master_Read@ack          cstackCOMRAM 000007
I2C_2_Master_Read@tmp          cstackCOMRAM 000008
I2C_2_Master_Write@data_byte   cstackCOMRAM 000006
TxBufferedString@string        cstackCOMRAM 000006
_ANSELDbits                    (abs)        000EA7
_ANSELFbits                    (abs)        000EB4
_BAUD4CONbits                  (abs)        000EE9
_CCP1CONbits                   (abs)        000FAB
_CCP2CONbits                   (abs)        000FA7
_CCP3CONbits                   (abs)        000F26
_CCP4CONbits                   (abs)        000F22
_CCPR1H                        (abs)        000FAA
_CCPR2H                        (abs)        000FA6
_CCPR3H                        (abs)        000F25
_CCPR4H                        (abs)        000F21
_CCPTMRS0bits                  (abs)        000FAD
_EUSART4RXbuf                  bssBANK0     00008C
_EUSART4TXbuf                  bssBANK1     000100
_HighISR                       intcode      000008
_I2C_2_Master_Idle             text31       001DBA
_I2C_2_Master_Init             text32       001D66
_I2C_2_Master_Read             text18       001BBC
_I2C_2_Master_RepStart         text17       001F16
_I2C_2_Master_Start            text30       001F2A
_I2C_2_Master_Stop             text29       001F20
_I2C_2_Master_Write            text28       001F0A
_INTCONbits                    (abs)        000FF2
_Interrupts_init               text37       001EFC
_LATAbits                      (abs)        000F79
_LATCbits                      (abs)        000F7B
_LATDbits                      (abs)        000F7C
_LATEbits                      (abs)        000F7D
_LATFbits                      (abs)        000F7E
_LATGbits                      (abs)        000F7F
_LATHbits                      (abs)        000F80
_PIE0bits                      (abs)        000E29
_PIE4bits                      (abs)        000E2D
_PIR0bits                      (abs)        000E33
_PIR4bits                      (abs)        000E37
_PORTFbits                     (abs)        000F8E
_RC0PPS                        (abs)        000E62
_RC4REG                        (abs)        000EE3
_RC4STAbits                    (abs)        000EE7
_RC7PPS                        (abs)        000E69
_RD5PPS                        (abs)        000E6F
_RD6PPS                        (abs)        000E70
_RE2PPS                        (abs)        000E74
_RE4PPS                        (abs)        000E76
_RG6PPS                        (abs)        000E88
_RX4PPS                        (abs)        000E15
_RxBufReadCnt                  bssCOMRAM    00004F
_RxBufWriteCnt                 bssCOMRAM    000050
_SP4BRGH                       (abs)        000EE6
_SP4BRGL                       (abs)        000EE5
_SSP2ADD                       (abs)        000ED6
_SSP2BUF                       (abs)        000ED5
_SSP2CLKPPS                    (abs)        000E1C
_SSP2CON1bits                  (abs)        000ED9
_SSP2CON2                      (abs)        000EDA
_SSP2CON2bits                  (abs)        000EDA
_SSP2DATPPS                    (abs)        000E1D
_SSP2STAT                      (abs)        000ED8
_T0CON0bits                    (abs)        000FD5
_T0CON1bits                    (abs)        000FD6
_T2CLKCONbits                  (abs)        000FBF
_T2CONbits                     (abs)        000FBD
_T2HLTbits                     (abs)        000FBE
_T2PR                          (abs)        000FBC
_TMR0H                         (abs)        000FD4
_TMR0L                         (abs)        000FD3
_TRISAbits                     (abs)        000F81
_TRISCbits                     (abs)        000F83
_TRISDbits                     (abs)        000F84
_TRISEbits                     (abs)        000F85
_TRISFbits                     (abs)        000F86
_TRISGbits                     (abs)        000F87
_TRISHbits                     (abs)        000F88
_TX4REG                        (abs)        000EE4
_TX4STAbits                    (abs)        000EE8
_Timer0_init                   text36       001E4E
_TxBufReadCnt                  bssCOMRAM    00004D
_TxBufWriteCnt                 bssCOMRAM    00004E
_TxBufferedString              text34       001CDE
__HRAM                         (abs)        000000
__H__absolute__                __absolute__ 000000
__Habs1                        abs1         000000
__Hbank0                       bank0        000000
__Hbank1                       bank1        000000
__Hbank10                      bank10       000000
__Hbank11                      bank11       000000
__Hbank12                      bank12       000000
__Hbank13                      bank13       000000
__Hbank2                       bank2        000000
__Hbank3                       bank3        000000
__Hbank4                       bank4        000000
__Hbank5                       bank5        000000
__Hbank6                       bank6        000000
__Hbank7                       bank7        000000
__Hbank8                       bank8        000000
__Hbank9                       bank9        000000
__Hbigbss                      bigbss       000000
__Hbigdata                     bigdata      000000
__Hbigram                      bigram       000000
__Hbigsfr                      bigsfr       000000
__Hbss                         bss          000000
__HbssBANK0                    bssBANK0     000000
__HbssBANK1                    bssBANK1     000000
__HbssCOMRAM                   bssCOMRAM    000000
__Hcinit                       cinit        000000
__Hclrtext                     clrtext      000000
__Hcomram                      comram       000000
__Hconfig                      config       30000C
__Hconst                       const        000000
__HcstackBANK0                 cstackBANK0  000000
__HcstackBANK1                 cstackBANK1  000000
__HcstackCOMRAM                cstackCOMRAM 000000
__Hdata                        data         000000
__HdataBANK0                   dataBANK0    000000
__HdataBANK1                   dataBANK1    000000
__HdataCOMRAM                  dataCOMRAM   000000
__Heeprom_data                 eeprom_data  000000
__Hfarbss                      farbss       000000
__Hfardata                     fardata      000000
__Hheap                        heap         000000
__Hibigdata                    ibigdata     000000
__Hidata                       idata        000000
__HidataBANK0                  idataBANK0   000000
__HidataBANK1                  idataBANK1   000000
__HidataCOMRAM                 idataCOMRAM  000000
__Hidloc                       idloc        200010
__Hifardata                    ifardata     000000
__Hinit                        init         000078
__Hintcode                     intcode      000074
__Hintcode_body                intcode_body 000000
__Hintcodelo                   intcodelo    000074
__Hintentry                    intentry     000000
__Hintret                      intret       000000
__Hintsave_regs                intsave_regs 000000
__Hirdata                      irdata       000000
__Hmediumconst                 mediumconst  000000
__HnvFARRAM                    nvFARRAM     000000
__Hnvbit                       nvbit        000000
__Hnvrram                      nvrram       000000
__Hparam                       rparam       000000
__Hpowerup                     powerup      000074
__Hram                         ram          000000
__Hramtop                      ramtop       000E00
__Hrbit                        rbit         000000
__Hrbss                        rbss         000000
__Hrdata                       rdata        000000
__Hreset_vec                   reset_vec    000004
__Hrparam                      rparam       000000
__Hsfr                         sfr          000000
__Hsmallconst                  smallconst   000E1C
__Hspace_0                     (abs)        001F36
__Hspace_1                     (abs)        0001C2
__Hspace_2                     (abs)        000000
__Hspace_4                     (abs)        60000C
__Hstack                       stack        000000
__Hstruct                      struct       000000
__Htemp                        temp         000052
__Htext                        text         000000
__Htext0                       text0        000000
__Htext1                       text1        000000
__Htext10                      text10       000000
__Htext11                      text11       000000
__Htext12                      text12       000000
__Htext13                      text13       000000
__Htext14                      text14       000000
__Htext15                      text15       000000
__Htext16                      text16       000000
__Htext17                      text17       000000
__Htext18                      text18       000000
__Htext19                      text19       000000
__Htext2                       text2        000000
__Htext20                      text20       000000
__Htext21                      text21       000000
__Htext22                      text22       000000
__Htext23                      text23       000000
__Htext24                      text24       000000
__Htext25                      text25       000000
__Htext26                      text26       000000
__Htext27                      text27       000000
__Htext28                      text28       000000
__Htext29                      text29       000000
__Htext3                       text3        000000
__Htext30                      text30       000000
__Htext31                      text31       000000
__Htext32                      text32       000000
__Htext33                      text33       000000
__Htext34                      text34       000000
__Htext35                      text35       000000
__Htext36                      text36       000000
__Htext37                      text37       000000
__Htext39                      text39       000000
__Htext4                       text4        000000
__Htext40                      text40       000000
__Htext41                      text41       000000
__Htext5                       text5        000000
__Htext6                       text6        000000
__Htext7                       text7        000000
__Htext8                       text8        000000
__Htext9                       text9        000000
__LRAM                         (abs)        000001
__L__absolute__                __absolute__ 000000
__Labs1                        abs1         000000
__Lbank0                       bank0        000000
__Lbank1                       bank1        000000
__Lbank10                      bank10       000000
__Lbank11                      bank11       000000
__Lbank12                      bank12       000000
__Lbank13                      bank13       000000
__Lbank2                       bank2        000000
__Lbank3                       bank3        000000
__Lbank4                       bank4        000000
__Lbank5                       bank5        000000
__Lbank6                       bank6        000000
__Lbank7                       bank7        000000
__Lbank8                       bank8        000000
__Lbank9                       bank9        000000
__Lbigbss                      bigbss       000000
__Lbigdata                     bigdata      000000
__Lbigram                      bigram       000000
__Lbigsfr                      bigsfr       000000
__Lbss                         bss          000000
__LbssBANK0                    bssBANK0     000000
__LbssBANK1                    bssBANK1     000000
__LbssCOMRAM                   bssCOMRAM    000000
__Lcinit                       cinit        000000
__Lclrtext                     clrtext      000000
__Lcomram                      comram       000000
__Lconfig                      config       000000
__Lconst                       const        000000
__LcstackBANK0                 cstackBANK0  000000
__LcstackBANK1                 cstackBANK1  000000
__LcstackCOMRAM                cstackCOMRAM 000000
__Ldata                        data         000000
__LdataBANK0                   dataBANK0    000000
__LdataBANK1                   dataBANK1    000000
__LdataCOMRAM                  dataCOMRAM   000000
__Leeprom_data                 eeprom_data  000000
__Lfarbss                      farbss       000000
__Lfardata                     fardata      000000
__Lheap                        heap         000000
__Libigdata                    ibigdata     000000
__Lidata                       idata        000000
__LidataBANK0                  idataBANK0   000000
__LidataBANK1                  idataBANK1   000000
__LidataCOMRAM                 idataCOMRAM  000000
__Lidloc                       idloc        000000
__Lifardata                    ifardata     000000
__Linit                        init         000074
__Lintcode                     intcode      000008
__Lintcode_body                intcode_body 000000
__Lintcodelo                   intcodelo    000074
__Lintentry                    intentry     000000
__Lintret                      intret       000000
__Lintsave_regs                intsave_regs 000000
__Lirdata                      irdata       000000
__Lmediumconst                 mediumconst  000000
__LnvFARRAM                    nvFARRAM     000000
__Lnvbit                       nvbit        000000
__Lnvrram                      nvrram       000000
__Lparam                       rparam       000000
__Lpowerup                     powerup      000074
__Lram                         ram          000000
__Lramtop                      ramtop       000E00
__Lrbit                        rbit         000000
__Lrbss                        rbss         000000
__Lrdata                       rdata        000000
__Lreset_vec                   reset_vec    000000
__Lrparam                      rparam       000000
__Lsfr                         sfr          000000
__Lsmallconst                  smallconst   000E00
__Lspace_0                     (abs)        000000
__Lspace_1                     (abs)        000000
__Lspace_2                     (abs)        000000
__Lspace_4                     (abs)        000000
__Lstack                       stack        000000
__Lstruct                      struct       000000
__Ltemp                        temp         000051
__Ltext                        text         000000
__Ltext0                       text0        000000
__Ltext1                       text1        000000
__Ltext10                      text10       000000
__Ltext11                      text11       000000
__Ltext12                      text12       000000
__Ltext13                      text13       000000
__Ltext14                      text14       000000
__Ltext15                      text15       000000
__Ltext16                      text16       000000
__Ltext17                      text17       000000
__Ltext18                      text18       000000
__Ltext19                      text19       000000
__Ltext2                       text2        000000
__Ltext20                      text20       000000
__Ltext21                      text21       000000
__Ltext22                      text22       000000
__Ltext23                      text23       000000
__Ltext24                      text24       000000
__Ltext25                      text25       000000
__Ltext26                      text26       000000
__Ltext27                      text27       000000
__Ltext28                      text28       000000
__Ltext29                      text29       000000
__Ltext3                       text3        000000
__Ltext30                      text30       000000
__Ltext31                      text31       000000
__Ltext32                      text32       000000
__Ltext33                      text33       000000
__Ltext34                      text34       000000
__Ltext35                      text35       000000
__Ltext36                      text36       000000
__Ltext37                      text37       000000
__Ltext39                      text39       000000
__Ltext4                       text4        000000
__Ltext40                      text40       000000
__Ltext41                      text41       000000
__Ltext5                       text5        000000
__Ltext6                       text6        000000
__Ltext7                       text7        000000
__Ltext8                       text8        000000
__Ltext9                       text9        000000
__S0                           (abs)        001F36
__S1                           (abs)        0001C2
__S4                           (abs)        000000
__S5                           (abs)        000000
___awdiv                       text25       00150A
___awdiv@counter               cstackCOMRAM 00000F
___awdiv@dividend              cstackCOMRAM 00000B
___awdiv@divisor               cstackCOMRAM 00000D
___awdiv@quotient              cstackCOMRAM 000011
___awdiv@sign                  cstackCOMRAM 000010
___awmod                       text7        001688
___awmod@counter               cstackCOMRAM 000009
___awmod@dividend              cstackCOMRAM 000005
___awmod@divisor               cstackCOMRAM 000007
___awmod@sign                  cstackCOMRAM 00000A
___heap_hi                     (abs)        000000
___heap_lo                     (abs)        000000
___inthi_sp                    stack        000000
___inthi_stack_hi              stack        000000
___inthi_stack_lo              stack        000000
___intlo_sp                    stack        000000
___intlo_stack_hi              stack        000000
___intlo_stack_lo              stack        000000
___lwdiv                       text24       001856
___lwdiv@counter               cstackCOMRAM 00000F
___lwdiv@dividend              cstackCOMRAM 00000B
___lwdiv@divisor               cstackCOMRAM 00000D
___lwdiv@quotient              cstackCOMRAM 000010
___lwmod                       text23       0018CA
___lwmod@counter               cstackCOMRAM 000016
___lwmod@dividend              cstackCOMRAM 000012
___lwmod@divisor               cstackCOMRAM 000014
___param_bank                  (abs)        000000
___rparam_used                 (abs)        000001
___sp                          stack        000000
___stack_hi                    stack        000000
___stack_lo                    stack        000000
___wmul                        text22       001DE2
___wmul@multiplicand           cstackCOMRAM 000007
___wmul@multiplier             cstackCOMRAM 000005
___wmul@product                cstackCOMRAM 000009
__accesstop                    (abs)        000060
__activetblptr                 (abs)        000003
__end_of_HighISR               intcode      000074
__end_of_I2C_2_Master_Idle     text31       001DE2
__end_of_I2C_2_Master_Init     text32       001D90
__end_of_I2C_2_Master_Read     text18       001BFE
__end_of_I2C_2_Master_RepStart text17       001F20
__end_of_I2C_2_Master_Start    text30       001F34
__end_of_I2C_2_Master_Stop     text29       001F2A
__end_of_I2C_2_Master_Write    text28       001F16
__end_of_Interrupts_init       text37       001F0A
__end_of_Timer0_init           text36       001E6E
__end_of_TxBufferedString      text34       001D0E
__end_of___awdiv               text25       0015CE
__end_of___awmod               text7        001738
__end_of___lwdiv               text24       0018CA
__end_of___lwmod               text23       00192E
__end_of___wmul                text22       001E08
__end_of__initialization       cinit        00184C
__end_of_abs                   text6        001CAA
__end_of_buggy_lights_init     text33       001BBC
__end_of_color_click_init      text26       001CDE
__end_of_color_read_Blue       text16       001B6E
__end_of_color_read_Clear      text15       001B1E
__end_of_color_read_Green      text14       001ACE
__end_of_color_read_Red        text13       001A7E
__end_of_color_writetoaddr     text27       001E4E
__end_of_fputc                 text4        001688
__end_of_getCharFromTxBuf      text41       001D66
__end_of_getHSVval             text19       00116C
__end_of_getRGBCval            text12       00198C
__end_of_initDCmotorsPWM       text11       0017C8
__end_of_initUSART4            text10       001E8C
__end_of_isDataInTxBuf         text9        001EBE
__end_of_main                  text0        00150A
__end_of_max                   text21       001C76
__end_of_min                   text20       001C3A
__end_of_putCharToRxBuf        text40       001E2E
__end_of_putCharToTxBuf        text35       001DBA
__end_of_putch                 text5        001F36
__end_of_sendTxBuf             text8        001EA6
__end_of_sprintf               text1        001A2E
__end_of_vfpfcnvrt             text3        00136E
__end_of_vfprintf              text2        0019DE
__end_ofi2_isDataInTxBuf       text39       001ED6
__initialization               cinit        0017C8
__mediumconst                  mediumconst  000000
__pbssBANK0                    bssBANK0     00008C
__pbssBANK1                    bssBANK1     000100
__pbssCOMRAM                   bssCOMRAM    000049
__pcinit                       cinit        0017C8
__pcstackBANK0                 cstackBANK0  0000A4
__pcstackBANK1                 cstackBANK1  00015C
__pcstackCOMRAM                cstackCOMRAM 000001
__pdataBANK0                   dataBANK0    000060
__pdataBANK1                   dataBANK1    0001AE
__pdataCOMRAM                  dataCOMRAM   000037
__pidataBANK0                  idataBANK0   001D0E
__pidataBANK1                  idataBANK1   001ED6
__pidataCOMRAM                 idataCOMRAM  001EEA
__pintcode                     intcode      000008
__psmallconst                  smallconst   000E00
__ptext0                       text0        00136E
__ptext1                       text1        0019DE
__ptext10                      text10       001E6E
__ptext11                      text11       001738
__ptext12                      text12       00192E
__ptext13                      text13       001A2E
__ptext14                      text14       001A7E
__ptext15                      text15       001ACE
__ptext16                      text16       001B1E
__ptext17                      text17       001F16
__ptext18                      text18       001BBC
__ptext19                      text19       000E1C
__ptext2                       text2        00198C
__ptext20                      text20       001BFE
__ptext21                      text21       001C3A
__ptext22                      text22       001DE2
__ptext23                      text23       0018CA
__ptext24                      text24       001856
__ptext25                      text25       00150A
__ptext26                      text26       001CAA
__ptext27                      text27       001E2E
__ptext28                      text28       001F0A
__ptext29                      text29       001F20
__ptext3                       text3        00116C
__ptext30                      text30       001F2A
__ptext31                      text31       001DBA
__ptext32                      text32       001D66
__ptext33                      text33       001B6E
__ptext34                      text34       001CDE
__ptext35                      text35       001D90
__ptext36                      text36       001E4E
__ptext37                      text37       001EFC
__ptext39                      text39       001EBE
__ptext4                       text4        0015CE
__ptext40                      text40       001E08
__ptext41                      text41       001D3A
__ptext5                       text5        001F34
__ptext6                       text6        001C76
__ptext7                       text7        001688
__ptext8                       text8        001E8C
__ptext9                       text9        001EA6
__ramtop                       ramtop       000E00
__smallconst                   smallconst   000E00
_abs                           text6        001C76
_backtrack                     bssCOMRAM    00004C
_buggy_lights_init             text33       001B6E
_color_click_init              text26       001CAA
_color_read_Blue               text16       001B1E
_color_read_Clear              text15       001ACE
_color_read_Green              text14       001A7E
_color_read_Red                text13       001A2E
_color_writetoaddr             text27       001E2E
_dbuf                          bssBANK1     00013C
_flags                         bssCOMRAM    00004B
_fputc                         text4        0015CE
_getCharFromTxBuf              text41       001D3A
_getHSVval                     text19       000E1C
_getHSVval$3064                cstackCOMRAM 000021
_getHSVval$3065                cstackCOMRAM 000023
_getHSVval$3066                cstackCOMRAM 000029
_getRGBCval                    text12       00192E
_headbuttDelay                 dataCOMRAM   000037
_initDCmotorsPWM               text11       001738
_initUSART4                    text10       001E6E
_isDataInTxBuf                 text9        001EA6
_main                          text0        00136E
_manoeuvre_pointer             dataBANK0    000060
_max                           text21       001C3A
_min                           text20       001BFE
_nout                          bssCOMRAM    000049
_prec                          bssBANK0     0000A2
_putCharToRxBuf                text40       001E08
_putCharToTxBuf                text35       001D90
_putch                         text5        001F34
_rampDelay                     dataCOMRAM   000048
_sendTxBuf                     text8        001E8C
_sprintf                       text1        0019DE
_squareDelay                   dataBANK0    000062
_timer_high_pointer            dataCOMRAM   000044
_timer_low_pointer             dataCOMRAM   000043
_topGearLeft                   dataCOMRAM   000047
_topGearRight                  dataCOMRAM   000046
_trail_manoeuvre               dataBANK1    0001AE
_trail_timer_high              dataBANK0    000078
_trail_timer_low               dataBANK0    000064
_turn180Delay                  dataCOMRAM   000039
_turnLeft135Delay              dataCOMRAM   00003D
_turnLeft90Delay               dataCOMRAM   000041
_turnRight135Delay             dataCOMRAM   00003B
_turnRight90Delay              dataCOMRAM   00003F
_turningGear                   dataCOMRAM   000045
_vfpfcnvrt                     text3        00116C
_vfprintf                      text2        00198C
_width                         bssBANK0     0000A0
abs@a                          cstackCOMRAM 00000B
btemp                          temp         000051
color_read_Blue@tmp            cstackCOMRAM 00000E
color_read_Clear@tmp           cstackCOMRAM 00000E
color_read_Green@tmp           cstackCOMRAM 00000E
color_read_Red@tmp             cstackCOMRAM 00000E
color_writetoaddr@address      cstackCOMRAM 000008
color_writetoaddr@value        cstackCOMRAM 000007
end_of_initialization          cinit        00184C
fputc@c                        cstackCOMRAM 000005
fputc@fp                       cstackCOMRAM 000007
getHSVval@hue                  cstackCOMRAM 000027
getHSVval@maxRGB               cstackCOMRAM 00002D
getHSVval@minRGB               cstackCOMRAM 00001F
getHSVval@p1                   cstackCOMRAM 000017
getHSVval@p2                   cstackCOMRAM 000019
getHSVval@range                cstackCOMRAM 00002B
getHSVval@saturation           cstackCOMRAM 000025
getRGBCval@p                   cstackCOMRAM 000010
i2_isDataInTxBuf               text39       001EBE
initDCmotorsPWM@PWMperiod      cstackCOMRAM 000005
int$flags                      temp         000051
intlevel0                      text         000000
intlevel1                      text         000000
intlevel2                      text         000000
intlevel3                      text         000000
isa$std                        (abs)        000001
isa$xinst                      (abs)        000000
main@display                   cstackBANK1  00015C
main@motorL                    cstackBANK1  00018E
main@motorR                    cstackBANK1  000197
main@readHSV                   cstackBANK1  0001A0
main@readRGBC                  cstackBANK1  0001A6
max@a                          cstackCOMRAM 000005
max@b                          cstackCOMRAM 000007
max@max_val                    cstackCOMRAM 00000A
min@a                          cstackCOMRAM 000005
min@b                          cstackCOMRAM 000007
min@min_val                    cstackCOMRAM 00000A
putCharToRxBuf@byte            cstackCOMRAM 000001
putCharToTxBuf@byte            cstackCOMRAM 000005
sprintf@ap                     cstackBANK0  0000A6
sprintf@f                      cstackBANK0  0000A7
sprintf@fmt                    cstackCOMRAM 000026
sprintf@ret                    cstackBANK0  0000A4
sprintf@s                      cstackCOMRAM 000024
stackhi                        (abs)        000000
stacklo                        (abs)        000000
start                          init         000074
start_initialization           cinit        0017C8
ttemp5                         temp         000052
ttemp6                         temp         000055
ttemp7                         temp         000059
vfpfcnvrt@ap                   cstackCOMRAM 000015
vfpfcnvrt@c                    cstackCOMRAM 00001F
vfpfcnvrt@cnt                  cstackCOMRAM 000018
vfpfcnvrt@convarg              cstackCOMRAM 00001B
vfpfcnvrt@cp                   cstackCOMRAM 00001A
vfpfcnvrt@done                 cstackCOMRAM 000017
vfpfcnvrt@fmt                  cstackCOMRAM 000014
vfpfcnvrt@fp                   cstackCOMRAM 000013
vfprintf@ap                    cstackCOMRAM 000022
vfprintf@cfmt                  cstackCOMRAM 000023
vfprintf@fmt                   cstackCOMRAM 000021
vfprintf@fp                    cstackCOMRAM 000020
wtemp8                         temp         000052


MODULE INFORMATION

Module		Function		Class		Link	Load	Size
C:\Program Files\Microchip\xc8\v2.45\pic\sources\c99\common\Umul16.c
		___wmul        		CODE           	1DE2	0000	38

C:\Program Files\Microchip\xc8\v2.45\pic\sources\c99\common\Umul16.c estimated size: 38

serial.c
		_putCharToRxBuf		CODE           	1E08	0000	38
		_putCharToTxBuf		CODE           	1D90	0000	42
		_isDataInTxBuf 		CODE           	1EA6	0000	24
		_TxBufferedString		CODE           	1CDE	0000	48
		_getCharFromTxBuf		CODE           	1D3A	0000	44
		_sendTxBuf     		CODE           	1E8C	0000	26
		_initUSART4    		CODE           	1E6E	0000	30

serial.c estimated size: 252

timers.c
		_Timer0_init   		CODE           	1E4E	0000	32

timers.c estimated size: 32

color.c
		_color_writetoaddr		CODE           	1E2E	0000	32
		_min           		CODE           	1BFE	0000	60
		_color_click_init		CODE           	1CAA	0000	52
		_getRGBCval    		CODE           	192E	0000	94
		_max           		CODE           	1C3A	0000	60
		_color_read_Green		CODE           	1A7E	0000	80
		_color_read_Clear		CODE           	1ACE	0000	80
		_getHSVval     		CODE           	0E1C	0000	848
		_color_read_Red		CODE           	1A2E	0000	80
		_color_read_Blue		CODE           	1B1E	0000	80

color.c estimated size: 1466

dc_motor.c
		_initDCmotorsPWM		CODE           	1738	0000	144

dc_motor.c estimated size: 144

interrupts.c
		_Interrupts_init		CODE           	1EFC	0000	14
		_HighISR       		CODE           	0008	0000	108

interrupts.c estimated size: 122

buggy_lights.c
		_buggy_lights_init		CODE           	1B6E	0000	78

buggy_lights.c estimated size: 78

i2c.c
		_I2C_2_Master_Start		CODE           	1F2A	0000	10
		_I2C_2_Master_Read		CODE           	1BBC	0000	66
		_I2C_2_Master_Idle		CODE           	1DBA	0000	40
		_I2C_2_Master_Init		CODE           	1D66	0000	42
		_I2C_2_Master_Stop		CODE           	1F20	0000	10
		_I2C_2_Master_RepStart		CODE           	1F16	0000	10
		_I2C_2_Master_Write		CODE           	1F0A	0000	12

i2c.c estimated size: 190

C:\Program Files\Microchip\xc8\v2.45\pic\sources\c99\common\nf_sprintf.c
		_sprintf       		CODE           	19DE	0000	80

C:\Program Files\Microchip\xc8\v2.45\pic\sources\c99\common\nf_sprintf.c estimated size: 80

C:\Program Files\Microchip\xc8\v2.45\pic\sources\c99\common\lwmod.c
		___lwmod       		CODE           	18CA	0000	100

C:\Program Files\Microchip\xc8\v2.45\pic\sources\c99\common\lwmod.c estimated size: 100

C:\Program Files\Microchip\xc8\v2.45\pic\sources\c99\common\awmod.c
		___awmod       		CODE           	1688	0000	176

C:\Program Files\Microchip\xc8\v2.45\pic\sources\c99\common\awmod.c estimated size: 176

C:\Program Files\Microchip\xc8\v2.45\pic\sources\c99\common\putch.c
		_putch         		CODE           	1F34	0000	2

C:\Program Files\Microchip\xc8\v2.45\pic\sources\c99\common\putch.c estimated size: 2

shared
		__initialization		CODE           	17C8	0000	132
		i2_isDataInTxBuf		CODE           	1EBE	0000	24

shared estimated size: 156

C:\Program Files\Microchip\xc8\v2.45\pic\sources\c99\common\abs.c
		_abs           		CODE           	1C76	0000	52

C:\Program Files\Microchip\xc8\v2.45\pic\sources\c99\common\abs.c estimated size: 52

main.c
		_main          		CODE           	136E	0000	412

main.c estimated size: 412

C:\Program Files\Microchip\xc8\v2.45\pic\sources\c99\common\nf_fputc.c
		_fputc         		CODE           	15CE	0000	186

C:\Program Files\Microchip\xc8\v2.45\pic\sources\c99\common\nf_fputc.c estimated size: 186

C:\Program Files\Microchip\xc8\v2.45\pic\sources\c99\common\doprnt.c
		_vfpfcnvrt     		CODE           	116C	0000	514
		_vfprintf      		CODE           	198C	0000	82

C:\Program Files\Microchip\xc8\v2.45\pic\sources\c99\common\doprnt.c estimated size: 596

C:\Program Files\Microchip\xc8\v2.45\pic\sources\c99\common\lwdiv.c
		___lwdiv       		CODE           	1856	0000	116

C:\Program Files\Microchip\xc8\v2.45\pic\sources\c99\common\lwdiv.c estimated size: 116

C:\Program Files\Microchip\xc8\v2.45\pic\sources\c99\common\awdiv.c
		___awdiv       		CODE           	150A	0000	196

C:\Program Files\Microchip\xc8\v2.45\pic\sources\c99\common\awdiv.c estimated size: 196

