Microchip MPLAB XC8 Compiler V2.45

Linker command line:

-W-3 \
  --edf=C:\Program Files\Microchip\xc8\v2.45\pic\dat\20230818022343_en.msgs \
  -cn \
  -h+dist/default/production\final-project-gorakh-boris.X.production.sym \
  --cmf=dist/default/production\final-project-gorakh-boris.X.production.cmf \
  -z -Q18F67K40 -oC:\Users\boris\AppData\Local\Temp\xcAse8g.\driver_tmp_3.o \
  --defsym=__MPLAB_BUILD=1 --fixupoverflow=error \
  -Mdist/default/production/final-project-gorakh-boris.X.production.map \
  --md=C:\Users\boris\AppData\Local\Temp\xcAse8g.\driver_tmp_0.dat -E1 \
  -ver=XC8 Compiler --acfsm=1493 -ACODE=00h-01FFFFh -ACONST=00h-01FFFFh \
  -ASMALLCONST=0E00h-0EFFhx498 -AMEDIUMCONST=0E00h-0FFFFh,010E00h-01FFFFh \
  -ACOMRAM=01h-05Fh -AABS1=00h-0DE9h -ABIGRAM=01h-0DE9h \
  -ARAM=060h-0FFh,0100h-01FFhx12,0D00h-0DE9h -ABANK0=060h-0FFh \
  -ABANK1=0100h-01FFh -ABANK2=0200h-02FFh -ABANK3=0300h-03FFh \
  -ABANK4=0400h-04FFh -ABANK5=0500h-05FFh -ABANK6=0600h-06FFh \
  -ABANK7=0700h-07FFh -ABANK8=0800h-08FFh -ABANK9=0900h-09FFh \
  -ABANK10=0A00h-0AFFh -ABANK11=0B00h-0BFFh -ABANK12=0C00h-0CFFh \
  -ABANK13=0D00h-0DE9h \
  -ASFR=0DEFh-0DFFh,0E00h-0EFFh,0F00h-0F5Fh,0F60h-0FFFh \
  -ABIGSFR=0DEFh-0FFFh -ACONFIG=0300000h-030000Bh -AIDLOC=0200000h-020000Fh \
  -AEEDATA=0310000h-03103FFh -peeprom_data=EEDATA \
  -preset_vec=00h,intcode=08h,intcodelo,powerup,init -pramtop=0E00h \
  -psmallconst=SMALLCONST -pmediumconst=MEDIUMCONST -pconst=CONST \
  -AFARRAM=00h-00h \
  -prdata=COMRAM,nvrram=COMRAM,nvbit=COMRAM,rbss=COMRAM,rbit=COMRAM \
  -pfarbss=FARRAM,fardata=FARRAM,nvFARRAM=FARRAM \
  -pintsave_regs=BIGRAM,bigbss=BIGRAM,bigdata=BIGRAM -pbss=RAM \
  -pidata=CODE,irdata=CODE,ibigdata=CODE,ifardata=CODE -prparam=COMRAM \
  C:\Users\boris\AppData\Local\Temp\xcAse8g.\driver_tmp_9.o \
  dist/default/production\final-project-gorakh-boris.X.production.o 

Object code version is 3.11

Machine type is 18F67K40



                Name                               Link     Load   Length Selector   Space Scale
C:\Users\boris\AppData\Local\Temp\xcAse8g.\driver_tmp_9.o
                idloc                            200000   200000       10        0       5
                config                           300000   300000        C        0       4
                init                                 3C       3C        4        4       0
                reset_vec                             0        0        4        0       0
dist/default/production\final-project-gorakh-boris.X.production.o
                intcode                               8        8       34        4       0
                idloc                            200000   200000       10        0       5
                config                           300000   300000        C        0       4
                temp                                 5F       5F        1        1       1
                smallconst                          E00      E00       1A      700       0
                text21                             152E     152E        C      70D       0
                text20                             1522     1522        C      70D       0
                text19                             154E     154E        4      70D       0
                text18                             146E     146E       28      70D       0
                text17                             13EE     13EE       2E      70D       0
                text16                             141C     141C       2A      70D       0
                text15                             1446     1446       28      70D       0
                text14                             1544     1544        A      70D       0
                text13                             153A     153A        A      70D       0
                text12                             1516     1516        C      70D       0
                text11                             14BC     14BC       20      70D       0
                text10                             1358     1358       34      70D       0
                text9                              128E     128E       74      70D       0
                text8                              1496     1496       26      70D       0
                text7                               E1A      E1A      154      70D       0
                text6                              10BA     10BA       B6      70D       0
                text5                              1200     1200       8E      70D       0
                text4                              13BE     13BE       30      70D       0
                text3                              1170     1170       90      70D       0
                text2                              14DC     14DC       1E      70D       0
                text1                              138C     138C       32      70D       0
                text0                               F6E      F6E      14C      70D       0
                cstackCOMRAM                          1        1       3E        1       1
                bssBANK1                            100      100       3C      100       1
                dataBANK0                            60       60        2       60       1
                dataCOMRAM                           3F       3F       1C        1       1
                bssCOMRAM                            5B       5B        4        1       1
                cinit                              1302     1302       56      70D       0
                idataBANK0                         1552     1552        2      70D       0
                idataCOMRAM                        14FA     14FA       1C      70D       0

TOTAL           Name                               Link     Load   Length     Space
        CLASS   CODE           
                intcode                               8        8       34         0
                init                                 3C       3C        4         0
                reset_vec                             0        0        4         0
                text21                             152E     152E        C         0
                text20                             1522     1522        C         0
                text19                             154E     154E        4         0
                text18                             146E     146E       28         0
                text17                             13EE     13EE       2E         0
                text16                             141C     141C       2A         0
                text15                             1446     1446       28         0
                text14                             1544     1544        A         0
                text13                             153A     153A        A         0
                text12                             1516     1516        C         0
                text11                             14BC     14BC       20         0
                text10                             1358     1358       34         0
                text9                              128E     128E       74         0
                text8                              1496     1496       26         0
                text7                               E1A      E1A      154         0
                text6                              10BA     10BA       B6         0
                text5                              1200     1200       8E         0
                text4                              13BE     13BE       30         0
                text3                              1170     1170       90         0
                text2                              14DC     14DC       1E         0
                text1                              138C     138C       32         0
                text0                               F6E      F6E      14C         0
                cinit                              1302     1302       56         0
                idataBANK0                         1552     1552        2         0
                idataCOMRAM                        14FA     14FA       1C         0

        CLASS   CONST          

        CLASS   SMALLCONST     
                smallconst                          E00      E00       1A         0

        CLASS   MEDIUMCONST    

        CLASS   COMRAM         
                temp                                 5F       5F        1         1
                cstackCOMRAM                          1        1       3E         1
                dataCOMRAM                           3F       3F       1C         1
                bssCOMRAM                            5B       5B        4         1

        CLASS   ABS1           

        CLASS   BIGRAM         

        CLASS   RAM            

        CLASS   BANK0          
                dataBANK0                            60       60        2         1

        CLASS   BANK1          
                bssBANK1                            100      100       3C         1

        CLASS   BANK2          

        CLASS   BANK3          

        CLASS   BANK4          

        CLASS   BANK5          

        CLASS   BANK6          

        CLASS   BANK7          

        CLASS   BANK8          

        CLASS   BANK9          

        CLASS   BANK10         

        CLASS   BANK11         

        CLASS   BANK12         

        CLASS   BANK13         

        CLASS   SFR            

        CLASS   BIGSFR         

        CLASS   CONFIG         
                config                           300000   300000        C         4

        CLASS   IDLOC          
                idloc                            200000   200000       10         5

        CLASS   EEDATA         

        CLASS   FARRAM         

        CLASS   HEAP           

        CLASS   STACK          



SEGMENTS        Name                           Load    Length   Top    Selector   Space  Class

                reset_vec                      000000  000004  000004         0       0  CODE    
                cstackCOMRAM                   000001  00005F  000060         1       1  COMRAM  
                intcode                        000008  000038  000040         4       0  CODE    
                dataBANK0                      000060  000002  000062        60       1  BANK0   
                bssBANK1                       000100  00003C  00013C       100       1  BANK1   
                smallconst                     000E00  00001A  000E1A       700       0  SMALLCON
                text7                          000E1A  00073A  001554       70D       0  CODE    


UNUSED ADDRESS RANGES

        Name                Unused          Largest block    Delta
        BANK0            000062-0000FF               9E
        BANK1            00013C-0001FF               C4
        BANK10           000A00-000AFF              100
        BANK11           000B00-000BFF              100
        BANK12           000C00-000CFF              100
        BANK13           000D00-000DE9               EA
        BANK2            000200-0002FF              100
        BANK3            000300-0003FF              100
        BANK4            000400-0004FF              100
        BANK5            000500-0005FF              100
        BANK6            000600-0006FF              100
        BANK7            000700-0007FF              100
        BANK8            000800-0008FF              100
        BANK9            000900-0009FF              100
        BIGRAM           000062-0000FF               9E
                         00013C-000DE9              CAE
        BIGSFR           000DEF-000FFF              211
        CODE             000004-000007                4
                         000040-000DFF              DC0
                         001554-01FFFF            1EAAC
        CONST            000004-000007                4
                         000040-000DFF              DC0
                         001554-01FFFF            1EAAC
        EEDATA           310000-3103FF              400
        MEDIUMCONST      001554-00FFFF             EAAC
                         010E00-01FFFF             F200
        RAM              000062-0000FF               9E
                         00013C-000DE9              100
        SFR              000DEF-000FFF              100
        SMALLCONST       001554-01FFFF              100

                                  Symbol Table

?___lwdiv                    cstackCOMRAM 000007
?___wmul                     cstackCOMRAM 000001
I2C_2_Master_Write@data_byte cstackCOMRAM 000002
_ANSELDbits                  (abs)        000EA7
_ANSELFbits                  (abs)        000EB4
_BAUD4CONbits                (abs)        000EE9
_CCP1CONbits                 (abs)        000FAB
_CCP2CONbits                 (abs)        000FA7
_CCP3CONbits                 (abs)        000F26
_CCP4CONbits                 (abs)        000F22
_CCPR1H                      (abs)        000FAA
_CCPR2H                      (abs)        000FA6
_CCPR3H                      (abs)        000F25
_CCPR4H                      (abs)        000F21
_CCPTMRS0bits                (abs)        000FAD
_I2C_2_Master_Idle           text15       001446
_I2C_2_Master_Init           text16       00141C
_I2C_2_Master_Start          text14       001544
_I2C_2_Master_Stop           text13       00153A
_I2C_2_Master_Write          text12       001516
_INTCONbits                  (abs)        000FF2
_ISR                         intcode      000008
_LATAbits                    (abs)        000F79
_LATCbits                    (abs)        000F7B
_LATDbits                    (abs)        000F7C
_LATEbits                    (abs)        000F7D
_LATFbits                    (abs)        000F7E
_LATGbits                    (abs)        000F7F
_LATHbits                    (abs)        000F80
_PIE0bits                    (abs)        000E29
_PIR0bits                    (abs)        000E33
_PIR4bits                    (abs)        000E37
_PORTFbits                   (abs)        000F8E
_RC0PPS                      (abs)        000E62
_RC4REG                      (abs)        000EE3
_RC4STAbits                  (abs)        000EE7
_RC7PPS                      (abs)        000E69
_RD5PPS                      (abs)        000E6F
_RD6PPS                      (abs)        000E70
_RE2PPS                      (abs)        000E74
_RE4PPS                      (abs)        000E76
_RG6PPS                      (abs)        000E88
_RX4PPS                      (abs)        000E15
_SP4BRGH                     (abs)        000EE6
_SP4BRGL                     (abs)        000EE5
_SSP2ADD                     (abs)        000ED6
_SSP2BUF                     (abs)        000ED5
_SSP2CLKPPS                  (abs)        000E1C
_SSP2CON1bits                (abs)        000ED9
_SSP2CON2                    (abs)        000EDA
_SSP2CON2bits                (abs)        000EDA
_SSP2DATPPS                  (abs)        000E1D
_SSP2STAT                    (abs)        000ED8
_T0CON0bits                  (abs)        000FD5
_T0CON1bits                  (abs)        000FD6
_T2CLKCONbits                (abs)        000FBF
_T2CONbits                   (abs)        000FBD
_T2HLTbits                   (abs)        000FBE
_T2PR                        (abs)        000FBC
_TMR0H                       (abs)        000FD4
_TMR0L                       (abs)        000FD3
_TRISAbits                   (abs)        000F81
_TRISCbits                   (abs)        000F83
_TRISDbits                   (abs)        000F84
_TRISEbits                   (abs)        000F85
_TRISFbits                   (abs)        000F86
_TRISGbits                   (abs)        000F87
_TRISHbits                   (abs)        000F88
_TX4REG                      (abs)        000EE4
_TX4STAbits                  (abs)        000EE8
_Timer0_init                 text18       00146E
__HRAM                       (abs)        000000
__H__absolute__              __absolute__ 000000
__Habs1                      abs1         000000
__Hbank0                     bank0        000000
__Hbank1                     bank1        000000
__Hbank10                    bank10       000000
__Hbank11                    bank11       000000
__Hbank12                    bank12       000000
__Hbank13                    bank13       000000
__Hbank2                     bank2        000000
__Hbank3                     bank3        000000
__Hbank4                     bank4        000000
__Hbank5                     bank5        000000
__Hbank6                     bank6        000000
__Hbank7                     bank7        000000
__Hbank8                     bank8        000000
__Hbank9                     bank9        000000
__Hbigbss                    bigbss       000000
__Hbigdata                   bigdata      000000
__Hbigram                    bigram       000000
__Hbigsfr                    bigsfr       000000
__Hbss                       bss          000000
__HbssBANK1                  bssBANK1     000000
__HbssCOMRAM                 bssCOMRAM    000000
__Hcinit                     cinit        000000
__Hclrtext                   clrtext      000000
__Hcomram                    comram       000000
__Hconfig                    config       30000C
__Hconst                     const        000000
__HcstackCOMRAM              cstackCOMRAM 000000
__Hdata                      data         000000
__HdataBANK0                 dataBANK0    000000
__HdataCOMRAM                dataCOMRAM   000000
__Heeprom_data               eeprom_data  000000
__Hfarbss                    farbss       000000
__Hfardata                   fardata      000000
__Hheap                      heap         000000
__Hibigdata                  ibigdata     000000
__Hidata                     idata        000000
__HidataBANK0                idataBANK0   000000
__HidataCOMRAM               idataCOMRAM  000000
__Hidloc                     idloc        200010
__Hifardata                  ifardata     000000
__Hinit                      init         000040
__Hintcode                   intcode      00003C
__Hintcode_body              intcode_body 000000
__Hintcodelo                 intcodelo    00003C
__Hintentry                  intentry     000000
__Hintret                    intret       000000
__Hintsave_regs              intsave_regs 000000
__Hirdata                    irdata       000000
__Hmediumconst               mediumconst  000000
__HnvFARRAM                  nvFARRAM     000000
__Hnvbit                     nvbit        000000
__Hnvrram                    nvrram       000000
__Hparam                     rparam       000000
__Hpowerup                   powerup      00003C
__Hram                       ram          000000
__Hramtop                    ramtop       000E00
__Hrbit                      rbit         000000
__Hrbss                      rbss         000000
__Hrdata                     rdata        000000
__Hreset_vec                 reset_vec    000004
__Hrparam                    rparam       000000
__Hsfr                       sfr          000000
__Hsmallconst                smallconst   000E1A
__Hspace_0                   (abs)        001554
__Hspace_1                   (abs)        00013C
__Hspace_2                   (abs)        000000
__Hspace_4                   (abs)        60000C
__Hstack                     stack        000000
__Hstruct                    struct       000000
__Htemp                      temp         000060
__Htext                      text         000000
__Htext0                     text0        000000
__Htext1                     text1        000000
__Htext10                    text10       000000
__Htext11                    text11       000000
__Htext12                    text12       000000
__Htext13                    text13       000000
__Htext14                    text14       000000
__Htext15                    text15       000000
__Htext16                    text16       000000
__Htext17                    text17       000000
__Htext18                    text18       000000
__Htext19                    text19       000000
__Htext2                     text2        000000
__Htext20                    text20       000000
__Htext21                    text21       000000
__Htext3                     text3        000000
__Htext4                     text4        000000
__Htext5                     text5        000000
__Htext6                     text6        000000
__Htext7                     text7        000000
__Htext8                     text8        000000
__Htext9                     text9        000000
__LRAM                       (abs)        000001
__L__absolute__              __absolute__ 000000
__Labs1                      abs1         000000
__Lbank0                     bank0        000000
__Lbank1                     bank1        000000
__Lbank10                    bank10       000000
__Lbank11                    bank11       000000
__Lbank12                    bank12       000000
__Lbank13                    bank13       000000
__Lbank2                     bank2        000000
__Lbank3                     bank3        000000
__Lbank4                     bank4        000000
__Lbank5                     bank5        000000
__Lbank6                     bank6        000000
__Lbank7                     bank7        000000
__Lbank8                     bank8        000000
__Lbank9                     bank9        000000
__Lbigbss                    bigbss       000000
__Lbigdata                   bigdata      000000
__Lbigram                    bigram       000000
__Lbigsfr                    bigsfr       000000
__Lbss                       bss          000000
__LbssBANK1                  bssBANK1     000000
__LbssCOMRAM                 bssCOMRAM    000000
__Lcinit                     cinit        000000
__Lclrtext                   clrtext      000000
__Lcomram                    comram       000000
__Lconfig                    config       000000
__Lconst                     const        000000
__LcstackCOMRAM              cstackCOMRAM 000000
__Ldata                      data         000000
__LdataBANK0                 dataBANK0    000000
__LdataCOMRAM                dataCOMRAM   000000
__Leeprom_data               eeprom_data  000000
__Lfarbss                    farbss       000000
__Lfardata                   fardata      000000
__Lheap                      heap         000000
__Libigdata                  ibigdata     000000
__Lidata                     idata        000000
__LidataBANK0                idataBANK0   000000
__LidataCOMRAM               idataCOMRAM  000000
__Lidloc                     idloc        000000
__Lifardata                  ifardata     000000
__Linit                      init         00003C
__Lintcode                   intcode      000008
__Lintcode_body              intcode_body 000000
__Lintcodelo                 intcodelo    00003C
__Lintentry                  intentry     000000
__Lintret                    intret       000000
__Lintsave_regs              intsave_regs 000000
__Lirdata                    irdata       000000
__Lmediumconst               mediumconst  000000
__LnvFARRAM                  nvFARRAM     000000
__Lnvbit                     nvbit        000000
__Lnvrram                    nvrram       000000
__Lparam                     rparam       000000
__Lpowerup                   powerup      00003C
__Lram                       ram          000000
__Lramtop                    ramtop       000E00
__Lrbit                      rbit         000000
__Lrbss                      rbss         000000
__Lrdata                     rdata        000000
__Lreset_vec                 reset_vec    000000
__Lrparam                    rparam       000000
__Lsfr                       sfr          000000
__Lsmallconst                smallconst   000E00
__Lspace_0                   (abs)        000000
__Lspace_1                   (abs)        000000
__Lspace_2                   (abs)        000000
__Lspace_4                   (abs)        000000
__Lstack                     stack        000000
__Lstruct                    struct       000000
__Ltemp                      temp         00005F
__Ltext                      text         000000
__Ltext0                     text0        000000
__Ltext1                     text1        000000
__Ltext10                    text10       000000
__Ltext11                    text11       000000
__Ltext12                    text12       000000
__Ltext13                    text13       000000
__Ltext14                    text14       000000
__Ltext15                    text15       000000
__Ltext16                    text16       000000
__Ltext17                    text17       000000
__Ltext18                    text18       000000
__Ltext19                    text19       000000
__Ltext2                     text2        000000
__Ltext20                    text20       000000
__Ltext21                    text21       000000
__Ltext3                     text3        000000
__Ltext4                     text4        000000
__Ltext5                     text5        000000
__Ltext6                     text6        000000
__Ltext7                     text7        000000
__Ltext8                     text8        000000
__Ltext9                     text9        000000
__S0                         (abs)        001554
__S1                         (abs)        00013C
__S4                         (abs)        000000
__S5                         (abs)        000000
___heap_hi                   (abs)        000000
___heap_lo                   (abs)        000000
___inthi_sp                  stack        000000
___inthi_stack_hi            stack        000000
___inthi_stack_lo            stack        000000
___intlo_sp                  stack        000000
___intlo_stack_hi            stack        000000
___intlo_stack_lo            stack        000000
___lwdiv                     text9        00128E
___lwdiv@counter             cstackCOMRAM 00000B
___lwdiv@dividend            cstackCOMRAM 000007
___lwdiv@divisor             cstackCOMRAM 000009
___lwdiv@quotient            cstackCOMRAM 00000C
___param_bank                (abs)        000000
___rparam_used               (abs)        000001
___sp                        stack        000000
___stack_hi                  stack        000000
___stack_lo                  stack        000000
___wmul                      text8        001496
___wmul@multiplicand         cstackCOMRAM 000003
___wmul@multiplier           cstackCOMRAM 000001
___wmul@product              cstackCOMRAM 000005
__accesstop                  (abs)        000060
__activetblptr               (abs)        000003
__end_of_I2C_2_Master_Idle   text15       00146E
__end_of_I2C_2_Master_Init   text16       001446
__end_of_I2C_2_Master_Start  text14       00154E
__end_of_I2C_2_Master_Stop   text13       001544
__end_of_I2C_2_Master_Write  text12       001522
__end_of_ISR                 intcode      00003C
__end_of_Timer0_init         text18       001496
__end_of___lwdiv             text9        001302
__end_of___wmul              text8        0014BC
__end_of__initialization     cinit        00134E
__end_of_buggy_lights_init   text17       00141C
__end_of_color_click_init    text10       00138C
__end_of_color_writetoaddr   text11       0014DC
__end_of_fullSpeedReverse    text6        001170
__end_of_headbuttReverse     text4        0013EE
__end_of_initDCmotorsPWM     text3        001200
__end_of_initUSART4          text2        0014FA
__end_of_main                text0        0010BA
__end_of_reset_timer         text20       00152E
__end_of_setMotorPWM         text7        000F6E
__end_of_squareReverse       text1        0013BE
__end_of_start_timer         text19       001552
__end_of_stop                text5        00128E
__end_of_write_timer         text21       00153A
__initialization             cinit        001302
__mediumconst                mediumconst  000000
__pbssBANK1                  bssBANK1     000100
__pbssCOMRAM                 bssCOMRAM    00005B
__pcinit                     cinit        001302
__pcstackCOMRAM              cstackCOMRAM 000001
__pdataBANK0                 dataBANK0    000060
__pdataCOMRAM                dataCOMRAM   00003F
__pidataBANK0                idataBANK0   001552
__pidataCOMRAM               idataCOMRAM  0014FA
__pintcode                   intcode      000008
__psmallconst                smallconst   000E00
__ptext0                     text0        000F6E
__ptext1                     text1        00138C
__ptext10                    text10       001358
__ptext11                    text11       0014BC
__ptext12                    text12       001516
__ptext13                    text13       00153A
__ptext14                    text14       001544
__ptext15                    text15       001446
__ptext16                    text16       00141C
__ptext17                    text17       0013EE
__ptext18                    text18       00146E
__ptext19                    text19       00154E
__ptext2                     text2        0014DC
__ptext20                    text20       001522
__ptext21                    text21       00152E
__ptext3                     text3        001170
__ptext4                     text4        0013BE
__ptext5                     text5        001200
__ptext6                     text6        0010BA
__ptext7                     text7        000E1A
__ptext8                     text8        001496
__ptext9                     text9        00128E
__ramtop                     ramtop       000E00
__smallconst                 smallconst   000E00
_bottomGearLeft              dataCOMRAM   000056
_bottomGearRight             dataCOMRAM   000055
_buggy_lights_init           text17       0013EE
_color_click_init            text10       001358
_color_writetoaddr           text11       0014BC
_fullSpeedReverse            text6        0010BA
_headbuttDelay               dataCOMRAM   000045
_headbuttReverse             text4        0013BE
_initDCmotorsPWM             text3        001170
_initUSART4                  text2        0014DC
_lost_flag                   bssCOMRAM    00005C
_main                        text0        000F6E
_manoeuvre_count             bssCOMRAM    00005B
_manoeuvre_pointer           dataCOMRAM   00003F
_rampDelay                   dataCOMRAM   000059
_reset_timer                 text20       001522
_return_flag                 bssCOMRAM    00005D
_returning                   bssCOMRAM    00005E
_sample_count                dataCOMRAM   00005A
_setMotorPWM                 text7        000E1A
_squareDelay                 dataBANK0    000060
_squareReverse               text1        00138C
_start_timer                 text19       00154E
_stop                        text5        001200
_timer_high_pointer          dataCOMRAM   000043
_timer_low_pointer           dataCOMRAM   000041
_topGearLeft                 dataCOMRAM   000058
_topGearRight                dataCOMRAM   000057
_trail_manoeuvre             bssBANK1     000100
_trail_timer_high            bssBANK1     000128
_trail_timer_low             bssBANK1     000114
_turn180Delay                dataCOMRAM   000047
_turnLeft135Delay            dataCOMRAM   00004B
_turnLeft90Delay             dataCOMRAM   00004F
_turnRight135Delay           dataCOMRAM   000049
_turnRight90Delay            dataCOMRAM   00004D
_turningLeftGear             dataCOMRAM   000054
_turningRightGear            dataCOMRAM   000053
_wall_threshold_blue         dataCOMRAM   000051
_write_timer                 text21       00152E
btemp                        temp         00005F
color_writetoaddr@address    cstackCOMRAM 000004
color_writetoaddr@value      cstackCOMRAM 000003
end_of_initialization        cinit        00134E
fullSpeedReverse@leftGear    cstackCOMRAM 000016
fullSpeedReverse@mL          cstackCOMRAM 000013
fullSpeedReverse@mR          cstackCOMRAM 000014
fullSpeedReverse@rightGear   cstackCOMRAM 000017
headbuttReverse@mL           cstackCOMRAM 000018
headbuttReverse@mR           cstackCOMRAM 000019
initDCmotorsPWM@PWMperiod    cstackCOMRAM 000001
int$flags                    temp         00005F
intlevel0                    text         000000
intlevel1                    text         000000
intlevel2                    text         000000
intlevel3                    text         000000
isa$std                      (abs)        000001
isa$xinst                    (abs)        000000
main@HSV_colour              cstackCOMRAM 00001F
main@RGBC_colour             cstackCOMRAM 000025
main@i                       cstackCOMRAM 00001E
main@motorL                  cstackCOMRAM 00002D
main@motorR                  cstackCOMRAM 000036
setMotorPWM@m                cstackCOMRAM 00000E
setMotorPWM@negDuty          cstackCOMRAM 000012
setMotorPWM@posDuty          cstackCOMRAM 000011
squareReverse@mL             cstackCOMRAM 000018
squareReverse@mR             cstackCOMRAM 000019
stackhi                      (abs)        000000
stacklo                      (abs)        000000
start                        init         00003C
start_initialization         cinit        001302
stop@mL                      cstackCOMRAM 000013
stop@mR                      cstackCOMRAM 000014
ttemp5                       temp         000060
ttemp6                       temp         000063
ttemp7                       temp         000067
write_timer@tH               cstackCOMRAM 000002
write_timer@tL               cstackCOMRAM 000001
wtemp8                       temp         000060


MODULE INFORMATION

Module		Function		Class		Link	Load	Size
C:\Program Files\Microchip\xc8\v2.45\pic\sources\c99\common\Umul16.c
		___wmul        		CODE           	1496	0000	38

C:\Program Files\Microchip\xc8\v2.45\pic\sources\c99\common\Umul16.c estimated size: 38

serial.c
		_initUSART4    		CODE           	14DC	0000	30

serial.c estimated size: 30

timers.c
		_Timer0_init   		CODE           	146E	0000	40
		_ISR           		CODE           	0008	0000	52
		_write_timer   		CODE           	152E	0000	12
		_start_timer   		CODE           	154E	0000	4
		_reset_timer   		CODE           	1522	0000	12

timers.c estimated size: 120

color.c
		_color_writetoaddr		CODE           	14BC	0000	32
		_color_click_init		CODE           	1358	0000	52

color.c estimated size: 84

dc_motor.c
		_squareReverse 		CODE           	138C	0000	50
		_fullSpeedReverse		CODE           	10BA	0000	182
		_stop          		CODE           	1200	0000	142
		_initDCmotorsPWM		CODE           	1170	0000	144
		_setMotorPWM   		CODE           	0E1A	0000	340
		_headbuttReverse		CODE           	13BE	0000	48

dc_motor.c estimated size: 906

buggy_lights.c
		_buggy_lights_init		CODE           	13EE	0000	46

buggy_lights.c estimated size: 46

i2c.c
		_I2C_2_Master_Start		CODE           	1544	0000	10
		_I2C_2_Master_Idle		CODE           	1446	0000	40
		_I2C_2_Master_Init		CODE           	141C	0000	42
		_I2C_2_Master_Stop		CODE           	153A	0000	10
		_I2C_2_Master_Write		CODE           	1516	0000	12

i2c.c estimated size: 114

shared
		__initialization		CODE           	1302	0000	76

shared estimated size: 76

main.c
		_main          		CODE           	0F6E	0000	332

main.c estimated size: 332

C:\Program Files\Microchip\xc8\v2.45\pic\sources\c99\common\lwdiv.c
		___lwdiv       		CODE           	128E	0000	116

C:\Program Files\Microchip\xc8\v2.45\pic\sources\c99\common\lwdiv.c estimated size: 116

