Microchip MPLAB XC8 Compiler V2.45

Linker command line:

-W-3 \
  --edf=C:\Program Files\Microchip\xc8\v2.45\pic\dat\20230818022343_en.msgs \
  -cn \
  -h+dist/default/production\final-project-gorakh-boris.X.production.sym \
  --cmf=dist/default/production\final-project-gorakh-boris.X.production.cmf \
  -z -Q18F67K40 -oC:\Users\boris\AppData\Local\Temp\xcAs3dc.\driver_tmp_3.o \
  --defsym=__MPLAB_BUILD=1 --fixupoverflow=error \
  -Mdist/default/production/final-project-gorakh-boris.X.production.map \
  --md=C:\Users\boris\AppData\Local\Temp\xcAs3dc.\driver_tmp_0.dat -E1 \
  -ver=XC8 Compiler --acfsm=1493 -ACODE=00h-01FFFFh -ACONST=00h-01FFFFh \
  -ASMALLCONST=0E00h-0EFFhx498 -AMEDIUMCONST=0E00h-0FFFFh,010E00h-01FFFFh \
  -ACOMRAM=01h-05Fh -AABS1=00h-0DE9h -ABIGRAM=01h-0DE9h \
  -ARAM=060h-0FFh,0100h-01FFhx12,0D00h-0DE9h -ABANK0=060h-0FFh \
  -ABANK1=0100h-01FFh -ABANK2=0200h-02FFh -ABANK3=0300h-03FFh \
  -ABANK4=0400h-04FFh -ABANK5=0500h-05FFh -ABANK6=0600h-06FFh \
  -ABANK7=0700h-07FFh -ABANK8=0800h-08FFh -ABANK9=0900h-09FFh \
  -ABANK10=0A00h-0AFFh -ABANK11=0B00h-0BFFh -ABANK12=0C00h-0CFFh \
  -ABANK13=0D00h-0DE9h \
  -ASFR=0DEFh-0DFFh,0E00h-0EFFh,0F00h-0F5Fh,0F60h-0FFFh \
  -ABIGSFR=0DEFh-0FFFh -ACONFIG=0300000h-030000Bh -AIDLOC=0200000h-020000Fh \
  -AEEDATA=0310000h-03103FFh -peeprom_data=EEDATA \
  -preset_vec=00h,intcode=08h,intcodelo,powerup,init -pramtop=0E00h \
  -psmallconst=SMALLCONST -pmediumconst=MEDIUMCONST -pconst=CONST \
  -AFARRAM=00h-00h \
  -prdata=COMRAM,nvrram=COMRAM,nvbit=COMRAM,rbss=COMRAM,rbit=COMRAM \
  -pfarbss=FARRAM,fardata=FARRAM,nvFARRAM=FARRAM \
  -pintsave_regs=BIGRAM,bigbss=BIGRAM,bigdata=BIGRAM -pbss=RAM \
  -pidata=CODE,irdata=CODE,ibigdata=CODE,ifardata=CODE -prparam=COMRAM \
  C:\Users\boris\AppData\Local\Temp\xcAs3dc.\driver_tmp_14.o \
  dist/default/production\final-project-gorakh-boris.X.production.o 

Object code version is 3.11

Machine type is 18F67K40



                Name                               Link     Load   Length Selector   Space Scale
C:\Users\boris\AppData\Local\Temp\xcAs3dc.\driver_tmp_14.o
                idloc                            200000   200000       10        0       5
                config                           300000   300000        C        0       4
                init                                 42       42        4        4       0
                reset_vec                             0        0        4        0       0
dist/default/production\final-project-gorakh-boris.X.production.o
                intcode                               8        8       3A        4       0
                idloc                            200000   200000       10        0       5
                config                           300000   300000        C        0       4
                temp                                 5F       5F        1        1       1
                smallconst                          E00      E00       1A      700       0
                text83                             4232     4232        C      70D       0
                text82                             4226     4226        C      70D       0
                text81                             4260     4260        4      70D       0
                text80                             4072     4072       28      70D       0
                text79                             3FF2     3FF2       2E      70D       0
                text78                             4020     4020       2A      70D       0
                text77                             404A     404A       28      70D       0
                text76                             4252     4252        A      70D       0
                text75                             4248     4248        A      70D       0
                text74                             421A     421A        C      70D       0
                text73                             4190     4190       20      70D       0
                text72                             3FBE     3FBE       34      70D       0
                text71                             31E0     31E0       A4      70D       0
                text70                             3DB8     3DB8       42      70D       0
                text69                             423E     423E        A      70D       0
                text68                             3C06     3C06       50      70D       0
                text67                             3BB6     3BB6       50      70D       0
                text66                             3B66     3B66       50      70D       0
                text65                             3B16     3B16       50      70D       0
                text64                             3A70     3A70       56      70D       0
                text63                             2080     2080      1FC      70D       0
                text62                             14E6     14E6      464      70D       0
                text61                             3684     3684       6A      70D       0
                text60                             351E     351E       7C      70D       0
                text59                             34A2     34A2       7C      70D       0
                text58                              E1A      E1A      6CC      70D       0
                text57                             3610     3610       74      70D       0
                text56                             40E6     40E6       26      70D       0
                text55                             25D0     25D0      154      70D       0
                text54                             2E50     2E50       BA      70D       0
                text53                             3314     3314       8E      70D       0
                text52                             4170     4170       20      70D       0
                text51                             4150     4150       20      70D       0
                text50                             2FC2     2FC2       B8      70D       0
                text49                             3D76     3D76       42      70D       0
                text48                             307A     307A       B6      70D       0
                text47                             412E     412E       22      70D       0
                text46                             3F52     3F52       38      70D       0
                text45                             388E     388E       68      70D       0
                text44                             3EA8     3EA8       3A      70D       0
                text43                             2F0A     2F0A       B8      70D       0
                text42                             3E6E     3E6E       3A      70D       0
                text41                             3826     3826       68      70D       0
                text40                             3F1A     3F1A       38      70D       0
                text39                             3EE2     3EE2       38      70D       0
                text38                             37BE     37BE       68      70D       0
                text37                             3756     3756       68      70D       0
                text36                             3E34     3E34       3A      70D       0
                text35                             3422     3422       80      70D       0
                text34                             36EE     36EE       68      70D       0
                text33                             40C0     40C0       26      70D       0
                text32                             33A2     33A2       80      70D       0
                text31                             2972     2972       FC      70D       0
                text30                             4204     4204       16      70D       0
                text29                             194A     194A      42A      70D       0
                text28                             286C     286C      106      70D       0
                text27                             227C     227C      1B4      70D       0
                text26                             2A6E     2A6E       D6      70D       0
                text25                             41EC     41EC       18      70D       0
                text24                             395A     395A       62      70D       0
                text23                             2CD2     2CD2       C4      70D       0
                text22                             3130     3130       B0      70D       0
                text21                             38F6     38F6       64      70D       0
                text20                             3F8A     3F8A       34      70D       0
                text19                             4264     4264        2      70D       0
                text18                             2D96     2D96       BA      70D       0
                text17                             1D74     1D74      30C      70D       0
                text16                             3A1A     3A1A       56      70D       0
                text15                             3CA2     3CA2       4C      70D       0
                text14                             359A     359A       76      70D       0
                text13                             3C56     3C56       4C      70D       0
                text12                             39BC     39BC       5E      70D       0
                text11                             425C     425C        4      70D       0
                text10                             2B44     2B44       C8      70D       0
                text9                              3D32     3D32       44      70D       0
                text8                              3DFA     3DFA       3A      70D       0
                text7                              2430     2430      1A0      70D       0
                text6                              3284     3284       90      70D       0
                text5                              41CE     41CE       1E      70D       0
                text4                              3AC6     3AC6       50      70D       0
                text3                              410C     410C       22      70D       0
                text2                              409A     409A       26      70D       0
                text1                              2C0C     2C0C       C6      70D       0
                text0                              2724     2724      148      70D       0
                cstackCOMRAM                          1        1       5D        1       1
                cstackBANK0                          88       88       22       60       1
                cstackBANK1                         100      100       A4      100       1
                bssBANK1                            1A4      1A4       3E      100       1
                dataBANK0                            AA       AA       1E       60       1
                bssBANK0                             60       60       28       60       1
                bssCOMRAM                            5E       5E        1        1       1
                cinit                              3CEE     3CEE       44      70D       0
                idataBANK0                         41B0     41B0       1E      70D       0

TOTAL           Name                               Link     Load   Length     Space
        CLASS   CODE           
                intcode                               8        8       3A         0
                init                                 42       42        4         0
                reset_vec                             0        0        4         0
                text83                             4232     4232        C         0
                text82                             4226     4226        C         0
                text81                             4260     4260        4         0
                text80                             4072     4072       28         0
                text79                             3FF2     3FF2       2E         0
                text78                             4020     4020       2A         0
                text77                             404A     404A       28         0
                text76                             4252     4252        A         0
                text75                             4248     4248        A         0
                text74                             421A     421A        C         0
                text73                             4190     4190       20         0
                text72                             3FBE     3FBE       34         0
                text71                             31E0     31E0       A4         0
                text70                             3DB8     3DB8       42         0
                text69                             423E     423E        A         0
                text68                             3C06     3C06       50         0
                text67                             3BB6     3BB6       50         0
                text66                             3B66     3B66       50         0
                text65                             3B16     3B16       50         0
                text64                             3A70     3A70       56         0
                text63                             2080     2080      1FC         0
                text62                             14E6     14E6      464         0
                text61                             3684     3684       6A         0
                text60                             351E     351E       7C         0
                text59                             34A2     34A2       7C         0
                text58                              E1A      E1A      6CC         0
                text57                             3610     3610       74         0
                text56                             40E6     40E6       26         0
                text55                             25D0     25D0      154         0
                text54                             2E50     2E50       BA         0
                text53                             3314     3314       8E         0
                text52                             4170     4170       20         0
                text51                             4150     4150       20         0
                text50                             2FC2     2FC2       B8         0
                text49                             3D76     3D76       42         0
                text48                             307A     307A       B6         0
                text47                             412E     412E       22         0
                text46                             3F52     3F52       38         0
                text45                             388E     388E       68         0
                text44                             3EA8     3EA8       3A         0
                text43                             2F0A     2F0A       B8         0
                text42                             3E6E     3E6E       3A         0
                text41                             3826     3826       68         0
                text40                             3F1A     3F1A       38         0
                text39                             3EE2     3EE2       38         0
                text38                             37BE     37BE       68         0
                text37                             3756     3756       68         0
                text36                             3E34     3E34       3A         0
                text35                             3422     3422       80         0
                text34                             36EE     36EE       68         0
                text33                             40C0     40C0       26         0
                text32                             33A2     33A2       80         0
                text31                             2972     2972       FC         0
                text30                             4204     4204       16         0
                text29                             194A     194A      42A         0
                text28                             286C     286C      106         0
                text27                             227C     227C      1B4         0
                text26                             2A6E     2A6E       D6         0
                text25                             41EC     41EC       18         0
                text24                             395A     395A       62         0
                text23                             2CD2     2CD2       C4         0
                text22                             3130     3130       B0         0
                text21                             38F6     38F6       64         0
                text20                             3F8A     3F8A       34         0
                text19                             4264     4264        2         0
                text18                             2D96     2D96       BA         0
                text17                             1D74     1D74      30C         0
                text16                             3A1A     3A1A       56         0
                text15                             3CA2     3CA2       4C         0
                text14                             359A     359A       76         0
                text13                             3C56     3C56       4C         0
                text12                             39BC     39BC       5E         0
                text11                             425C     425C        4         0
                text10                             2B44     2B44       C8         0
                text9                              3D32     3D32       44         0
                text8                              3DFA     3DFA       3A         0
                text7                              2430     2430      1A0         0
                text6                              3284     3284       90         0
                text5                              41CE     41CE       1E         0
                text4                              3AC6     3AC6       50         0
                text3                              410C     410C       22         0
                text2                              409A     409A       26         0
                text1                              2C0C     2C0C       C6         0
                text0                              2724     2724      148         0
                cinit                              3CEE     3CEE       44         0
                idataBANK0                         41B0     41B0       1E         0

        CLASS   CONST          

        CLASS   SMALLCONST     
                smallconst                          E00      E00       1A         0

        CLASS   MEDIUMCONST    

        CLASS   COMRAM         
                temp                                 5F       5F        1         1
                cstackCOMRAM                          1        1       5D         1
                bssCOMRAM                            5E       5E        1         1

        CLASS   ABS1           

        CLASS   BIGRAM         

        CLASS   RAM            

        CLASS   BANK0          
                cstackBANK0                          88       88       22         1
                dataBANK0                            AA       AA       1E         1
                bssBANK0                             60       60       28         1

        CLASS   BANK1          
                cstackBANK1                         100      100       A4         1
                bssBANK1                            1A4      1A4       3E         1

        CLASS   BANK2          

        CLASS   BANK3          

        CLASS   BANK4          

        CLASS   BANK5          

        CLASS   BANK6          

        CLASS   BANK7          

        CLASS   BANK8          

        CLASS   BANK9          

        CLASS   BANK10         

        CLASS   BANK11         

        CLASS   BANK12         

        CLASS   BANK13         

        CLASS   SFR            

        CLASS   BIGSFR         

        CLASS   CONFIG         
                config                           300000   300000        C         4

        CLASS   IDLOC          
                idloc                            200000   200000       10         5

        CLASS   EEDATA         

        CLASS   FARRAM         

        CLASS   HEAP           

        CLASS   STACK          



SEGMENTS        Name                           Load    Length   Top    Selector   Space  Class

                reset_vec                      000000  000004  000004         0       0  CODE    
                cstackCOMRAM                   000001  00005F  000060         1       1  COMRAM  
                intcode                        000008  00003E  000046         4       0  CODE    
                bssBANK0                       000060  000068  0000C8        60       1  BANK0   
                cstackBANK1                    000100  0000E2  0001E2       100       1  BANK1   
                smallconst                     000E00  00001A  000E1A       700       0  SMALLCON
                text58                         000E1A  00344C  004266       70D       0  CODE    


UNUSED ADDRESS RANGES

        Name                Unused          Largest block    Delta
        BANK0            0000C8-0000FF               38
        BANK1            0001E2-0001FF               1E
        BANK10           000A00-000AFF              100
        BANK11           000B00-000BFF              100
        BANK12           000C00-000CFF              100
        BANK13           000D00-000DE9               EA
        BANK2            000200-0002FF              100
        BANK3            000300-0003FF              100
        BANK4            000400-0004FF              100
        BANK5            000500-0005FF              100
        BANK6            000600-0006FF              100
        BANK7            000700-0007FF              100
        BANK8            000800-0008FF              100
        BANK9            000900-0009FF              100
        BIGRAM           0000C8-0000FF               38
                         0001E2-000DE9              C08
        BIGSFR           000DEF-000FFF              211
        CODE             000004-000007                4
                         000046-000DFF              DBA
                         004266-01FFFF            1BD9A
        CONST            000004-000007                4
                         000046-000DFF              DBA
                         004266-01FFFF            1BD9A
        EEDATA           310000-3103FF              400
        MEDIUMCONST      004266-00FFFF             BD9A
                         010E00-01FFFF             F200
        RAM              0000C8-0000FF               38
                         0001E2-000DE9              100
        SFR              000DEF-000FFF              100
        SMALLCONST       004266-01FFFF              100

                                  Symbol Table

?___awdiv                        cstackCOMRAM 000001
?___awmod                        cstackCOMRAM 000001
?___flmul                        cstackCOMRAM 00000F
?___fltol                        cstackCOMRAM 000028
?___lldiv                        cstackCOMRAM 000001
?___lmul                         cstackCOMRAM 000001
?___lwdiv                        cstackCOMRAM 000007
?___lwmod                        cstackCOMRAM 000001
?___wmul                         cstackCOMRAM 000001
?___xxtofl                       cstackCOMRAM 000001
?_abs                            cstackCOMRAM 000007
?_color_read_Blue                cstackCOMRAM 000005
?_color_read_Clear               cstackCOMRAM 000005
?_color_read_Green               cstackCOMRAM 000005
?_color_read_Red                 cstackCOMRAM 000005
?_max_RGB                        cstackCOMRAM 000001
?_min_RGB                        cstackCOMRAM 000001
?_sprintf                        cstackCOMRAM 000020
?_vfpfcnvrt                      cstackCOMRAM 00000E
?_vfprintf                       cstackCOMRAM 00001C
I2C_2_Master_Read@ack            cstackCOMRAM 000003
I2C_2_Master_Read@tmp            cstackCOMRAM 000004
I2C_2_Master_Write@data_byte     cstackCOMRAM 000002
UTurn@mL                         cstackCOMRAM 000018
UTurn@mR                         cstackCOMRAM 000019
_ANSELDbits                      (abs)        000EA7
_ANSELFbits                      (abs)        000EB4
_BAUD4CONbits                    (abs)        000EE9
_CCP1CONbits                     (abs)        000FAB
_CCP2CONbits                     (abs)        000FA7
_CCP3CONbits                     (abs)        000F26
_CCP4CONbits                     (abs)        000F22
_CCPR1H                          (abs)        000FAA
_CCPR2H                          (abs)        000FA6
_CCPR3H                          (abs)        000F25
_CCPR4H                          (abs)        000F21
_CCPTMRS0bits                    (abs)        000FAD
_I2C_2_Master_Idle               text77       00404A
_I2C_2_Master_Init               text78       004020
_I2C_2_Master_Read               text70       003DB8
_I2C_2_Master_RepStart           text69       00423E
_I2C_2_Master_Start              text76       004252
_I2C_2_Master_Stop               text75       004248
_I2C_2_Master_Write              text74       00421A
_INTCONbits                      (abs)        000FF2
_ISR                             intcode      000008
_LATAbits                        (abs)        000F79
_LATCbits                        (abs)        000F7B
_LATDbits                        (abs)        000F7C
_LATEbits                        (abs)        000F7D
_LATFbits                        (abs)        000F7E
_LATGbits                        (abs)        000F7F
_LATHbits                        (abs)        000F80
_PIE0bits                        (abs)        000E29
_PIR0bits                        (abs)        000E33
_PIR4bits                        (abs)        000E37
_PORTFbits                       (abs)        000F8E
_RC0PPS                          (abs)        000E62
_RC4STAbits                      (abs)        000EE7
_RC7PPS                          (abs)        000E69
_RD5PPS                          (abs)        000E6F
_RD6PPS                          (abs)        000E70
_RE2PPS                          (abs)        000E74
_RE4PPS                          (abs)        000E76
_RG6PPS                          (abs)        000E88
_RX4PPS                          (abs)        000E15
_SP4BRGH                         (abs)        000EE6
_SP4BRGL                         (abs)        000EE5
_SSP2ADD                         (abs)        000ED6
_SSP2BUF                         (abs)        000ED5
_SSP2CLKPPS                      (abs)        000E1C
_SSP2CON1bits                    (abs)        000ED9
_SSP2CON2                        (abs)        000EDA
_SSP2CON2bits                    (abs)        000EDA
_SSP2DATPPS                      (abs)        000E1D
_SSP2STAT                        (abs)        000ED8
_T0CON0bits                      (abs)        000FD5
_T0CON1bits                      (abs)        000FD6
_T2CLKCONbits                    (abs)        000FBF
_T2CONbits                       (abs)        000FBD
_T2HLTbits                       (abs)        000FBE
_T2PR                            (abs)        000FBC
_TMR0H                           (abs)        000FD4
_TMR0L                           (abs)        000FD3
_TRISAbits                       (abs)        000F81
_TRISCbits                       (abs)        000F83
_TRISDbits                       (abs)        000F84
_TRISEbits                       (abs)        000F85
_TRISFbits                       (abs)        000F86
_TRISGbits                       (abs)        000F87
_TRISHbits                       (abs)        000F88
_TX4REG                          (abs)        000EE4
_TX4STAbits                      (abs)        000EE8
_Timer0_init                     text80       004072
_UTurn                           text49       003D76
__HRAM                           (abs)        000000
__H__absolute__                  __absolute__ 000000
__Habs1                          abs1         000000
__Hbank0                         bank0        000000
__Hbank1                         bank1        000000
__Hbank10                        bank10       000000
__Hbank11                        bank11       000000
__Hbank12                        bank12       000000
__Hbank13                        bank13       000000
__Hbank2                         bank2        000000
__Hbank3                         bank3        000000
__Hbank4                         bank4        000000
__Hbank5                         bank5        000000
__Hbank6                         bank6        000000
__Hbank7                         bank7        000000
__Hbank8                         bank8        000000
__Hbank9                         bank9        000000
__Hbigbss                        bigbss       000000
__Hbigdata                       bigdata      000000
__Hbigram                        bigram       000000
__Hbigsfr                        bigsfr       000000
__Hbss                           bss          000000
__HbssBANK0                      bssBANK0     000000
__HbssBANK1                      bssBANK1     000000
__HbssCOMRAM                     bssCOMRAM    000000
__Hcinit                         cinit        000000
__Hclrtext                       clrtext      000000
__Hcomram                        comram       000000
__Hconfig                        config       30000C
__Hconst                         const        000000
__HcstackBANK0                   cstackBANK0  000000
__HcstackBANK1                   cstackBANK1  000000
__HcstackCOMRAM                  cstackCOMRAM 000000
__Hdata                          data         000000
__HdataBANK0                     dataBANK0    000000
__Heeprom_data                   eeprom_data  000000
__Hfarbss                        farbss       000000
__Hfardata                       fardata      000000
__Hheap                          heap         000000
__Hibigdata                      ibigdata     000000
__Hidata                         idata        000000
__HidataBANK0                    idataBANK0   000000
__Hidloc                         idloc        200010
__Hifardata                      ifardata     000000
__Hinit                          init         000046
__Hintcode                       intcode      000042
__Hintcode_body                  intcode_body 000000
__Hintcodelo                     intcodelo    000042
__Hintentry                      intentry     000000
__Hintret                        intret       000000
__Hintsave_regs                  intsave_regs 000000
__Hirdata                        irdata       000000
__Hmediumconst                   mediumconst  000000
__HnvFARRAM                      nvFARRAM     000000
__Hnvbit                         nvbit        000000
__Hnvrram                        nvrram       000000
__Hparam                         rparam       000000
__Hpowerup                       powerup      000042
__Hram                           ram          000000
__Hramtop                        ramtop       000E00
__Hrbit                          rbit         000000
__Hrbss                          rbss         000000
__Hrdata                         rdata        000000
__Hreset_vec                     reset_vec    000004
__Hrparam                        rparam       000000
__Hsfr                           sfr          000000
__Hsmallconst                    smallconst   000E1A
__Hspace_0                       (abs)        004266
__Hspace_1                       (abs)        0001E2
__Hspace_2                       (abs)        000000
__Hspace_4                       (abs)        60000C
__Hstack                         stack        000000
__Hstruct                        struct       000000
__Htemp                          temp         000060
__Htext                          text         000000
__Htext0                         text0        000000
__Htext1                         text1        000000
__Htext10                        text10       000000
__Htext11                        text11       000000
__Htext12                        text12       000000
__Htext13                        text13       000000
__Htext14                        text14       000000
__Htext15                        text15       000000
__Htext16                        text16       000000
__Htext17                        text17       000000
__Htext18                        text18       000000
__Htext19                        text19       000000
__Htext2                         text2        000000
__Htext20                        text20       000000
__Htext21                        text21       000000
__Htext22                        text22       000000
__Htext23                        text23       000000
__Htext24                        text24       000000
__Htext25                        text25       000000
__Htext26                        text26       000000
__Htext27                        text27       000000
__Htext28                        text28       000000
__Htext29                        text29       000000
__Htext3                         text3        000000
__Htext30                        text30       000000
__Htext31                        text31       000000
__Htext32                        text32       000000
__Htext33                        text33       000000
__Htext34                        text34       000000
__Htext35                        text35       000000
__Htext36                        text36       000000
__Htext37                        text37       000000
__Htext38                        text38       000000
__Htext39                        text39       000000
__Htext4                         text4        000000
__Htext40                        text40       000000
__Htext41                        text41       000000
__Htext42                        text42       000000
__Htext43                        text43       000000
__Htext44                        text44       000000
__Htext45                        text45       000000
__Htext46                        text46       000000
__Htext47                        text47       000000
__Htext48                        text48       000000
__Htext49                        text49       000000
__Htext5                         text5        000000
__Htext50                        text50       000000
__Htext51                        text51       000000
__Htext52                        text52       000000
__Htext53                        text53       000000
__Htext54                        text54       000000
__Htext55                        text55       000000
__Htext56                        text56       000000
__Htext57                        text57       000000
__Htext58                        text58       000000
__Htext59                        text59       000000
__Htext6                         text6        000000
__Htext60                        text60       000000
__Htext61                        text61       000000
__Htext62                        text62       000000
__Htext63                        text63       000000
__Htext64                        text64       000000
__Htext65                        text65       000000
__Htext66                        text66       000000
__Htext67                        text67       000000
__Htext68                        text68       000000
__Htext69                        text69       000000
__Htext7                         text7        000000
__Htext70                        text70       000000
__Htext71                        text71       000000
__Htext72                        text72       000000
__Htext73                        text73       000000
__Htext74                        text74       000000
__Htext75                        text75       000000
__Htext76                        text76       000000
__Htext77                        text77       000000
__Htext78                        text78       000000
__Htext79                        text79       000000
__Htext8                         text8        000000
__Htext80                        text80       000000
__Htext81                        text81       000000
__Htext82                        text82       000000
__Htext83                        text83       000000
__Htext9                         text9        000000
__LRAM                           (abs)        000001
__L__absolute__                  __absolute__ 000000
__Labs1                          abs1         000000
__Lbank0                         bank0        000000
__Lbank1                         bank1        000000
__Lbank10                        bank10       000000
__Lbank11                        bank11       000000
__Lbank12                        bank12       000000
__Lbank13                        bank13       000000
__Lbank2                         bank2        000000
__Lbank3                         bank3        000000
__Lbank4                         bank4        000000
__Lbank5                         bank5        000000
__Lbank6                         bank6        000000
__Lbank7                         bank7        000000
__Lbank8                         bank8        000000
__Lbank9                         bank9        000000
__Lbigbss                        bigbss       000000
__Lbigdata                       bigdata      000000
__Lbigram                        bigram       000000
__Lbigsfr                        bigsfr       000000
__Lbss                           bss          000000
__LbssBANK0                      bssBANK0     000000
__LbssBANK1                      bssBANK1     000000
__LbssCOMRAM                     bssCOMRAM    000000
__Lcinit                         cinit        000000
__Lclrtext                       clrtext      000000
__Lcomram                        comram       000000
__Lconfig                        config       000000
__Lconst                         const        000000
__LcstackBANK0                   cstackBANK0  000000
__LcstackBANK1                   cstackBANK1  000000
__LcstackCOMRAM                  cstackCOMRAM 000000
__Ldata                          data         000000
__LdataBANK0                     dataBANK0    000000
__Leeprom_data                   eeprom_data  000000
__Lfarbss                        farbss       000000
__Lfardata                       fardata      000000
__Lheap                          heap         000000
__Libigdata                      ibigdata     000000
__Lidata                         idata        000000
__LidataBANK0                    idataBANK0   000000
__Lidloc                         idloc        000000
__Lifardata                      ifardata     000000
__Linit                          init         000042
__Lintcode                       intcode      000008
__Lintcode_body                  intcode_body 000000
__Lintcodelo                     intcodelo    000042
__Lintentry                      intentry     000000
__Lintret                        intret       000000
__Lintsave_regs                  intsave_regs 000000
__Lirdata                        irdata       000000
__Lmediumconst                   mediumconst  000000
__LnvFARRAM                      nvFARRAM     000000
__Lnvbit                         nvbit        000000
__Lnvrram                        nvrram       000000
__Lparam                         rparam       000000
__Lpowerup                       powerup      000042
__Lram                           ram          000000
__Lramtop                        ramtop       000E00
__Lrbit                          rbit         000000
__Lrbss                          rbss         000000
__Lrdata                         rdata        000000
__Lreset_vec                     reset_vec    000000
__Lrparam                        rparam       000000
__Lsfr                           sfr          000000
__Lsmallconst                    smallconst   000E00
__Lspace_0                       (abs)        000000
__Lspace_1                       (abs)        000000
__Lspace_2                       (abs)        000000
__Lspace_4                       (abs)        000000
__Lstack                         stack        000000
__Lstruct                        struct       000000
__Ltemp                          temp         00005F
__Ltext                          text         000000
__Ltext0                         text0        000000
__Ltext1                         text1        000000
__Ltext10                        text10       000000
__Ltext11                        text11       000000
__Ltext12                        text12       000000
__Ltext13                        text13       000000
__Ltext14                        text14       000000
__Ltext15                        text15       000000
__Ltext16                        text16       000000
__Ltext17                        text17       000000
__Ltext18                        text18       000000
__Ltext19                        text19       000000
__Ltext2                         text2        000000
__Ltext20                        text20       000000
__Ltext21                        text21       000000
__Ltext22                        text22       000000
__Ltext23                        text23       000000
__Ltext24                        text24       000000
__Ltext25                        text25       000000
__Ltext26                        text26       000000
__Ltext27                        text27       000000
__Ltext28                        text28       000000
__Ltext29                        text29       000000
__Ltext3                         text3        000000
__Ltext30                        text30       000000
__Ltext31                        text31       000000
__Ltext32                        text32       000000
__Ltext33                        text33       000000
__Ltext34                        text34       000000
__Ltext35                        text35       000000
__Ltext36                        text36       000000
__Ltext37                        text37       000000
__Ltext38                        text38       000000
__Ltext39                        text39       000000
__Ltext4                         text4        000000
__Ltext40                        text40       000000
__Ltext41                        text41       000000
__Ltext42                        text42       000000
__Ltext43                        text43       000000
__Ltext44                        text44       000000
__Ltext45                        text45       000000
__Ltext46                        text46       000000
__Ltext47                        text47       000000
__Ltext48                        text48       000000
__Ltext49                        text49       000000
__Ltext5                         text5        000000
__Ltext50                        text50       000000
__Ltext51                        text51       000000
__Ltext52                        text52       000000
__Ltext53                        text53       000000
__Ltext54                        text54       000000
__Ltext55                        text55       000000
__Ltext56                        text56       000000
__Ltext57                        text57       000000
__Ltext58                        text58       000000
__Ltext59                        text59       000000
__Ltext6                         text6        000000
__Ltext60                        text60       000000
__Ltext61                        text61       000000
__Ltext62                        text62       000000
__Ltext63                        text63       000000
__Ltext64                        text64       000000
__Ltext65                        text65       000000
__Ltext66                        text66       000000
__Ltext67                        text67       000000
__Ltext68                        text68       000000
__Ltext69                        text69       000000
__Ltext7                         text7        000000
__Ltext70                        text70       000000
__Ltext71                        text71       000000
__Ltext72                        text72       000000
__Ltext73                        text73       000000
__Ltext74                        text74       000000
__Ltext75                        text75       000000
__Ltext76                        text76       000000
__Ltext77                        text77       000000
__Ltext78                        text78       000000
__Ltext79                        text79       000000
__Ltext8                         text8        000000
__Ltext80                        text80       000000
__Ltext81                        text81       000000
__Ltext82                        text82       000000
__Ltext83                        text83       000000
__Ltext9                         text9        000000
__S0                             (abs)        004266
__S1                             (abs)        0001E2
__S4                             (abs)        000000
__S5                             (abs)        000000
___awdiv                         text23       002CD2
___awdiv@counter                 cstackCOMRAM 000005
___awdiv@dividend                cstackCOMRAM 000001
___awdiv@divisor                 cstackCOMRAM 000003
___awdiv@quotient                cstackCOMRAM 000007
___awdiv@sign                    cstackCOMRAM 000006
___awmod                         text22       003130
___awmod@counter                 cstackCOMRAM 000005
___awmod@dividend                cstackCOMRAM 000001
___awmod@divisor                 cstackCOMRAM 000003
___awmod@sign                    cstackCOMRAM 000006
___flmul                         text29       00194A
___flmul@a                       cstackCOMRAM 000013
___flmul@aexp                    cstackCOMRAM 000020
___flmul@b                       cstackCOMRAM 00000F
___flmul@bexp                    cstackCOMRAM 000021
___flmul@grs                     cstackCOMRAM 00001C
___flmul@prod                    cstackCOMRAM 000022
___flmul@sign                    cstackCOMRAM 00001B
___flmul@temp                    cstackCOMRAM 000026
___fltol                         text28       00286C
___fltol@exp1                    cstackCOMRAM 000031
___fltol@f1                      cstackCOMRAM 000028
___fltol@sign1                   cstackCOMRAM 000030
___heap_hi                       (abs)        000000
___heap_lo                       (abs)        000000
___inthi_sp                      stack        000000
___inthi_stack_hi                stack        000000
___inthi_stack_lo                stack        000000
___intlo_sp                      stack        000000
___intlo_stack_hi                stack        000000
___intlo_stack_lo                stack        000000
___lldiv                         text71       0031E0
___lldiv@counter                 cstackCOMRAM 00000D
___lldiv@dividend                cstackCOMRAM 000001
___lldiv@divisor                 cstackCOMRAM 000005
___lldiv@quotient                cstackCOMRAM 000009
___lmul                          text61       003684
___lmul@multiplicand             cstackCOMRAM 000005
___lmul@multiplier               cstackCOMRAM 000001
___lmul@product                  cstackCOMRAM 000009
___lwdiv                         text57       003610
___lwdiv@counter                 cstackCOMRAM 00000D
___lwdiv@dividend                cstackCOMRAM 000007
___lwdiv@divisor                 cstackCOMRAM 000009
___lwdiv@quotient                cstackCOMRAM 00000B
___lwmod                         text21       0038F6
___lwmod@counter                 cstackCOMRAM 000005
___lwmod@dividend                cstackCOMRAM 000001
___lwmod@divisor                 cstackCOMRAM 000003
___param_bank                    (abs)        000000
___rparam_used                   (abs)        000001
___sp                            stack        000000
___stack_hi                      stack        000000
___stack_lo                      stack        000000
___wmul                          text56       0040E6
___wmul@multiplicand             cstackCOMRAM 000003
___wmul@multiplier               cstackCOMRAM 000001
___wmul@product                  cstackCOMRAM 000005
___xxtofl                        text27       00227C
___xxtofl@arg                    cstackCOMRAM 00000B
___xxtofl@exp                    cstackCOMRAM 00000A
___xxtofl@sign                   cstackCOMRAM 000009
___xxtofl@val                    cstackCOMRAM 000001
__accesstop                      (abs)        000060
__activetblptr                   (abs)        000003
__end_of_I2C_2_Master_Idle       text77       004072
__end_of_I2C_2_Master_Init       text78       00404A
__end_of_I2C_2_Master_Read       text70       003DFA
__end_of_I2C_2_Master_RepStart   text69       004248
__end_of_I2C_2_Master_Start      text76       00425C
__end_of_I2C_2_Master_Stop       text75       004252
__end_of_I2C_2_Master_Write      text74       004226
__end_of_ISR                     intcode      000042
__end_of_Timer0_init             text80       00409A
__end_of_UTurn                   text49       003DB8
__end_of___awdiv                 text23       002D96
__end_of___awmod                 text22       0031E0
__end_of___flmul                 text29       001D74
__end_of___fltol                 text28       002972
__end_of___lldiv                 text71       003284
__end_of___lmul                  text61       0036EE
__end_of___lwdiv                 text57       003684
__end_of___lwmod                 text21       00395A
__end_of___wmul                  text56       00410C
__end_of___xxtofl                text27       002430
__end_of__initialization         cinit        003D28
__end_of_abs                     text20       003FBE
__end_of_average_RGBC            text63       00227C
__end_of_buggy_lights_init       text79       004020
__end_of_card_blue               text45       0038F6
__end_of_card_cyan               text41       00388E
__end_of_card_green              text38       003826
__end_of_card_orange             text37       0037BE
__end_of_card_pink               text35       0034A2
__end_of_card_red                text34       003756
__end_of_card_white              text33       0040E6
__end_of_card_yellow             text32       003422
__end_of_color_click_init        text72       003FF2
__end_of_color_read_Blue         text68       003C56
__end_of_color_read_Clear        text67       003C06
__end_of_color_read_Green        text66       003BB6
__end_of_color_read_Red          text65       003B66
__end_of_color_writetoaddr       text73       0041B0
__end_of_colour_to_key           text62       00194A
__end_of_convert_HSV             text58       0014E6
__end_of_forward_navigation      text7        0025D0
__end_of_fputc                   text18       002E50
__end_of_fullSpeedAhead          text54       002F0A
__end_of_fullSpeedReverse        text48       003130
__end_of_getRGBCval              text64       003AC6
__end_of_headbuttReverse         text46       003F8A
__end_of_initDCmotorsPWM         text6        003314
__end_of_initUSART4              text5        0041EC
__end_of_main                    text0        00286C
__end_of_max_RGB                 text60       00359A
__end_of_min_RGB                 text59       00351E
__end_of_pick_card               text31       002A6E
__end_of_putch                   text19       004266
__end_of_read_timer              text30       00421A
__end_of_read_trail              text4        003B16
__end_of_reset_timer             text82       004232
__end_of_return_to_sender        text1        002CD2
__end_of_scale_RGB               text26       002B44
__end_of_sendArrayCharSerial4    text14       003610
__end_of_sendCharSerial4         text25       004204
__end_of_sendHSVvalSerial4       text13       003CA2
__end_of_sendIntSerial4          text3        00412E
__end_of_sendRGBCvalSerial4      text12       003A1A
__end_of_sendStringSerial4       text24       0039BC
__end_of_setMotorPWM             text55       002724
__end_of_sprintf                 text15       003CEE
__end_of_squareReverse           text36       003E6E
__end_of_start_timer             text81       004264
__end_of_stop                    text53       0033A2
__end_of_stop_timer              text11       004260
__end_of_toggle_brake_lights     text47       004150
__end_of_toggle_left_indicators  text52       004190
__end_of_toggle_main_beam        text2        0040C0
__end_of_toggle_right_indicators text51       004170
__end_of_toggle_tricolour_LED    text10       002C0C
__end_of_turnLeft                text50       00307A
__end_of_turnLeft135             text44       003EE2
__end_of_turnLeft90              text40       003F52
__end_of_turnRight               text43       002FC2
__end_of_turnRight135            text42       003EA8
__end_of_turnRight90             text39       003F1A
__end_of_vfpfcnvrt               text17       002080
__end_of_vfprintf                text16       003A70
__end_of_wait_for_wall           text9        003D76
__end_of_write_timer             text83       00423E
__end_of_write_trail             text8        003E34
__initialization                 cinit        003CEE
__mediumconst                    mediumconst  000000
__pbssBANK0                      bssBANK0     000060
__pbssBANK1                      bssBANK1     0001A4
__pbssCOMRAM                     bssCOMRAM    00005E
__pcinit                         cinit        003CEE
__pcstackBANK0                   cstackBANK0  000088
__pcstackBANK1                   cstackBANK1  000100
__pcstackCOMRAM                  cstackCOMRAM 000001
__pdataBANK0                     dataBANK0    0000AA
__pidataBANK0                    idataBANK0   0041B0
__pintcode                       intcode      000008
__psmallconst                    smallconst   000E00
__ptext0                         text0        002724
__ptext1                         text1        002C0C
__ptext10                        text10       002B44
__ptext11                        text11       00425C
__ptext12                        text12       0039BC
__ptext13                        text13       003C56
__ptext14                        text14       00359A
__ptext15                        text15       003CA2
__ptext16                        text16       003A1A
__ptext17                        text17       001D74
__ptext18                        text18       002D96
__ptext19                        text19       004264
__ptext2                         text2        00409A
__ptext20                        text20       003F8A
__ptext21                        text21       0038F6
__ptext22                        text22       003130
__ptext23                        text23       002CD2
__ptext24                        text24       00395A
__ptext25                        text25       0041EC
__ptext26                        text26       002A6E
__ptext27                        text27       00227C
__ptext28                        text28       00286C
__ptext29                        text29       00194A
__ptext3                         text3        00410C
__ptext30                        text30       004204
__ptext31                        text31       002972
__ptext32                        text32       0033A2
__ptext33                        text33       0040C0
__ptext34                        text34       0036EE
__ptext35                        text35       003422
__ptext36                        text36       003E34
__ptext37                        text37       003756
__ptext38                        text38       0037BE
__ptext39                        text39       003EE2
__ptext4                         text4        003AC6
__ptext40                        text40       003F1A
__ptext41                        text41       003826
__ptext42                        text42       003E6E
__ptext43                        text43       002F0A
__ptext44                        text44       003EA8
__ptext45                        text45       00388E
__ptext46                        text46       003F52
__ptext47                        text47       00412E
__ptext48                        text48       00307A
__ptext49                        text49       003D76
__ptext5                         text5        0041CE
__ptext50                        text50       002FC2
__ptext51                        text51       004150
__ptext52                        text52       004170
__ptext53                        text53       003314
__ptext54                        text54       002E50
__ptext55                        text55       0025D0
__ptext56                        text56       0040E6
__ptext57                        text57       003610
__ptext58                        text58       000E1A
__ptext59                        text59       0034A2
__ptext6                         text6        003284
__ptext60                        text60       00351E
__ptext61                        text61       003684
__ptext62                        text62       0014E6
__ptext63                        text63       002080
__ptext64                        text64       003A70
__ptext65                        text65       003B16
__ptext66                        text66       003B66
__ptext67                        text67       003BB6
__ptext68                        text68       003C06
__ptext69                        text69       00423E
__ptext7                         text7        002430
__ptext70                        text70       003DB8
__ptext71                        text71       0031E0
__ptext72                        text72       003FBE
__ptext73                        text73       004190
__ptext74                        text74       00421A
__ptext75                        text75       004248
__ptext76                        text76       004252
__ptext77                        text77       00404A
__ptext78                        text78       004020
__ptext79                        text79       003FF2
__ptext8                         text8        003DFA
__ptext80                        text80       004072
__ptext81                        text81       004260
__ptext82                        text82       004226
__ptext83                        text83       004232
__ptext9                         text9        003D32
__ramtop                         ramtop       000E00
__smallconst                     smallconst   000E00
_abs                             text20       003F8A
_average_RGBC                    text63       002080
_bottomGearLeft                  dataBANK0    0000C3
_bottomGearRight                 dataBANK0    0000C2
_buggy_lights_init               text79       003FF2
_card_blue                       text45       00388E
_card_cyan                       text41       003826
_card_green                      text38       0037BE
_card_orange                     text37       003756
_card_pink                       text35       003422
_card_red                        text34       0036EE
_card_white                      text33       0040C0
_card_yellow                     text32       0033A2
_color_click_init                text72       003FBE
_color_read_Blue                 text68       003C06
_color_read_Clear                text67       003BB6
_color_read_Green                text66       003B66
_color_read_Red                  text65       003B16
_color_writetoaddr               text73       004190
_colour_to_key                   text62       0014E6
_convert_HSV                     text58       000E1A
_dbuf                            bssBANK0     000060
_flags                           bssBANK0     000086
_forward_navigation              text7        002430
_fputc                           text18       002D96
_fullSpeedAhead                  text54       002E50
_fullSpeedReverse                text48       00307A
_getRGBCval                      text64       003A70
_headbuttDelay                   dataBANK0    0000B2
_headbuttReverse                 text46       003F52
_initDCmotorsPWM                 text6        003284
_initUSART4                      text5        0041CE
_lost_flag                       bssBANK1     0001A5
_main                            text0        002724
_manoeuvre_count                 bssBANK1     0001A4
_manoeuvre_pointer               dataBANK0    0000AA
_max_RGB                         text60       00351E
_min_RGB                         text59       0034A2
_nout                            bssBANK0     000080
_pick_card                       text31       002972
_prec                            bssBANK0     000084
_putch                           text19       004264
_rampDelay                       dataBANK0    0000C6
_read_timer                      text30       004204
_read_trail                      text4        003AC6
_reset_timer                     text82       004226
_return_flag                     bssBANK0     000087
_return_to_sender                text1        002C0C
_returning                       bssCOMRAM    00005E
_sample_count                    dataBANK0    0000C7
_scale_RGB                       text26       002A6E
_sendArrayCharSerial4            text14       00359A
_sendCharSerial4                 text25       0041EC
_sendHSVvalSerial4               text13       003C56
_sendIntSerial4                  text3        00410C
_sendRGBCvalSerial4              text12       0039BC
_sendStringSerial4               text24       00395A
_setMotorPWM                     text55       0025D0
_sprintf                         text15       003CA2
_squareDelay                     dataBANK0    0000B0
_squareReverse                   text36       003E34
_start_timer                     text81       004260
_stop                            text53       003314
_stop_timer                      text11       00425C
_timer_high_pointer              dataBANK0    0000AE
_timer_low_pointer               dataBANK0    0000AC
_toggle_brake_lights             text47       00412E
_toggle_left_indicators          text52       004170
_toggle_main_beam                text2        00409A
_toggle_right_indicators         text51       004150
_toggle_tricolour_LED            text10       002B44
_topGearLeft                     dataBANK0    0000C5
_topGearRight                    dataBANK0    0000C4
_trail_manoeuvre                 bssBANK1     0001A6
_trail_timer_high                bssBANK1     0001CE
_trail_timer_low                 bssBANK1     0001BA
_turn180Delay                    dataBANK0    0000B4
_turnLeft                        text50       002FC2
_turnLeft135                     text44       003EA8
_turnLeft135Delay                dataBANK0    0000B8
_turnLeft90                      text40       003F1A
_turnLeft90Delay                 dataBANK0    0000BC
_turnRight                       text43       002F0A
_turnRight135                    text42       003E6E
_turnRight135Delay               dataBANK0    0000B6
_turnRight90                     text39       003EE2
_turnRight90Delay                dataBANK0    0000BA
_turningLeftGear                 dataBANK0    0000C1
_turningRightGear                dataBANK0    0000C0
_vfpfcnvrt                       text17       001D74
_vfprintf                        text16       003A1A
_wait_for_wall                   text9        003D32
_wall_threshold_clear            dataBANK0    0000BE
_width                           bssBANK0     000082
_write_timer                     text83       004232
_write_trail                     text8        003DFA
abs@a                            cstackCOMRAM 000007
average_RGBC@i                   cstackCOMRAM 000011
average_RGBC@p                   cstackCOMRAM 00000E
average_RGBC@temp_B              cstackCOMRAM 00001A
average_RGBC@temp_C              cstackCOMRAM 00001E
average_RGBC@temp_G              cstackCOMRAM 000016
average_RGBC@temp_R              cstackCOMRAM 000012
btemp                            temp         00005F
card_blue@backtrack              cstackCOMRAM 00001E
card_blue@mL                     cstackCOMRAM 00001C
card_blue@mR                     cstackCOMRAM 00001D
card_cyan@backtrack              cstackCOMRAM 00001E
card_cyan@mL                     cstackCOMRAM 00001C
card_cyan@mR                     cstackCOMRAM 00001D
card_green@backtrack             cstackCOMRAM 00001E
card_green@mL                    cstackCOMRAM 00001C
card_green@mR                    cstackCOMRAM 00001D
card_orange@backtrack            cstackCOMRAM 00001E
card_orange@mL                   cstackCOMRAM 00001C
card_orange@mR                   cstackCOMRAM 00001D
card_pink@backtrack              cstackCOMRAM 00001E
card_pink@mL                     cstackCOMRAM 00001C
card_pink@mR                     cstackCOMRAM 00001D
card_red@backtrack               cstackCOMRAM 00001E
card_red@mL                      cstackCOMRAM 00001C
card_red@mR                      cstackCOMRAM 00001D
card_white@mL                    cstackCOMRAM 00001C
card_white@mR                    cstackCOMRAM 00001D
card_yellow@backtrack            cstackCOMRAM 00001E
card_yellow@mL                   cstackCOMRAM 00001C
card_yellow@mR                   cstackCOMRAM 00001D
color_read_Blue@tmp              cstackCOMRAM 00000A
color_read_Clear@tmp             cstackCOMRAM 00000A
color_read_Green@tmp             cstackCOMRAM 00000A
color_read_Red@tmp               cstackCOMRAM 00000A
color_writetoaddr@address        cstackCOMRAM 000004
color_writetoaddr@value          cstackCOMRAM 000003
colour_to_key@key                cstackCOMRAM 000005
colour_to_key@p1                 cstackCOMRAM 000001
colour_to_key@p2                 cstackCOMRAM 000002
convert_HSV@C                    cstackCOMRAM 000040
convert_HSV@M                    cstackCOMRAM 00003E
convert_HSV@hue                  cstackCOMRAM 00001E
convert_HSV@hue_scale            cstackCOMRAM 00003C
convert_HSV@m                    cstackCOMRAM 00001A
convert_HSV@p1                   cstackCOMRAM 00000E
convert_HSV@p2                   cstackCOMRAM 00000F
convert_HSV@sat                  cstackCOMRAM 00001C
convert_HSV@sat_scale            cstackCOMRAM 000018
convert_HSV@temp                 cstackCOMRAM 000024
convert_HSV@temp_609             cstackCOMRAM 000038
convert_HSV@temp_610             cstackCOMRAM 000028
convert_HSV@temp_611             cstackCOMRAM 00002C
convert_HSV@temp_612             cstackCOMRAM 000030
convert_HSV@temp_613             cstackCOMRAM 000034
convert_HSV@temp_614             cstackCOMRAM 000020
end_of_initialization            cinit        003D28
forward_navigation@mL            cstackCOMRAM 000055
forward_navigation@mR            cstackCOMRAM 000056
forward_navigation@mann          cstackCOMRAM 00005D
forward_navigation@p1            cstackCOMRAM 000057
forward_navigation@p2            cstackCOMRAM 000058
forward_navigation@timerH        cstackCOMRAM 00005B
forward_navigation@timerL        cstackCOMRAM 00005C
fputc@c                          cstackCOMRAM 000001
fputc@fp                         cstackCOMRAM 000003
fullSpeedAhead@leftGear          cstackCOMRAM 000016
fullSpeedAhead@mL                cstackCOMRAM 000013
fullSpeedAhead@mR                cstackCOMRAM 000014
fullSpeedAhead@rightGear         cstackCOMRAM 000017
fullSpeedReverse@leftGear        cstackCOMRAM 000016
fullSpeedReverse@mL              cstackCOMRAM 000013
fullSpeedReverse@mR              cstackCOMRAM 000014
fullSpeedReverse@rightGear       cstackCOMRAM 000017
getRGBCval@p                     cstackCOMRAM 00000C
headbuttReverse@mL               cstackCOMRAM 000018
headbuttReverse@mR               cstackCOMRAM 000019
initDCmotorsPWM@PWMperiod        cstackCOMRAM 000001
int$flags                        temp         00005F
intlevel0                        text         000000
intlevel1                        text         000000
intlevel2                        text         000000
intlevel3                        text         000000
isa$std                          (abs)        000001
isa$xinst                        (abs)        000000
main@HSV_colour                  cstackBANK0  00008A
main@RGBC_colour                 cstackBANK0  0000A2
main@motorL                      cstackBANK0  000090
main@motorR                      cstackBANK0  000099
max_RGB@max_val                  cstackCOMRAM 000005
max_RGB@p                        cstackCOMRAM 000001
min_RGB@min_val                  cstackCOMRAM 000005
min_RGB@p                        cstackCOMRAM 000001
pick_card@backtrack              cstackCOMRAM 000023
pick_card@key                    cstackCOMRAM 000024
pick_card@mL                     cstackCOMRAM 000021
pick_card@mR                     cstackCOMRAM 000022
read_timer@tH                    cstackCOMRAM 000001
read_timer@tL                    cstackCOMRAM 000002
read_trail@man                   cstackCOMRAM 000003
read_trail@tH                    cstackCOMRAM 000001
read_trail@tL                    cstackCOMRAM 000002
return_to_sender@mL              cstackCOMRAM 00004D
return_to_sender@mR              cstackCOMRAM 00004E
return_to_sender@mann            cstackCOMRAM 000051
return_to_sender@timerH          cstackCOMRAM 00004F
return_to_sender@timerL          cstackCOMRAM 000050
scale_RGB@p                      cstackCOMRAM 000032
sendArrayCharSerial4@arr         cstackCOMRAM 00003A
sendArrayCharSerial4@i           cstackBANK1  0001A2
sendArrayCharSerial4@index       cstackBANK1  0001A1
sendArrayCharSerial4@tempStr     cstackBANK1  000100
sendCharSerial4@charToSend       cstackCOMRAM 000001
sendHSVvalSerial4@col_val        cstackCOMRAM 00003A
sendHSVvalSerial4@tempStr        cstackCOMRAM 00003B
sendIntSerial4@integer           cstackCOMRAM 00003A
sendIntSerial4@string            cstackCOMRAM 00003C
sendRGBCvalSerial4@col_val       cstackCOMRAM 00003A
sendRGBCvalSerial4@tempStr       cstackCOMRAM 00003B
sendStringSerial4@string         cstackCOMRAM 000002
setMotorPWM@m                    cstackCOMRAM 00000E
setMotorPWM@negDuty              cstackCOMRAM 000012
setMotorPWM@posDuty              cstackCOMRAM 000011
sprintf@ap                       cstackCOMRAM 00002D
sprintf@f                        cstackCOMRAM 00002E
sprintf@fmt                      cstackCOMRAM 000022
sprintf@ret                      cstackCOMRAM 00002B
sprintf@s                        cstackCOMRAM 000020
squareReverse@mL                 cstackCOMRAM 000018
squareReverse@mR                 cstackCOMRAM 000019
stackhi                          (abs)        000000
stacklo                          (abs)        000000
start                            init         000042
start_initialization             cinit        003CEE
stop@mL                          cstackCOMRAM 000013
stop@mR                          cstackCOMRAM 000014
ttemp5                           temp         000060
ttemp6                           temp         000063
ttemp7                           temp         000067
turnLeft135@mL                   cstackCOMRAM 000018
turnLeft135@mR                   cstackCOMRAM 000019
turnLeft90@mL                    cstackCOMRAM 000018
turnLeft90@mR                    cstackCOMRAM 000019
turnLeft@leftGear                cstackCOMRAM 000016
turnLeft@mL                      cstackCOMRAM 000013
turnLeft@mR                      cstackCOMRAM 000014
turnLeft@rightGear               cstackCOMRAM 000017
turnRight135@mL                  cstackCOMRAM 000018
turnRight135@mR                  cstackCOMRAM 000019
turnRight90@mL                   cstackCOMRAM 000018
turnRight90@mR                   cstackCOMRAM 000019
turnRight@leftGear               cstackCOMRAM 000016
turnRight@mL                     cstackCOMRAM 000013
turnRight@mR                     cstackCOMRAM 000014
turnRight@rightGear              cstackCOMRAM 000017
vfpfcnvrt@ap                     cstackCOMRAM 000010
vfpfcnvrt@c                      cstackCOMRAM 00001B
vfpfcnvrt@cnt                    cstackCOMRAM 000014
vfpfcnvrt@convarg                cstackCOMRAM 000017
vfpfcnvrt@cp                     cstackCOMRAM 000016
vfpfcnvrt@done                   cstackCOMRAM 000013
vfpfcnvrt@fmt                    cstackCOMRAM 00000F
vfpfcnvrt@fp                     cstackCOMRAM 00000E
vfprintf@ap                      cstackCOMRAM 00001E
vfprintf@cfmt                    cstackCOMRAM 00001F
vfprintf@fmt                     cstackCOMRAM 00001D
vfprintf@fp                      cstackCOMRAM 00001C
wait_for_wall@loss               cstackCOMRAM 00000E
wait_for_wall@p                  cstackCOMRAM 00000D
write_timer@tH                   cstackCOMRAM 000002
write_timer@tL                   cstackCOMRAM 000001
write_trail@man                  cstackCOMRAM 000002
write_trail@tH                   cstackCOMRAM 000003
write_trail@tL                   cstackCOMRAM 000001
wtemp8                           temp         000060


MODULE INFORMATION

Module		Function		Class		Link	Load	Size
C:\Program Files\Microchip\xc8\v2.45\pic\sources\c99\common\Umul16.c
		___wmul        		CODE           	40E6	0000	38

C:\Program Files\Microchip\xc8\v2.45\pic\sources\c99\common\Umul16.c estimated size: 38

serial.c
		_sendArrayCharSerial4		CODE           	359A	0000	118
		_sendStringSerial4		CODE           	395A	0000	98
		_sendRGBCvalSerial4		CODE           	39BC	0000	94
		_sendIntSerial4		CODE           	410C	0000	34
		_sendCharSerial4		CODE           	41EC	0000	24
		_sendHSVvalSerial4		CODE           	3C56	0000	76
		_initUSART4    		CODE           	41CE	0000	30

serial.c estimated size: 474

timers.c
		_forward_navigation		CODE           	2430	0000	416
		_Timer0_init   		CODE           	4072	0000	40
		_ISR           		CODE           	0008	0000	58
		_write_trail   		CODE           	3DFA	0000	58
		_write_timer   		CODE           	4232	0000	12
		_start_timer   		CODE           	4260	0000	4
		_return_to_sender		CODE           	2C0C	0000	198
		_reset_timer   		CODE           	4226	0000	12
		_stop_timer    		CODE           	425C	0000	4
		_read_timer    		CODE           	4204	0000	22
		_read_trail    		CODE           	3AC6	0000	80

timers.c estimated size: 904

color.c
		_color_writetoaddr		CODE           	4190	0000	32
		_color_click_init		CODE           	3FBE	0000	52
		_min_RGB       		CODE           	34A2	0000	124
		_scale_RGB     		CODE           	2A6E	0000	214
		_getRGBCval    		CODE           	3A70	0000	86
		_average_RGBC  		CODE           	2080	0000	508
		_colour_to_key 		CODE           	14E6	0000	1124
		_color_read_Green		CODE           	3B66	0000	80
		_color_read_Clear		CODE           	3BB6	0000	80
		_max_RGB       		CODE           	351E	0000	124
		_color_read_Red		CODE           	3B16	0000	80
		_convert_HSV   		CODE           	0E1A	0000	1740
		_wait_for_wall 		CODE           	3D32	0000	68
		_color_read_Blue		CODE           	3C06	0000	80

color.c estimated size: 4392

dc_motor.c
		_squareReverse 		CODE           	3E34	0000	58
		_fullSpeedReverse		CODE           	307A	0000	182
		_fullSpeedAhead		CODE           	2E50	0000	186
		_turnLeft      		CODE           	2FC2	0000	184
		_turnLeft90    		CODE           	3F1A	0000	56
		_turnLeft135   		CODE           	3EA8	0000	58
		_stop          		CODE           	3314	0000	142
		_initDCmotorsPWM		CODE           	3284	0000	144
		_turnRight     		CODE           	2F0A	0000	184
		_turnRight90   		CODE           	3EE2	0000	56
		_turnRight135  		CODE           	3E6E	0000	58
		_setMotorPWM   		CODE           	25D0	0000	340
		_UTurn         		CODE           	3D76	0000	66
		_headbuttReverse		CODE           	3F52	0000	56

dc_motor.c estimated size: 1770

buggy_lights.c
		_buggy_lights_init		CODE           	3FF2	0000	46
		_toggle_brake_lights		CODE           	412E	0000	34
		_toggle_tricolour_LED		CODE           	2B44	0000	200
		_toggle_right_indicators		CODE           	4150	0000	32
		_toggle_left_indicators		CODE           	4170	0000	32
		_toggle_main_beam		CODE           	409A	0000	38

buggy_lights.c estimated size: 382

i2c.c
		_I2C_2_Master_Start		CODE           	4252	0000	10
		_I2C_2_Master_Read		CODE           	3DB8	0000	66
		_I2C_2_Master_Idle		CODE           	404A	0000	40
		_I2C_2_Master_Init		CODE           	4020	0000	42
		_I2C_2_Master_Stop		CODE           	4248	0000	10
		_I2C_2_Master_RepStart		CODE           	423E	0000	10
		_I2C_2_Master_Write		CODE           	421A	0000	12

i2c.c estimated size: 190

C:\Program Files\Microchip\xc8\v2.45\pic\sources\c99\common\Umul32.c
		___lmul        		CODE           	3684	0000	106

C:\Program Files\Microchip\xc8\v2.45\pic\sources\c99\common\Umul32.c estimated size: 106

C:\Program Files\Microchip\xc8\v2.45\pic\sources\c99\common\sprcmul.c
		___flmul       		CODE           	194A	0000	1066

C:\Program Files\Microchip\xc8\v2.45\pic\sources\c99\common\sprcmul.c estimated size: 1066

C:\Program Files\Microchip\xc8\v2.45\pic\sources\c99\common\nf_sprintf.c
		_sprintf       		CODE           	3CA2	0000	76

C:\Program Files\Microchip\xc8\v2.45\pic\sources\c99\common\nf_sprintf.c estimated size: 76

C:\Program Files\Microchip\xc8\v2.45\pic\sources\c99\common\lwmod.c
		___lwmod       		CODE           	38F6	0000	100

C:\Program Files\Microchip\xc8\v2.45\pic\sources\c99\common\lwmod.c estimated size: 100

C:\Program Files\Microchip\xc8\v2.45\pic\sources\c99\common\awmod.c
		___awmod       		CODE           	3130	0000	176

C:\Program Files\Microchip\xc8\v2.45\pic\sources\c99\common\awmod.c estimated size: 176

C:\Program Files\Microchip\xc8\v2.45\pic\sources\c99\common\putch.c
		_putch         		CODE           	4264	0000	2

C:\Program Files\Microchip\xc8\v2.45\pic\sources\c99\common\putch.c estimated size: 2

shared
		__initialization		CODE           	3CEE	0000	58

shared estimated size: 58

manoeuvres.c
		_card_blue     		CODE           	388E	0000	104
		_pick_card     		CODE           	2972	0000	252
		_card_yellow   		CODE           	33A2	0000	128
		_card_cyan     		CODE           	3826	0000	104
		_card_white    		CODE           	40C0	0000	38
		_card_orange   		CODE           	3756	0000	104
		_card_red      		CODE           	36EE	0000	104
		_card_pink     		CODE           	3422	0000	128
		_card_green    		CODE           	37BE	0000	104

manoeuvres.c estimated size: 1066

C:\Program Files\Microchip\xc8\v2.45\pic\sources\c99\common\xxtofl.c
		___xxtofl      		CODE           	227C	0000	436

C:\Program Files\Microchip\xc8\v2.45\pic\sources\c99\common\xxtofl.c estimated size: 436

C:\Program Files\Microchip\xc8\v2.45\pic\sources\c99\common\abs.c
		_abs           		CODE           	3F8A	0000	52

C:\Program Files\Microchip\xc8\v2.45\pic\sources\c99\common\abs.c estimated size: 52

C:\Program Files\Microchip\xc8\v2.45\pic\sources\c99\common\__lldiv.c
		___lldiv       		CODE           	31E0	0000	164

C:\Program Files\Microchip\xc8\v2.45\pic\sources\c99\common\__lldiv.c estimated size: 164

main.c
		_main          		CODE           	2724	0000	328

main.c estimated size: 328

C:\Program Files\Microchip\xc8\v2.45\pic\sources\c99\common\nf_fputc.c
		_fputc         		CODE           	2D96	0000	186

C:\Program Files\Microchip\xc8\v2.45\pic\sources\c99\common\nf_fputc.c estimated size: 186

C:\Program Files\Microchip\xc8\v2.45\pic\sources\c99\common\doprnt.c
		_vfpfcnvrt     		CODE           	1D74	0000	780
		_vfprintf      		CODE           	3A1A	0000	86

C:\Program Files\Microchip\xc8\v2.45\pic\sources\c99\common\doprnt.c estimated size: 866

C:\Program Files\Microchip\xc8\v2.45\pic\sources\c99\common\lwdiv.c
		___lwdiv       		CODE           	3610	0000	116

C:\Program Files\Microchip\xc8\v2.45\pic\sources\c99\common\lwdiv.c estimated size: 116

C:\Program Files\Microchip\xc8\v2.45\pic\sources\c99\common\awdiv.c
		___awdiv       		CODE           	2CD2	0000	196

C:\Program Files\Microchip\xc8\v2.45\pic\sources\c99\common\awdiv.c estimated size: 196

C:\Program Files\Microchip\xc8\v2.45\pic\sources\c99\common\fltol.c
		___fltol       		CODE           	286C	0000	262

C:\Program Files\Microchip\xc8\v2.45\pic\sources\c99\common\fltol.c estimated size: 262

