Microchip MPLAB XC8 Compiler V2.45

Linker command line:

-W-3 \
  --edf=C:\Program Files\Microchip\xc8\v2.45\pic\dat\20230818022343_en.msgs \
  -cn \
  -h+dist/default/production\final-project-gorakh-boris.X.production.sym \
  --cmf=dist/default/production\final-project-gorakh-boris.X.production.cmf \
  -z -Q18F67K40 -oC:\Users\boris\AppData\Local\Temp\xcAs5qg.\driver_tmp_3.o \
  --defsym=__MPLAB_BUILD=1 --fixupoverflow=error \
  -Mdist/default/production/final-project-gorakh-boris.X.production.map \
  --md=C:\Users\boris\AppData\Local\Temp\xcAs5qg.\driver_tmp_0.dat -E1 \
  -ver=XC8 Compiler --acfsm=1493 -ACODE=00h-01FFFFh -ACONST=00h-01FFFFh \
  -ASMALLCONST=0E00h-0EFFhx498 -AMEDIUMCONST=0E00h-0FFFFh,010E00h-01FFFFh \
  -ACOMRAM=01h-05Fh -AABS1=00h-0DE9h -ABIGRAM=01h-0DE9h \
  -ARAM=060h-0FFh,0100h-01FFhx12,0D00h-0DE9h -ABANK0=060h-0FFh \
  -ABANK1=0100h-01FFh -ABANK2=0200h-02FFh -ABANK3=0300h-03FFh \
  -ABANK4=0400h-04FFh -ABANK5=0500h-05FFh -ABANK6=0600h-06FFh \
  -ABANK7=0700h-07FFh -ABANK8=0800h-08FFh -ABANK9=0900h-09FFh \
  -ABANK10=0A00h-0AFFh -ABANK11=0B00h-0BFFh -ABANK12=0C00h-0CFFh \
  -ABANK13=0D00h-0DE9h \
  -ASFR=0DEFh-0DFFh,0E00h-0EFFh,0F00h-0F5Fh,0F60h-0FFFh \
  -ABIGSFR=0DEFh-0FFFh -ACONFIG=0300000h-030000Bh -AIDLOC=0200000h-020000Fh \
  -AEEDATA=0310000h-03103FFh -peeprom_data=EEDATA \
  -preset_vec=00h,intcode=08h,intcodelo,powerup,init -pramtop=0E00h \
  -psmallconst=SMALLCONST -pmediumconst=MEDIUMCONST -pconst=CONST \
  -AFARRAM=00h-00h \
  -prdata=COMRAM,nvrram=COMRAM,nvbit=COMRAM,rbss=COMRAM,rbit=COMRAM \
  -pfarbss=FARRAM,fardata=FARRAM,nvFARRAM=FARRAM \
  -pintsave_regs=BIGRAM,bigbss=BIGRAM,bigdata=BIGRAM -pbss=RAM \
  -pidata=CODE,irdata=CODE,ibigdata=CODE,ifardata=CODE -prparam=COMRAM \
  C:\Users\boris\AppData\Local\Temp\xcAs5qg.\driver_tmp_14.o \
  dist/default/production\final-project-gorakh-boris.X.production.o 

Object code version is 3.11

Machine type is 18F67K40



                Name                               Link     Load   Length Selector   Space Scale
C:\Users\boris\AppData\Local\Temp\xcAs5qg.\driver_tmp_14.o
                idloc                            200000   200000       10        0       5
                config                           300000   300000        C        0       4
                init                                 42       42        4        4       0
                reset_vec                             0        0        4        0       0
dist/default/production\final-project-gorakh-boris.X.production.o
                intcode                               8        8       3A        4       0
                idloc                            200000   200000       10        0       5
                config                           300000   300000        C        0       4
                temp                                 5F       5F        1        1       1
                smallconst                          E00      E00       1A      700       0
                text79                             417A     417A        C      70D       0
                text78                             416E     416E        C      70D       0
                text77                             41A8     41A8        4      70D       0
                text76                             4042     4042       28      70D       0
                text75                             3FC2     3FC2       2E      70D       0
                text74                             3FF0     3FF0       2A      70D       0
                text73                             401A     401A       28      70D       0
                text72                             419A     419A        A      70D       0
                text71                             4190     4190        A      70D       0
                text70                             4162     4162        C      70D       0
                text69                             40D8     40D8       20      70D       0
                text68                             3E36     3E36       34      70D       0
                text67                             31F0     31F0       A4      70D       0
                text66                             3D86     3D86       42      70D       0
                text65                             4186     4186        A      70D       0
                text64                             3C16     3C16       50      70D       0
                text63                             3BC6     3BC6       50      70D       0
                text62                             3B76     3B76       50      70D       0
                text61                             3B26     3B26       50      70D       0
                text60                             3A80     3A80       56      70D       0
                text59                             2080     2080      1FC      70D       0
                text58                             14E6     14E6      464      70D       0
                text57                             3694     3694       6A      70D       0
                text56                             352E     352E       7C      70D       0
                text55                             34B2     34B2       7C      70D       0
                text54                              E1A      E1A      6CC      70D       0
                text53                             3620     3620       74      70D       0
                text52                             4090     4090       26      70D       0
                text51                             2730     2730      154      70D       0
                text50                             2E60     2E60       BA      70D       0
                text49                             3324     3324       8E      70D       0
                text48                             2FD2     2FD2       B8      70D       0
                text47                             3F00     3F00       32      70D       0
                text46                             308A     308A       B6      70D       0
                text45                             3F92     3F92       30      70D       0
                text44                             389E     389E       68      70D       0
                text43                             3ECE     3ECE       32      70D       0
                text42                             2F1A     2F1A       B8      70D       0
                text41                             3E9C     3E9C       32      70D       0
                text40                             3836     3836       68      70D       0
                text39                             3F62     3F62       30      70D       0
                text38                             3F32     3F32       30      70D       0
                text37                             37CE     37CE       68      70D       0
                text36                             3766     3766       68      70D       0
                text35                             3E6A     3E6A       32      70D       0
                text34                             3432     3432       80      70D       0
                text33                             36FE     36FE       68      70D       0
                text32                             406A     406A       26      70D       0
                text31                             33B2     33B2       80      70D       0
                text30                             298A     298A       FC      70D       0
                text29                             414C     414C       16      70D       0
                text28                             194A     194A      42A      70D       0
                text27                             2884     2884      106      70D       0
                text26                             227C     227C      1B4      70D       0
                text25                             2A86     2A86       D6      70D       0
                text24                             4134     4134       18      70D       0
                text23                             396A     396A       62      70D       0
                text22                             2C24     2C24       C4      70D       0
                text21                             3140     3140       B0      70D       0
                text20                             3906     3906       64      70D       0
                text19                             3E02     3E02       34      70D       0
                text18                             41AC     41AC        2      70D       0
                text17                             2DA6     2DA6       BA      70D       0
                text16                             1D74     1D74      30C      70D       0
                text15                             3A2A     3A2A       56      70D       0
                text14                             3CB2     3CB2       4C      70D       0
                text13                             35AA     35AA       76      70D       0
                text12                             3C66     3C66       4C      70D       0
                text11                             39CC     39CC       5E      70D       0
                text10                             41A4     41A4        4      70D       0
                text9                              2B5C     2B5C       C8      70D       0
                text8                              3D42     3D42       44      70D       0
                text7                              3DC8     3DC8       3A      70D       0
                text6                              2430     2430      1A0      70D       0
                text5                              3294     3294       90      70D       0
                text4                              4116     4116       1E      70D       0
                text3                              3AD6     3AD6       50      70D       0
                text2                              40B6     40B6       22      70D       0
                text1                              2CE8     2CE8       BE      70D       0
                text0                              25D0     25D0      160      70D       0
                cstackCOMRAM                          1        1       5D        1       1
                cstackBANK0                          88       88       23       60       1
                cstackBANK1                         100      100       A4      100       1
                bssBANK1                            1A4      1A4       3E      100       1
                dataBANK0                            AB       AB       1E       60       1
                bssBANK0                             60       60       28       60       1
                bssCOMRAM                            5E       5E        1        1       1
                cinit                              3CFE     3CFE       44      70D       0
                idataBANK0                         40F8     40F8       1E      70D       0

TOTAL           Name                               Link     Load   Length     Space
        CLASS   CODE           
                intcode                               8        8       3A         0
                init                                 42       42        4         0
                reset_vec                             0        0        4         0
                text79                             417A     417A        C         0
                text78                             416E     416E        C         0
                text77                             41A8     41A8        4         0
                text76                             4042     4042       28         0
                text75                             3FC2     3FC2       2E         0
                text74                             3FF0     3FF0       2A         0
                text73                             401A     401A       28         0
                text72                             419A     419A        A         0
                text71                             4190     4190        A         0
                text70                             4162     4162        C         0
                text69                             40D8     40D8       20         0
                text68                             3E36     3E36       34         0
                text67                             31F0     31F0       A4         0
                text66                             3D86     3D86       42         0
                text65                             4186     4186        A         0
                text64                             3C16     3C16       50         0
                text63                             3BC6     3BC6       50         0
                text62                             3B76     3B76       50         0
                text61                             3B26     3B26       50         0
                text60                             3A80     3A80       56         0
                text59                             2080     2080      1FC         0
                text58                             14E6     14E6      464         0
                text57                             3694     3694       6A         0
                text56                             352E     352E       7C         0
                text55                             34B2     34B2       7C         0
                text54                              E1A      E1A      6CC         0
                text53                             3620     3620       74         0
                text52                             4090     4090       26         0
                text51                             2730     2730      154         0
                text50                             2E60     2E60       BA         0
                text49                             3324     3324       8E         0
                text48                             2FD2     2FD2       B8         0
                text47                             3F00     3F00       32         0
                text46                             308A     308A       B6         0
                text45                             3F92     3F92       30         0
                text44                             389E     389E       68         0
                text43                             3ECE     3ECE       32         0
                text42                             2F1A     2F1A       B8         0
                text41                             3E9C     3E9C       32         0
                text40                             3836     3836       68         0
                text39                             3F62     3F62       30         0
                text38                             3F32     3F32       30         0
                text37                             37CE     37CE       68         0
                text36                             3766     3766       68         0
                text35                             3E6A     3E6A       32         0
                text34                             3432     3432       80         0
                text33                             36FE     36FE       68         0
                text32                             406A     406A       26         0
                text31                             33B2     33B2       80         0
                text30                             298A     298A       FC         0
                text29                             414C     414C       16         0
                text28                             194A     194A      42A         0
                text27                             2884     2884      106         0
                text26                             227C     227C      1B4         0
                text25                             2A86     2A86       D6         0
                text24                             4134     4134       18         0
                text23                             396A     396A       62         0
                text22                             2C24     2C24       C4         0
                text21                             3140     3140       B0         0
                text20                             3906     3906       64         0
                text19                             3E02     3E02       34         0
                text18                             41AC     41AC        2         0
                text17                             2DA6     2DA6       BA         0
                text16                             1D74     1D74      30C         0
                text15                             3A2A     3A2A       56         0
                text14                             3CB2     3CB2       4C         0
                text13                             35AA     35AA       76         0
                text12                             3C66     3C66       4C         0
                text11                             39CC     39CC       5E         0
                text10                             41A4     41A4        4         0
                text9                              2B5C     2B5C       C8         0
                text8                              3D42     3D42       44         0
                text7                              3DC8     3DC8       3A         0
                text6                              2430     2430      1A0         0
                text5                              3294     3294       90         0
                text4                              4116     4116       1E         0
                text3                              3AD6     3AD6       50         0
                text2                              40B6     40B6       22         0
                text1                              2CE8     2CE8       BE         0
                text0                              25D0     25D0      160         0
                cinit                              3CFE     3CFE       44         0
                idataBANK0                         40F8     40F8       1E         0

        CLASS   CONST          

        CLASS   SMALLCONST     
                smallconst                          E00      E00       1A         0

        CLASS   MEDIUMCONST    

        CLASS   COMRAM         
                temp                                 5F       5F        1         1
                cstackCOMRAM                          1        1       5D         1
                bssCOMRAM                            5E       5E        1         1

        CLASS   ABS1           

        CLASS   BIGRAM         

        CLASS   RAM            

        CLASS   BANK0          
                cstackBANK0                          88       88       23         1
                dataBANK0                            AB       AB       1E         1
                bssBANK0                             60       60       28         1

        CLASS   BANK1          
                cstackBANK1                         100      100       A4         1
                bssBANK1                            1A4      1A4       3E         1

        CLASS   BANK2          

        CLASS   BANK3          

        CLASS   BANK4          

        CLASS   BANK5          

        CLASS   BANK6          

        CLASS   BANK7          

        CLASS   BANK8          

        CLASS   BANK9          

        CLASS   BANK10         

        CLASS   BANK11         

        CLASS   BANK12         

        CLASS   BANK13         

        CLASS   SFR            

        CLASS   BIGSFR         

        CLASS   CONFIG         
                config                           300000   300000        C         4

        CLASS   IDLOC          
                idloc                            200000   200000       10         5

        CLASS   EEDATA         

        CLASS   FARRAM         

        CLASS   HEAP           

        CLASS   STACK          



SEGMENTS        Name                           Load    Length   Top    Selector   Space  Class

                reset_vec                      000000  000004  000004         0       0  CODE    
                cstackCOMRAM                   000001  00005F  000060         1       1  COMRAM  
                intcode                        000008  00003E  000046         4       0  CODE    
                bssBANK0                       000060  000069  0000C9        60       1  BANK0   
                cstackBANK1                    000100  0000E2  0001E2       100       1  BANK1   
                smallconst                     000E00  00001A  000E1A       700       0  SMALLCON
                text54                         000E1A  003394  0041AE       70D       0  CODE    


UNUSED ADDRESS RANGES

        Name                Unused          Largest block    Delta
        BANK0            0000C9-0000FF               37
        BANK1            0001E2-0001FF               1E
        BANK10           000A00-000AFF              100
        BANK11           000B00-000BFF              100
        BANK12           000C00-000CFF              100
        BANK13           000D00-000DE9               EA
        BANK2            000200-0002FF              100
        BANK3            000300-0003FF              100
        BANK4            000400-0004FF              100
        BANK5            000500-0005FF              100
        BANK6            000600-0006FF              100
        BANK7            000700-0007FF              100
        BANK8            000800-0008FF              100
        BANK9            000900-0009FF              100
        BIGRAM           0000C9-0000FF               37
                         0001E2-000DE9              C08
        BIGSFR           000DEF-000FFF              211
        CODE             000004-000007                4
                         000046-000DFF              DBA
                         0041AE-01FFFF            1BE52
        CONST            000004-000007                4
                         000046-000DFF              DBA
                         0041AE-01FFFF            1BE52
        EEDATA           310000-3103FF              400
        MEDIUMCONST      0041AE-00FFFF             BE52
                         010E00-01FFFF             F200
        RAM              0000C9-0000FF               37
                         0001E2-000DE9              100
        SFR              000DEF-000FFF              100
        SMALLCONST       0041AE-01FFFF              100

                                  Symbol Table

?___awdiv                      cstackCOMRAM 000001
?___awmod                      cstackCOMRAM 000001
?___flmul                      cstackCOMRAM 00000F
?___fltol                      cstackCOMRAM 000028
?___lldiv                      cstackCOMRAM 000001
?___lmul                       cstackCOMRAM 000001
?___lwdiv                      cstackCOMRAM 000007
?___lwmod                      cstackCOMRAM 000001
?___wmul                       cstackCOMRAM 000001
?___xxtofl                     cstackCOMRAM 000001
?_abs                          cstackCOMRAM 000007
?_color_read_Blue              cstackCOMRAM 000005
?_color_read_Clear             cstackCOMRAM 000005
?_color_read_Green             cstackCOMRAM 000005
?_color_read_Red               cstackCOMRAM 000005
?_max_RGB                      cstackCOMRAM 000001
?_min_RGB                      cstackCOMRAM 000001
?_sprintf                      cstackCOMRAM 000020
?_vfpfcnvrt                    cstackCOMRAM 00000E
?_vfprintf                     cstackCOMRAM 00001C
I2C_2_Master_Read@ack          cstackCOMRAM 000003
I2C_2_Master_Read@tmp          cstackCOMRAM 000004
I2C_2_Master_Write@data_byte   cstackCOMRAM 000002
UTurn@mL                       cstackCOMRAM 000018
UTurn@mR                       cstackCOMRAM 000019
_ANSELDbits                    (abs)        000EA7
_ANSELFbits                    (abs)        000EB4
_BAUD4CONbits                  (abs)        000EE9
_CCP1CONbits                   (abs)        000FAB
_CCP2CONbits                   (abs)        000FA7
_CCP3CONbits                   (abs)        000F26
_CCP4CONbits                   (abs)        000F22
_CCPR1H                        (abs)        000FAA
_CCPR2H                        (abs)        000FA6
_CCPR3H                        (abs)        000F25
_CCPR4H                        (abs)        000F21
_CCPTMRS0bits                  (abs)        000FAD
_I2C_2_Master_Idle             text73       00401A
_I2C_2_Master_Init             text74       003FF0
_I2C_2_Master_Read             text66       003D86
_I2C_2_Master_RepStart         text65       004186
_I2C_2_Master_Start            text72       00419A
_I2C_2_Master_Stop             text71       004190
_I2C_2_Master_Write            text70       004162
_INTCONbits                    (abs)        000FF2
_ISR                           intcode      000008
_LATAbits                      (abs)        000F79
_LATCbits                      (abs)        000F7B
_LATDbits                      (abs)        000F7C
_LATEbits                      (abs)        000F7D
_LATFbits                      (abs)        000F7E
_LATGbits                      (abs)        000F7F
_LATHbits                      (abs)        000F80
_PIE0bits                      (abs)        000E29
_PIR0bits                      (abs)        000E33
_PIR4bits                      (abs)        000E37
_PORTFbits                     (abs)        000F8E
_RC0PPS                        (abs)        000E62
_RC4STAbits                    (abs)        000EE7
_RC7PPS                        (abs)        000E69
_RD5PPS                        (abs)        000E6F
_RD6PPS                        (abs)        000E70
_RE2PPS                        (abs)        000E74
_RE4PPS                        (abs)        000E76
_RG6PPS                        (abs)        000E88
_RX4PPS                        (abs)        000E15
_SP4BRGH                       (abs)        000EE6
_SP4BRGL                       (abs)        000EE5
_SSP2ADD                       (abs)        000ED6
_SSP2BUF                       (abs)        000ED5
_SSP2CLKPPS                    (abs)        000E1C
_SSP2CON1bits                  (abs)        000ED9
_SSP2CON2                      (abs)        000EDA
_SSP2CON2bits                  (abs)        000EDA
_SSP2DATPPS                    (abs)        000E1D
_SSP2STAT                      (abs)        000ED8
_T0CON0bits                    (abs)        000FD5
_T0CON1bits                    (abs)        000FD6
_T2CLKCONbits                  (abs)        000FBF
_T2CONbits                     (abs)        000FBD
_T2HLTbits                     (abs)        000FBE
_T2PR                          (abs)        000FBC
_TMR0H                         (abs)        000FD4
_TMR0L                         (abs)        000FD3
_TRISAbits                     (abs)        000F81
_TRISCbits                     (abs)        000F83
_TRISDbits                     (abs)        000F84
_TRISEbits                     (abs)        000F85
_TRISFbits                     (abs)        000F86
_TRISGbits                     (abs)        000F87
_TRISHbits                     (abs)        000F88
_TX4REG                        (abs)        000EE4
_TX4STAbits                    (abs)        000EE8
_Timer0_init                   text76       004042
_UTurn                         text47       003F00
__HRAM                         (abs)        000000
__H__absolute__                __absolute__ 000000
__Habs1                        abs1         000000
__Hbank0                       bank0        000000
__Hbank1                       bank1        000000
__Hbank10                      bank10       000000
__Hbank11                      bank11       000000
__Hbank12                      bank12       000000
__Hbank13                      bank13       000000
__Hbank2                       bank2        000000
__Hbank3                       bank3        000000
__Hbank4                       bank4        000000
__Hbank5                       bank5        000000
__Hbank6                       bank6        000000
__Hbank7                       bank7        000000
__Hbank8                       bank8        000000
__Hbank9                       bank9        000000
__Hbigbss                      bigbss       000000
__Hbigdata                     bigdata      000000
__Hbigram                      bigram       000000
__Hbigsfr                      bigsfr       000000
__Hbss                         bss          000000
__HbssBANK0                    bssBANK0     000000
__HbssBANK1                    bssBANK1     000000
__HbssCOMRAM                   bssCOMRAM    000000
__Hcinit                       cinit        000000
__Hclrtext                     clrtext      000000
__Hcomram                      comram       000000
__Hconfig                      config       30000C
__Hconst                       const        000000
__HcstackBANK0                 cstackBANK0  000000
__HcstackBANK1                 cstackBANK1  000000
__HcstackCOMRAM                cstackCOMRAM 000000
__Hdata                        data         000000
__HdataBANK0                   dataBANK0    000000
__Heeprom_data                 eeprom_data  000000
__Hfarbss                      farbss       000000
__Hfardata                     fardata      000000
__Hheap                        heap         000000
__Hibigdata                    ibigdata     000000
__Hidata                       idata        000000
__HidataBANK0                  idataBANK0   000000
__Hidloc                       idloc        200010
__Hifardata                    ifardata     000000
__Hinit                        init         000046
__Hintcode                     intcode      000042
__Hintcode_body                intcode_body 000000
__Hintcodelo                   intcodelo    000042
__Hintentry                    intentry     000000
__Hintret                      intret       000000
__Hintsave_regs                intsave_regs 000000
__Hirdata                      irdata       000000
__Hmediumconst                 mediumconst  000000
__HnvFARRAM                    nvFARRAM     000000
__Hnvbit                       nvbit        000000
__Hnvrram                      nvrram       000000
__Hparam                       rparam       000000
__Hpowerup                     powerup      000042
__Hram                         ram          000000
__Hramtop                      ramtop       000E00
__Hrbit                        rbit         000000
__Hrbss                        rbss         000000
__Hrdata                       rdata        000000
__Hreset_vec                   reset_vec    000004
__Hrparam                      rparam       000000
__Hsfr                         sfr          000000
__Hsmallconst                  smallconst   000E1A
__Hspace_0                     (abs)        0041AE
__Hspace_1                     (abs)        0001E2
__Hspace_2                     (abs)        000000
__Hspace_4                     (abs)        60000C
__Hstack                       stack        000000
__Hstruct                      struct       000000
__Htemp                        temp         000060
__Htext                        text         000000
__Htext0                       text0        000000
__Htext1                       text1        000000
__Htext10                      text10       000000
__Htext11                      text11       000000
__Htext12                      text12       000000
__Htext13                      text13       000000
__Htext14                      text14       000000
__Htext15                      text15       000000
__Htext16                      text16       000000
__Htext17                      text17       000000
__Htext18                      text18       000000
__Htext19                      text19       000000
__Htext2                       text2        000000
__Htext20                      text20       000000
__Htext21                      text21       000000
__Htext22                      text22       000000
__Htext23                      text23       000000
__Htext24                      text24       000000
__Htext25                      text25       000000
__Htext26                      text26       000000
__Htext27                      text27       000000
__Htext28                      text28       000000
__Htext29                      text29       000000
__Htext3                       text3        000000
__Htext30                      text30       000000
__Htext31                      text31       000000
__Htext32                      text32       000000
__Htext33                      text33       000000
__Htext34                      text34       000000
__Htext35                      text35       000000
__Htext36                      text36       000000
__Htext37                      text37       000000
__Htext38                      text38       000000
__Htext39                      text39       000000
__Htext4                       text4        000000
__Htext40                      text40       000000
__Htext41                      text41       000000
__Htext42                      text42       000000
__Htext43                      text43       000000
__Htext44                      text44       000000
__Htext45                      text45       000000
__Htext46                      text46       000000
__Htext47                      text47       000000
__Htext48                      text48       000000
__Htext49                      text49       000000
__Htext5                       text5        000000
__Htext50                      text50       000000
__Htext51                      text51       000000
__Htext52                      text52       000000
__Htext53                      text53       000000
__Htext54                      text54       000000
__Htext55                      text55       000000
__Htext56                      text56       000000
__Htext57                      text57       000000
__Htext58                      text58       000000
__Htext59                      text59       000000
__Htext6                       text6        000000
__Htext60                      text60       000000
__Htext61                      text61       000000
__Htext62                      text62       000000
__Htext63                      text63       000000
__Htext64                      text64       000000
__Htext65                      text65       000000
__Htext66                      text66       000000
__Htext67                      text67       000000
__Htext68                      text68       000000
__Htext69                      text69       000000
__Htext7                       text7        000000
__Htext70                      text70       000000
__Htext71                      text71       000000
__Htext72                      text72       000000
__Htext73                      text73       000000
__Htext74                      text74       000000
__Htext75                      text75       000000
__Htext76                      text76       000000
__Htext77                      text77       000000
__Htext78                      text78       000000
__Htext79                      text79       000000
__Htext8                       text8        000000
__Htext9                       text9        000000
__LRAM                         (abs)        000001
__L__absolute__                __absolute__ 000000
__Labs1                        abs1         000000
__Lbank0                       bank0        000000
__Lbank1                       bank1        000000
__Lbank10                      bank10       000000
__Lbank11                      bank11       000000
__Lbank12                      bank12       000000
__Lbank13                      bank13       000000
__Lbank2                       bank2        000000
__Lbank3                       bank3        000000
__Lbank4                       bank4        000000
__Lbank5                       bank5        000000
__Lbank6                       bank6        000000
__Lbank7                       bank7        000000
__Lbank8                       bank8        000000
__Lbank9                       bank9        000000
__Lbigbss                      bigbss       000000
__Lbigdata                     bigdata      000000
__Lbigram                      bigram       000000
__Lbigsfr                      bigsfr       000000
__Lbss                         bss          000000
__LbssBANK0                    bssBANK0     000000
__LbssBANK1                    bssBANK1     000000
__LbssCOMRAM                   bssCOMRAM    000000
__Lcinit                       cinit        000000
__Lclrtext                     clrtext      000000
__Lcomram                      comram       000000
__Lconfig                      config       000000
__Lconst                       const        000000
__LcstackBANK0                 cstackBANK0  000000
__LcstackBANK1                 cstackBANK1  000000
__LcstackCOMRAM                cstackCOMRAM 000000
__Ldata                        data         000000
__LdataBANK0                   dataBANK0    000000
__Leeprom_data                 eeprom_data  000000
__Lfarbss                      farbss       000000
__Lfardata                     fardata      000000
__Lheap                        heap         000000
__Libigdata                    ibigdata     000000
__Lidata                       idata        000000
__LidataBANK0                  idataBANK0   000000
__Lidloc                       idloc        000000
__Lifardata                    ifardata     000000
__Linit                        init         000042
__Lintcode                     intcode      000008
__Lintcode_body                intcode_body 000000
__Lintcodelo                   intcodelo    000042
__Lintentry                    intentry     000000
__Lintret                      intret       000000
__Lintsave_regs                intsave_regs 000000
__Lirdata                      irdata       000000
__Lmediumconst                 mediumconst  000000
__LnvFARRAM                    nvFARRAM     000000
__Lnvbit                       nvbit        000000
__Lnvrram                      nvrram       000000
__Lparam                       rparam       000000
__Lpowerup                     powerup      000042
__Lram                         ram          000000
__Lramtop                      ramtop       000E00
__Lrbit                        rbit         000000
__Lrbss                        rbss         000000
__Lrdata                       rdata        000000
__Lreset_vec                   reset_vec    000000
__Lrparam                      rparam       000000
__Lsfr                         sfr          000000
__Lsmallconst                  smallconst   000E00
__Lspace_0                     (abs)        000000
__Lspace_1                     (abs)        000000
__Lspace_2                     (abs)        000000
__Lspace_4                     (abs)        000000
__Lstack                       stack        000000
__Lstruct                      struct       000000
__Ltemp                        temp         00005F
__Ltext                        text         000000
__Ltext0                       text0        000000
__Ltext1                       text1        000000
__Ltext10                      text10       000000
__Ltext11                      text11       000000
__Ltext12                      text12       000000
__Ltext13                      text13       000000
__Ltext14                      text14       000000
__Ltext15                      text15       000000
__Ltext16                      text16       000000
__Ltext17                      text17       000000
__Ltext18                      text18       000000
__Ltext19                      text19       000000
__Ltext2                       text2        000000
__Ltext20                      text20       000000
__Ltext21                      text21       000000
__Ltext22                      text22       000000
__Ltext23                      text23       000000
__Ltext24                      text24       000000
__Ltext25                      text25       000000
__Ltext26                      text26       000000
__Ltext27                      text27       000000
__Ltext28                      text28       000000
__Ltext29                      text29       000000
__Ltext3                       text3        000000
__Ltext30                      text30       000000
__Ltext31                      text31       000000
__Ltext32                      text32       000000
__Ltext33                      text33       000000
__Ltext34                      text34       000000
__Ltext35                      text35       000000
__Ltext36                      text36       000000
__Ltext37                      text37       000000
__Ltext38                      text38       000000
__Ltext39                      text39       000000
__Ltext4                       text4        000000
__Ltext40                      text40       000000
__Ltext41                      text41       000000
__Ltext42                      text42       000000
__Ltext43                      text43       000000
__Ltext44                      text44       000000
__Ltext45                      text45       000000
__Ltext46                      text46       000000
__Ltext47                      text47       000000
__Ltext48                      text48       000000
__Ltext49                      text49       000000
__Ltext5                       text5        000000
__Ltext50                      text50       000000
__Ltext51                      text51       000000
__Ltext52                      text52       000000
__Ltext53                      text53       000000
__Ltext54                      text54       000000
__Ltext55                      text55       000000
__Ltext56                      text56       000000
__Ltext57                      text57       000000
__Ltext58                      text58       000000
__Ltext59                      text59       000000
__Ltext6                       text6        000000
__Ltext60                      text60       000000
__Ltext61                      text61       000000
__Ltext62                      text62       000000
__Ltext63                      text63       000000
__Ltext64                      text64       000000
__Ltext65                      text65       000000
__Ltext66                      text66       000000
__Ltext67                      text67       000000
__Ltext68                      text68       000000
__Ltext69                      text69       000000
__Ltext7                       text7        000000
__Ltext70                      text70       000000
__Ltext71                      text71       000000
__Ltext72                      text72       000000
__Ltext73                      text73       000000
__Ltext74                      text74       000000
__Ltext75                      text75       000000
__Ltext76                      text76       000000
__Ltext77                      text77       000000
__Ltext78                      text78       000000
__Ltext79                      text79       000000
__Ltext8                       text8        000000
__Ltext9                       text9        000000
__S0                           (abs)        0041AE
__S1                           (abs)        0001E2
__S4                           (abs)        000000
__S5                           (abs)        000000
___awdiv                       text22       002C24
___awdiv@counter               cstackCOMRAM 000005
___awdiv@dividend              cstackCOMRAM 000001
___awdiv@divisor               cstackCOMRAM 000003
___awdiv@quotient              cstackCOMRAM 000007
___awdiv@sign                  cstackCOMRAM 000006
___awmod                       text21       003140
___awmod@counter               cstackCOMRAM 000005
___awmod@dividend              cstackCOMRAM 000001
___awmod@divisor               cstackCOMRAM 000003
___awmod@sign                  cstackCOMRAM 000006
___flmul                       text28       00194A
___flmul@a                     cstackCOMRAM 000013
___flmul@aexp                  cstackCOMRAM 000020
___flmul@b                     cstackCOMRAM 00000F
___flmul@bexp                  cstackCOMRAM 000021
___flmul@grs                   cstackCOMRAM 00001C
___flmul@prod                  cstackCOMRAM 000022
___flmul@sign                  cstackCOMRAM 00001B
___flmul@temp                  cstackCOMRAM 000026
___fltol                       text27       002884
___fltol@exp1                  cstackCOMRAM 000031
___fltol@f1                    cstackCOMRAM 000028
___fltol@sign1                 cstackCOMRAM 000030
___heap_hi                     (abs)        000000
___heap_lo                     (abs)        000000
___inthi_sp                    stack        000000
___inthi_stack_hi              stack        000000
___inthi_stack_lo              stack        000000
___intlo_sp                    stack        000000
___intlo_stack_hi              stack        000000
___intlo_stack_lo              stack        000000
___lldiv                       text67       0031F0
___lldiv@counter               cstackCOMRAM 00000D
___lldiv@dividend              cstackCOMRAM 000001
___lldiv@divisor               cstackCOMRAM 000005
___lldiv@quotient              cstackCOMRAM 000009
___lmul                        text57       003694
___lmul@multiplicand           cstackCOMRAM 000005
___lmul@multiplier             cstackCOMRAM 000001
___lmul@product                cstackCOMRAM 000009
___lwdiv                       text53       003620
___lwdiv@counter               cstackCOMRAM 00000D
___lwdiv@dividend              cstackCOMRAM 000007
___lwdiv@divisor               cstackCOMRAM 000009
___lwdiv@quotient              cstackCOMRAM 00000B
___lwmod                       text20       003906
___lwmod@counter               cstackCOMRAM 000005
___lwmod@dividend              cstackCOMRAM 000001
___lwmod@divisor               cstackCOMRAM 000003
___param_bank                  (abs)        000000
___rparam_used                 (abs)        000001
___sp                          stack        000000
___stack_hi                    stack        000000
___stack_lo                    stack        000000
___wmul                        text52       004090
___wmul@multiplicand           cstackCOMRAM 000003
___wmul@multiplier             cstackCOMRAM 000001
___wmul@product                cstackCOMRAM 000005
___xxtofl                      text26       00227C
___xxtofl@arg                  cstackCOMRAM 00000B
___xxtofl@exp                  cstackCOMRAM 00000A
___xxtofl@sign                 cstackCOMRAM 000009
___xxtofl@val                  cstackCOMRAM 000001
__accesstop                    (abs)        000060
__activetblptr                 (abs)        000003
__end_of_I2C_2_Master_Idle     text73       004042
__end_of_I2C_2_Master_Init     text74       00401A
__end_of_I2C_2_Master_Read     text66       003DC8
__end_of_I2C_2_Master_RepStart text65       004190
__end_of_I2C_2_Master_Start    text72       0041A4
__end_of_I2C_2_Master_Stop     text71       00419A
__end_of_I2C_2_Master_Write    text70       00416E
__end_of_ISR                   intcode      000042
__end_of_Timer0_init           text76       00406A
__end_of_UTurn                 text47       003F32
__end_of___awdiv               text22       002CE8
__end_of___awmod               text21       0031F0
__end_of___flmul               text28       001D74
__end_of___fltol               text27       00298A
__end_of___lldiv               text67       003294
__end_of___lmul                text57       0036FE
__end_of___lwdiv               text53       003694
__end_of___lwmod               text20       00396A
__end_of___wmul                text52       0040B6
__end_of___xxtofl              text26       002430
__end_of__initialization       cinit        003D38
__end_of_abs                   text19       003E36
__end_of_average_RGBC          text59       00227C
__end_of_buggy_lights_init     text75       003FF0
__end_of_card_blue             text44       003906
__end_of_card_cyan             text40       00389E
__end_of_card_green            text37       003836
__end_of_card_orange           text36       0037CE
__end_of_card_pink             text34       0034B2
__end_of_card_red              text33       003766
__end_of_card_white            text32       004090
__end_of_card_yellow           text31       003432
__end_of_color_click_init      text68       003E6A
__end_of_color_read_Blue       text64       003C66
__end_of_color_read_Clear      text63       003C16
__end_of_color_read_Green      text62       003BC6
__end_of_color_read_Red        text61       003B76
__end_of_color_writetoaddr     text69       0040F8
__end_of_colour_to_key         text58       00194A
__end_of_convert_HSV           text54       0014E6
__end_of_forward_navigation    text6        0025D0
__end_of_fputc                 text17       002E60
__end_of_fullSpeedAhead        text50       002F1A
__end_of_fullSpeedReverse      text46       003140
__end_of_getRGBCval            text60       003AD6
__end_of_headbuttReverse       text45       003FC2
__end_of_initDCmotorsPWM       text5        003324
__end_of_initUSART4            text4        004134
__end_of_main                  text0        002730
__end_of_max_RGB               text56       0035AA
__end_of_min_RGB               text55       00352E
__end_of_pick_card             text30       002A86
__end_of_putch                 text18       0041AE
__end_of_read_timer            text29       004162
__end_of_read_trail            text3        003B26
__end_of_reset_timer           text78       00417A
__end_of_return_to_sender      text1        002DA6
__end_of_scale_RGB             text25       002B5C
__end_of_sendArrayCharSerial4  text13       003620
__end_of_sendCharSerial4       text24       00414C
__end_of_sendHSVvalSerial4     text12       003CB2
__end_of_sendIntSerial4        text2        0040D8
__end_of_sendRGBCvalSerial4    text11       003A2A
__end_of_sendStringSerial4     text23       0039CC
__end_of_setMotorPWM           text51       002884
__end_of_sprintf               text14       003CFE
__end_of_squareReverse         text35       003E9C
__end_of_start_timer           text77       0041AC
__end_of_stop                  text49       0033B2
__end_of_stop_timer            text10       0041A8
__end_of_toggle_tricolour_LED  text9        002C24
__end_of_turnLeft              text48       00308A
__end_of_turnLeft135           text43       003F00
__end_of_turnLeft90            text39       003F92
__end_of_turnRight             text42       002FD2
__end_of_turnRight135          text41       003ECE
__end_of_turnRight90           text38       003F62
__end_of_vfpfcnvrt             text16       002080
__end_of_vfprintf              text15       003A80
__end_of_wait_for_wall         text8        003D86
__end_of_write_timer           text79       004186
__end_of_write_trail           text7        003E02
__initialization               cinit        003CFE
__mediumconst                  mediumconst  000000
__pbssBANK0                    bssBANK0     000060
__pbssBANK1                    bssBANK1     0001A4
__pbssCOMRAM                   bssCOMRAM    00005E
__pcinit                       cinit        003CFE
__pcstackBANK0                 cstackBANK0  000088
__pcstackBANK1                 cstackBANK1  000100
__pcstackCOMRAM                cstackCOMRAM 000001
__pdataBANK0                   dataBANK0    0000AB
__pidataBANK0                  idataBANK0   0040F8
__pintcode                     intcode      000008
__psmallconst                  smallconst   000E00
__ptext0                       text0        0025D0
__ptext1                       text1        002CE8
__ptext10                      text10       0041A4
__ptext11                      text11       0039CC
__ptext12                      text12       003C66
__ptext13                      text13       0035AA
__ptext14                      text14       003CB2
__ptext15                      text15       003A2A
__ptext16                      text16       001D74
__ptext17                      text17       002DA6
__ptext18                      text18       0041AC
__ptext19                      text19       003E02
__ptext2                       text2        0040B6
__ptext20                      text20       003906
__ptext21                      text21       003140
__ptext22                      text22       002C24
__ptext23                      text23       00396A
__ptext24                      text24       004134
__ptext25                      text25       002A86
__ptext26                      text26       00227C
__ptext27                      text27       002884
__ptext28                      text28       00194A
__ptext29                      text29       00414C
__ptext3                       text3        003AD6
__ptext30                      text30       00298A
__ptext31                      text31       0033B2
__ptext32                      text32       00406A
__ptext33                      text33       0036FE
__ptext34                      text34       003432
__ptext35                      text35       003E6A
__ptext36                      text36       003766
__ptext37                      text37       0037CE
__ptext38                      text38       003F32
__ptext39                      text39       003F62
__ptext4                       text4        004116
__ptext40                      text40       003836
__ptext41                      text41       003E9C
__ptext42                      text42       002F1A
__ptext43                      text43       003ECE
__ptext44                      text44       00389E
__ptext45                      text45       003F92
__ptext46                      text46       00308A
__ptext47                      text47       003F00
__ptext48                      text48       002FD2
__ptext49                      text49       003324
__ptext5                       text5        003294
__ptext50                      text50       002E60
__ptext51                      text51       002730
__ptext52                      text52       004090
__ptext53                      text53       003620
__ptext54                      text54       000E1A
__ptext55                      text55       0034B2
__ptext56                      text56       00352E
__ptext57                      text57       003694
__ptext58                      text58       0014E6
__ptext59                      text59       002080
__ptext6                       text6        002430
__ptext60                      text60       003A80
__ptext61                      text61       003B26
__ptext62                      text62       003B76
__ptext63                      text63       003BC6
__ptext64                      text64       003C16
__ptext65                      text65       004186
__ptext66                      text66       003D86
__ptext67                      text67       0031F0
__ptext68                      text68       003E36
__ptext69                      text69       0040D8
__ptext7                       text7        003DC8
__ptext70                      text70       004162
__ptext71                      text71       004190
__ptext72                      text72       00419A
__ptext73                      text73       00401A
__ptext74                      text74       003FF0
__ptext75                      text75       003FC2
__ptext76                      text76       004042
__ptext77                      text77       0041A8
__ptext78                      text78       00416E
__ptext79                      text79       00417A
__ptext8                       text8        003D42
__ptext9                       text9        002B5C
__ramtop                       ramtop       000E00
__smallconst                   smallconst   000E00
_abs                           text19       003E02
_average_RGBC                  text59       002080
_bottomGearLeft                dataBANK0    0000C4
_bottomGearRight               dataBANK0    0000C3
_buggy_lights_init             text75       003FC2
_card_blue                     text44       00389E
_card_cyan                     text40       003836
_card_green                    text37       0037CE
_card_orange                   text36       003766
_card_pink                     text34       003432
_card_red                      text33       0036FE
_card_white                    text32       00406A
_card_yellow                   text31       0033B2
_color_click_init              text68       003E36
_color_read_Blue               text64       003C16
_color_read_Clear              text63       003BC6
_color_read_Green              text62       003B76
_color_read_Red                text61       003B26
_color_writetoaddr             text69       0040D8
_colour_to_key                 text58       0014E6
_convert_HSV                   text54       000E1A
_dbuf                          bssBANK0     000060
_flags                         bssBANK0     000086
_forward_navigation            text6        002430
_fputc                         text17       002DA6
_fullSpeedAhead                text50       002E60
_fullSpeedReverse              text46       00308A
_getRGBCval                    text60       003A80
_headbuttDelay                 dataBANK0    0000B3
_headbuttReverse               text45       003F92
_initDCmotorsPWM               text5        003294
_initUSART4                    text4        004116
_lost_flag                     bssBANK1     0001A5
_main                          text0        0025D0
_manoeuvre_count               bssBANK1     0001A4
_manoeuvre_pointer             dataBANK0    0000AB
_max_RGB                       text56       00352E
_min_RGB                       text55       0034B2
_nout                          bssBANK0     000080
_pick_card                     text30       00298A
_prec                          bssBANK0     000084
_putch                         text18       0041AC
_rampDelay                     dataBANK0    0000C7
_read_timer                    text29       00414C
_read_trail                    text3        003AD6
_reset_timer                   text78       00416E
_return_flag                   bssBANK0     000087
_return_to_sender              text1        002CE8
_returning                     bssCOMRAM    00005E
_sample_count                  dataBANK0    0000C8
_scale_RGB                     text25       002A86
_sendArrayCharSerial4          text13       0035AA
_sendCharSerial4               text24       004134
_sendHSVvalSerial4             text12       003C66
_sendIntSerial4                text2        0040B6
_sendRGBCvalSerial4            text11       0039CC
_sendStringSerial4             text23       00396A
_setMotorPWM                   text51       002730
_sprintf                       text14       003CB2
_squareDelay                   dataBANK0    0000B1
_squareReverse                 text35       003E6A
_start_timer                   text77       0041A8
_stop                          text49       003324
_stop_timer                    text10       0041A4
_timer_high_pointer            dataBANK0    0000AF
_timer_low_pointer             dataBANK0    0000AD
_toggle_tricolour_LED          text9        002B5C
_topGearLeft                   dataBANK0    0000C6
_topGearRight                  dataBANK0    0000C5
_trail_manoeuvre               bssBANK1     0001A6
_trail_timer_high              bssBANK1     0001CE
_trail_timer_low               bssBANK1     0001BA
_turn180Delay                  dataBANK0    0000B5
_turnLeft                      text48       002FD2
_turnLeft135                   text43       003ECE
_turnLeft135Delay              dataBANK0    0000B9
_turnLeft90                    text39       003F62
_turnLeft90Delay               dataBANK0    0000BD
_turnRight                     text42       002F1A
_turnRight135                  text41       003E9C
_turnRight135Delay             dataBANK0    0000B7
_turnRight90                   text38       003F32
_turnRight90Delay              dataBANK0    0000BB
_turningLeftGear               dataBANK0    0000C2
_turningRightGear              dataBANK0    0000C1
_vfpfcnvrt                     text16       001D74
_vfprintf                      text15       003A2A
_wait_for_wall                 text8        003D42
_wall_threshold_clear          dataBANK0    0000BF
_width                         bssBANK0     000082
_write_timer                   text79       00417A
_write_trail                   text7        003DC8
abs@a                          cstackCOMRAM 000007
average_RGBC@i                 cstackCOMRAM 000011
average_RGBC@p                 cstackCOMRAM 00000E
average_RGBC@temp_B            cstackCOMRAM 00001A
average_RGBC@temp_C            cstackCOMRAM 00001E
average_RGBC@temp_G            cstackCOMRAM 000016
average_RGBC@temp_R            cstackCOMRAM 000012
btemp                          temp         00005F
card_blue@backtrack            cstackCOMRAM 00001E
card_blue@mL                   cstackCOMRAM 00001C
card_blue@mR                   cstackCOMRAM 00001D
card_cyan@backtrack            cstackCOMRAM 00001E
card_cyan@mL                   cstackCOMRAM 00001C
card_cyan@mR                   cstackCOMRAM 00001D
card_green@backtrack           cstackCOMRAM 00001E
card_green@mL                  cstackCOMRAM 00001C
card_green@mR                  cstackCOMRAM 00001D
card_orange@backtrack          cstackCOMRAM 00001E
card_orange@mL                 cstackCOMRAM 00001C
card_orange@mR                 cstackCOMRAM 00001D
card_pink@backtrack            cstackCOMRAM 00001E
card_pink@mL                   cstackCOMRAM 00001C
card_pink@mR                   cstackCOMRAM 00001D
card_red@backtrack             cstackCOMRAM 00001E
card_red@mL                    cstackCOMRAM 00001C
card_red@mR                    cstackCOMRAM 00001D
card_white@mL                  cstackCOMRAM 00001C
card_white@mR                  cstackCOMRAM 00001D
card_yellow@backtrack          cstackCOMRAM 00001E
card_yellow@mL                 cstackCOMRAM 00001C
card_yellow@mR                 cstackCOMRAM 00001D
color_read_Blue@tmp            cstackCOMRAM 00000A
color_read_Clear@tmp           cstackCOMRAM 00000A
color_read_Green@tmp           cstackCOMRAM 00000A
color_read_Red@tmp             cstackCOMRAM 00000A
color_writetoaddr@address      cstackCOMRAM 000004
color_writetoaddr@value        cstackCOMRAM 000003
colour_to_key@key              cstackCOMRAM 000005
colour_to_key@p1               cstackCOMRAM 000001
colour_to_key@p2               cstackCOMRAM 000002
convert_HSV@C                  cstackCOMRAM 000040
convert_HSV@M                  cstackCOMRAM 00003E
convert_HSV@hue                cstackCOMRAM 00001E
convert_HSV@hue_scale          cstackCOMRAM 00003C
convert_HSV@m                  cstackCOMRAM 00001A
convert_HSV@p1                 cstackCOMRAM 00000E
convert_HSV@p2                 cstackCOMRAM 00000F
convert_HSV@sat                cstackCOMRAM 00001C
convert_HSV@sat_scale          cstackCOMRAM 000018
convert_HSV@temp               cstackCOMRAM 000024
convert_HSV@temp_609           cstackCOMRAM 000038
convert_HSV@temp_610           cstackCOMRAM 000028
convert_HSV@temp_611           cstackCOMRAM 00002C
convert_HSV@temp_612           cstackCOMRAM 000030
convert_HSV@temp_613           cstackCOMRAM 000034
convert_HSV@temp_614           cstackCOMRAM 000020
end_of_initialization          cinit        003D38
forward_navigation@mL          cstackCOMRAM 000055
forward_navigation@mR          cstackCOMRAM 000056
forward_navigation@mann        cstackCOMRAM 00005D
forward_navigation@p1          cstackCOMRAM 000057
forward_navigation@p2          cstackCOMRAM 000058
forward_navigation@timerH      cstackCOMRAM 00005B
forward_navigation@timerL      cstackCOMRAM 00005C
fputc@c                        cstackCOMRAM 000001
fputc@fp                       cstackCOMRAM 000003
fullSpeedAhead@leftGear        cstackCOMRAM 000016
fullSpeedAhead@mL              cstackCOMRAM 000013
fullSpeedAhead@mR              cstackCOMRAM 000014
fullSpeedAhead@rightGear       cstackCOMRAM 000017
fullSpeedReverse@leftGear      cstackCOMRAM 000016
fullSpeedReverse@mL            cstackCOMRAM 000013
fullSpeedReverse@mR            cstackCOMRAM 000014
fullSpeedReverse@rightGear     cstackCOMRAM 000017
getRGBCval@p                   cstackCOMRAM 00000C
headbuttReverse@mL             cstackCOMRAM 000018
headbuttReverse@mR             cstackCOMRAM 000019
initDCmotorsPWM@PWMperiod      cstackCOMRAM 000001
int$flags                      temp         00005F
intlevel0                      text         000000
intlevel1                      text         000000
intlevel2                      text         000000
intlevel3                      text         000000
isa$std                        (abs)        000001
isa$xinst                      (abs)        000000
main@HSV_colour                cstackBANK0  00008B
main@RGBC_colour               cstackBANK0  0000A3
main@i                         cstackBANK0  00008A
main@motorL                    cstackBANK0  000091
main@motorR                    cstackBANK0  00009A
max_RGB@max_val                cstackCOMRAM 000005
max_RGB@p                      cstackCOMRAM 000001
min_RGB@min_val                cstackCOMRAM 000005
min_RGB@p                      cstackCOMRAM 000001
pick_card@backtrack            cstackCOMRAM 000023
pick_card@key                  cstackCOMRAM 000024
pick_card@mL                   cstackCOMRAM 000021
pick_card@mR                   cstackCOMRAM 000022
read_timer@tH                  cstackCOMRAM 000001
read_timer@tL                  cstackCOMRAM 000002
read_trail@man                 cstackCOMRAM 000003
read_trail@tH                  cstackCOMRAM 000001
read_trail@tL                  cstackCOMRAM 000002
return_to_sender@mL            cstackCOMRAM 00004D
return_to_sender@mR            cstackCOMRAM 00004E
return_to_sender@mann          cstackCOMRAM 000051
return_to_sender@timerH        cstackCOMRAM 00004F
return_to_sender@timerL        cstackCOMRAM 000050
scale_RGB@p                    cstackCOMRAM 000032
sendArrayCharSerial4@arr       cstackCOMRAM 00003A
sendArrayCharSerial4@i         cstackBANK1  0001A2
sendArrayCharSerial4@index     cstackBANK1  0001A1
sendArrayCharSerial4@tempStr   cstackBANK1  000100
sendCharSerial4@charToSend     cstackCOMRAM 000001
sendHSVvalSerial4@col_val      cstackCOMRAM 00003A
sendHSVvalSerial4@tempStr      cstackCOMRAM 00003B
sendIntSerial4@integer         cstackCOMRAM 00003A
sendIntSerial4@string          cstackCOMRAM 00003C
sendRGBCvalSerial4@col_val     cstackCOMRAM 00003A
sendRGBCvalSerial4@tempStr     cstackCOMRAM 00003B
sendStringSerial4@string       cstackCOMRAM 000002
setMotorPWM@m                  cstackCOMRAM 00000E
setMotorPWM@negDuty            cstackCOMRAM 000012
setMotorPWM@posDuty            cstackCOMRAM 000011
sprintf@ap                     cstackCOMRAM 00002D
sprintf@f                      cstackCOMRAM 00002E
sprintf@fmt                    cstackCOMRAM 000022
sprintf@ret                    cstackCOMRAM 00002B
sprintf@s                      cstackCOMRAM 000020
squareReverse@mL               cstackCOMRAM 000018
squareReverse@mR               cstackCOMRAM 000019
stackhi                        (abs)        000000
stacklo                        (abs)        000000
start                          init         000042
start_initialization           cinit        003CFE
stop@mL                        cstackCOMRAM 000013
stop@mR                        cstackCOMRAM 000014
ttemp5                         temp         000060
ttemp6                         temp         000063
ttemp7                         temp         000067
turnLeft135@mL                 cstackCOMRAM 000018
turnLeft135@mR                 cstackCOMRAM 000019
turnLeft90@mL                  cstackCOMRAM 000018
turnLeft90@mR                  cstackCOMRAM 000019
turnLeft@leftGear              cstackCOMRAM 000016
turnLeft@mL                    cstackCOMRAM 000013
turnLeft@mR                    cstackCOMRAM 000014
turnLeft@rightGear             cstackCOMRAM 000017
turnRight135@mL                cstackCOMRAM 000018
turnRight135@mR                cstackCOMRAM 000019
turnRight90@mL                 cstackCOMRAM 000018
turnRight90@mR                 cstackCOMRAM 000019
turnRight@leftGear             cstackCOMRAM 000016
turnRight@mL                   cstackCOMRAM 000013
turnRight@mR                   cstackCOMRAM 000014
turnRight@rightGear            cstackCOMRAM 000017
vfpfcnvrt@ap                   cstackCOMRAM 000010
vfpfcnvrt@c                    cstackCOMRAM 00001B
vfpfcnvrt@cnt                  cstackCOMRAM 000014
vfpfcnvrt@convarg              cstackCOMRAM 000017
vfpfcnvrt@cp                   cstackCOMRAM 000016
vfpfcnvrt@done                 cstackCOMRAM 000013
vfpfcnvrt@fmt                  cstackCOMRAM 00000F
vfpfcnvrt@fp                   cstackCOMRAM 00000E
vfprintf@ap                    cstackCOMRAM 00001E
vfprintf@cfmt                  cstackCOMRAM 00001F
vfprintf@fmt                   cstackCOMRAM 00001D
vfprintf@fp                    cstackCOMRAM 00001C
wait_for_wall@loss             cstackCOMRAM 00000E
wait_for_wall@p                cstackCOMRAM 00000D
write_timer@tH                 cstackCOMRAM 000002
write_timer@tL                 cstackCOMRAM 000001
write_trail@man                cstackCOMRAM 000002
write_trail@tH                 cstackCOMRAM 000003
write_trail@tL                 cstackCOMRAM 000001
wtemp8                         temp         000060


MODULE INFORMATION

Module		Function		Class		Link	Load	Size
C:\Program Files\Microchip\xc8\v2.45\pic\sources\c99\common\Umul16.c
		___wmul        		CODE           	4090	0000	38

C:\Program Files\Microchip\xc8\v2.45\pic\sources\c99\common\Umul16.c estimated size: 38

serial.c
		_sendArrayCharSerial4		CODE           	35AA	0000	118
		_sendStringSerial4		CODE           	396A	0000	98
		_sendRGBCvalSerial4		CODE           	39CC	0000	94
		_sendIntSerial4		CODE           	40B6	0000	34
		_sendCharSerial4		CODE           	4134	0000	24
		_sendHSVvalSerial4		CODE           	3C66	0000	76
		_initUSART4    		CODE           	4116	0000	30

serial.c estimated size: 474

timers.c
		_forward_navigation		CODE           	2430	0000	416
		_Timer0_init   		CODE           	4042	0000	40
		_ISR           		CODE           	0008	0000	58
		_write_trail   		CODE           	3DC8	0000	58
		_write_timer   		CODE           	417A	0000	12
		_start_timer   		CODE           	41A8	0000	4
		_return_to_sender		CODE           	2CE8	0000	190
		_reset_timer   		CODE           	416E	0000	12
		_stop_timer    		CODE           	41A4	0000	4
		_read_timer    		CODE           	414C	0000	22
		_read_trail    		CODE           	3AD6	0000	80

timers.c estimated size: 896

color.c
		_color_writetoaddr		CODE           	40D8	0000	32
		_color_click_init		CODE           	3E36	0000	52
		_min_RGB       		CODE           	34B2	0000	124
		_scale_RGB     		CODE           	2A86	0000	214
		_getRGBCval    		CODE           	3A80	0000	86
		_average_RGBC  		CODE           	2080	0000	508
		_colour_to_key 		CODE           	14E6	0000	1124
		_color_read_Green		CODE           	3B76	0000	80
		_color_read_Clear		CODE           	3BC6	0000	80
		_max_RGB       		CODE           	352E	0000	124
		_color_read_Red		CODE           	3B26	0000	80
		_convert_HSV   		CODE           	0E1A	0000	1740
		_wait_for_wall 		CODE           	3D42	0000	68
		_color_read_Blue		CODE           	3C16	0000	80

color.c estimated size: 4392

dc_motor.c
		_squareReverse 		CODE           	3E6A	0000	50
		_fullSpeedReverse		CODE           	308A	0000	182
		_fullSpeedAhead		CODE           	2E60	0000	186
		_turnLeft      		CODE           	2FD2	0000	184
		_turnLeft90    		CODE           	3F62	0000	48
		_turnLeft135   		CODE           	3ECE	0000	50
		_stop          		CODE           	3324	0000	142
		_initDCmotorsPWM		CODE           	3294	0000	144
		_turnRight     		CODE           	2F1A	0000	184
		_turnRight90   		CODE           	3F32	0000	48
		_turnRight135  		CODE           	3E9C	0000	50
		_setMotorPWM   		CODE           	2730	0000	340
		_UTurn         		CODE           	3F00	0000	50
		_headbuttReverse		CODE           	3F92	0000	48

dc_motor.c estimated size: 1706

buggy_lights.c
		_buggy_lights_init		CODE           	3FC2	0000	46
		_toggle_tricolour_LED		CODE           	2B5C	0000	200

buggy_lights.c estimated size: 246

i2c.c
		_I2C_2_Master_Start		CODE           	419A	0000	10
		_I2C_2_Master_Read		CODE           	3D86	0000	66
		_I2C_2_Master_Idle		CODE           	401A	0000	40
		_I2C_2_Master_Init		CODE           	3FF0	0000	42
		_I2C_2_Master_Stop		CODE           	4190	0000	10
		_I2C_2_Master_RepStart		CODE           	4186	0000	10
		_I2C_2_Master_Write		CODE           	4162	0000	12

i2c.c estimated size: 190

C:\Program Files\Microchip\xc8\v2.45\pic\sources\c99\common\Umul32.c
		___lmul        		CODE           	3694	0000	106

C:\Program Files\Microchip\xc8\v2.45\pic\sources\c99\common\Umul32.c estimated size: 106

C:\Program Files\Microchip\xc8\v2.45\pic\sources\c99\common\sprcmul.c
		___flmul       		CODE           	194A	0000	1066

C:\Program Files\Microchip\xc8\v2.45\pic\sources\c99\common\sprcmul.c estimated size: 1066

C:\Program Files\Microchip\xc8\v2.45\pic\sources\c99\common\nf_sprintf.c
		_sprintf       		CODE           	3CB2	0000	76

C:\Program Files\Microchip\xc8\v2.45\pic\sources\c99\common\nf_sprintf.c estimated size: 76

C:\Program Files\Microchip\xc8\v2.45\pic\sources\c99\common\lwmod.c
		___lwmod       		CODE           	3906	0000	100

C:\Program Files\Microchip\xc8\v2.45\pic\sources\c99\common\lwmod.c estimated size: 100

C:\Program Files\Microchip\xc8\v2.45\pic\sources\c99\common\awmod.c
		___awmod       		CODE           	3140	0000	176

C:\Program Files\Microchip\xc8\v2.45\pic\sources\c99\common\awmod.c estimated size: 176

C:\Program Files\Microchip\xc8\v2.45\pic\sources\c99\common\putch.c
		_putch         		CODE           	41AC	0000	2

C:\Program Files\Microchip\xc8\v2.45\pic\sources\c99\common\putch.c estimated size: 2

shared
		__initialization		CODE           	3CFE	0000	58

shared estimated size: 58

manoeuvres.c
		_card_blue     		CODE           	389E	0000	104
		_pick_card     		CODE           	298A	0000	252
		_card_yellow   		CODE           	33B2	0000	128
		_card_cyan     		CODE           	3836	0000	104
		_card_white    		CODE           	406A	0000	38
		_card_orange   		CODE           	3766	0000	104
		_card_red      		CODE           	36FE	0000	104
		_card_pink     		CODE           	3432	0000	128
		_card_green    		CODE           	37CE	0000	104

manoeuvres.c estimated size: 1066

C:\Program Files\Microchip\xc8\v2.45\pic\sources\c99\common\xxtofl.c
		___xxtofl      		CODE           	227C	0000	436

C:\Program Files\Microchip\xc8\v2.45\pic\sources\c99\common\xxtofl.c estimated size: 436

C:\Program Files\Microchip\xc8\v2.45\pic\sources\c99\common\abs.c
		_abs           		CODE           	3E02	0000	52

C:\Program Files\Microchip\xc8\v2.45\pic\sources\c99\common\abs.c estimated size: 52

C:\Program Files\Microchip\xc8\v2.45\pic\sources\c99\common\__lldiv.c
		___lldiv       		CODE           	31F0	0000	164

C:\Program Files\Microchip\xc8\v2.45\pic\sources\c99\common\__lldiv.c estimated size: 164

main.c
		_main          		CODE           	25D0	0000	352

main.c estimated size: 352

C:\Program Files\Microchip\xc8\v2.45\pic\sources\c99\common\nf_fputc.c
		_fputc         		CODE           	2DA6	0000	186

C:\Program Files\Microchip\xc8\v2.45\pic\sources\c99\common\nf_fputc.c estimated size: 186

C:\Program Files\Microchip\xc8\v2.45\pic\sources\c99\common\doprnt.c
		_vfpfcnvrt     		CODE           	1D74	0000	780
		_vfprintf      		CODE           	3A2A	0000	86

C:\Program Files\Microchip\xc8\v2.45\pic\sources\c99\common\doprnt.c estimated size: 866

C:\Program Files\Microchip\xc8\v2.45\pic\sources\c99\common\lwdiv.c
		___lwdiv       		CODE           	3620	0000	116

C:\Program Files\Microchip\xc8\v2.45\pic\sources\c99\common\lwdiv.c estimated size: 116

C:\Program Files\Microchip\xc8\v2.45\pic\sources\c99\common\awdiv.c
		___awdiv       		CODE           	2C24	0000	196

C:\Program Files\Microchip\xc8\v2.45\pic\sources\c99\common\awdiv.c estimated size: 196

C:\Program Files\Microchip\xc8\v2.45\pic\sources\c99\common\fltol.c
		___fltol       		CODE           	2884	0000	262

C:\Program Files\Microchip\xc8\v2.45\pic\sources\c99\common\fltol.c estimated size: 262

